IQ-TREE multicore version 2.4.0 for Linux x86 64-bit built Feb 12 2025
Developed by Bui Quang Minh, Nguyen Lam Tung, Olga Chernomor, Heiko Schmidt,
Dominik Schrempf, Michael Woodhams, Ly Trong Nhan, Thomas Wong

Host:    k138 (AVX512, FMA3, 755 GB RAM)
Command: iqtree2 -s gene_order/flagellar_trees/trimmed/chea.faa -m MFP -B 1000 -T 4 --prefix gene_order/flagellar_trees/gene_trees/chea
Seed:    605046 (Using SPRNG - Scalable Parallel Random Number Generator)
Time:    Sat Sep 26 09:58:49 2026
Kernel:  AVX+FMA - 4 threads (4 CPU cores detected)

Reading alignment file gene_order/flagellar_trees/trimmed/chea.faa ... Fasta format detected
Reading fasta file: done in 0.000979766 secs using 75.53% CPU
Alignment most likely contains protein sequences
Alignment has 108 sequences with 781 columns, 604 distinct patterns
525 parsimony-informative, 65 singleton sites, 191 constant sites
                 Gap/Ambiguity  Composition  p-value
Analyzing sequences: done in 8.55057e-05 secs using 440.9% CPU
   1  GCF_000012965.1    1.02%    passed     98.13%
   2  GCF_000021725.1    0.90%    failed      0.70%
   3  GCF_000024885.1    2.56%    passed     95.73%
   4  GCF_000147355.1    2.05%    passed     99.78%
   5  GCF_000155475.1    1.54%    passed     99.46%
   6  GCF_000162575.1    1.15%    passed     99.93%
   7  GCF_000183725.1    0.64%    passed     92.18%
   8  GCF_000196135.1    1.66%    passed     99.79%
   9  GCF_000200595.1    1.92%    passed    100.00%
  10  GCF_000242915.1    1.92%    passed     98.29%
  11  GCF_000254135.1    2.56%    passed    100.00%
  12  GCF_000259275.1    1.02%    passed     99.22%
  13  GCF_000265295.1    2.05%    passed     99.06%
  14  GCF_000445475.1    1.54%    passed     99.95%
  15  GCF_000507845.1    0.26%    passed     79.02%
  16  GCF_000518225.1    4.48%    failed      0.00%
  17  GCF_000568815.1    2.18%    passed     99.32%
  18  GCF_000597725.1    1.92%    passed     99.19%
  19  GCF_000686565.1    1.54%    passed     99.97%
  20  GCF_000687535.1    1.02%    passed     99.96%
  21  GCF_000736415.1    1.28%    passed     99.99%
  22  GCF_000762845.2    0.77%    passed     83.66%
  23  GCF_000762875.2    0.64%    passed     94.92%
  24  GCF_000763135.2    1.28%    passed     97.19%
  25  GCF_000765905.2    1.41%    passed     99.70%
  26  GCF_000813325.1    1.92%    passed     97.30%
  27  GCF_000816185.1    2.69%    passed     99.96%
  28  GCF_000816305.1    2.69%    passed     99.93%
  29  GCF_000816785.1    2.30%    passed     99.99%
  30  GCF_001282945.1    1.28%    passed     99.96%
  31  GCF_001283065.1    1.54%    passed     98.81%
  32  GCF_001298465.1    0.90%    passed     95.81%
  33  GCF_001457695.1    2.05%    passed    100.00%
  34  GCF_001602095.1    0.51%    passed     99.50%
  35  GCF_001687475.2    2.30%    passed     99.90%
  36  GCF_001693335.1    3.07%    passed     98.64%
  37  GCF_001723605.1    2.30%    passed     99.74%
  38  GCF_002021925.1    1.79%    passed     99.95%
  39  GCF_002080395.1    2.56%    passed    100.00%
  40  GCF_002104335.1    1.41%    passed     99.91%
  41  GCF_002139855.1    1.28%    passed     99.12%
  42  GCF_002139875.1    1.15%    passed     99.67%
  43  GCF_002139915.1    0.64%    passed     99.74%
  44  GCF_002139935.1    1.02%    passed     99.18%
  45  GCF_002238335.1    1.66%    passed     99.88%
  46  GCF_002335445.1    1.54%    failed      0.07%
  47  GCF_003245365.1    1.02%    passed     99.95%
  48  GCF_003364195.1    0.90%    passed     99.99%
  49  GCF_003364205.1    2.43%    passed     64.20%
  50  GCF_003364215.1    2.56%    passed     59.29%
  51  GCF_003364255.1    0.77%    passed     95.30%
  52  GCF_003364335.1    3.20%    failed      0.79%
  53  GCF_003660265.1    1.41%    passed     99.19%
  54  GCF_003670275.1    1.02%    passed     99.22%
  55  GCF_003752135.1    0.90%    failed      0.01%
  56  GCF_004323845.1    2.18%    passed    100.00%
  57  GCF_004803795.1    1.02%    passed     99.49%
  58  GCF_004803815.1    1.02%    passed     99.66%
  59  GCF_005217605.1    1.92%    passed     99.04%
  60  GCF_005406215.1    2.82%    passed     99.97%
  61  GCF_005406225.1    3.20%    passed     99.97%
  62  GCF_005843985.1    2.05%    failed      0.00%
  63  GCF_006864425.1    1.41%    passed     84.69%
  64  GCF_008245005.1    1.79%    passed     98.34%
  65  GCF_008245045.1    2.18%    passed     99.93%
  66  GCF_008693005.1    1.28%    passed     92.35%
  67  GCF_009068765.1    1.66%    passed     99.93%
  68  GCF_009192995.1    0.90%    passed     99.99%
  69  GCF_009258225.1    1.66%    passed     99.99%
  70  GCF_011769985.2    2.43%    passed     99.65%
  71  GCF_013177655.1    0.90%    passed     99.99%
  72  GCF_013201605.1    2.18%    passed    100.00%
  73  GCF_013372105.1    2.18%    passed    100.00%
  74  GCF_013372125.1    0.64%    passed     92.67%
  75  GCF_013372145.1    1.28%    passed    100.00%
  76  GCF_013372185.1    2.05%    passed    100.00%
  77  GCF_013372205.1    1.79%    passed     95.33%
  78  GCF_014253065.1    1.02%    passed     98.10%
  79  GCF_014905095.1    1.28%    passed     99.81%
  80  GCF_014905115.1    0.64%    passed     99.90%
  81  GCF_014905135.1    1.02%    passed     98.64%
  82  GCF_015265455.1    1.92%    passed     99.69%
  83  GCF_015265475.1    1.02%    passed     99.67%
  84  GCF_016593255.1    1.15%    passed     86.84%
  85  GCF_016806695.1    2.30%    passed     99.26%
  86  GCF_016937535.1    1.92%    passed     96.81%
  87  GCF_017357825.1    1.15%    passed     98.39%
  88  GCF_017979425.1    1.15%    passed     99.90%
  89  GCF_017979475.1    0.64%    passed     98.68%
  90  GCF_018145655.1    1.41%    passed     99.88%
  91  GCF_019711685.1    1.41%    passed     99.52%
  92  GCF_021300615.1    1.92%    passed     18.17%
  93  GCF_021300655.1    7.68%    failed      0.00%
  94  GCF_023646285.1    1.28%    passed     99.99%
  95  GCF_025770725.1    2.05%    passed     98.08%
  96  GCF_027859255.1    1.54%    passed     99.53%
  97  GCF_028649595.1    0.13%    passed     72.92%
  98  GCF_028751035.1    1.41%    passed     99.68%
  99  GCF_030249845.1    1.54%    passed     98.22%
 100  GCF_030296055.1    1.28%    passed     93.76%
 101  GCF_900115615.1    0.90%    passed     96.52%
 102  GCF_900461455.1    0.90%    passed     99.66%
 103  GCF_900475935.1    1.54%    passed     99.89%
 104  GCF_900476215.1    3.07%    passed     82.73%
 105  GCF_900478295.1    1.02%    passed     99.05%
 106  GCF_900637395.1    2.56%    passed    100.00%
 107  GCF_905120465.1    1.15%    passed     99.96%
 108  GCF_905120475.1    1.41%    passed     96.64%
****  TOTAL              1.65%  7 sequences failed composition chi2 test (p-value<5%; df=19)


Create initial parsimony tree by phylogenetic likelihood library (PLL)... 0.035 seconds
Perform fast likelihood tree search using LG+I+G model...
Estimate model parameters (epsilon = 5.000)
Perform nearest neighbor interchange...
Estimate model parameters (epsilon = 1.000)
1. Initial log-likelihood: -40541.722
Optimal log-likelihood: -40541.614
Proportion of invariable sites: 0.206
Gamma shape alpha: 0.610
Parameters optimization took 1 rounds (0.240 sec)
Time for fast ML tree search: 2.892 seconds

NOTE: ModelFinder requires 106 MB RAM!
ModelFinder will test up to 1232 protein models (sample size: 781 epsilon: 0.100) ...
 No. Model         -LnL         df  AIC          AICc         BIC
  1  LG            46692.905    213 93811.809    93972.592    94804.512
  2  LG+I          44946.474    214 90320.947    90483.527    91318.310
  3  LG+G4         40611.863    214 81651.726    81814.305    82649.089
  4  LG+I+G4       40541.601    215 81513.201    81677.590    82515.225
  5  LG+R2         41777.340    215 83984.679    84149.069    84986.703
  6  LG+R3         40794.080    217 82022.160    82190.210    83033.505
  7  LG+R4         40516.852    219 81471.703    81643.468    82492.369
  8  LG+R5         40416.502    221 81275.005    81450.540    82304.992
  9  LG+R6         40387.489    223 81220.977    81400.338    82260.285
 10  LG+R7         40380.573    225 81211.146    81394.389    82259.776
 11  LG+R8         40374.454    227 81202.907    81390.090    82260.858
 14  LG+I+R2       41367.405    216 83166.810    83333.023    84173.495
 15  LG+I+R3       40604.132    218 81644.264    81814.164    82660.269
 16  LG+I+R4       40453.977    220 81347.954    81521.597    82373.281
 17  LG+I+R5       40390.308    222 81224.616    81402.056    82259.263
 18  LG+I+R6       40367.834    224 81183.668    81364.963    82227.637
 19  LG+I+R7       40363.767    226 81179.535    81364.740    82232.825
 40  LG+F+I+R6     40294.125    243 81074.249    81295.076    82206.769
 41  LG+F+I+R7     40291.594    245 81073.187    81298.496    82215.028
 62  WAG+I+R6      40615.716    224 81679.432    81860.727    82723.401
 63  WAG+I+R7      40612.356    226 81676.712    81861.918    82730.002
 84  WAG+F+I+R6    40583.771    243 81653.542    81874.369    82786.062
 85  WAG+F+I+R7    40581.890    245 81653.779    81879.087    82795.620
106  JTT+I+R6      40741.431    224 81930.863    82112.158    82974.832
107  JTT+I+R7      40737.987    226 81927.975    82113.181    82981.265
128  JTT+F+I+R6    40645.791    243 81777.583    81998.410    82910.103
129  JTT+F+I+R7    40644.087    245 81778.175    82003.483    82920.016
WARNING: Normalizing state frequencies so that sum of them equals to 1
150  Q.pfam+I+R6   40417.228    224 81282.456    81463.751    82326.425
WARNING: Normalizing state frequencies so that sum of them equals to 1
151  Q.pfam+I+R7   40414.083    226 81280.165    81465.371    82333.455
WARNING: Normalizing state frequencies so that sum of them equals to 1
172  Q.pfam+F+I+R6 40334.637    243 81155.275    81376.102    82287.795
WARNING: Normalizing state frequencies so that sum of them equals to 1
173  Q.pfam+F+I+R7 40332.908    245 81155.816    81381.124    82297.657
WARNING: Normalizing state frequencies so that sum of them equals to 1
194  Q.bird+I+R6   41574.788    224 83597.576    83778.870    84641.544
WARNING: Normalizing state frequencies so that sum of them equals to 1
195  Q.bird+I+R7   41567.567    226 83587.134    83772.340    84640.424
WARNING: Normalizing state frequencies so that sum of them equals to 1
216  Q.bird+F+I+R6 41617.241    243 83720.482    83941.309    84853.002
WARNING: Normalizing state frequencies so that sum of them equals to 1
217  Q.bird+F+I+R7 41609.643    245 83709.286    83934.594    84851.127
WARNING: Normalizing state frequencies so that sum of them equals to 1
238  Q.mammal+I+R6 41238.255    224 82924.511    83105.806    83968.479
WARNING: Normalizing state frequencies so that sum of them equals to 1
239  Q.mammal+I+R7 41231.235    226 82914.471    83099.677    83967.761
WARNING: Normalizing state frequencies so that sum of them equals to 1
260  Q.mammal+F+I+R6 41256.695    243 82999.390    83220.217    84131.910
WARNING: Normalizing state frequencies so that sum of them equals to 1
261  Q.mammal+F+I+R7 41249.906    245 82989.813    83215.121    84131.654
282  Q.insect+I+R6 40239.961    224 80927.921    81109.216    81971.890
283  Q.insect+I+R7 40239.073    226 80930.146    81115.352    81983.436
304  Q.insect+F+I+R6 40241.986    243 80969.973    81190.800    82102.493
305  Q.insect+F+I+R7 40240.522    245 80971.044    81196.353    82112.885
WARNING: Normalizing state frequencies so that sum of them equals to 1
326  Q.plant+I+R6  40714.258    224 81876.517    82057.812    82920.486
WARNING: Normalizing state frequencies so that sum of them equals to 1
327  Q.plant+I+R7  40709.081    226 81870.162    82055.368    82923.452
WARNING: Normalizing state frequencies so that sum of them equals to 1
348  Q.plant+F+I+R6 40681.655    243 81849.311    82070.138    82981.831
WARNING: Normalizing state frequencies so that sum of them equals to 1
349  Q.plant+F+I+R7 40675.094    245 81840.187    82065.496    82982.028
WARNING: Normalizing state frequencies so that sum of them equals to 1
370  Q.yeast+I+R6  40156.443    224 80760.886    80942.181    81804.855
WARNING: Normalizing state frequencies so that sum of them equals to 1
371  Q.yeast+I+R7  40155.650    226 80763.300    80948.506    81816.590
WARNING: Normalizing state frequencies so that sum of them equals to 1
392  Q.yeast+F+I+R6 40157.740    243 80801.481    81022.307    81934.000
WARNING: Normalizing state frequencies so that sum of them equals to 1
393  Q.yeast+F+I+R7 40156.910    245 80803.820    81029.128    81945.661
414  JTTDCMut+I+R6 40727.082    224 81902.164    82083.459    82946.133
415  JTTDCMut+I+R7 40723.439    226 81898.878    82084.084    82952.168
436  JTTDCMut+F+I+R6 40633.494    243 81752.988    81973.815    82885.507
437  JTTDCMut+F+I+R7 40631.794    245 81753.588    81978.897    82895.429
458  DCMut+I+R6    40774.738    224 81997.476    82178.771    83041.445
459  DCMut+I+R7    40770.867    226 81993.735    82178.941    83047.025
480  DCMut+F+I+R6  40689.115    243 81864.229    82085.056    82996.749
481  DCMut+F+I+R7  40688.183    245 81866.365    82091.674    83008.206
502  VT+I+R6       40774.373    224 81996.747    82178.042    83040.716
503  VT+I+R7       40773.504    226 81999.008    82184.214    83052.298
524  VT+F+I+R6     40711.934    243 81909.867    82130.694    83042.387
525  VT+F+I+R7     40711.334    245 81912.669    82137.977    83054.510
546  PMB+I+R6      41422.244    224 83292.488    83473.783    84336.457
547  PMB+I+R7      41421.582    226 83295.165    83480.370    84348.455
568  PMB+F+I+R6    41116.135    243 82718.270    82939.097    83850.790
569  PMB+F+I+R7    41115.546    245 82721.092    82946.400    83862.933
590  Blosum62+I+R6 41362.146    224 83172.292    83353.587    84216.261
591  Blosum62+I+R7 41361.320    226 83174.639    83359.845    84227.929
612  Blosum62+F+I+R6 41078.699    243 82643.398    82864.225    83775.918
613  Blosum62+F+I+R7 41078.156    245 82646.311    82871.620    83788.152
634  Dayhoff+I+R6  40770.393    224 81988.787    82170.081    83032.755
635  Dayhoff+I+R7  40767.420    226 81986.840    82172.046    83040.130
656  Dayhoff+F+I+R6 40686.136    243 81858.272    82079.099    82990.792
657  Dayhoff+F+I+R7 40685.890    245 81861.780    82087.088    83003.621
678  mtREV+I+R6    42851.774    224 86151.548    86332.843    87195.516
+I+R7 reinitialized from +I+R6 with factor 0.500
679  mtREV+I+R7    42847.322    226 86146.644    86331.849    87199.933
700  mtREV+F+I+R6  41341.606    243 83169.212    83390.039    84301.732
+I+R7 reinitialized from +I+R6 with factor 0.500
701  mtREV+F+I+R7  41334.706    245 83159.412    83384.720    84301.253
722  mtART+I+R6    43232.834    224 86913.668    87094.963    87957.637
723  mtART+I+R7    43227.158    226 86906.317    87091.523    87959.607
744  mtART+F+I+R6  41664.643    243 83815.287    84036.113    84947.806
745  mtART+F+I+R7  41656.236    245 83802.472    84027.780    84944.313
766  mtZOA+I+R6    42276.810    224 85001.619    85182.914    86045.588
767  mtZOA+I+R7    42267.911    226 84987.822    85173.028    86041.112
788  mtZOA+F+I+R6  41115.022    243 82716.045    82936.872    83848.565
789  mtZOA+F+I+R7  41106.532    245 82703.065    82928.373    83844.906
810  mtMet+I+R6    43007.866    224 86463.732    86645.027    87507.700
811  mtMet+I+R7    42999.340    226 86450.681    86635.886    87503.971
832  mtMet+F+I+R6  41382.051    243 83250.102    83470.929    84382.622
833  mtMet+F+I+R7  41374.063    245 83238.127    83463.435    84379.968
854  mtVer+I+R6    43237.809    224 86923.618    87104.913    87967.587
855  mtVer+I+R7    43222.409    226 86896.817    87082.023    87950.107
876  mtVer+F+I+R6  42062.669    243 84611.337    84832.164    85743.857
877  mtVer+F+I+R7  42049.679    245 84589.359    84814.667    85731.199
898  mtInv+I+R6    43220.339    224 86888.679    87069.974    87932.648
899  mtInv+I+R7    43216.621    226 86885.242    87070.448    87938.532
920  mtInv+F+I+R6  41066.713    243 82619.425    82840.252    83751.945
921  mtInv+F+I+R7  41064.408    245 82618.816    82844.124    83760.657
942  mtMAM+I+R6    44059.439    224 88566.877    88748.172    89610.846
943  mtMAM+I+R7    44050.767    226 88553.534    88738.739    89606.824
964  mtMAM+F+I+R6  42517.003    243 85520.006    85740.833    86652.526
965  mtMAM+F+I+R7  42508.561    245 85507.121    85732.430    86648.962
WARNING: Normalizing state frequencies so that sum of them equals to 1
986  FLAVI+I+R6    42835.549    224 86119.098    86300.393    87163.067
WARNING: Normalizing state frequencies so that sum of them equals to 1
987  FLAVI+I+R7    42827.185    226 86106.370    86291.575    87159.660
WARNING: Normalizing state frequencies so that sum of them equals to 1
1008  FLAVI+F+I+R6  42619.872    243 85725.744    85946.571    86858.264
WARNING: Normalizing state frequencies so that sum of them equals to 1
1009  FLAVI+F+I+R7  42607.296    245 85704.593    85929.901    86846.434
1030  HIVb+I+R6     41986.869    224 84421.737    84603.032    85465.706
1031  HIVb+I+R7     41977.259    226 84406.518    84591.724    85459.808
1052  HIVb+F+I+R6   41753.936    243 83993.873    84214.699    85126.392
1053  HIVb+F+I+R7   41742.395    245 83974.791    84200.099    85116.632
1074  HIVw+I+R6     43718.157    224 87884.314    88065.609    88928.283
1075  HIVw+I+R7     43715.875    226 87883.751    88068.957    88937.041
1096  HIVw+F+I+R6   43256.356    243 86998.711    87219.538    88131.231
1097  HIVw+F+I+R7   43248.056    245 86986.112    87211.421    88127.953
1118  FLU+I+R6      41432.399    224 83312.797    83494.092    84356.766
1119  FLU+I+R7      41431.394    226 83314.789    83499.995    84368.079
1140  FLU+F+I+R6    41341.153    243 83168.307    83389.134    84300.827
1141  FLU+F+I+R7    41336.726    245 83163.452    83388.761    84305.293
1162  rtREV+I+R6    40679.873    224 81807.746    81989.041    82851.715
1163  rtREV+I+R7    40678.559    226 81809.119    81994.325    82862.409
1184  rtREV+F+I+R6  40435.712    243 81357.424    81578.251    82489.944
1185  rtREV+F+I+R7  40433.940    245 81357.879    81583.188    82499.720
1206  cpREV+I+R6    41108.249    224 82664.498    82845.793    83708.467
1207  cpREV+I+R7    41104.002    226 82660.003    82845.209    83713.293
1228  cpREV+F+I+R6  40989.458    243 82464.916    82685.743    83597.436
1229  cpREV+F+I+R7  40986.657    245 82463.314    82688.622    83605.154
Akaike Information Criterion:           Q.yeast+I+R6
Corrected Akaike Information Criterion: Q.yeast+I+R6
Bayesian Information Criterion:         Q.yeast+I+R6
Best-fit model: Q.yeast+I+R6 chosen according to BIC

All model information printed to gene_order/flagellar_trees/gene_trees/chea.model.gz
CPU time for ModelFinder: 3910.813 seconds (1h:5m:10s)
Wall-clock time for ModelFinder: 982.037 seconds (0h:16m:22s)
WARNING: States(s) W rarely appear in alignment and may cause numerical problems
Generating 1000 samples for ultrafast bootstrap (seed: 605046)...
WARNING: Normalizing state frequencies so that sum of them equals to 1

NOTE: 64 MB RAM (0 GB) is required!
Estimate model parameters (epsilon = 0.100)
1. Initial log-likelihood: -40175.235
2. Current log-likelihood: -40155.530
3. Current log-likelihood: -40155.217
Optimal log-likelihood: -40155.205
Proportion of invariable sites: 0.184
Site proportion and rates:  (0.303,0.103) (0.195,0.389) (0.131,1.016) (0.080,2.003) (0.048,3.722) (0.058,7.198)
Parameters optimization took 3 rounds (4.633 sec)
Wrote distance file to... 
Computing ML distances based on estimated model parameters...
Calculating distance matrix: done in 0.684355 secs using 399.1% CPU
Computing ML distances took 0.684519 sec (of wall-clock time) 2.731573 sec (of CPU time)
Setting up auxiliary I and S matrices: done in 0.000481702 secs using 205.9% CPU
Computing RapidNJ tree took 0.045292 sec (of wall-clock time) 0.027952 sec (of CPU time)
Log-likelihood of RapidNJ tree: -40245.650
--------------------------------------------------------------------
|             INITIALIZING CANDIDATE TREE SET                      |
--------------------------------------------------------------------
Generating 98 parsimony trees... 3.980 second
Computing log-likelihood of 98 initial trees ... 11.992 seconds
Current best score: -40155.205

Do NNI search on 20 best initial trees
Estimate model parameters (epsilon = 0.100)
BETTER TREE FOUND at iteration 1: -40145.075
Estimate model parameters (epsilon = 0.100)
BETTER TREE FOUND at iteration 5: -40144.700
Estimate model parameters (epsilon = 0.100)
BETTER TREE FOUND at iteration 9: -40143.906
Iteration 10 / LogL: -40146.247 / Time: 0h:17m:5s
Iteration 20 / LogL: -40153.613 / Time: 0h:17m:23s
Finish initializing candidate tree set (14)
Current best tree score: -40143.906 / CPU time: 55.176
Number of iterations: 20
--------------------------------------------------------------------
|               OPTIMIZING CANDIDATE TREE SET                      |
--------------------------------------------------------------------
Estimate model parameters (epsilon = 0.100)
BETTER TREE FOUND at iteration 26: -40143.694
Iteration 30 / LogL: -40191.649 / Time: 0h:17m:50s (0h:4m:53s left)
Iteration 40 / LogL: -40144.445 / Time: 0h:18m:17s (0h:4m:14s left)
Iteration 50 / LogL: -40143.714 / Time: 0h:18m:44s (0h:3m:41s left)
Log-likelihood cutoff on original alignment: -40196.310
Iteration 60 / LogL: -40149.587 / Time: 0h:19m:11s (0h:3m:10s left)
Iteration 70 / LogL: -40144.378 / Time: 0h:19m:38s (0h:2m:39s left)
UPDATE BEST LOG-LIKELIHOOD: -40143.688
Iteration 80 / LogL: -40143.696 / Time: 0h:20m:5s (0h:2m:9s left)
Iteration 90 / LogL: -40195.387 / Time: 0h:20m:30s (0h:1m:40s left)
Estimate model parameters (epsilon = 0.100)
UPDATE BEST LOG-LIKELIHOOD: -40143.606
Iteration 100 / LogL: -40143.693 / Time: 0h:20m:58s (0h:1m:12s left)
Log-likelihood cutoff on original alignment: -40196.310
NOTE: Bootstrap correlation coefficient of split occurrence frequencies: 0.999
Iteration 110 / LogL: -40143.627 / Time: 0h:21m:24s (0h:4m:9s left)
Iteration 120 / LogL: -40143.706 / Time: 0h:21m:51s (0h:3m:41s left)
TREE SEARCH COMPLETED AFTER 127 ITERATIONS / Time: 0h:22m:10s

--------------------------------------------------------------------
|                    FINALIZING TREE SEARCH                        |
--------------------------------------------------------------------
Performs final model parameters optimization
Estimate model parameters (epsilon = 0.010)
1. Initial log-likelihood: -40143.606
Optimal log-likelihood: -40143.604
Proportion of invariable sites: 0.184
Site proportion and rates:  (0.296,0.102) (0.197,0.372) (0.136,0.996) (0.080,2.000) (0.048,3.680) (0.058,7.239)
Parameters optimization took 1 rounds (0.645 sec)
BEST SCORE FOUND : -40143.604
Creating bootstrap support values...
Split supports printed to NEXUS file gene_order/flagellar_trees/gene_trees/chea.splits.nex
Total tree length: 17.617

Total number of iterations: 127
CPU time used for tree search: 1347.266 sec (0h:22m:27s)
Wall-clock time used for tree search: 342.279 sec (0h:5m:42s)
Total CPU time used: 5286.056 sec (1h:28m:6s)
Total wall-clock time used: 1331.552 sec (0h:22m:11s)

Computing bootstrap consensus tree...
Reading input file gene_order/flagellar_trees/gene_trees/chea.splits.nex...
108 taxa and 360 splits.
Consensus tree written to gene_order/flagellar_trees/gene_trees/chea.contree
Reading input trees file gene_order/flagellar_trees/gene_trees/chea.contree
Log-likelihood of consensus tree: -40143.702

Analysis results written to: 
  IQ-TREE report:                gene_order/flagellar_trees/gene_trees/chea.iqtree
  Maximum-likelihood tree:       gene_order/flagellar_trees/gene_trees/chea.treefile
  Likelihood distances:          gene_order/flagellar_trees/gene_trees/chea.mldist

Ultrafast bootstrap approximation results written to:
  Split support values:          gene_order/flagellar_trees/gene_trees/chea.splits.nex
  Consensus tree:                gene_order/flagellar_trees/gene_trees/chea.contree
  Screen log file:               gene_order/flagellar_trees/gene_trees/chea.log

Date and Time: Sat Sep 26 10:21:01 2026
