IQ-TREE multicore version 2.4.0 for Linux x86 64-bit built Feb 12 2025
Developed by Bui Quang Minh, Nguyen Lam Tung, Olga Chernomor, Heiko Schmidt,
Dominik Schrempf, Michael Woodhams, Ly Trong Nhan, Thomas Wong

Host:    k222 (AVX512, FMA3, 503 GB RAM)
Command: iqtree2 -s gene_order/flagellar_trees/trimmed/chev.faa -m MFP -B 1000 -T 4 --prefix gene_order/flagellar_trees/gene_trees/chev
Seed:    582178 (Using SPRNG - Scalable Parallel Random Number Generator)
Time:    Sat Sep 26 09:58:39 2026
Kernel:  AVX+FMA - 4 threads (4 CPU cores detected)

Reading alignment file gene_order/flagellar_trees/trimmed/chev.faa ... Fasta format detected
Reading fasta file: done in 0.000259144 secs using 49.78% CPU
Alignment most likely contains protein sequences
Alignment has 106 sequences with 312 columns, 285 distinct patterns
263 parsimony-informative, 8 singleton sites, 41 constant sites
                 Gap/Ambiguity  Composition  p-value
Analyzing sequences: done in 1.52243e-05 secs using 2207% CPU
   1  GCF_000012965.1    0.00%    passed     99.23%
   2  GCF_000021725.1    0.00%    passed     98.93%
   3  GCF_000024885.1    0.00%    passed     99.99%
   4  GCF_000147355.1    0.32%    passed     97.78%
   5  GCF_000155475.1    2.88%    passed     95.25%
   6  GCF_000162575.1    0.32%    passed     99.18%
   7  GCF_000183725.1    0.00%    passed     95.32%
   8  GCF_000196135.1    4.49%    passed     98.93%
   9  GCF_000200595.1    1.28%    passed     69.45%
  10  GCF_000242915.1    0.00%    passed     98.38%
  11  GCF_000254135.1    0.00%    passed     99.91%
  12  GCF_000259275.1    0.32%    passed     58.27%
  13  GCF_000265295.1    0.00%    passed     99.99%
  14  GCF_000445475.1    0.00%    passed     96.89%
  15  GCF_000507845.1    0.96%    passed     57.36%
  16  GCF_000568815.1    0.00%    passed     99.97%
  17  GCF_000597725.1    0.00%    passed     99.99%
  18  GCF_000686565.1    0.96%    passed     29.43%
  19  GCF_000687535.1    4.49%    passed     97.40%
  20  GCF_000736415.1    0.00%    passed     99.84%
  21  GCF_000762845.2    2.88%    passed     65.08%
  22  GCF_000762875.2    1.28%    passed     94.74%
  23  GCF_000763135.2    2.88%    passed     97.16%
  24  GCF_000765805.2    0.96%    passed     91.19%
  25  GCF_000765905.2    0.96%    passed      7.39%
  26  GCF_000813325.1    0.00%    passed     99.98%
  27  GCF_000816185.1    0.00%    passed    100.00%
  28  GCF_000816305.1    0.00%    passed     99.96%
  29  GCF_000816785.1    0.00%    passed    100.00%
  30  GCF_001282945.1    1.28%    failed      0.06%
  31  GCF_001283065.1    1.28%    passed     51.86%
  32  GCF_001298465.1    0.00%    passed     99.96%
  33  GCF_001457695.1    0.00%    passed     99.10%
  34  GCF_001602095.1    1.60%    passed     92.29%
  35  GCF_001687475.2    0.00%    passed     97.98%
  36  GCF_001723605.1    0.00%    passed     99.96%
  37  GCF_002021925.1    0.00%    passed     99.90%
  38  GCF_002080395.1    0.00%    passed     99.92%
  39  GCF_002104335.1    0.00%    passed     99.99%
  40  GCF_002139855.1    0.00%    passed    100.00%
  41  GCF_002139875.1    0.00%    passed    100.00%
  42  GCF_002139915.1    0.00%    passed    100.00%
  43  GCF_002139935.1    0.00%    passed     99.95%
  44  GCF_002238335.1    0.00%    passed     99.84%
  45  GCF_002335445.1    0.00%    passed     98.66%
  46  GCF_003245365.1    0.32%    passed     98.36%
  47  GCF_003364195.1    1.28%    passed     89.48%
  48  GCF_003364255.1    0.96%    passed     96.04%
  49  GCF_003660285.1    1.28%    passed     73.84%
  50  GCF_003660395.1    1.28%    passed     88.02%
  51  GCF_003670275.1    2.88%    passed     88.87%
  52  GCF_003752135.1    0.32%    passed     97.85%
  53  GCF_004323845.1    0.00%    passed     99.97%
  54  GCF_004803795.1    0.00%    passed     97.29%
  55  GCF_004803815.1    0.00%    passed     94.89%
  56  GCF_005217605.1    0.00%    passed     99.91%
  57  GCF_005406215.1    0.32%    passed     99.19%
  58  GCF_005406225.1    0.32%    passed     99.57%
  59  GCF_005843985.1    0.00%    passed     97.57%
  60  GCF_006864425.1    0.00%    passed     83.69%
  61  GCF_008245005.1    0.32%    passed     48.16%
  62  GCF_008245045.1    0.00%    passed    100.00%
  63  GCF_008693005.1    1.28%    passed     97.29%
  64  GCF_009068765.1    0.32%    passed     97.73%
  65  GCF_009192995.1    0.32%    passed     99.87%
  66  GCF_009258225.1    0.00%    passed     99.15%
  67  GCF_011769985.2    0.00%    passed     99.98%
  68  GCF_013177655.1    0.00%    passed     91.74%
  69  GCF_013201605.1    0.00%    passed     99.99%
  70  GCF_013372105.1    0.00%    passed     99.99%
  71  GCF_013372125.1    0.00%    passed     99.96%
  72  GCF_013372145.1    0.00%    passed     99.99%
  73  GCF_013372185.1    0.00%    passed     99.99%
  74  GCF_013372205.1    0.00%    passed     99.94%
  75  GCF_014253065.1    0.00%    passed     97.57%
  76  GCF_014466985.1    1.28%    passed     20.89%
  77  GCF_014905095.1    0.32%    passed     99.89%
  78  GCF_014905115.1    0.32%    passed     97.47%
  79  GCF_014905135.1    0.32%    passed     99.86%
  80  GCF_015265455.1    0.00%    passed     99.69%
  81  GCF_015265475.1    0.00%    passed     99.71%
  82  GCF_016593255.1    0.32%    passed     96.84%
  83  GCF_016806695.1    0.00%    passed     98.50%
  84  GCF_016937535.1    0.00%    passed     99.96%
  85  GCF_017357825.1    0.32%    passed     84.24%
  86  GCF_017979425.1    1.28%    passed     89.50%
  87  GCF_017979475.1    0.32%    passed     99.45%
  88  GCF_018145655.1    0.00%    passed     99.32%
  89  GCF_019711685.1    0.32%    passed     99.72%
  90  GCF_023646285.1    0.32%    passed     99.79%
  91  GCF_025770725.1    0.00%    passed     99.99%
  92  GCF_026000295.1    1.28%    passed     68.27%
  93  GCF_027859255.1    4.49%    passed     96.94%
  94  GCF_027943725.1    0.96%    passed     17.39%
  95  GCF_027946175.1    1.28%    passed     73.80%
  96  GCF_028649595.1    0.00%    passed     96.97%
  97  GCF_028751035.1    0.32%    passed     99.96%
  98  GCF_030249845.1    0.00%    passed     99.98%
  99  GCF_030296055.1    0.32%    passed     98.40%
 100  GCF_900115615.1    0.32%    passed     99.71%
 101  GCF_900461455.1    0.32%    passed     65.03%
 102  GCF_900475935.1    0.00%    passed     99.99%
 103  GCF_900478295.1    0.32%    passed     75.31%
 104  GCF_900637395.1    0.00%    passed     99.99%
 105  GCF_905120465.1    0.00%    passed     99.93%
 106  GCF_905120475.1    0.00%    passed     99.72%
****  TOTAL              0.52%  1 sequences failed composition chi2 test (p-value<5%; df=19)


Create initial parsimony tree by phylogenetic likelihood library (PLL)... 0.013 seconds
Perform fast likelihood tree search using LG+I+G model...
Estimate model parameters (epsilon = 5.000)
Perform nearest neighbor interchange...
Estimate model parameters (epsilon = 1.000)
1. Initial log-likelihood: -19044.826
Optimal log-likelihood: -19043.740
Proportion of invariable sites: 0.101
Gamma shape alpha: 0.865
Parameters optimization took 1 rounds (0.070 sec)
Time for fast ML tree search: 0.534 seconds

NOTE: ModelFinder requires 51 MB RAM!
ModelFinder will test up to 1232 protein models (sample size: 312 epsilon: 0.100) ...
 No. Model         -LnL         df  AIC          AICc         BIC
  1  LG            20733.586    209 41885.171    42745.759    42667.459
  2  LG+I          20354.233    210 41128.465    42005.891    41914.496
  3  LG+G4         19072.566    210 38565.132    39442.558    39351.163
  4  LG+I+G4       19043.611    211 38509.222    39403.862    39298.996
  5  LG+R2         19358.593    211 39139.186    40033.826    39928.960
  6  LG+R3         19115.519    213 38657.038    39587.283    39454.298
  7  LG+R4         19031.751    215 38493.501    39461.001    39298.247
  8  LG+R5         19017.059    217 38468.117    39474.628    39280.349
  9  LG+R6         19016.561    219 38471.123    39518.514    39290.841
 14  LG+I+R2       19254.562    212 38933.123    39845.365    39726.640
 15  LG+I+R3       19077.082    214 38582.165    39530.825    39383.168
 16  LG+I+R4       19015.687    216 38463.373    39450.152    39271.862
 17  LG+I+R5       19007.920    218 38451.841    39478.550    39267.815
 18  LG+I+R6       19007.538    220 38455.076    39523.648    39278.537
 38  LG+F+I+R4     18920.344    235 38310.688    39770.162    39190.294
 39  LG+F+I+R5     18909.624    237 38293.249    39817.735    39180.340
 60  WAG+I+R4      19216.466    216 38864.931    39851.710    39673.420
 61  WAG+I+R5      19212.068    218 38860.136    39886.846    39676.111
 82  WAG+F+I+R4    19116.293    235 38702.586    40162.060    39582.192
 83  WAG+F+I+R5    19110.024    237 38694.048    40218.535    39581.140
104  JTT+I+R4      19154.573    216 38741.145    39727.924    39549.634
105  JTT+I+R5      19148.312    218 38732.623    39759.333    39548.598
126  JTT+F+I+R4    19057.242    235 38584.484    40043.958    39464.090
127  JTT+F+I+R5    19046.751    237 38567.501    40091.988    39454.593
WARNING: Normalizing state frequencies so that sum of them equals to 1
148  Q.pfam+I+R4   19080.111    216 38592.223    39579.002    39400.711
WARNING: Normalizing state frequencies so that sum of them equals to 1
149  Q.pfam+I+R5   19072.431    218 38580.862    39607.572    39396.837
WARNING: Normalizing state frequencies so that sum of them equals to 1
170  Q.pfam+F+I+R4 18967.630    235 38405.261    39864.734    39284.866
WARNING: Normalizing state frequencies so that sum of them equals to 1
171  Q.pfam+F+I+R5 18954.575    237 38383.149    39907.636    39270.241
WARNING: Normalizing state frequencies so that sum of them equals to 1
192  Q.bird+I+R4   19385.941    216 39203.882    40190.661    40012.371
WARNING: Normalizing state frequencies so that sum of them equals to 1
193  Q.bird+I+R5   19370.523    218 39177.045    40203.755    39993.020
WARNING: Normalizing state frequencies so that sum of them equals to 1
214  Q.bird+F+I+R4 19288.312    235 39046.624    40506.098    39926.230
WARNING: Normalizing state frequencies so that sum of them equals to 1
215  Q.bird+F+I+R5 19265.630    237 39005.260    40529.746    39892.351
WARNING: Normalizing state frequencies so that sum of them equals to 1
236  Q.mammal+I+R4 19331.108    216 39094.217    40080.996    39902.706
WARNING: Normalizing state frequencies so that sum of them equals to 1
237  Q.mammal+I+R5 19318.282    218 39072.565    40099.275    39888.540
WARNING: Normalizing state frequencies so that sum of them equals to 1
258  Q.mammal+F+I+R4 19223.552    235 38917.105    40376.578    39796.710
WARNING: Normalizing state frequencies so that sum of them equals to 1
259  Q.mammal+F+I+R5 19202.842    237 38879.685    40404.171    39766.776
280  Q.insect+I+R4 18939.910    216 38311.821    39298.600    39120.309
281  Q.insect+I+R5 18929.557    218 38295.113    39321.823    39111.088
302  Q.insect+F+I+R4 18947.290    235 38364.580    39824.053    39244.186
303  Q.insect+F+I+R5 18934.332    237 38342.664    39867.150    39229.756
WARNING: Normalizing state frequencies so that sum of them equals to 1
324  Q.plant+I+R4  19001.505    216 38435.010    39421.789    39243.499
WARNING: Normalizing state frequencies so that sum of them equals to 1
325  Q.plant+I+R5  18988.427    218 38412.853    39439.563    39228.828
WARNING: Normalizing state frequencies so that sum of them equals to 1
346  Q.plant+F+I+R4 18963.849    235 38397.699    39857.172    39277.305
WARNING: Normalizing state frequencies so that sum of them equals to 1
347  Q.plant+F+I+R5 18949.074    237 38372.148    39896.634    39259.240
WARNING: Normalizing state frequencies so that sum of them equals to 1
368  Q.yeast+I+R4  18905.643    216 38243.286    39230.065    39051.775
WARNING: Normalizing state frequencies so that sum of them equals to 1
369  Q.yeast+I+R5  18896.839    218 38229.678    39256.388    39045.653
WARNING: Normalizing state frequencies so that sum of them equals to 1
390  Q.yeast+F+I+R4 18900.433    235 38270.866    39730.339    39150.472
WARNING: Normalizing state frequencies so that sum of them equals to 1
391  Q.yeast+F+I+R5 18888.818    237 38251.636    39776.123    39138.728
412  JTTDCMut+I+R4 19150.606    216 38733.211    39719.990    39541.700
413  JTTDCMut+I+R5 19144.856    218 38725.711    39752.421    39541.686
434  JTTDCMut+F+I+R4 19049.341    235 38568.682    40028.156    39448.288
435  JTTDCMut+F+I+R5 19039.057    237 38552.114    40076.600    39439.206
456  DCMut+I+R4    19337.914    216 39107.828    40094.607    39916.316
457  DCMut+I+R5    19333.488    218 39102.975    40129.685    39918.950
478  DCMut+F+I+R4  19214.020    235 38898.040    40357.514    39777.646
479  DCMut+F+I+R5  19206.694    237 38887.388    40411.875    39774.480
500  VT+I+R4       19316.595    216 39065.189    40051.968    39873.678
501  VT+I+R5       19311.593    218 39059.187    40085.897    39875.162
522  VT+F+I+R4     19229.582    235 38929.163    40388.637    39808.769
523  VT+F+I+R5     19222.599    237 38919.198    40443.685    39806.290
544  PMB+I+R4      19603.490    216 39638.980    40625.759    40447.468
545  PMB+I+R5      19596.693    218 39629.387    40656.096    40445.361
566  PMB+F+I+R4    19459.875    235 39389.750    40849.224    40269.356
567  PMB+F+I+R5    19451.862    237 39377.724    40902.210    40264.816
588  Blosum62+I+R4 19533.678    216 39499.357    40486.136    40307.845
589  Blosum62+I+R5 19527.525    218 39491.050    40517.760    40307.025
610  Blosum62+F+I+R4 19435.851    235 39341.701    40801.175    40221.307
611  Blosum62+F+I+R5 19428.450    237 39330.900    40855.386    40217.992
632  Dayhoff+I+R4  19334.870    216 39101.740    40088.519    39910.229
633  Dayhoff+I+R5  19329.298    218 39094.595    40121.305    39910.570
654  Dayhoff+F+I+R4 19211.561    235 38893.123    40352.597    39772.729
655  Dayhoff+F+I+R5 19204.327    237 38882.654    40407.141    39769.746
676  mtREV+I+R4    19989.539    216 40411.077    41397.856    41219.566
677  mtREV+I+R5    19965.503    218 40367.007    41393.717    41182.982
698  mtREV+F+I+R4  19254.659    235 38979.318    40438.792    39858.924
699  mtREV+F+I+R5  19242.648    237 38959.297    40483.783    39846.389
720  mtART+I+R4    19991.559    216 40415.118    41401.897    41223.606
721  mtART+I+R5    19961.291    218 40358.582    41385.292    41174.557
742  mtART+F+I+R4  19384.462    235 39238.925    40698.399    40118.531
743  mtART+F+I+R5  19352.555    237 39179.110    40703.596    40066.202
764  mtZOA+I+R4    19590.901    216 39613.801    40600.580    40422.290
765  mtZOA+I+R5    19561.102    218 39558.204    40584.913    40374.178
786  mtZOA+F+I+R4  19111.286    235 38692.572    40152.045    39572.177
787  mtZOA+F+I+R5  19089.879    237 38653.759    40178.245    39540.851
808  mtMet+I+R4    19838.646    216 40109.293    41096.072    40917.781
809  mtMet+I+R5    19816.617    218 40069.233    41095.943    40885.208
830  mtMet+F+I+R4  19231.046    235 38932.092    40391.565    39811.697
831  mtMet+F+I+R5  19210.256    237 38894.513    40418.999    39781.604
852  mtVer+I+R4    20025.544    216 40483.089    41469.868    41291.578
853  mtVer+I+R5    19999.426    218 40434.853    41461.562    41250.827
874  mtVer+F+I+R4  19510.985    235 39491.969    40951.443    40371.575
875  mtVer+F+I+R5  19484.229    237 39442.457    40966.944    40329.549
896  mtInv+I+R4    19943.900    216 40319.799    41306.578    41128.288
897  mtInv+I+R5    19927.038    218 40290.076    41316.786    41106.051
918  mtInv+F+I+R4  19186.105    235 38842.210    40301.683    39721.816
919  mtInv+F+I+R5  19169.893    237 38813.786    40338.273    39700.878
940  mtMAM+I+R4    20253.720    216 40939.440    41926.219    41747.928
941  mtMAM+I+R5    20208.250    218 40852.501    41879.210    41668.475
962  mtMAM+F+I+R4  19617.875    235 39705.750    41165.223    40585.355
963  mtMAM+F+I+R5  19588.698    237 39651.395    41175.882    40538.487
WARNING: Normalizing state frequencies so that sum of them equals to 1
984  FLAVI+I+R4    19771.841    216 39975.683    40962.462    40784.172
WARNING: Normalizing state frequencies so that sum of them equals to 1
985  FLAVI+I+R5    19747.730    218 39931.460    40958.169    40747.434
WARNING: Normalizing state frequencies so that sum of them equals to 1
1006  FLAVI+F+I+R4  19692.473    235 39854.947    41314.421    40734.553
WARNING: Normalizing state frequencies so that sum of them equals to 1
1007  FLAVI+F+I+R5  19664.919    237 39803.837    41328.324    40690.929
1028  HIVb+I+R4     19499.338    216 39430.676    40417.455    40239.165
1029  HIVb+I+R5     19488.231    218 39412.462    40439.172    40228.437
1050  HIVb+F+I+R4   19379.321    235 39228.641    40688.115    40108.247
1051  HIVb+F+I+R5   19356.185    237 39186.370    40710.857    40073.462
1072  HIVw+I+R4     20171.577    216 40775.153    41761.932    41583.642
1073  HIVw+I+R5     20153.558    218 40743.116    41769.826    41559.091
1094  HIVw+F+I+R4   19996.555    235 40463.109    41922.583    41342.715
1095  HIVw+F+I+R5   19978.964    237 40431.928    41956.414    41319.019
1116  FLU+I+R4      19300.426    216 39032.853    40019.632    39841.341
1117  FLU+I+R5      19290.473    218 39016.946    40043.656    39832.921
1138  FLU+F+I+R4    19323.104    235 39116.208    40575.682    39995.814
1139  FLU+F+I+R5    19308.843    237 39091.685    40616.172    39978.777
1160  rtREV+I+R4    19298.777    216 39029.554    40016.333    39838.043
1161  rtREV+I+R5    19293.115    218 39022.230    40048.940    39838.205
1182  rtREV+F+I+R4  19063.266    235 38596.531    40056.005    39476.137
1183  rtREV+F+I+R5  19053.365    237 38580.729    40105.215    39467.821
1204  cpREV+I+R4    19234.926    216 38901.852    39888.631    39710.341
1205  cpREV+I+R5    19229.124    218 38894.248    39920.958    39710.223
1226  cpREV+F+I+R4  19244.416    235 38958.831    40418.305    39838.437
1227  cpREV+F+I+R5  19239.689    237 38953.378    40477.864    39840.469
Akaike Information Criterion:           Q.yeast+I+R5
Corrected Akaike Information Criterion: Q.yeast+I+R4
Bayesian Information Criterion:         Q.yeast+I+R5
Best-fit model: Q.yeast+I+R5 chosen according to BIC

All model information printed to gene_order/flagellar_trees/gene_trees/chev.model.gz
CPU time for ModelFinder: 487.698 seconds (0h:8m:7s)
Wall-clock time for ModelFinder: 122.666 seconds (0h:2m:2s)
Generating 1000 samples for ultrafast bootstrap (seed: 582178)...
WARNING: Normalizing state frequencies so that sum of them equals to 1

NOTE: 26 MB RAM (0 GB) is required!
Estimate model parameters (epsilon = 0.100)
1. Initial log-likelihood: -18912.848
2. Current log-likelihood: -18901.200
3. Current log-likelihood: -18900.913
Optimal log-likelihood: -18900.771
Proportion of invariable sites: 0.108
Site proportion and rates:  (0.335,0.179) (0.284,0.720) (0.184,1.951) (0.087,4.006) (0.003,8.555)
Parameters optimization took 3 rounds (0.864 sec)
Wrote distance file to... 
Computing ML distances based on estimated model parameters...
Calculating distance matrix: done in 0.300782 secs using 398.3% CPU
Computing ML distances took 0.300859 sec (of wall-clock time) 1.198040 sec (of CPU time)
Setting up auxiliary I and S matrices: done in 0.000298698 secs using 230.7% CPU
Computing RapidNJ tree took 0.030191 sec (of wall-clock time) 0.019275 sec (of CPU time)
Log-likelihood of RapidNJ tree: -18997.662
--------------------------------------------------------------------
|             INITIALIZING CANDIDATE TREE SET                      |
--------------------------------------------------------------------
Generating 98 parsimony trees... 1.401 second
Computing log-likelihood of 98 initial trees ... 2.805 seconds
Current best score: -18900.771

Do NNI search on 20 best initial trees
Estimate model parameters (epsilon = 0.100)
BETTER TREE FOUND at iteration 1: -18899.078
Estimate model parameters (epsilon = 0.100)
BETTER TREE FOUND at iteration 2: -18881.849
Estimate model parameters (epsilon = 0.100)
BETTER TREE FOUND at iteration 4: -18881.204
Iteration 10 / LogL: -18881.819 / Time: 0h:2m:14s
Iteration 20 / LogL: -18884.771 / Time: 0h:2m:18s
Finish initializing candidate tree set (16)
Current best tree score: -18881.204 / CPU time: 14.876
Number of iterations: 20
--------------------------------------------------------------------
|               OPTIMIZING CANDIDATE TREE SET                      |
--------------------------------------------------------------------
Estimate model parameters (epsilon = 0.100)
BETTER TREE FOUND at iteration 26: -18880.182
Iteration 30 / LogL: -18882.772 / Time: 0h:2m:25s (0h:1m:16s left)
Iteration 40 / LogL: -18934.499 / Time: 0h:2m:32s (0h:1m:6s left)
BETTER TREE FOUND at iteration 42: -18880.174
UPDATE BEST LOG-LIKELIHOOD: -18880.173
Iteration 50 / LogL: -18885.885 / Time: 0h:2m:39s (0h:1m:8s left)
Log-likelihood cutoff on original alignment: -18924.174
Iteration 60 / LogL: -18880.564 / Time: 0h:2m:46s (0h:1m:0s left)
Iteration 70 / LogL: -18882.697 / Time: 0h:2m:52s (0h:0m:52s left)
Iteration 80 / LogL: -18895.484 / Time: 0h:2m:59s (0h:0m:44s left)
Iteration 90 / LogL: -18883.568 / Time: 0h:3m:6s (0h:0m:37s left)
Iteration 100 / LogL: -18883.654 / Time: 0h:3m:13s (0h:0m:29s left)
Log-likelihood cutoff on original alignment: -18924.174
NOTE: Bootstrap correlation coefficient of split occurrence frequencies: 0.999
UPDATE BEST LOG-LIKELIHOOD: -18880.173
Iteration 110 / LogL: -18880.173 / Time: 0h:3m:20s (0h:1m:4s left)
Iteration 120 / LogL: -18898.406 / Time: 0h:3m:26s (0h:0m:56s left)
Iteration 130 / LogL: -18906.089 / Time: 0h:3m:33s (0h:0m:49s left)
UPDATE BEST LOG-LIKELIHOOD: -18880.173
Iteration 140 / LogL: -18882.174 / Time: 0h:3m:39s (0h:0m:41s left)
TREE SEARCH COMPLETED AFTER 143 ITERATIONS / Time: 0h:3m:42s

--------------------------------------------------------------------
|                    FINALIZING TREE SEARCH                        |
--------------------------------------------------------------------
Performs final model parameters optimization
Estimate model parameters (epsilon = 0.010)
1. Initial log-likelihood: -18880.173
2. Current log-likelihood: -18880.145
3. Current log-likelihood: -18880.113
4. Current log-likelihood: -18880.087
5. Current log-likelihood: -18880.074
6. Current log-likelihood: -18880.062
7. Current log-likelihood: -18880.051
Optimal log-likelihood: -18880.039
Proportion of invariable sites: 0.103
Site proportion and rates:  (0.330,0.166) (0.294,0.715) (0.186,1.978) (0.083,4.072) (0.004,7.906)
Parameters optimization took 7 rounds (1.708 sec)
BEST SCORE FOUND : -18880.039
Creating bootstrap support values...
Split supports printed to NEXUS file gene_order/flagellar_trees/gene_trees/chev.splits.nex
Total tree length: 18.926

Total number of iterations: 143
CPU time used for tree search: 384.176 sec (0h:6m:24s)
Wall-clock time used for tree search: 98.102 sec (0h:1m:38s)
Total CPU time used: 884.164 sec (0h:14m:44s)
Total wall-clock time used: 223.996 sec (0h:3m:43s)

Computing bootstrap consensus tree...
Reading input file gene_order/flagellar_trees/gene_trees/chev.splits.nex...
106 taxa and 422 splits.
Consensus tree written to gene_order/flagellar_trees/gene_trees/chev.contree
Reading input trees file gene_order/flagellar_trees/gene_trees/chev.contree
Log-likelihood of consensus tree: -18880.038

Analysis results written to: 
  IQ-TREE report:                gene_order/flagellar_trees/gene_trees/chev.iqtree
  Maximum-likelihood tree:       gene_order/flagellar_trees/gene_trees/chev.treefile
  Likelihood distances:          gene_order/flagellar_trees/gene_trees/chev.mldist

Ultrafast bootstrap approximation results written to:
  Split support values:          gene_order/flagellar_trees/gene_trees/chev.splits.nex
  Consensus tree:                gene_order/flagellar_trees/gene_trees/chev.contree
  Screen log file:               gene_order/flagellar_trees/gene_trees/chev.log

Date and Time: Sat Sep 26 10:02:23 2026
