IQ-TREE multicore version 2.4.0 for Linux x86 64-bit built Feb 12 2025
Developed by Bui Quang Minh, Nguyen Lam Tung, Olga Chernomor, Heiko Schmidt,
Dominik Schrempf, Michael Woodhams, Ly Trong Nhan, Thomas Wong

Host:    k222 (AVX512, FMA3, 503 GB RAM)
Command: iqtree2 -s gene_order/flagellar_trees/trimmed/flga.faa -m MFP -B 1000 -T 4 --prefix gene_order/flagellar_trees/gene_trees/flga
Seed:    818455 (Using SPRNG - Scalable Parallel Random Number Generator)
Time:    Sat Sep 26 09:58:40 2026
Kernel:  AVX+FMA - 4 threads (4 CPU cores detected)

Reading alignment file gene_order/flagellar_trees/trimmed/flga.faa ... Fasta format detected
Reading fasta file: done in 0.000183672 secs using 49.54% CPU
Alignment most likely contains protein sequences
Alignment has 119 sequences with 177 columns, 177 distinct patterns
177 parsimony-informative, 0 singleton sites, 0 constant sites
                 Gap/Ambiguity  Composition  p-value
Analyzing sequences: done in 1.64192e-05 secs using 1985% CPU
   1  GCF_000012965.1    3.39%    passed     77.91%
   2  GCF_000021725.1   18.64%    passed     21.10%
   3  GCF_000024885.1   24.29%    passed     73.98%
   4  GCF_000147355.1    3.39%    passed     80.78%
   5  GCF_000155475.1    1.13%    passed     99.80%
   6  GCF_000162575.1    0.56%    passed     25.53%
   7  GCF_000183725.1    3.39%    passed     85.43%
   8  GCF_000194135.1    6.78%    failed      4.02%
   9  GCF_000196135.1    2.26%    failed      1.91%
  10  GCF_000200595.1   16.38%    passed     24.63%
  11  GCF_000242915.1    3.39%    passed     88.19%
  12  GCF_000254135.1   17.51%    passed     62.41%
  13  GCF_000259275.1   12.99%    passed     93.17%
  14  GCF_000265295.1    3.39%    failed      3.19%
  15  GCF_000420385.1    7.34%    failed      1.65%
  16  GCF_000445475.1    3.39%    passed     32.02%
  17  GCF_000507845.1   15.25%    passed     12.98%
  18  GCF_000518225.1    0.56%    failed      0.06%
  19  GCF_000568815.1    3.95%    passed     94.22%
  20  GCF_000597725.1    1.13%    passed     27.77%
  21  GCF_000686565.1   14.69%    passed      6.74%
  22  GCF_000687535.1    0.56%    passed     24.20%
  23  GCF_000736415.1   24.29%    passed     85.86%
  24  GCF_000744435.1    7.34%    failed      1.85%
  25  GCF_000762845.2    1.13%    passed     80.11%
  26  GCF_000762875.2   14.69%    passed     40.92%
  27  GCF_000763135.2    1.13%    passed     28.56%
  28  GCF_000765805.2   14.69%    failed      1.09%
  29  GCF_000765905.2   14.69%    passed     43.26%
  30  GCF_000813325.1    3.95%    passed     82.16%
  31  GCF_000816185.1   17.51%    passed     88.33%
  32  GCF_000816305.1   17.51%    passed     82.01%
  33  GCF_000816785.1   17.51%    passed     93.38%
  34  GCF_001282945.1   16.38%    failed      0.46%
  35  GCF_001283065.1   16.38%    passed     17.25%
  36  GCF_001298465.1    1.13%    passed     96.79%
  37  GCF_001457695.1   17.51%    passed     35.11%
  38  GCF_001602095.1    0.56%    failed      4.89%
  39  GCF_001687475.2   17.51%    passed     19.75%
  40  GCF_001693335.1    1.69%    failed      1.15%
  41  GCF_001723605.1    3.95%    passed     95.15%
  42  GCF_002021925.1    1.13%    passed     77.22%
  43  GCF_002080395.1   17.51%    passed     17.81%
  44  GCF_002104335.1   17.51%    passed     41.45%
  45  GCF_002119425.1    7.91%    passed     15.78%
  46  GCF_002139855.1   16.38%    passed     23.02%
  47  GCF_002139875.1   20.90%    passed     22.44%
  48  GCF_002139915.1   31.07%    passed     49.43%
  49  GCF_002139935.1   24.29%    passed     67.55%
  50  GCF_002238335.1   17.51%    passed     48.73%
  51  GCF_002335445.1   18.64%    failed      0.35%
  52  GCF_003245365.1    0.56%    passed     58.10%
  53  GCF_003364195.1   14.69%    passed     12.99%
  54  GCF_003364205.1    2.26%    passed     42.14%
  55  GCF_003364215.1    2.26%    passed     35.13%
  56  GCF_003364255.1    1.13%    passed     86.13%
  57  GCF_003364335.1   15.25%    passed     62.13%
  58  GCF_003660265.1   19.21%    failed      0.35%
  59  GCF_003660285.1   18.08%    passed     15.20%
  60  GCF_003660395.1   18.08%    passed     50.17%
  61  GCF_003670275.1    1.13%    passed     99.80%
  62  GCF_003752135.1   19.21%    passed     48.25%
  63  GCF_004323845.1   17.51%    passed     31.88%
  64  GCF_004803795.1    1.13%    passed     95.60%
  65  GCF_004803815.1    1.13%    passed     86.12%
  66  GCF_005217605.1    3.39%    passed     54.51%
  67  GCF_005406215.1   17.51%    passed     44.70%
  68  GCF_005406225.1   17.51%    passed     19.66%
  69  GCF_005843985.1   27.12%    failed      3.99%
  70  GCF_006864425.1   17.51%    passed     51.37%
  71  GCF_008245005.1    1.13%    passed     53.90%
  72  GCF_008245045.1   17.51%    passed     78.36%
  73  GCF_008693005.1   12.43%    failed      0.00%
  74  GCF_009068765.1    3.39%    passed     14.56%
  75  GCF_009192995.1    3.39%    passed     12.71%
  76  GCF_009258225.1    3.39%    passed     11.57%
  77  GCF_011769985.2    3.95%    passed     94.97%
  78  GCF_013177655.1   22.03%    passed     43.24%
  79  GCF_013201605.1   17.51%    passed     89.26%
  80  GCF_013372105.1   17.51%    passed     93.98%
  81  GCF_013372125.1    1.13%    passed     99.35%
  82  GCF_013372145.1   17.51%    passed     13.88%
  83  GCF_013372185.1   17.51%    passed     85.82%
  84  GCF_013372205.1    1.13%    passed     89.36%
  85  GCF_014253065.1    1.13%    passed     77.53%
  86  GCF_014466985.1    2.26%    failed      3.16%
  87  GCF_014905095.1    2.82%    passed     80.42%
  88  GCF_014905115.1    3.39%    passed     10.62%
  89  GCF_014905135.1    3.39%    passed     41.02%
  90  GCF_015100395.1    2.26%    failed      0.22%
  91  GCF_015265455.1    3.39%    passed     76.04%
  92  GCF_015265475.1    3.39%    passed     56.21%
  93  GCF_016593255.1    3.39%    failed      0.03%
  94  GCF_016806695.1   17.51%    passed     16.44%
  95  GCF_016937535.1    2.82%    failed      0.20%
  96  GCF_017357825.1    3.39%    passed     29.74%
  97  GCF_017979425.1   16.38%    passed     15.12%
  98  GCF_018145655.1    1.13%    passed     58.81%
  99  GCF_019711685.1    0.56%    passed     37.91%
 100  GCF_021300615.1   15.25%    passed     71.25%
 101  GCF_021300655.1    0.56%    passed      5.00%
 102  GCF_023646285.1    0.56%    passed     41.76%
 103  GCF_025770725.1    3.95%    passed     99.34%
 104  GCF_026000295.1   18.08%    failed      0.00%
 105  GCF_027859255.1    1.69%    passed     39.29%
 106  GCF_027943725.1    2.82%    failed      0.01%
 107  GCF_027946175.1    2.26%    passed     35.80%
 108  GCF_028649595.1   24.86%    failed      3.42%
 109  GCF_028751035.1    0.56%    passed     73.89%
 110  GCF_030249845.1    1.13%    passed     52.42%
 111  GCF_030296055.1   12.99%    failed      0.89%
 112  GCF_900115615.1    3.39%    failed      0.93%
 113  GCF_900461455.1   12.99%    passed     95.82%
 114  GCF_900475935.1   24.29%    passed     41.30%
 115  GCF_900476215.1   15.25%    passed     48.77%
 116  GCF_900478295.1   12.99%    passed     99.36%
 117  GCF_900637395.1   17.51%    passed     25.74%
 118  GCF_905120465.1    1.13%    passed     93.69%
 119  GCF_905120475.1    2.82%    passed     87.27%
****  TOTAL              9.61%  23 sequences failed composition chi2 test (p-value<5%; df=19)
NOTE: GCF_003670275.1 is identical to GCF_000155475.1 but kept for subsequent analysis


Create initial parsimony tree by phylogenetic likelihood library (PLL)... 0.015 seconds
Perform fast likelihood tree search using LG+G model...
Estimate model parameters (epsilon = 5.000)
Perform nearest neighbor interchange...
Estimate model parameters (epsilon = 1.000)
1. Initial log-likelihood: -25922.150
Optimal log-likelihood: -25922.133
Gamma shape alpha: 2.978
Parameters optimization took 1 rounds (0.046 sec)
Time for fast ML tree search: 0.582 seconds

NOTE: ModelFinder requires 37 MB RAM!
ModelFinder will test up to 616 protein models (sample size: 177 epsilon: 0.100) ...
 No. Model         -LnL         df  AIC          AICc         BIC
  1  LG            26383.153    235 53236.305    164156.305   53982.700
  2  LG+G4         25922.134    236 52316.268    164180.268   53065.839
  3  LG+R2         25998.304    237 52470.608    165282.608   53223.355
  4  LG+R3         25926.928    239 52331.856    167051.856   53090.956
  5  LG+R4         25913.906    241 52309.812    168953.812   53075.264
  6  LG+R5         25906.228    243 52298.455    170882.455   53070.260
  7  LG+R6         25905.938    245 52301.875    172841.875   53080.032
 13  LG+F+G4       25699.563    255 51909.126    182469.126   52719.044
 16  LG+F+R4       25692.972    260 51905.944    187625.944   52731.743
 17  LG+F+R5       25684.639    262 51893.278    189705.278   52725.429
 24  WAG+G4        26082.091    236 52636.181    164500.181   53385.753
 27  WAG+R4        26075.641    241 52633.283    169277.283   53398.735
 28  WAG+R5        26066.526    243 52619.053    171203.053   53390.857
 35  WAG+F+G4      25830.338    255 52170.676    182730.676   52980.594
 38  WAG+F+R4      25821.318    260 52162.636    187882.636   52988.435
 39  WAG+F+R5      25814.509    262 52153.017    189965.017   52985.169
 46  JTT+G4        26196.509    236 52865.019    164729.019   53614.590
 49  JTT+R4        26187.849    241 52857.697    169501.697   53623.149
 50  JTT+R5        26178.491    243 52842.982    171426.982   53614.786
 57  JTT+F+G4      25869.681    255 52249.361    182809.361   53059.279
 60  JTT+F+R4      25860.240    260 52240.480    187960.480   53066.279
 61  JTT+F+R5      25851.408    262 52226.815    190038.815   53058.967
WARNING: Normalizing state frequencies so that sum of them equals to 1
 68  Q.pfam+G4     25955.814    236 52383.627    164247.627   53133.198
WARNING: Normalizing state frequencies so that sum of them equals to 1
 71  Q.pfam+R4     25948.166    241 52378.332    169022.332   53143.784
WARNING: Normalizing state frequencies so that sum of them equals to 1
 72  Q.pfam+R5     25938.720    243 52363.440    170947.440   53135.244
WARNING: Normalizing state frequencies so that sum of them equals to 1
 79  Q.pfam+F+G4   25698.486    255 51906.973    182466.973   52716.891
WARNING: Normalizing state frequencies so that sum of them equals to 1
 82  Q.pfam+F+R4   25690.985    260 51901.969    187621.969   52727.768
WARNING: Normalizing state frequencies so that sum of them equals to 1
 83  Q.pfam+F+R5   25681.397    262 51886.794    189698.794   52718.945
WARNING: Normalizing state frequencies so that sum of them equals to 1
 90  Q.bird+G4     26613.869    236 53699.739    165563.739   54449.310
WARNING: Normalizing state frequencies so that sum of them equals to 1
 93  Q.bird+R4     26603.513    241 53689.025    170333.025   54454.477
WARNING: Normalizing state frequencies so that sum of them equals to 1
 94  Q.bird+R5     26593.612    243 53673.224    172257.224   54445.029
WARNING: Normalizing state frequencies so that sum of them equals to 1
101  Q.bird+F+G4   26199.445    255 52908.890    183468.890   53718.808
WARNING: Normalizing state frequencies so that sum of them equals to 1
104  Q.bird+F+R4   26188.018    260 52896.036    188616.036   53721.835
WARNING: Normalizing state frequencies so that sum of them equals to 1
105  Q.bird+F+R5   26180.294    262 52884.587    190696.587   53716.738
WARNING: Normalizing state frequencies so that sum of them equals to 1
112  Q.mammal+G4   26481.464    236 53434.928    165298.928   54184.499
WARNING: Normalizing state frequencies so that sum of them equals to 1
115  Q.mammal+R4   26472.348    241 53426.695    170070.695   54192.147
WARNING: Normalizing state frequencies so that sum of them equals to 1
116  Q.mammal+R5   26462.199    243 53410.399    171994.399   54182.203
WARNING: Normalizing state frequencies so that sum of them equals to 1
123  Q.mammal+F+G4 26054.564    255 52619.129    183179.129   53429.047
WARNING: Normalizing state frequencies so that sum of them equals to 1
126  Q.mammal+F+R4 26042.008    260 52604.016    188324.016   53429.815
WARNING: Normalizing state frequencies so that sum of them equals to 1
127  Q.mammal+F+R5 26034.135    262 52592.270    190404.270   53424.421
134  Q.insect+G4   25886.186    236 52244.372    164108.372   52993.944
137  Q.insect+R4   25878.844    241 52239.688    168883.688   53005.140
138  Q.insect+R5   25868.342    243 52222.683    170806.683   52994.488
145  Q.insect+F+G4 25744.617    255 51999.233    182559.233   52809.151
148  Q.insect+F+R4 25736.410    260 51992.819    187712.819   52818.618
149  Q.insect+F+R5 25728.652    262 51981.305    189793.305   52813.456
WARNING: Normalizing state frequencies so that sum of them equals to 1
156  Q.plant+G4    26106.387    236 52684.775    164548.775   53434.346
WARNING: Normalizing state frequencies so that sum of them equals to 1
159  Q.plant+R4    26096.358    241 52674.716    169318.716   53440.168
WARNING: Normalizing state frequencies so that sum of them equals to 1
160  Q.plant+R5    26080.403    243 52646.807    171230.807   53418.611
WARNING: Normalizing state frequencies so that sum of them equals to 1
167  Q.plant+F+G4  25898.881    255 52307.762    182867.762   53117.680
WARNING: Normalizing state frequencies so that sum of them equals to 1
170  Q.plant+F+R4  25891.647    260 52303.295    188023.295   53129.094
WARNING: Normalizing state frequencies so that sum of them equals to 1
171  Q.plant+F+R5  25879.162    262 52282.324    190094.324   53114.476
WARNING: Normalizing state frequencies so that sum of them equals to 1
178  Q.yeast+G4    25761.613    236 51995.226    163859.226   52744.798
WARNING: Normalizing state frequencies so that sum of them equals to 1
181  Q.yeast+R4    25753.085    241 51988.170    168632.170   52753.622
WARNING: Normalizing state frequencies so that sum of them equals to 1
182  Q.yeast+R5    25742.955    243 51971.909    170555.909   52743.713
WARNING: Normalizing state frequencies so that sum of them equals to 1
189  Q.yeast+F+G4  25688.127    255 51886.254    182446.254   52696.173
WARNING: Normalizing state frequencies so that sum of them equals to 1
192  Q.yeast+F+R4  25678.914    260 51877.828    187597.828   52703.627
WARNING: Normalizing state frequencies so that sum of them equals to 1
193  Q.yeast+F+R5  25671.678    262 51867.355    189679.355   52699.507
200  JTTDCMut+G4   26194.561    236 52861.121    164725.121   53610.693
203  JTTDCMut+R4   26186.314    241 52854.627    169498.627   53620.079
204  JTTDCMut+R5   26174.593    243 52835.185    171419.185   53606.989
211  JTTDCMut+F+G4 25865.160    255 52240.320    182800.320   53050.238
214  JTTDCMut+F+R4 25856.777    260 52233.554    187953.554   53059.353
215  JTTDCMut+F+R5 25845.733    262 52215.467    190027.467   53047.618
222  DCMut+G4      26389.217    236 53250.435    165114.435   54000.006
225  DCMut+R4      26374.821    241 53231.643    169875.643   53997.095
226  DCMut+R5      26363.390    243 53212.780    171796.780   53984.584
233  DCMut+F+G4    26015.998    255 52541.997    183101.997   53351.915
236  DCMut+F+R4    26000.826    260 52521.652    188241.652   53347.451
237  DCMut+F+R5    25990.576    262 52505.151    190317.151   53337.302
244  VT+G4         26080.440    236 52632.879    164496.879   53382.451
247  VT+R4         26075.418    241 52632.837    169276.837   53398.289
248  VT+R5         26065.607    243 52617.215    171201.215   53389.019
255  VT+F+G4       25857.109    255 52224.219    182784.219   53034.137
258  VT+F+R4       25849.809    260 52219.619    187939.619   53045.418
259  VT+F+R5       25840.815    262 52205.630    190017.630   53037.782
266  PMB+G4        26290.224    236 53052.449    164916.449   53802.020
269  PMB+R4        26288.178    241 53058.356    169702.356   53823.808
270  PMB+R5        26277.812    243 53041.623    171625.623   53813.428
277  PMB+F+G4      26036.389    255 52582.778    183142.778   53392.696
280  PMB+F+R4      26032.016    260 52584.032    188304.032   53409.831
281  PMB+F+R5      26022.944    262 52569.887    190381.887   53402.038
288  Blosum62+G4   26221.907    236 52915.814    164779.814   53665.385
291  Blosum62+R4   26218.052    241 52918.104    169562.104   53683.556
292  Blosum62+R5   26209.318    243 52904.636    171488.636   53676.441
299  Blosum62+F+G4 26001.308    255 52512.616    183072.616   53322.534
302  Blosum62+F+R4 25995.312    260 52510.623    188230.623   53336.422
303  Blosum62+F+R5 25987.207    262 52498.414    190310.414   53330.566
310  Dayhoff+G4    26389.630    236 53251.260    165115.260   54000.832
313  Dayhoff+R4    26375.472    241 53232.944    169876.944   53998.397
314  Dayhoff+R5    26363.304    243 53212.609    171796.609   53984.413
321  Dayhoff+F+G4  26016.083    255 52542.166    183102.166   53352.084
324  Dayhoff+F+R4  26000.812    260 52521.623    188241.623   53347.422
325  Dayhoff+F+R5  25990.228    262 52504.455    190316.455   53336.606
332  mtREV+G4      27367.095    236 55206.190    167070.190   55955.762
335  mtREV+R4      27357.968    241 55197.935    171841.935   55963.387
336  mtREV+R5      27354.347    243 55194.694    173778.694   55966.498
343  mtREV+F+G4    26421.496    255 53352.993    183912.993   54162.911
346  mtREV+F+R4    26416.427    260 53352.854    189072.854   54178.653
347  mtREV+F+R5    26400.475    262 53324.950    191136.950   54157.101
354  mtART+G4      27438.382    236 55348.763    167212.763   56098.335
357  mtART+R4      27422.187    241 55326.373    171970.373   56091.825
358  mtART+R5      27412.607    243 55311.214    173895.214   56083.018
365  mtART+F+G4    26558.867    255 53627.734    184187.734   54437.652
368  mtART+F+R4    26552.369    260 53624.738    189344.738   54450.537
369  mtART+F+R5    26542.155    262 53608.309    191420.309   54440.460
376  mtZOA+G4      26950.735    236 54373.471    166237.471   55123.042
379  mtZOA+R4      26934.425    241 54350.850    170994.850   55116.302
380  mtZOA+R5      26926.738    243 54339.477    172923.477   55111.281
387  mtZOA+F+G4    26250.397    255 53010.794    183570.794   53820.712
390  mtZOA+F+R4    26241.837    260 53003.674    188723.674   53829.472
391  mtZOA+F+R5    26231.842    262 52987.685    190799.685   53819.836
398  mtMet+G4      27191.974    236 54855.947    166719.947   55605.518
401  mtMet+R4      27183.100    241 54848.200    171492.200   55613.652
402  mtMet+R5      27177.759    243 54841.519    173425.519   55613.323
409  mtMet+F+G4    26321.278    255 53152.557    183712.557   53962.475
412  mtMet+F+R4    26311.539    260 53143.078    188863.078   53968.877
413  mtMet+F+R5    26303.817    262 53131.635    190943.635   53963.786
420  mtVer+G4      27593.918    236 55659.836    167523.836   56409.407
423  mtVer+R4      27581.580    241 55645.160    172289.160   56410.612
424  mtVer+R5      27570.992    243 55627.984    174211.984   56399.788
431  mtVer+F+G4    26735.303    255 53980.605    184540.605   54790.524
434  mtVer+F+R4    26724.715    260 53969.430    189689.430   54795.229
435  mtVer+F+R5    26709.170    262 53942.341    191754.341   54774.492
442  mtInv+G4      27224.130    236 54920.261    166784.261   55669.832
445  mtInv+R4      27218.434    241 54918.868    171562.868   55684.320
446  mtInv+R5      27208.975    243 54903.949    173487.949   55675.753
453  mtInv+F+G4    26130.921    255 52771.841    183331.841   53581.759
456  mtInv+F+R4    26124.444    260 52768.889    188488.889   53594.688
457  mtInv+F+R5    26119.324    262 52762.647    190574.647   53594.798
464  mtMAM+G4      27845.613    236 56163.226    168027.226   56912.797
467  mtMAM+R4      27828.539    241 56139.078    172783.078   56904.531
468  mtMAM+R5      27810.363    243 56106.727    174690.727   56878.531
475  mtMAM+F+G4    26917.278    255 54344.555    184904.555   55154.473
478  mtMAM+F+R4    26906.665    260 54333.329    190053.329   55159.128
479  mtMAM+F+R5    26896.006    262 54316.013    192128.013   55148.164
WARNING: Normalizing state frequencies so that sum of them equals to 1
486  FLAVI+G4      27158.802    236 54789.603    166653.603   55539.174
WARNING: Normalizing state frequencies so that sum of them equals to 1
489  FLAVI+R4      27150.583    241 54783.165    171427.165   55548.618
WARNING: Normalizing state frequencies so that sum of them equals to 1
490  FLAVI+R5      27129.471    243 54744.942    173328.942   55516.746
WARNING: Normalizing state frequencies so that sum of them equals to 1
497  FLAVI+F+G4    26783.603    255 54077.205    184637.205   54887.123
WARNING: Normalizing state frequencies so that sum of them equals to 1
500  FLAVI+F+R4    26775.269    260 54070.538    189790.538   54896.337
WARNING: Normalizing state frequencies so that sum of them equals to 1
501  FLAVI+F+R5    26760.483    262 54044.966    191856.966   54877.117
508  HIVb+G4       26585.353    236 53642.706    165506.706   54392.277
511  HIVb+R4       26577.029    241 53636.057    170280.057   54401.509
512  HIVb+R5       26560.661    243 53607.323    172191.323   54379.127
519  HIVb+F+G4     26317.663    255 53145.326    183705.326   53955.244
522  HIVb+F+R4     26305.024    260 53130.048    188850.048   53955.847
523  HIVb+F+R5     26294.430    262 53112.859    190924.859   53945.011
530  HIVw+G4       27319.691    236 55111.381    166975.381   55860.953
533  HIVw+R4       27306.342    241 55094.685    171738.685   55860.137
534  HIVw+R5       27296.657    243 55079.313    173663.313   55851.118
541  HIVw+F+G4     26885.967    255 54281.935    184841.935   55091.853
544  HIVw+F+R4     26876.784    260 54273.569    189993.569   55099.368
545  HIVw+F+R5     26868.849    262 54261.698    192073.698   55093.850
552  FLU+G4        26336.509    236 53145.017    165009.017   53894.588
555  FLU+R4        26328.475    241 53138.950    169782.950   53904.402
556  FLU+R5        26319.075    243 53124.149    171708.149   53895.954
563  FLU+F+G4      26182.110    255 52874.219    183434.219   53684.138
566  FLU+F+R4      26175.817    260 52871.634    188591.634   53697.433
567  FLU+F+R5      26170.456    262 52864.912    190676.912   53697.063
574  rtREV+G4      26125.958    236 52723.916    164587.916   53473.487
577  rtREV+R4      26119.198    241 52720.395    169364.395   53485.847
578  rtREV+R5      26113.400    243 52712.799    171296.799   53484.604
585  rtREV+F+G4    25777.125    255 52064.249    182624.249   52874.168
588  rtREV+F+R4    25771.374    260 52062.747    187782.747   52888.546
589  rtREV+F+R5    25765.862    262 52055.724    189867.724   52887.875
596  cpREV+G4      26061.477    236 52594.954    164458.954   53344.526
599  cpREV+R4      26049.600    241 52581.201    169225.201   53346.653
600  cpREV+R5      26046.621    243 52579.241    171163.241   53351.046
607  cpREV+F+G4    26115.811    255 52741.622    183301.622   53551.540
610  cpREV+F+R4    26106.701    260 52733.402    188453.402   53559.201
611  cpREV+F+R5    26105.281    262 52734.562    190546.562   53566.713
Akaike Information Criterion:           Q.yeast+F+R5
Corrected Akaike Information Criterion: Q.yeast+G4
Bayesian Information Criterion:         Q.yeast+F+G4
Best-fit model: Q.yeast+F+G4 chosen according to BIC

All model information printed to gene_order/flagellar_trees/gene_trees/flga.model.gz
CPU time for ModelFinder: 387.690 seconds (0h:6m:27s)
Wall-clock time for ModelFinder: 97.519 seconds (0h:1m:37s)
Generating 1000 samples for ultrafast bootstrap (seed: 818455)...
WARNING: Normalizing state frequencies so that sum of them equals to 1

NOTE: 15 MB RAM (0 GB) is required!
Estimate model parameters (epsilon = 0.100)
1. Initial log-likelihood: -25723.562
2. Current log-likelihood: -25691.346
3. Current log-likelihood: -25688.355
4. Current log-likelihood: -25688.163
Optimal log-likelihood: -25688.129
Gamma shape alpha: 2.271
Parameters optimization took 4 rounds (0.284 sec)
Wrote distance file to... 
Computing ML distances based on estimated model parameters...
Calculating distance matrix: done in 0.376319 secs using 398.5% CPU
Computing ML distances took 0.376402 sec (of wall-clock time) 1.499858 sec (of CPU time)
Setting up auxiliary I and S matrices: done in 0.000308287 secs using 248.5% CPU
Computing RapidNJ tree took 0.033666 sec (of wall-clock time) 0.025686 sec (of CPU time)
Log-likelihood of RapidNJ tree: -25753.289
--------------------------------------------------------------------
|             INITIALIZING CANDIDATE TREE SET                      |
--------------------------------------------------------------------
Generating 98 parsimony trees... 1.482 second
Computing log-likelihood of 98 initial trees ... 1.938 seconds
Current best score: -25688.129

Do NNI search on 20 best initial trees
Estimate model parameters (epsilon = 0.100)
BETTER TREE FOUND at iteration 1: -25673.460
Estimate model parameters (epsilon = 0.100)
BETTER TREE FOUND at iteration 2: -25665.851
Estimate model parameters (epsilon = 0.100)
BETTER TREE FOUND at iteration 3: -25650.846
Estimate model parameters (epsilon = 0.100)
BETTER TREE FOUND at iteration 7: -25648.915
Iteration 10 / LogL: -25678.390 / Time: 0h:1m:45s
Iteration 20 / LogL: -25659.944 / Time: 0h:1m:48s
Finish initializing candidate tree set (20)
Current best tree score: -25648.915 / CPU time: 10.117
Number of iterations: 20
--------------------------------------------------------------------
|               OPTIMIZING CANDIDATE TREE SET                      |
--------------------------------------------------------------------
Estimate model parameters (epsilon = 0.100)
BETTER TREE FOUND at iteration 21: -25648.828
Estimate model parameters (epsilon = 0.100)
BETTER TREE FOUND at iteration 25: -25646.388
Iteration 30 / LogL: -25647.950 / Time: 0h:1m:52s (0h:0m:49s left)
Estimate model parameters (epsilon = 0.100)
BETTER TREE FOUND at iteration 40: -25646.136
Iteration 40 / LogL: -25646.136 / Time: 0h:1m:56s (0h:0m:48s left)
Iteration 50 / LogL: -25649.076 / Time: 0h:2m:0s (0h:0m:42s left)
Log-likelihood cutoff on original alignment: -25719.585
Iteration 60 / LogL: -25648.120 / Time: 0h:2m:5s (0h:0m:37s left)
Iteration 70 / LogL: -25651.028 / Time: 0h:2m:9s (0h:0m:32s left)
Iteration 80 / LogL: -25646.789 / Time: 0h:2m:13s (0h:0m:27s left)
Iteration 90 / LogL: -25649.240 / Time: 0h:2m:17s (0h:0m:22s left)
Iteration 100 / LogL: -25646.459 / Time: 0h:2m:21s (0h:0m:17s left)
Log-likelihood cutoff on original alignment: -25719.585
NOTE: Bootstrap correlation coefficient of split occurrence frequencies: 0.999
Iteration 110 / LogL: -25647.596 / Time: 0h:2m:25s (0h:0m:39s left)
Iteration 120 / LogL: -25648.655 / Time: 0h:2m:30s (0h:0m:35s left)
Iteration 130 / LogL: -25646.892 / Time: 0h:2m:34s (0h:0m:30s left)
Iteration 140 / LogL: -25648.655 / Time: 0h:2m:38s (0h:0m:26s left)
TREE SEARCH COMPLETED AFTER 141 ITERATIONS / Time: 0h:2m:38s

--------------------------------------------------------------------
|                    FINALIZING TREE SEARCH                        |
--------------------------------------------------------------------
Performs final model parameters optimization
Estimate model parameters (epsilon = 0.010)
1. Initial log-likelihood: -25646.136
Optimal log-likelihood: -25646.134
Gamma shape alpha: 2.296
Parameters optimization took 1 rounds (0.047 sec)
BEST SCORE FOUND : -25646.134
Creating bootstrap support values...
Split supports printed to NEXUS file gene_order/flagellar_trees/gene_trees/flga.splits.nex
Total tree length: 61.651

Total number of iterations: 141
CPU time used for tree search: 233.885 sec (0h:3m:53s)
Wall-clock time used for tree search: 60.486 sec (0h:1m:0s)
Total CPU time used: 625.001 sec (0h:10m:25s)
Total wall-clock time used: 159.019 sec (0h:2m:39s)

Computing bootstrap consensus tree...
Reading input file gene_order/flagellar_trees/gene_trees/flga.splits.nex...
119 taxa and 515 splits.
Consensus tree written to gene_order/flagellar_trees/gene_trees/flga.contree
Reading input trees file gene_order/flagellar_trees/gene_trees/flga.contree
Log-likelihood of consensus tree: -25646.134

Analysis results written to: 
  IQ-TREE report:                gene_order/flagellar_trees/gene_trees/flga.iqtree
  Maximum-likelihood tree:       gene_order/flagellar_trees/gene_trees/flga.treefile
  Likelihood distances:          gene_order/flagellar_trees/gene_trees/flga.mldist

Ultrafast bootstrap approximation results written to:
  Split support values:          gene_order/flagellar_trees/gene_trees/flga.splits.nex
  Consensus tree:                gene_order/flagellar_trees/gene_trees/flga.contree
  Screen log file:               gene_order/flagellar_trees/gene_trees/flga.log

Date and Time: Sat Sep 26 10:01:20 2026
