IQ-TREE multicore version 2.4.0 for Linux x86 64-bit built Feb 12 2025
Developed by Bui Quang Minh, Nguyen Lam Tung, Olga Chernomor, Heiko Schmidt,
Dominik Schrempf, Michael Woodhams, Ly Trong Nhan, Thomas Wong

Host:    k222 (AVX512, FMA3, 503 GB RAM)
Command: iqtree2 -s gene_order/flagellar_trees/trimmed/flgb.faa -m MFP -B 1000 -T 4 --prefix gene_order/flagellar_trees/gene_trees/flgb
Seed:    998313 (Using SPRNG - Scalable Parallel Random Number Generator)
Time:    Sat Sep 26 09:58:39 2026
Kernel:  AVX+FMA - 4 threads (4 CPU cores detected)

Reading alignment file gene_order/flagellar_trees/trimmed/flgb.faa ... Fasta format detected
Reading fasta file: done in 0.000165734 secs using 16.89% CPU
Alignment most likely contains protein sequences
Alignment has 153 sequences with 109 columns, 107 distinct patterns
99 parsimony-informative, 2 singleton sites, 8 constant sites
                 Gap/Ambiguity  Composition  p-value
Analyzing sequences: done in 1.05985e-05 secs using 471.8% CPU
   1  GCF_000012965.1    0.00%    passed     98.68%
   2  GCF_000021725.1    0.00%    passed     91.97%
   3  GCF_000024885.1    0.00%    passed     99.21%
   4  GCF_000092245.1    0.00%    passed     48.72%
   5  GCF_000147355.1    0.00%    passed     98.49%
   6  GCF_000155475.1    0.00%    passed     16.35%
   7  GCF_000162575.1    0.00%    passed     95.58%
   8  GCF_000183725.1    0.00%    passed     81.13%
   9  GCF_000194135.1    0.00%    passed     17.63%
  10  GCF_000196135.1    0.00%    passed     95.66%
  11  GCF_000200595.1    0.00%    passed     90.56%
  12  GCF_000242915.1    0.00%    passed     99.10%
  13  GCF_000254135.1    0.00%    passed     98.57%
  14  GCF_000259275.1    0.00%    passed     89.99%
  15  GCF_000265295.1    0.00%    passed     99.70%
  16  GCF_000420385.1    0.00%    failed      3.60%
  17  GCF_000445475.1    0.00%    passed     99.69%
  18  GCF_000507845.1    0.00%    passed     62.99%
  19  GCF_000518225.1    0.00%    passed     98.35%
  20  GCF_000568815.1    0.00%    passed     99.90%
  21  GCF_000597725.1    0.00%    passed     78.50%
  22  GCF_000686565.1    0.00%    passed     92.42%
  23  GCF_000687535.1    0.00%    passed     84.82%
  24  GCF_000736415.1    0.00%    passed     99.08%
  25  GCF_000744435.1    0.00%    passed     38.43%
  26  GCF_000762845.2    0.00%    passed     37.61%
  27  GCF_000762875.2    0.00%    passed     97.89%
  28  GCF_000763135.2    0.00%    passed     26.76%
  29  GCF_000765805.2    0.00%    passed     95.73%
  30  GCF_000765905.2    0.00%    passed     90.27%
  31  GCF_000813325.1    0.00%    passed    100.00%
  32  GCF_000816185.1    0.00%    passed     99.77%
  33  GCF_000816305.1    0.00%    passed     99.40%
  34  GCF_000816785.1    0.00%    passed     98.82%
  35  GCF_001282945.1    0.00%    passed     90.36%
  36  GCF_001283065.1    0.00%    passed     89.39%
  37  GCF_001298465.1    0.00%    passed     99.98%
  38  GCF_001457695.1    0.00%    passed     97.12%
  39  GCF_001602095.1    0.00%    passed     96.43%
  40  GCF_001687475.2    0.00%    passed     98.46%
  41  GCF_001693335.1    0.00%    passed     97.36%
  42  GCF_001723605.1    0.00%    passed     99.81%
  43  GCF_001956695.1    0.00%    passed     57.92%
  44  GCF_002021925.1    0.00%    passed     99.93%
  45  GCF_002080395.1    0.00%    passed     98.63%
  46  GCF_002104335.1    0.00%    passed     99.89%
  47  GCF_002119425.1    0.00%    passed     45.92%
  48  GCF_002139855.1    0.00%    passed     97.78%
  49  GCF_002139875.1    0.00%    passed     97.78%
  50  GCF_002139915.1    0.00%    passed     99.82%
  51  GCF_002139935.1    0.00%    passed     97.08%
  52  GCF_002238335.1    0.00%    passed     98.34%
  53  GCF_002335445.1    1.83%    passed     99.91%
  54  GCF_002837275.1    0.00%    passed     91.53%
  55  GCF_003063245.1    0.00%    passed     54.36%
  56  GCF_003063295.1    0.00%    passed     50.66%
  57  GCF_003245365.1    0.00%    passed     99.31%
  58  GCF_003316695.1    0.00%    passed     60.10%
  59  GCF_003346775.1    0.00%    passed     95.19%
  60  GCF_003346815.1    0.00%    passed     87.63%
  61  GCF_003355515.1    0.00%    passed     76.00%
  62  GCF_003364195.1    0.00%    passed     96.57%
  63  GCF_003364205.1    0.00%    passed     97.50%
  64  GCF_003364215.1    0.00%    passed     97.55%
  65  GCF_003364255.1    0.00%    passed     25.84%
  66  GCF_003364335.1    0.00%    passed     97.07%
  67  GCF_003544815.1    0.00%    passed     52.56%
  68  GCF_003544835.1    0.00%    passed     75.03%
  69  GCF_003544855.1    0.00%    passed     92.38%
  70  GCF_003544915.1    0.00%    failed      2.61%
  71  GCF_003544935.1    0.00%    passed     93.27%
  72  GCF_003660105.1    0.00%    passed     80.02%
  73  GCF_003660265.1    0.00%    passed     88.95%
  74  GCF_003660285.1    0.00%    passed     90.56%
  75  GCF_003660395.1    0.00%    passed     90.56%
  76  GCF_003667345.1    0.00%    passed     56.51%
  77  GCF_003670275.1    0.00%    passed     17.31%
  78  GCF_003752135.1    0.00%    passed     95.67%
  79  GCF_004214795.1    0.00%    passed     46.28%
  80  GCF_004214815.1    0.00%    passed     64.32%
  81  GCF_004299785.2    0.00%    passed     67.82%
  82  GCF_004323845.1    0.00%    passed     99.78%
  83  GCF_004803795.1    0.00%    passed     94.57%
  84  GCF_004803815.1    0.00%    passed     91.47%
  85  GCF_005217605.1    0.00%    passed     95.59%
  86  GCF_005406215.1    0.00%    passed     99.69%
  87  GCF_005406225.1    0.00%    passed     99.29%
  88  GCF_005771535.1    0.00%    passed     25.26%
  89  GCF_005843985.1    0.00%    passed     96.71%
  90  GCF_006459125.1    0.00%    passed     86.70%
  91  GCF_006864425.1    0.00%    passed     93.45%
  92  GCF_008245005.1    0.00%    passed     99.97%
  93  GCF_008245045.1    0.00%    passed     92.66%
  94  GCF_008693005.1    0.00%    passed     97.85%
  95  GCF_009068765.1    0.00%    passed     88.07%
  96  GCF_009192995.1    0.00%    passed     99.53%
  97  GCF_009258225.1    0.00%    passed     99.77%
  98  GCF_011769985.2    0.00%    passed     99.62%
  99  GCF_013177635.1    0.00%    passed     13.06%
 100  GCF_013177655.1    0.00%    passed    100.00%
 101  GCF_013201605.1    0.00%    passed     99.45%
 102  GCF_013201625.1    0.00%    passed     45.56%
 103  GCF_013201665.1    0.00%    passed     71.66%
 104  GCF_013201705.1    0.00%    passed     42.28%
 105  GCF_013201725.1    0.00%    passed     16.90%
 106  GCF_013201825.1    0.00%    passed      5.89%
 107  GCF_013201935.1    0.00%    passed     14.41%
 108  GCF_013283835.1    0.00%    passed     85.49%
 109  GCF_013372105.1    0.00%    passed     99.37%
 110  GCF_013372125.1    0.00%    passed     99.98%
 111  GCF_013372145.1    0.00%    passed     98.93%
 112  GCF_013372185.1    0.00%    passed     98.89%
 113  GCF_013372205.1    0.00%    passed     96.88%
 114  GCF_013372265.1    0.00%    passed     58.11%
 115  GCF_014253065.1    0.00%    passed     94.79%
 116  GCF_014466985.1    1.83%    failed      0.81%
 117  GCF_014905095.1    0.00%    passed     99.66%
 118  GCF_014905115.1    0.00%    passed     93.19%
 119  GCF_014905135.1    0.00%    passed     88.71%
 120  GCF_015100395.1    1.83%    failed      0.65%
 121  GCF_015265455.1    0.00%    passed     96.98%
 122  GCF_015265475.1    0.00%    passed     99.31%
 123  GCF_016106035.1    0.00%    passed     41.69%
 124  GCF_016593255.1    0.00%    passed     99.50%
 125  GCF_016806695.1    0.00%    passed     99.23%
 126  GCF_016937535.1    0.00%    passed     99.34%
 127  GCF_017357825.1    0.00%    passed     67.83%
 128  GCF_017979425.1    0.00%    passed     90.56%
 129  GCF_017979475.1    0.00%    passed     97.69%
 130  GCF_018145655.1    0.00%    passed     99.79%
 131  GCF_019711685.1    0.00%    passed     86.61%
 132  GCF_021300615.1    0.00%    passed     95.25%
 133  GCF_021300655.1    0.00%    passed     99.25%
 134  GCF_023646285.1    0.00%    passed     89.92%
 135  GCF_024267655.1    0.00%    passed     84.33%
 136  GCF_025770725.1    0.00%    passed     99.94%
 137  GCF_026000295.1    0.00%    passed     96.67%
 138  GCF_027859255.1    0.00%    passed     94.89%
 139  GCF_027943725.1    1.83%    passed     30.39%
 140  GCF_027946175.1    4.59%    failed      1.06%
 141  GCF_028649595.1    0.00%    passed     99.75%
 142  GCF_028751035.1    0.00%    passed     96.86%
 143  GCF_030249845.1    0.00%    passed     98.53%
 144  GCF_030296055.1    0.00%    passed     76.55%
 145  GCF_900115615.1    0.00%    passed     97.25%
 146  GCF_900187115.1    0.00%    passed     27.57%
 147  GCF_900461455.1    0.00%    passed     92.99%
 148  GCF_900475935.1    0.00%    passed     98.76%
 149  GCF_900476215.1   15.60%    passed     99.76%
 150  GCF_900478295.1    0.00%    passed     92.99%
 151  GCF_900637395.1    0.00%    passed     99.73%
 152  GCF_905120465.1    0.00%    passed     99.73%
 153  GCF_905120475.1    0.00%    passed     21.92%
****  TOTAL              0.18%  5 sequences failed composition chi2 test (p-value<5%; df=19)
NOTE: GCF_003660285.1 is identical to GCF_000200595.1 but kept for subsequent analysis
NOTE: GCF_002139875.1 is identical to GCF_002139855.1 but kept for subsequent analysis
NOTE: 2 identical sequences (see below) will be ignored for subsequent analysis
NOTE: GCF_003660395.1 (identical to GCF_000200595.1) is ignored but added at the end
NOTE: GCF_017979425.1 (identical to GCF_000200595.1) is ignored but added at the end
Alignment was printed to gene_order/flagellar_trees/gene_trees/flgb.uniqueseq.phy

For your convenience alignment with unique sequences printed to gene_order/flagellar_trees/gene_trees/flgb.uniqueseq.phy


Create initial parsimony tree by phylogenetic likelihood library (PLL)... 0.010 seconds
Perform fast likelihood tree search using LG+I+G model...
Estimate model parameters (epsilon = 5.000)
Perform nearest neighbor interchange...
Estimate model parameters (epsilon = 1.000)
1. Initial log-likelihood: -9836.100
Optimal log-likelihood: -9835.870
Proportion of invariable sites: 0.060
Gamma shape alpha: 0.742
Parameters optimization took 1 rounds (0.078 sec)
Time for fast ML tree search: 0.588 seconds

NOTE: ModelFinder requires 30 MB RAM!
ModelFinder will test up to 1232 protein models (sample size: 109 epsilon: 0.100) ...
 No. Model         -LnL         df  AIC          AICc         BIC
  1  LG            10457.965    299 21513.930    200913.930   22318.643
  2  LG+I          10324.770    300 21249.541    201849.541   22056.945
  3  LG+G4         9839.988     300 20279.977    200879.977   21087.381
  4  LG+I+G4       9835.864     301 20273.729    202077.729   21083.824
  5  LG+R2         9992.331     301 20586.663    202390.663   21396.758
  6  LG+R3         9885.914     303 20377.828    204601.828   21193.306
  7  LG+R4         9834.154     305 20278.308    206938.308   21099.169
  8  LG+R5         9815.456     307 20244.913    209356.913   21071.156
  9  LG+R6         9815.145     309 20248.290    211828.290   21079.916
 14  LG+I+R2       9950.293     302 20504.586    203516.586   21317.373
 15  LG+I+R3       9848.796     304 20305.593    205745.593   21123.763
 16  LG+I+R4       9825.814     306 20263.628    208147.628   21087.181
 17  LG+I+R5       9814.291     308 20244.582    210588.582   21073.518
 18  LG+I+R6       9814.011     310 20248.022    213068.022   21082.340
 30  LG+F+R5       9788.124     326 20228.247    233432.247   21105.626
 31  LG+F+R6       9786.270     328 20228.540    236052.540   21111.302
 39  LG+F+I+R5     9786.939     327 20227.877    234739.877   21107.948
 52  WAG+R5        9928.161     307 20470.322    209582.322   21296.566
 53  WAG+R6        9926.112     309 20470.223    212050.223   21301.850
 61  WAG+I+R5      9926.794     308 20469.588    210813.588   21298.523
 74  WAG+F+R5      9904.436     326 20460.871    233664.871   21338.251
 75  WAG+F+R6      9901.973     328 20459.946    236283.946   21342.709
 83  WAG+F+I+R5    9902.835     327 20459.669    234971.669   21339.740
 96  JTT+R5        9990.866     307 20595.732    209707.732   21421.976
 97  JTT+R6        9988.709     309 20595.419    212175.419   21427.045
105  JTT+I+R5      9989.495     308 20594.991    210938.991   21423.926
118  JTT+F+R5      9942.283     326 20536.567    233740.567   21413.946
119  JTT+F+R6      9938.836     328 20533.672    236357.672   21416.434
127  JTT+F+I+R5    9939.424     327 20532.848    235044.848   21412.918
WARNING: Normalizing state frequencies so that sum of them equals to 1
140  Q.pfam+R5     9844.297     307 20302.595    209414.595   21128.838
WARNING: Normalizing state frequencies so that sum of them equals to 1
141  Q.pfam+R6     9843.271     309 20304.542    211884.542   21136.168
WARNING: Normalizing state frequencies so that sum of them equals to 1
149  Q.pfam+I+R5   9843.844     308 20303.687    210647.687   21132.622
WARNING: Normalizing state frequencies so that sum of them equals to 1
162  Q.pfam+F+R5   9805.194     326 20262.388    233466.388   21139.767
WARNING: Normalizing state frequencies so that sum of them equals to 1
163  Q.pfam+F+R6   9803.758     328 20263.515    236087.515   21146.277
WARNING: Normalizing state frequencies so that sum of them equals to 1
171  Q.pfam+F+I+R5 9804.471     327 20262.942    234774.942   21143.012
WARNING: Normalizing state frequencies so that sum of them equals to 1
184  Q.bird+R5     10240.290    307 21094.580    210206.580   21920.824
WARNING: Normalizing state frequencies so that sum of them equals to 1
185  Q.bird+R6     10238.278    309 21094.556    212674.556   21926.182
WARNING: Normalizing state frequencies so that sum of them equals to 1
193  Q.bird+I+R5   10238.711    308 21093.422    211437.422   21922.358
WARNING: Normalizing state frequencies so that sum of them equals to 1
206  Q.bird+F+R5   10153.821    326 20959.642    234163.642   21837.021
WARNING: Normalizing state frequencies so that sum of them equals to 1
207  Q.bird+F+R6   10148.036    328 20952.072    236776.072   21834.834
WARNING: Normalizing state frequencies so that sum of them equals to 1
215  Q.bird+F+I+R5 10146.779    327 20947.558    235459.558   21827.629
WARNING: Normalizing state frequencies so that sum of them equals to 1
228  Q.mammal+R5   10152.928    307 20919.856    210031.856   21746.100
WARNING: Normalizing state frequencies so that sum of them equals to 1
229  Q.mammal+R6   10149.361    309 20916.721    212496.721   21748.348
WARNING: Normalizing state frequencies so that sum of them equals to 1
237  Q.mammal+I+R5 10151.032    308 20918.064    211262.064   21746.999
WARNING: Normalizing state frequencies so that sum of them equals to 1
250  Q.mammal+F+R5 10063.406    326 20778.811    233982.811   21656.191
WARNING: Normalizing state frequencies so that sum of them equals to 1
251  Q.mammal+F+R6 10057.943    328 20771.887    236595.887   21654.649
WARNING: Normalizing state frequencies so that sum of them equals to 1
259  Q.mammal+F+I+R5 10057.777    327 20769.555    235281.555   21649.625
272  Q.insect+R5   9824.005     307 20262.010    209374.010   21088.254
273  Q.insect+R6   9821.907     309 20261.815    211841.815   21093.441
281  Q.insect+I+R5 9822.559     308 20261.117    210605.117   21090.052
294  Q.insect+F+R5 9809.566     326 20271.133    233475.133   21148.512
295  Q.insect+F+R6 9807.396     328 20270.792    236094.792   21153.554
303  Q.insect+F+I+R5 9808.051     327 20270.103    234782.103   21150.173
WARNING: Normalizing state frequencies so that sum of them equals to 1
316  Q.plant+R5    9938.426     307 20490.851    209602.851   21317.095
WARNING: Normalizing state frequencies so that sum of them equals to 1
317  Q.plant+R6    9934.345     309 20486.689    212066.689   21318.316
WARNING: Normalizing state frequencies so that sum of them equals to 1
325  Q.plant+I+R5  9935.434     308 20486.868    210830.868   21315.803
WARNING: Normalizing state frequencies so that sum of them equals to 1
338  Q.plant+F+R5  9922.036     326 20496.072    233700.072   21373.451
WARNING: Normalizing state frequencies so that sum of them equals to 1
339  Q.plant+F+R6  9916.769     328 20489.539    236313.539   21372.301
WARNING: Normalizing state frequencies so that sum of them equals to 1
347  Q.plant+F+I+R5 9919.245     327 20492.491    235004.491   21372.561
WARNING: Normalizing state frequencies so that sum of them equals to 1
360  Q.yeast+R5    9786.412     307 20186.823    209298.823   21013.067
WARNING: Normalizing state frequencies so that sum of them equals to 1
361  Q.yeast+R6    9784.472     309 20186.945    211766.945   21018.571
WARNING: Normalizing state frequencies so that sum of them equals to 1
369  Q.yeast+I+R5  9785.313     308 20186.627    210530.627   21015.562
WARNING: Normalizing state frequencies so that sum of them equals to 1
382  Q.yeast+F+R5  9782.662     326 20217.324    233421.324   21094.703
WARNING: Normalizing state frequencies so that sum of them equals to 1
383  Q.yeast+F+R6  9780.434     328 20216.868    236040.868   21099.630
WARNING: Normalizing state frequencies so that sum of them equals to 1
391  Q.yeast+F+I+R5 9781.557     327 20217.115    234729.115   21097.185
404  JTTDCMut+R5   9988.146     307 20590.293    209702.293   21416.536
405  JTTDCMut+R6   9985.525     309 20589.050    212169.050   21420.677
413  JTTDCMut+I+R5 9987.042     308 20590.083    210934.083   21419.019
426  JTTDCMut+F+R5 9942.758     326 20537.516    233741.516   21414.895
427  JTTDCMut+F+R6 9939.323     328 20534.646    236358.646   21417.408
435  JTTDCMut+F+I+R5 9941.458     327 20536.915    235048.915   21416.986
448  DCMut+R5      10025.624    307 20665.247    209777.247   21491.491
449  DCMut+R6      10021.806    309 20661.613    212241.613   21493.239
457  DCMut+I+R5    10022.859    308 20661.718    211005.718   21490.653
470  DCMut+F+R5    9988.768     326 20629.536    233833.536   21506.916
471  DCMut+F+R6    9983.532     328 20623.065    236447.065   21505.827
479  DCMut+F+I+R5  9984.534     327 20623.069    235135.069   21503.139
492  VT+R5         9992.732     307 20599.464    209711.464   21425.708
493  VT+R6         9990.627     309 20599.254    212179.254   21430.880
501  VT+I+R5       9991.464     308 20598.927    210942.927   21427.862
514  VT+F+R5       9949.951     326 20551.903    233755.903   21429.282
515  VT+F+R6       9947.848     328 20551.695    236375.695   21434.457
523  VT+F+I+R5     9949.343     327 20552.686    235064.686   21432.757
536  PMB+R5        10095.171    307 20804.342    209916.342   21630.585
537  PMB+R6        10094.342    309 20806.684    212386.684   21638.311
545  PMB+I+R5      10094.235    308 20804.469    211148.469   21633.405
558  PMB+F+R5      10021.716    326 20695.431    233899.431   21572.811
559  PMB+F+R6      10019.882    328 20695.764    236519.764   21578.526
567  PMB+F+I+R5    10020.004    327 20694.009    235206.009   21574.080
580  Blosum62+R5   10050.525    307 20715.049    209827.049   21541.293
581  Blosum62+R6   10050.059    309 20718.118    212298.118   21549.744
589  Blosum62+I+R5 10049.984    308 20715.968    211059.968   21544.903
602  Blosum62+F+R5 9986.542     326 20625.084    233829.084   21502.464
603  Blosum62+F+R6 9985.459     328 20626.917    236450.917   21509.679
611  Blosum62+F+I+R5 9985.452     327 20624.904    235136.904   21504.974
624  Dayhoff+R5    10024.775    307 20663.551    209775.551   21489.795
625  Dayhoff+R6    10021.584    309 20661.167    212241.167   21492.794
633  Dayhoff+I+R5  10021.486    308 20658.972    211002.972   21487.907
646  Dayhoff+F+R5  9988.411     326 20628.822    233832.822   21506.201
647  Dayhoff+F+R6  9983.993     328 20623.985    236447.985   21506.747
655  Dayhoff+F+I+R5 9983.657     327 20621.313    235133.313   21501.384
668  mtREV+R5      10378.085    307 21370.170    210482.170   22196.414
669  mtREV+R6      10376.828    309 21371.656    212951.656   22203.283
677  mtREV+I+R5    10376.556    308 21369.113    211713.113   22198.048
690  mtREV+F+R5    10104.497    326 20860.995    234064.995   21738.374
691  mtREV+F+R6    10101.720    328 20859.439    236683.439   21742.201
699  mtREV+F+I+R5  10101.856    327 20857.711    235369.711   21737.782
712  mtART+R5      10364.022    307 21342.044    210454.044   22168.288
713  mtART+R6      10359.591    309 21337.183    212917.183   22168.809
721  mtART+I+R5    10361.403    308 21338.806    211682.806   22167.742
734  mtART+F+R5    10059.832    326 20771.664    233975.664   21649.043
735  mtART+F+R6    10056.876    328 20769.753    236593.753   21652.515
743  mtART+F+I+R5  10056.235    327 20766.470    235278.470   21646.540
756  mtZOA+R5      10178.003    307 20970.006    210082.006   21796.250
757  mtZOA+R6      10176.524    309 20971.048    212551.048   21802.674
765  mtZOA+I+R5    10174.978    308 20965.955    211309.955   21794.891
778  mtZOA+F+R5    9934.906     326 20521.812    233725.812   21399.191
779  mtZOA+F+R6    9931.862     328 20519.723    236343.723   21402.485
787  mtZOA+F+I+R5  9930.873     327 20515.746    235027.746   21395.817
800  mtMet+R5      10316.489    307 21246.978    210358.978   22073.222
801  mtMet+R6      10313.011    309 21244.022    212824.022   22075.649
809  mtMet+I+R5    10310.857    308 21237.715    211581.715   22066.650
822  mtMet+F+R5    10049.013    326 20750.026    233954.026   21627.405
823  mtMet+F+R6    10041.761    328 20739.523    236563.523   21622.285
831  mtMet+F+I+R5  10040.679    327 20735.357    235247.357   21615.428
844  mtVer+R5      10498.396    307 21610.792    210722.792   22437.035
845  mtVer+R6      10497.443    309 21612.885    213192.885   22444.512
853  mtVer+I+R5    10493.346    308 21602.692    211946.692   22431.627
866  mtVer+F+R5    10214.228    326 21080.455    234284.455   21957.835
867  mtVer+F+R6    10203.367    328 21062.735    236886.735   21945.497
875  mtVer+F+I+R5  10202.750    327 21059.500    235571.500   21939.571
888  mtInv+R5      10302.064    307 21218.128    210330.128   22044.372
889  mtInv+R6      10298.253    309 21214.505    212794.505   22046.132
897  mtInv+I+R5    10297.992    308 21211.983    211555.983   22040.918
910  mtInv+F+R5    9962.639     326 20577.278    233781.278   21454.658
911  mtInv+F+R6    9958.482     328 20572.963    236396.963   21455.726
919  mtInv+F+I+R5  9958.842     327 20571.684    235083.684   21451.754
932  mtMAM+R5      10612.405    307 21838.810    210950.810   22665.054
933  mtMAM+R6      10606.366    309 21830.732    213410.732   22662.358
941  mtMAM+I+R5    10608.884    308 21833.769    212177.769   22662.704
954  mtMAM+F+R5    10300.212    326 21252.424    234456.424   22129.804
955  mtMAM+F+R6    10292.355    328 21240.711    237064.711   22123.473
963  mtMAM+F+I+R5  10294.267    327 21242.534    235754.534   22122.605
WARNING: Normalizing state frequencies so that sum of them equals to 1
976  FLAVI+R5      10431.524    307 21477.048    210589.048   22303.292
WARNING: Normalizing state frequencies so that sum of them equals to 1
977  FLAVI+R6      10427.712    309 21473.424    213053.424   22305.050
WARNING: Normalizing state frequencies so that sum of them equals to 1
985  FLAVI+I+R5    10429.166    308 21474.333    211818.333   22303.268
WARNING: Normalizing state frequencies so that sum of them equals to 1
998  FLAVI+F+R5    10380.600    326 21413.200    234617.200   22290.579
WARNING: Normalizing state frequencies so that sum of them equals to 1
999  FLAVI+F+R6    10369.911    328 21395.823    237219.823   22278.585
WARNING: Normalizing state frequencies so that sum of them equals to 1
1007  FLAVI+F+I+R5  10374.546    327 21403.092    235915.092   22283.163
1020  HIVb+R5       10295.979    307 21205.958    210317.958   22032.201
1021  HIVb+R6       10289.069    309 21196.139    212776.139   22027.765
1029  HIVb+I+R5     10293.358    308 21202.716    211546.716   22031.651
1042  HIVb+F+R5     10206.019    326 21064.039    234268.039   21941.418
1043  HIVb+F+R6     10193.469    328 21042.937    236866.937   21925.699
1051  HIVb+F+I+R5   10198.445    327 21050.890    235562.890   21930.961
1064  HIVw+R5       10619.888    307 21853.776    210965.776   22680.019
1065  HIVw+R6       10615.032    309 21848.064    213428.064   22679.690
1073  HIVw+I+R5     10617.420    308 21850.840    212194.840   22679.775
1086  HIVw+F+R5     10414.288    326 21480.577    234684.577   22357.956
1087  HIVw+F+R6     10405.824    328 21467.649    237291.649   22350.411
1095  HIVw+F+I+R5   10409.497    327 21472.994    235984.994   22353.065
1108  FLU+R5        10073.011    307 20760.021    209872.021   21586.265
1109  FLU+R6        10069.611    309 20757.222    212337.222   21588.848
1117  FLU+I+R5      10071.295    308 20758.591    211102.591   21587.526
1130  FLU+F+R5      10030.388    326 20712.775    233916.775   21590.155
1131  FLU+F+R6      10022.757    328 20701.513    236525.513   21584.275
1139  FLU+F+I+R5    10028.147    327 20710.294    235222.294   21590.365
1152  rtREV+R5      9928.021     307 20470.041    209582.041   21296.285
1153  rtREV+R6      9927.536     309 20473.072    212053.072   21304.699
1161  rtREV+I+R5    9927.401     308 20470.802    210814.802   21299.737
1174  rtREV+F+R5    9836.949     326 20325.898    233529.898   21203.277
1175  rtREV+F+R6    9836.038     328 20328.076    236152.076   21210.839
1183  rtREV+F+I+R5  9835.942     327 20325.884    234837.884   21205.955
1196  cpREV+R5      10002.210    307 20618.420    209730.420   21444.664
1197  cpREV+R6      10000.433    309 20618.866    212198.866   21450.492
1205  cpREV+I+R5    10000.875    308 20617.751    210961.751   21446.686
1218  cpREV+F+R5    10002.130    326 20656.260    233860.260   21533.639
1219  cpREV+F+R6    10000.003    328 20656.005    236480.005   21538.767
1227  cpREV+F+I+R5  9999.866     327 20653.733    235165.733   21533.803
Akaike Information Criterion:           Q.yeast+I+R5
Corrected Akaike Information Criterion: LG+G4
Bayesian Information Criterion:         Q.yeast+R5
Best-fit model: Q.yeast+R5 chosen according to BIC

All model information printed to gene_order/flagellar_trees/gene_trees/flgb.model.gz
CPU time for ModelFinder: 521.627 seconds (0h:8m:41s)
Wall-clock time for ModelFinder: 131.155 seconds (0h:2m:11s)
WARNING: States(s) C rarely appear in alignment and may cause numerical problems
Generating 1000 samples for ultrafast bootstrap (seed: 998313)...
WARNING: Normalizing state frequencies so that sum of them equals to 1

NOTE: 15 MB RAM (0 GB) is required!
Estimate model parameters (epsilon = 0.100)
1. Initial log-likelihood: -9803.282
2. Current log-likelihood: -9786.789
3. Current log-likelihood: -9786.476
Optimal log-likelihood: -9786.433
Site proportion and rates:  (0.182,0.054) (0.294,0.392) (0.239,0.901) (0.221,1.715) (0.065,4.330)
Parameters optimization took 3 rounds (0.579 sec)
Wrote distance file to... 
Computing ML distances based on estimated model parameters...
Calculating distance matrix: done in 0.62935 secs using 398.5% CPU
Computing ML distances took 0.629424 sec (of wall-clock time) 2.507897 sec (of CPU time)
Setting up auxiliary I and S matrices: done in 0.000355359 secs using 272.4% CPU
Computing RapidNJ tree took 0.043337 sec (of wall-clock time) 0.029213 sec (of CPU time)
Log-likelihood of RapidNJ tree: -9904.739
--------------------------------------------------------------------
|             INITIALIZING CANDIDATE TREE SET                      |
--------------------------------------------------------------------
Generating 98 parsimony trees... 1.263 second
Computing log-likelihood of 98 initial trees ... 2.140 seconds
Current best score: -9762.931

Do NNI search on 20 best initial trees
Estimate model parameters (epsilon = 0.100)
BETTER TREE FOUND at iteration 1: -9727.868
Iteration 10 / LogL: -9746.888 / Time: 0h:2m:20s
Estimate model parameters (epsilon = 0.100)
BETTER TREE FOUND at iteration 15: -9722.728
Iteration 20 / LogL: -9747.431 / Time: 0h:2m:26s
Finish initializing candidate tree set (20)
Current best tree score: -9722.728 / CPU time: 13.472
Number of iterations: 20
--------------------------------------------------------------------
|               OPTIMIZING CANDIDATE TREE SET                      |
--------------------------------------------------------------------
Iteration 30 / LogL: -9731.643 / Time: 0h:2m:31s (0h:0m:59s left)
Iteration 40 / LogL: -9731.405 / Time: 0h:2m:36s (0h:0m:49s left)
Iteration 50 / LogL: -9735.736 / Time: 0h:2m:42s (0h:0m:41s left)
Log-likelihood cutoff on original alignment: -9791.491
Estimate model parameters (epsilon = 0.100)
BETTER TREE FOUND at iteration 57: -9722.519
Iteration 60 / LogL: -9733.338 / Time: 0h:2m:48s (0h:1m:1s left)
Iteration 70 / LogL: -9729.368 / Time: 0h:2m:53s (0h:0m:53s left)
Estimate model parameters (epsilon = 0.100)
BETTER TREE FOUND at iteration 71: -9721.588
Iteration 80 / LogL: -9726.429 / Time: 0h:2m:59s (0h:0m:55s left)
Estimate model parameters (epsilon = 0.100)
BETTER TREE FOUND at iteration 84: -9718.100
Iteration 90 / LogL: -9758.457 / Time: 0h:3m:5s (0h:0m:57s left)
Iteration 100 / LogL: -9719.709 / Time: 0h:3m:10s (0h:0m:50s left)
Log-likelihood cutoff on original alignment: -9787.736
NOTE: Bootstrap correlation coefficient of split occurrence frequencies: 0.981
NOTE: UFBoot does not converge, continue at least 100 more iterations
Iteration 110 / LogL: -9755.686 / Time: 0h:3m:16s (0h:0m:54s left)
Iteration 120 / LogL: -9731.385 / Time: 0h:3m:22s (0h:0m:47s left)
Estimate model parameters (epsilon = 0.100)
BETTER TREE FOUND at iteration 125: -9717.831
Iteration 130 / LogL: -9717.977 / Time: 0h:3m:28s (0h:0m:56s left)
Iteration 140 / LogL: -9719.435 / Time: 0h:3m:33s (0h:0m:50s left)
Iteration 150 / LogL: -9889.957 / Time: 0h:3m:39s (0h:0m:44s left)
Log-likelihood cutoff on original alignment: -9784.587
Iteration 160 / LogL: -9768.659 / Time: 0h:3m:44s (0h:0m:38s left)
Iteration 170 / LogL: -9763.000 / Time: 0h:3m:50s (0h:0m:32s left)
Iteration 180 / LogL: -9718.949 / Time: 0h:3m:55s (0h:0m:26s left)
Estimate model parameters (epsilon = 0.100)
BETTER TREE FOUND at iteration 187: -9717.387
Iteration 190 / LogL: -9731.797 / Time: 0h:4m:1s (0h:0m:56s left)
Iteration 200 / LogL: -9719.316 / Time: 0h:4m:7s (0h:0m:50s left)
Log-likelihood cutoff on original alignment: -9775.430
NOTE: Bootstrap correlation coefficient of split occurrence frequencies: 0.991
Estimate model parameters (epsilon = 0.100)
BETTER TREE FOUND at iteration 203: -9717.320
Iteration 210 / LogL: -9721.201 / Time: 0h:4m:13s (0h:0m:54s left)
Iteration 220 / LogL: -9723.708 / Time: 0h:4m:18s (0h:0m:48s left)
Iteration 230 / LogL: -9727.239 / Time: 0h:4m:24s (0h:0m:42s left)
Iteration 240 / LogL: -9719.827 / Time: 0h:4m:29s (0h:0m:36s left)
Iteration 250 / LogL: -9723.296 / Time: 0h:4m:35s (0h:0m:30s left)
Log-likelihood cutoff on original alignment: -9775.430
Iteration 260 / LogL: -9731.572 / Time: 0h:4m:40s (0h:0m:24s left)
BETTER TREE FOUND at iteration 264: -9717.313
Estimate model parameters (epsilon = 0.100)
BETTER TREE FOUND at iteration 266: -9717.248
Iteration 270 / LogL: -9730.933 / Time: 0h:4m:46s (0h:0m:55s left)
Iteration 280 / LogL: -9735.002 / Time: 0h:4m:52s (0h:0m:49s left)
Iteration 290 / LogL: -9732.685 / Time: 0h:4m:58s (0h:0m:43s left)
Iteration 300 / LogL: -9720.152 / Time: 0h:5m:3s (0h:0m:38s left)
Log-likelihood cutoff on original alignment: -9775.430
NOTE: Bootstrap correlation coefficient of split occurrence frequencies: 0.997
Estimate model parameters (epsilon = 0.100)
BETTER TREE FOUND at iteration 304: -9717.200
Iteration 310 / LogL: -9721.793 / Time: 0h:5m:9s (0h:0m:54s left)
Iteration 320 / LogL: -9728.061 / Time: 0h:5m:14s (0h:0m:48s left)
Iteration 330 / LogL: -9718.741 / Time: 0h:5m:20s (0h:0m:42s left)
Iteration 340 / LogL: -9728.078 / Time: 0h:5m:25s (0h:0m:36s left)
Iteration 350 / LogL: -9730.159 / Time: 0h:5m:31s (0h:0m:30s left)
Log-likelihood cutoff on original alignment: -9775.430
Iteration 360 / LogL: -9719.545 / Time: 0h:5m:37s (0h:0m:25s left)
Iteration 370 / LogL: -9724.959 / Time: 0h:5m:42s (0h:0m:19s left)
Iteration 380 / LogL: -9723.875 / Time: 0h:5m:48s (0h:0m:13s left)
Iteration 390 / LogL: -9729.587 / Time: 0h:5m:53s (0h:0m:8s left)
Iteration 400 / LogL: -9726.922 / Time: 0h:5m:59s (0h:0m:2s left)
Log-likelihood cutoff on original alignment: -9775.430
NOTE: Bootstrap correlation coefficient of split occurrence frequencies: 0.999
TREE SEARCH COMPLETED AFTER 405 ITERATIONS / Time: 0h:6m:2s

--------------------------------------------------------------------
|                    FINALIZING TREE SEARCH                        |
--------------------------------------------------------------------
Performs final model parameters optimization
Estimate model parameters (epsilon = 0.010)
1. Initial log-likelihood: -9717.200
Optimal log-likelihood: -9717.188
Site proportion and rates:  (0.177,0.050) (0.265,0.372) (0.263,0.820) (0.228,1.710) (0.066,4.314)
Parameters optimization took 1 rounds (0.182 sec)
BEST SCORE FOUND : -9717.188
Creating bootstrap support values...
Split supports printed to NEXUS file gene_order/flagellar_trees/gene_trees/flgb.splits.nex
Total tree length: 25.006

Total number of iterations: 405
CPU time used for tree search: 898.841 sec (0h:14m:58s)
Wall-clock time used for tree search: 230.416 sec (0h:3m:50s)
Total CPU time used: 1426.871 sec (0h:23m:46s)
Total wall-clock time used: 363.364 sec (0h:6m:3s)

Computing bootstrap consensus tree...
Reading input file gene_order/flagellar_trees/gene_trees/flgb.splits.nex...
151 taxa and 923 splits.
Consensus tree written to gene_order/flagellar_trees/gene_trees/flgb.contree
Reading input trees file gene_order/flagellar_trees/gene_trees/flgb.contree
Log-likelihood of consensus tree: -9716.912

Analysis results written to: 
  IQ-TREE report:                gene_order/flagellar_trees/gene_trees/flgb.iqtree
  Maximum-likelihood tree:       gene_order/flagellar_trees/gene_trees/flgb.treefile
  Likelihood distances:          gene_order/flagellar_trees/gene_trees/flgb.mldist

Ultrafast bootstrap approximation results written to:
  Split support values:          gene_order/flagellar_trees/gene_trees/flgb.splits.nex
  Consensus tree:                gene_order/flagellar_trees/gene_trees/flgb.contree
  Screen log file:               gene_order/flagellar_trees/gene_trees/flgb.log

Date and Time: Sat Sep 26 10:04:42 2026
