IQ-TREE multicore version 2.4.0 for Linux x86 64-bit built Feb 12 2025
Developed by Bui Quang Minh, Nguyen Lam Tung, Olga Chernomor, Heiko Schmidt,
Dominik Schrempf, Michael Woodhams, Ly Trong Nhan, Thomas Wong

Host:    k222 (AVX512, FMA3, 503 GB RAM)
Command: iqtree2 -s gene_order/flagellar_trees/trimmed/flgh.faa -m MFP -B 1000 -T 4 --prefix gene_order/flagellar_trees/gene_trees/flgh
Seed:    988667 (Using SPRNG - Scalable Parallel Random Number Generator)
Time:    Sat Sep 26 09:58:40 2026
Kernel:  AVX+FMA - 4 threads (4 CPU cores detected)

Reading alignment file gene_order/flagellar_trees/trimmed/flgh.faa ... Fasta format detected
Reading fasta file: done in 0.000225781 secs using 62.45% CPU
Alignment most likely contains protein sequences
Alignment has 151 sequences with 173 columns, 170 distinct patterns
158 parsimony-informative, 6 singleton sites, 9 constant sites
                 Gap/Ambiguity  Composition  p-value
Analyzing sequences: done in 1.4035e-05 secs using 3171% CPU
   1  GCF_000012965.1    0.58%    passed     95.67%
   2  GCF_000021725.1    1.16%    passed     66.41%
   3  GCF_000024885.1    0.58%    passed    100.00%
   4  GCF_000092245.1    2.31%    passed     71.70%
   5  GCF_000147355.1    0.58%    passed     71.87%
   6  GCF_000155475.1    0.58%    passed     67.07%
   7  GCF_000162575.1    0.58%    passed     99.63%
   8  GCF_000183725.1    0.58%    passed     69.89%
   9  GCF_000194135.1    0.58%    passed     80.89%
  10  GCF_000196135.1    0.58%    passed     89.83%
  11  GCF_000200595.1    0.58%    passed     52.26%
  12  GCF_000242915.1    0.58%    passed     49.56%
  13  GCF_000254135.1    0.58%    passed    100.00%
  14  GCF_000259275.1    0.58%    passed     87.20%
  15  GCF_000265295.1    0.58%    passed     99.98%
  16  GCF_000420385.1    0.58%    passed     45.66%
  17  GCF_000445475.1    0.58%    passed     67.45%
  18  GCF_000507845.1    0.58%    passed     82.30%
  19  GCF_000518225.1    0.58%    passed     99.15%
  20  GCF_000568815.1    0.58%    passed     99.91%
  21  GCF_000597725.1    0.58%    passed     99.83%
  22  GCF_000686565.1    0.58%    passed     84.42%
  23  GCF_000687535.1    0.58%    passed     98.26%
  24  GCF_000736415.1    0.58%    passed     98.89%
  25  GCF_000744435.1    0.58%    passed     31.36%
  26  GCF_000762845.2    1.16%    passed     47.37%
  27  GCF_000762875.2    0.58%    passed     88.42%
  28  GCF_000763135.2    0.58%    passed     26.46%
  29  GCF_000765805.2    0.58%    passed     94.40%
  30  GCF_000765905.2    0.58%    passed     75.78%
  31  GCF_000813325.1    0.58%    passed     93.67%
  32  GCF_000816185.1    0.58%    passed     99.98%
  33  GCF_000816305.1    0.58%    passed     99.97%
  34  GCF_000816785.1    0.58%    passed     99.99%
  35  GCF_001282945.1    0.58%    passed     86.12%
  36  GCF_001283065.1    0.58%    passed     89.40%
  37  GCF_001298465.1    0.58%    passed     99.76%
  38  GCF_001457695.1    0.58%    passed    100.00%
  39  GCF_001602095.1    0.58%    passed     72.89%
  40  GCF_001687475.2    0.58%    passed     99.98%
  41  GCF_001693335.1    0.58%    passed     97.78%
  42  GCF_001723605.1    0.58%    passed     99.95%
  43  GCF_001956695.1    2.31%    passed     68.68%
  44  GCF_002021925.1    0.58%    passed     98.34%
  45  GCF_002080395.1    0.58%    passed     99.96%
  46  GCF_002104335.1    0.58%    passed     99.99%
  47  GCF_002119425.1    0.58%    passed     33.91%
  48  GCF_002139855.1    0.58%    passed     98.87%
  49  GCF_002139875.1    0.58%    passed     98.25%
  50  GCF_002139915.1    0.58%    passed     94.95%
  51  GCF_002139935.1    0.58%    passed     88.72%
  52  GCF_002238335.1    0.58%    passed     99.74%
  53  GCF_002335445.1    1.16%    passed     98.26%
  54  GCF_002837275.1    2.31%    passed     68.49%
  55  GCF_003063245.1    2.31%    passed     91.18%
  56  GCF_003063295.1    2.31%    passed     81.30%
  57  GCF_003245365.1    0.58%    passed     97.43%
  58  GCF_003316695.1    2.31%    passed     95.61%
  59  GCF_003346775.1    2.31%    passed     87.26%
  60  GCF_003346815.1    2.31%    passed     96.70%
  61  GCF_003355515.1    2.31%    passed     78.03%
  62  GCF_003364195.1    0.58%    passed     77.67%
  63  GCF_003364205.1    0.58%    passed     85.68%
  64  GCF_003364215.1    0.58%    passed     87.18%
  65  GCF_003364255.1    1.16%    passed     22.01%
  66  GCF_003364335.1    0.58%    passed     91.27%
  67  GCF_003544815.1    2.31%    passed     93.80%
  68  GCF_003544835.1    2.31%    passed     94.98%
  69  GCF_003544855.1    2.31%    passed     60.64%
  70  GCF_003544915.1    2.31%    passed     96.45%
  71  GCF_003544935.1    1.73%    passed     19.42%
  72  GCF_003660105.1    2.31%    passed     83.85%
  73  GCF_003660265.1    0.58%    passed     94.77%
  74  GCF_003660285.1    0.58%    passed     84.20%
  75  GCF_003660395.1    0.58%    passed     88.72%
  76  GCF_003667345.1    2.31%    passed     86.77%
  77  GCF_003670275.1    0.58%    passed     60.05%
  78  GCF_003752135.1    1.16%    passed     85.26%
  79  GCF_004214795.1    2.31%    passed     92.12%
  80  GCF_004214815.1    2.31%    passed     93.54%
  81  GCF_004299785.2    2.31%    passed     92.74%
  82  GCF_004323845.1    0.58%    passed    100.00%
  83  GCF_004803795.1    0.58%    passed     97.19%
  84  GCF_004803815.1    0.58%    passed     97.50%
  85  GCF_005217605.1    0.58%    passed     64.19%
  86  GCF_005406215.1    0.58%    passed    100.00%
  87  GCF_005406225.1    0.58%    passed    100.00%
  88  GCF_005771535.1    1.73%    passed     76.36%
  89  GCF_005843985.1    1.16%    passed     98.06%
  90  GCF_006459125.1    2.31%    passed     78.61%
  91  GCF_006864425.1    0.58%    passed     93.65%
  92  GCF_008245005.1    0.58%    passed     99.95%
  93  GCF_008245045.1    0.58%    passed     99.92%
  94  GCF_008693005.1    0.58%    passed     49.62%
  95  GCF_009068765.1    0.58%    passed     95.99%
  96  GCF_009192995.1    0.58%    passed     95.58%
  97  GCF_009258225.1    0.58%    passed     13.03%
  98  GCF_011769985.2    0.58%    passed     96.89%
  99  GCF_013177635.1    2.31%    passed     96.95%
 100  GCF_013177655.1    1.73%    passed     91.60%
 101  GCF_013201605.1    0.58%    passed     99.99%
 102  GCF_013201625.1    2.31%    passed     92.86%
 103  GCF_013201665.1    2.31%    passed     96.54%
 104  GCF_013201705.1    2.31%    passed     92.68%
 105  GCF_013201725.1    2.31%    passed     96.34%
 106  GCF_013201825.1    2.31%    passed     99.05%
 107  GCF_013201935.1    2.31%    passed     99.95%
 108  GCF_013283835.1    2.31%    passed     93.15%
 109  GCF_013372105.1    0.58%    passed     99.99%
 110  GCF_013372125.1    0.58%    passed     99.99%
 111  GCF_013372145.1    0.58%    passed     99.78%
 112  GCF_013372185.1    0.58%    passed     99.97%
 113  GCF_013372205.1    0.58%    passed     99.70%
 114  GCF_013372265.1    2.31%    passed     73.81%
 115  GCF_014253065.1    0.58%    passed     98.16%
 116  GCF_014466985.1    3.47%    passed     83.57%
 117  GCF_014905095.1    0.58%    passed     54.01%
 118  GCF_014905115.1    0.58%    passed     96.30%
 119  GCF_014905135.1    0.58%    passed     82.43%
 120  GCF_015100395.1    4.05%    passed     71.70%
 121  GCF_015265455.1    0.58%    passed     91.75%
 122  GCF_015265475.1    0.58%    passed     88.96%
 123  GCF_016106035.1    2.31%    passed     83.89%
 124  GCF_016593255.1    0.58%    passed     98.05%
 125  GCF_016806695.1    0.58%    passed     99.99%
 126  GCF_017357825.1    0.58%    passed     79.02%
 127  GCF_017979475.1    0.58%    passed     98.03%
 128  GCF_018145655.1    0.58%    passed     99.73%
 129  GCF_019711685.1    0.58%    passed     91.78%
 130  GCF_021300615.1    0.58%    passed     47.29%
 131  GCF_021300655.1    0.58%    passed     96.11%
 132  GCF_023646285.1    0.58%    passed     99.20%
 133  GCF_024267655.1    2.31%    passed     96.95%
 134  GCF_025770725.1    0.58%    passed     99.78%
 135  GCF_026000295.1    0.58%    passed     94.40%
 136  GCF_027859255.1    0.58%    passed     98.60%
 137  GCF_027943725.1    4.62%    passed     69.04%
 138  GCF_027946175.1    2.89%    passed     93.96%
 139  GCF_028649595.1    0.58%    passed     99.63%
 140  GCF_028751035.1    0.58%    passed     73.87%
 141  GCF_030249845.1    0.58%    passed     99.61%
 142  GCF_030296055.1    0.58%    passed     99.41%
 143  GCF_900115615.1    0.58%    passed     99.99%
 144  GCF_900187115.1    2.31%    passed     82.78%
 145  GCF_900461455.1    2.89%    passed     83.92%
 146  GCF_900475935.1    0.58%    passed     99.85%
 147  GCF_900476215.1    0.58%    passed     62.98%
 148  GCF_900478295.1    0.58%    passed     87.32%
 149  GCF_900637395.1    0.58%    passed     99.99%
 150  GCF_905120465.1    0.58%    passed     99.82%
 151  GCF_905120475.1    0.58%    passed     99.66%
****  TOTAL              1.08%  0 sequences failed composition chi2 test (p-value<5%; df=19)


Create initial parsimony tree by phylogenetic likelihood library (PLL)... 0.016 seconds
Perform fast likelihood tree search using LG+I+G model...
Estimate model parameters (epsilon = 5.000)
Perform nearest neighbor interchange...
Estimate model parameters (epsilon = 1.000)
1. Initial log-likelihood: -15766.029
Optimal log-likelihood: -15766.012
Proportion of invariable sites: 0.037
Gamma shape alpha: 1.272
Parameters optimization took 1 rounds (0.064 sec)
Time for fast ML tree search: 0.601 seconds

NOTE: ModelFinder requires 45 MB RAM!
ModelFinder will test up to 1232 protein models (sample size: 173 epsilon: 0.100) ...
 No. Model         -LnL         df  AIC          AICc         BIC
  1  LG            16598.554    299 33795.109    213195.109   34737.943
  2  LG+I          16482.340    300 33564.679    214164.679   34510.667
  3  LG+G4         15775.299    300 32150.598    212750.598   33096.585
  4  LG+I+G4       15766.012    301 32134.025    213938.025   33083.166
  5  LG+R2         15892.400    301 32386.800    214190.800   33335.941
  6  LG+R3         15791.586    303 32189.172    216413.172   33144.619
  7  LG+R4         15763.898    305 32137.796    218797.796   33099.550
  8  LG+R5         15738.830    307 32091.661    221203.661   33059.721
  9  LG+R6         15735.778    309 32089.557    223669.557   33063.924
 14  LG+I+R2       15867.572    302 32339.143    215351.143   33291.437
 15  LG+I+R3       15775.256    304 32158.511    217598.511   33117.112
 16  LG+I+R4       15757.645    306 32127.291    220011.291   33092.198
 17  LG+I+R5       15734.234    308 32084.468    222428.468   33055.682
 18  LG+I+R6       15734.161    310 32088.323    224908.323   33065.843
 30  LG+F+R5       15617.848    326 31887.696    245091.696   32915.669
 31  LG+F+R6       15615.531    328 31887.062    247711.062   32921.342
 39  LG+F+I+R5     15613.144    327 31880.289    246392.289   32911.415
 52  WAG+R5        15912.768    307 32439.535    221551.535   33407.596
 53  WAG+R6        15909.778    309 32437.556    224017.556   33411.923
 61  WAG+I+R5      15908.934    308 32433.868    222777.868   33405.082
 74  WAG+F+R5      15820.285    326 32292.571    245496.571   33320.544
 75  WAG+F+R6      15817.739    328 32291.477    248115.477   33325.757
 83  WAG+F+I+R5    15816.459    327 32286.918    246798.918   33318.045
 96  JTT+R5        15966.903    307 32547.806    221659.806   33515.866
 97  JTT+R6        15964.214    309 32546.427    224126.427   33520.794
105  JTT+I+R5      15962.028    308 32540.056    222884.056   33511.269
118  JTT+F+R5      15855.832    326 32363.664    245567.664   33391.638
119  JTT+F+R6      15852.353    328 32360.706    248184.706   33394.985
127  JTT+F+I+R5    15850.892    327 32355.784    246867.784   33386.910
WARNING: Normalizing state frequencies so that sum of them equals to 1
140  Q.pfam+R5     15772.834    307 32159.667    221271.667   33127.728
WARNING: Normalizing state frequencies so that sum of them equals to 1
141  Q.pfam+R6     15769.958    309 32157.915    223737.915   33132.282
WARNING: Normalizing state frequencies so that sum of them equals to 1
149  Q.pfam+I+R5   15770.006    308 32156.012    222500.012   33127.226
WARNING: Normalizing state frequencies so that sum of them equals to 1
162  Q.pfam+F+R5   15666.143    326 31984.286    245188.286   33012.259
WARNING: Normalizing state frequencies so that sum of them equals to 1
163  Q.pfam+F+R6   15663.301    328 31982.603    247806.603   33016.882
WARNING: Normalizing state frequencies so that sum of them equals to 1
171  Q.pfam+F+I+R5 15662.937    327 31979.875    246491.875   33011.001
WARNING: Normalizing state frequencies so that sum of them equals to 1
184  Q.bird+R5     16306.389    307 33226.779    222338.779   34194.839
WARNING: Normalizing state frequencies so that sum of them equals to 1
185  Q.bird+R6     16303.554    309 33225.109    224805.109   34199.476
WARNING: Normalizing state frequencies so that sum of them equals to 1
193  Q.bird+I+R5   16303.864    308 33223.729    223567.729   34194.943
WARNING: Normalizing state frequencies so that sum of them equals to 1
206  Q.bird+F+R5   16179.860    326 33011.719    246215.719   34039.692
WARNING: Normalizing state frequencies so that sum of them equals to 1
207  Q.bird+F+R6   16177.401    328 33010.803    248834.803   34045.082
WARNING: Normalizing state frequencies so that sum of them equals to 1
215  Q.bird+F+I+R5 16176.651    327 33007.301    247519.301   34038.427
WARNING: Normalizing state frequencies so that sum of them equals to 1
228  Q.mammal+R5   16190.785    307 32995.570    222107.570   33963.630
WARNING: Normalizing state frequencies so that sum of them equals to 1
229  Q.mammal+R6   16187.760    309 32993.519    224573.519   33967.886
WARNING: Normalizing state frequencies so that sum of them equals to 1
237  Q.mammal+I+R5 16187.567    308 32991.134    223335.134   33962.348
WARNING: Normalizing state frequencies so that sum of them equals to 1
250  Q.mammal+F+R5 16089.739    326 32831.477    246035.477   33859.450
WARNING: Normalizing state frequencies so that sum of them equals to 1
251  Q.mammal+F+R6 16086.922    328 32829.843    248653.843   33864.123
WARNING: Normalizing state frequencies so that sum of them equals to 1
259  Q.mammal+F+I+R5 16086.243    327 32826.487    247338.487   33857.613
272  Q.insect+R5   15718.922    307 32051.844    221163.844   33019.905
273  Q.insect+R6   15715.524    309 32049.047    223629.047   33023.414
281  Q.insect+I+R5 15715.145    308 32046.290    222390.290   33017.503
294  Q.insect+F+R5 15727.601    326 32107.202    245311.202   33135.175
295  Q.insect+F+R6 15724.436    328 32104.872    247928.872   33139.152
303  Q.insect+F+I+R5 15722.235    327 32098.470    246610.470   33129.597
WARNING: Normalizing state frequencies so that sum of them equals to 1
316  Q.plant+R5    15859.854    307 32333.709    221445.709   33301.769
WARNING: Normalizing state frequencies so that sum of them equals to 1
317  Q.plant+R6    15856.539    309 32331.077    223911.077   33305.444
WARNING: Normalizing state frequencies so that sum of them equals to 1
325  Q.plant+I+R5  15857.010    308 32330.020    222674.020   33301.234
WARNING: Normalizing state frequencies so that sum of them equals to 1
338  Q.plant+F+R5  15792.196    326 32236.392    245440.392   33264.365
WARNING: Normalizing state frequencies so that sum of them equals to 1
339  Q.plant+F+R6  15789.219    328 32234.437    248058.437   33268.717
WARNING: Normalizing state frequencies so that sum of them equals to 1
347  Q.plant+F+I+R5 15788.230    327 32230.460    246742.460   33261.586
WARNING: Normalizing state frequencies so that sum of them equals to 1
360  Q.yeast+R5    15629.512    307 31873.024    220985.024   32841.085
WARNING: Normalizing state frequencies so that sum of them equals to 1
361  Q.yeast+R6    15627.452    309 31872.903    223452.903   32847.270
WARNING: Normalizing state frequencies so that sum of them equals to 1
369  Q.yeast+I+R5  15626.932    308 31869.864    222213.864   32841.078
WARNING: Normalizing state frequencies so that sum of them equals to 1
382  Q.yeast+F+R5  15653.802    326 31959.605    245163.605   32987.578
WARNING: Normalizing state frequencies so that sum of them equals to 1
383  Q.yeast+F+R6  15651.252    328 31958.503    247782.503   32992.783
WARNING: Normalizing state frequencies so that sum of them equals to 1
391  Q.yeast+F+I+R5 15649.956    327 31953.912    246465.912   32985.038
404  JTTDCMut+R5   15957.664    307 32529.328    221641.328   33497.389
405  JTTDCMut+R6   15954.315    309 32526.630    224106.630   33500.997
413  JTTDCMut+I+R5 15953.736    308 32523.471    222867.471   33494.685
426  JTTDCMut+F+R5 15844.911    326 32341.822    245545.822   33369.795
427  JTTDCMut+F+R6 15841.534    328 32339.067    248163.067   33373.347
435  JTTDCMut+F+I+R5 15840.876    327 32335.752    246847.752   33366.879
448  DCMut+R5      16052.270    307 32718.539    221830.539   33686.600
449  DCMut+R6      16044.999    309 32707.998    224287.998   33682.365
457  DCMut+I+R5    16045.922    308 32707.845    223051.845   33679.059
470  DCMut+F+R5    15930.489    326 32512.978    245716.978   33540.951
471  DCMut+F+R6    15922.302    328 32500.603    248324.603   33534.883
479  DCMut+F+I+R5  15922.691    327 32499.381    247011.381   33530.508
492  VT+R5         15994.970    307 32603.940    221715.940   33572.000
493  VT+R6         15991.524    309 32601.048    224181.048   33575.415
501  VT+I+R5       15992.876    308 32601.752    222945.752   33572.966
514  VT+F+R5       15908.927    326 32469.854    245673.854   33497.827
515  VT+F+R6       15906.001    328 32468.003    248292.003   33502.282
523  VT+F+I+R5     15906.978    327 32467.957    246979.957   33499.083
536  PMB+R5        16195.250    307 33004.500    222116.500   33972.560
537  PMB+R6        16191.994    309 33001.988    224581.988   33976.355
545  PMB+I+R5      16194.023    308 33004.047    223348.047   33975.260
558  PMB+F+R5      16059.001    326 32770.001    245974.001   33797.974
559  PMB+F+R6      16056.207    328 32768.415    248592.415   33802.694
567  PMB+F+I+R5    16057.708    327 32769.417    247281.417   33800.543
580  Blosum62+R5   16161.937    307 32937.873    222049.873   33905.934
581  Blosum62+R6   16157.957    309 32933.913    224513.913   33908.280
589  Blosum62+I+R5 16159.434    308 32934.869    223278.869   33906.082
602  Blosum62+F+R5 16013.356    326 32678.713    245882.713   33706.686
603  Blosum62+F+R6 16010.490    328 32676.981    248500.981   33711.260
611  Blosum62+F+I+R5 16011.233    327 32676.466    247188.466   33707.592
624  Dayhoff+R5    16049.222    307 32712.444    221824.444   33680.505
625  Dayhoff+R6    16041.293    309 32700.587    224280.587   33674.954
633  Dayhoff+I+R5  16043.279    308 32702.558    223046.558   33673.772
646  Dayhoff+F+R5  15928.119    326 32508.238    245712.238   33536.211
647  Dayhoff+F+R6  15919.396    328 32494.793    248318.793   33529.073
655  Dayhoff+F+I+R5 15920.711    327 32495.422    247007.422   33526.548
668  mtREV+R5      16442.413    307 33498.827    222610.827   34466.887
669  mtREV+R6      16440.537    309 33499.074    225079.074   34473.442
677  mtREV+I+R5    16441.623    308 33499.247    223843.247   34470.461
690  mtREV+F+R5    16031.242    326 32714.485    245918.485   33742.458
691  mtREV+F+R6    16026.235    328 32708.470    248532.470   33742.750
699  mtREV+F+I+R5  16030.187    327 32714.374    247226.374   33745.500
712  mtART+R5      16381.171    307 33376.342    222488.342   34344.402
713  mtART+R6      16375.847    309 33369.694    224949.694   34344.061
721  mtART+I+R5    16378.801    308 33373.603    223717.603   34344.817
734  mtART+F+R5    15968.664    326 32589.327    245793.327   33617.300
735  mtART+F+R6    15964.188    328 32584.375    248408.375   33618.655
743  mtART+F+I+R5  15964.194    327 32582.388    247094.388   33613.514
756  mtZOA+R5      16149.516    307 32913.033    222025.033   33881.093
757  mtZOA+R6      16144.502    309 32907.005    224487.005   33881.372
765  mtZOA+I+R5    16146.547    308 32909.094    223253.094   33880.308
778  mtZOA+F+R5    15795.984    326 32243.968    245447.968   33271.941
779  mtZOA+F+R6    15790.386    328 32236.771    248060.771   33271.051
787  mtZOA+F+I+R5  15790.852    327 32235.705    246747.705   33266.831
800  mtMet+R5      16363.754    307 33341.508    222453.508   34309.569
801  mtMet+R6      16360.252    309 33338.503    224918.503   34312.870
809  mtMet+I+R5    16362.831    308 33341.662    223685.662   34312.876
822  mtMet+F+R5    16012.521    326 32677.043    245881.043   33705.016
823  mtMet+F+R6    16006.285    328 32668.570    248492.570   33702.850
831  mtMet+F+I+R5  16008.703    327 32671.406    247183.406   33702.532
844  mtVer+R5      16583.522    307 33781.044    222893.044   34749.105
845  mtVer+R6      16580.521    309 33779.042    225359.042   34753.409
853  mtVer+I+R5    16582.563    308 33781.127    224125.127   34752.340
866  mtVer+F+R5    16257.524    326 33167.048    246371.048   34195.022
867  mtVer+F+R6    16247.907    328 33151.814    248975.814   34186.093
875  mtVer+F+I+R5  16251.655    327 33157.310    247669.310   34188.436
888  mtInv+R5      16393.814    307 33401.628    222513.628   34369.688
889  mtInv+R6      16390.300    309 33398.600    224978.600   34372.967
897  mtInv+I+R5    16392.782    308 33401.564    223745.564   34372.778
910  mtInv+F+R5    15924.807    326 32501.615    245705.615   33529.588
911  mtInv+F+R6    15916.865    328 32489.730    248313.730   33524.010
919  mtInv+F+I+R5  15919.501    327 32493.002    247005.002   33524.129
932  mtMAM+R5      16756.063    307 34126.126    223238.126   35094.186
933  mtMAM+R6      16751.153    309 34120.306    225700.306   35094.673
941  mtMAM+I+R5    16756.328    308 34128.655    224472.655   35099.869
954  mtMAM+F+R5    16277.074    326 33206.148    246410.148   34234.121
955  mtMAM+F+R6    16273.706    328 33203.413    249027.413   34237.692
963  mtMAM+F+I+R5  16274.718    327 33203.435    247715.435   34234.562
WARNING: Normalizing state frequencies so that sum of them equals to 1
976  FLAVI+R5      16644.735    307 33903.470    223015.470   34871.531
WARNING: Normalizing state frequencies so that sum of them equals to 1
977  FLAVI+R6      16635.991    309 33889.982    225469.982   34864.349
WARNING: Normalizing state frequencies so that sum of them equals to 1
985  FLAVI+I+R5    16641.428    308 33898.855    224242.855   34870.069
WARNING: Normalizing state frequencies so that sum of them equals to 1
998  FLAVI+F+R5    16527.994    326 33707.988    246911.988   34735.961
WARNING: Normalizing state frequencies so that sum of them equals to 1
999  FLAVI+F+R6    16522.437    328 33700.873    249524.873   34735.153
WARNING: Normalizing state frequencies so that sum of them equals to 1
1007  FLAVI+F+I+R5  16525.627    327 33705.254    248217.254   34736.381
1020  HIVb+R5       16411.037    307 33436.074    222548.074   34404.134
1021  HIVb+R6       16404.982    309 33427.965    225007.965   34402.332
1029  HIVb+I+R5     16407.647    308 33431.293    223775.293   34402.507
1042  HIVb+F+R5     16266.955    326 33185.911    246389.911   34213.884
1043  HIVb+F+R6     16261.963    328 33179.926    249003.926   34214.205
1051  HIVb+F+I+R5   16264.204    327 33182.408    247694.408   34213.534
1064  HIVw+R5       16959.948    307 34533.897    223645.897   35501.957
1065  HIVw+R6       16943.807    309 34505.614    226085.614   35479.981
1073  HIVw+I+R5     16947.620    308 34511.239    224855.239   35482.453
1086  HIVw+F+R5     16728.639    326 34109.278    247313.278   35137.251
1087  HIVw+F+R6     16713.358    328 34082.716    249906.716   35116.996
1095  HIVw+F+I+R5   16718.561    327 34091.122    248603.122   35122.248
1108  FLU+R5        16021.181    307 32656.362    221768.362   33624.422
1109  FLU+R6        16013.708    309 32645.417    224225.417   33619.784
1117  FLU+I+R5      16020.833    308 32657.667    223001.667   33628.881
1130  FLU+F+R5      15985.407    326 32622.814    245826.814   33650.787
1131  FLU+F+R6      15977.510    328 32611.020    248435.020   33645.300
1139  FLU+F+I+R5    15984.873    327 32623.747    247135.747   33654.873
1152  rtREV+R5      15958.249    307 32530.497    221642.497   33498.558
1153  rtREV+R6      15952.046    309 32522.092    224102.092   33496.459
1161  rtREV+I+R5    15953.634    308 32523.268    222867.268   33494.482
1174  rtREV+F+R5    15728.955    326 32109.910    245313.910   33137.884
1175  rtREV+F+R6    15723.750    328 32103.501    247927.501   33137.780
1183  rtREV+F+I+R5  15725.308    327 32104.616    246616.616   33135.743
1196  cpREV+R5      15940.496    307 32494.993    221606.993   33463.053
1197  cpREV+R6      15933.821    309 32485.643    224065.643   33460.010
1205  cpREV+I+R5    15937.721    308 32491.441    222835.441   33462.655
1218  cpREV+F+R5    15931.583    326 32515.166    245719.166   33543.139
1219  cpREV+F+R6    15924.344    328 32504.688    248328.688   33538.968
1227  cpREV+F+I+R5  15928.818    327 32511.636    247023.636   33542.762
Akaike Information Criterion:           Q.yeast+I+R5
Corrected Akaike Information Criterion: LG+G4
Bayesian Information Criterion:         Q.yeast+I+R5
Best-fit model: Q.yeast+I+R5 chosen according to BIC

All model information printed to gene_order/flagellar_trees/gene_trees/flgh.model.gz
CPU time for ModelFinder: 783.789 seconds (0h:13m:3s)
Wall-clock time for ModelFinder: 196.994 seconds (0h:3m:16s)
Generating 1000 samples for ultrafast bootstrap (seed: 988667)...
WARNING: Normalizing state frequencies so that sum of them equals to 1

NOTE: 23 MB RAM (0 GB) is required!
Estimate model parameters (epsilon = 0.100)
1. Initial log-likelihood: -15639.987
2. Current log-likelihood: -15627.269
3. Current log-likelihood: -15627.104
Optimal log-likelihood: -15627.078
Proportion of invariable sites: 0.037
Site proportion and rates:  (0.208,0.150) (0.225,0.430) (0.274,1.045) (0.233,2.054) (0.023,4.627)
Parameters optimization took 3 rounds (0.760 sec)
Wrote distance file to... 
Computing ML distances based on estimated model parameters...
Calculating distance matrix: done in 0.628316 secs using 398.6% CPU
Computing ML distances took 0.628425 sec (of wall-clock time) 2.504489 sec (of CPU time)
Setting up auxiliary I and S matrices: done in 0.000311891 secs using 278% CPU
Computing RapidNJ tree took 0.043599 sec (of wall-clock time) 0.044517 sec (of CPU time)
Log-likelihood of RapidNJ tree: -15760.094
--------------------------------------------------------------------
|             INITIALIZING CANDIDATE TREE SET                      |
--------------------------------------------------------------------
Generating 98 parsimony trees... 1.878 second
Computing log-likelihood of 98 initial trees ... 2.734 seconds
Current best score: -15627.078

Do NNI search on 20 best initial trees
Estimate model parameters (epsilon = 0.100)
BETTER TREE FOUND at iteration 1: -15622.097
Estimate model parameters (epsilon = 0.100)
BETTER TREE FOUND at iteration 2: -15603.613
Estimate model parameters (epsilon = 0.100)
BETTER TREE FOUND at iteration 9: -15601.519
Iteration 10 / LogL: -15603.994 / Time: 0h:3m:28s
Iteration 20 / LogL: -15617.153 / Time: 0h:3m:33s
Finish initializing candidate tree set (20)
Current best tree score: -15601.519 / CPU time: 14.941
Number of iterations: 20
--------------------------------------------------------------------
|               OPTIMIZING CANDIDATE TREE SET                      |
--------------------------------------------------------------------
Iteration 30 / LogL: -15605.451 / Time: 0h:3m:40s (0h:1m:3s left)
Estimate model parameters (epsilon = 0.100)
BETTER TREE FOUND at iteration 31: -15601.218
Iteration 40 / LogL: -15606.895 / Time: 0h:3m:47s (0h:1m:11s left)
Iteration 50 / LogL: -15636.848 / Time: 0h:3m:53s (0h:1m:1s left)
Log-likelihood cutoff on original alignment: -15682.850
Iteration 60 / LogL: -15603.297 / Time: 0h:4m:0s (0h:0m:52s left)
Estimate model parameters (epsilon = 0.100)
BETTER TREE FOUND at iteration 65: -15600.929
Iteration 70 / LogL: -15643.258 / Time: 0h:4m:7s (0h:1m:9s left)
Estimate model parameters (epsilon = 0.100)
BETTER TREE FOUND at iteration 76: -15600.562
Iteration 80 / LogL: -15606.029 / Time: 0h:4m:14s (0h:1m:10s left)
Iteration 90 / LogL: -15608.347 / Time: 0h:4m:21s (0h:1m:2s left)
Iteration 100 / LogL: -15601.024 / Time: 0h:4m:27s (0h:0m:54s left)
Log-likelihood cutoff on original alignment: -15682.850
NOTE: Bootstrap correlation coefficient of split occurrence frequencies: 0.999
Iteration 110 / LogL: -15611.662 / Time: 0h:4m:34s (0h:1m:3s left)
Iteration 120 / LogL: -15602.479 / Time: 0h:4m:41s (0h:0m:56s left)
Iteration 130 / LogL: -15604.418 / Time: 0h:4m:47s (0h:0m:49s left)
Iteration 140 / LogL: -15602.602 / Time: 0h:4m:53s (0h:0m:41s left)
Iteration 150 / LogL: -15610.701 / Time: 0h:5m:0s (0h:0m:34s left)
Log-likelihood cutoff on original alignment: -15682.850
Iteration 160 / LogL: -15601.325 / Time: 0h:5m:7s (0h:0m:27s left)
Iteration 170 / LogL: -15617.088 / Time: 0h:5m:14s (0h:0m:20s left)
TREE SEARCH COMPLETED AFTER 177 ITERATIONS / Time: 0h:5m:18s

--------------------------------------------------------------------
|                    FINALIZING TREE SEARCH                        |
--------------------------------------------------------------------
Performs final model parameters optimization
Estimate model parameters (epsilon = 0.010)
1. Initial log-likelihood: -15600.562
Optimal log-likelihood: -15600.549
Proportion of invariable sites: 0.036
Site proportion and rates:  (0.198,0.146) (0.229,0.417) (0.278,1.025) (0.236,2.060) (0.023,4.572)
Parameters optimization took 1 rounds (0.216 sec)
BEST SCORE FOUND : -15600.549
Creating bootstrap support values...
Split supports printed to NEXUS file gene_order/flagellar_trees/gene_trees/flgh.splits.nex
Total tree length: 23.836

Total number of iterations: 177
CPU time used for tree search: 468.623 sec (0h:7m:48s)
Wall-clock time used for tree search: 120.232 sec (0h:2m:0s)
Total CPU time used: 1259.803 sec (0h:20m:59s)
Total wall-clock time used: 319.277 sec (0h:5m:19s)

Computing bootstrap consensus tree...
Reading input file gene_order/flagellar_trees/gene_trees/flgh.splits.nex...
151 taxa and 740 splits.
Consensus tree written to gene_order/flagellar_trees/gene_trees/flgh.contree
Reading input trees file gene_order/flagellar_trees/gene_trees/flgh.contree
Log-likelihood of consensus tree: -15601.639

Analysis results written to: 
  IQ-TREE report:                gene_order/flagellar_trees/gene_trees/flgh.iqtree
  Maximum-likelihood tree:       gene_order/flagellar_trees/gene_trees/flgh.treefile
  Likelihood distances:          gene_order/flagellar_trees/gene_trees/flgh.mldist

Ultrafast bootstrap approximation results written to:
  Split support values:          gene_order/flagellar_trees/gene_trees/flgh.splits.nex
  Consensus tree:                gene_order/flagellar_trees/gene_trees/flgh.contree
  Screen log file:               gene_order/flagellar_trees/gene_trees/flgh.log

Date and Time: Sat Sep 26 10:04:00 2026
