IQ-TREE multicore version 2.4.0 for Linux x86 64-bit built Feb 12 2025
Developed by Bui Quang Minh, Nguyen Lam Tung, Olga Chernomor, Heiko Schmidt,
Dominik Schrempf, Michael Woodhams, Ly Trong Nhan, Thomas Wong

Host:    k214 (AVX512, FMA3, 503 GB RAM)
Command: iqtree2 -s gene_order/flagellar_trees/trimmed/flgr.faa -m MFP -B 1000 -T 4 --prefix gene_order/flagellar_trees/gene_trees/flgr
Seed:    958501 (Using SPRNG - Scalable Parallel Random Number Generator)
Time:    Sat Sep 26 09:58:38 2026
Kernel:  AVX+FMA - 4 threads (4 CPU cores detected)

Reading alignment file gene_order/flagellar_trees/trimmed/flgr.faa ... Fasta format detected
Reading fasta file: done in 0.000366933 secs using 32.98% CPU
Alignment most likely contains protein sequences
Alignment has 104 sequences with 429 columns, 364 distinct patterns
321 parsimony-informative, 21 singleton sites, 87 constant sites
                 Gap/Ambiguity  Composition  p-value
Analyzing sequences: done in 3.12282e-05 secs using 1966% CPU
   1  GCF_000012965.1   10.72%    passed     97.35%
   2  GCF_000024885.1   10.26%    passed     57.28%
   3  GCF_000147355.1   11.66%    passed     99.90%
   4  GCF_000162575.1    0.47%    passed     96.09%
   5  GCF_000183725.1   10.96%    passed     82.11%
   6  GCF_000196135.1    0.00%    passed     34.13%
   7  GCF_000200595.1   11.66%    passed     32.70%
   8  GCF_000242915.1   10.96%    passed     95.87%
   9  GCF_000254135.1    0.23%    passed     73.34%
  10  GCF_000259275.1   11.19%    passed     48.15%
  11  GCF_000265295.1   10.26%    passed     86.29%
  12  GCF_000445475.1   11.42%    passed     98.79%
  13  GCF_000507845.1    0.23%    passed     49.23%
  14  GCF_000518225.1    0.23%    passed     96.66%
  15  GCF_000568815.1   10.26%    passed     71.54%
  16  GCF_000597725.1    0.47%    passed     62.71%
  17  GCF_000686565.1   10.26%    passed     99.65%
  18  GCF_000687535.1    0.00%    passed     83.59%
  19  GCF_000736415.1   11.42%    passed     97.19%
  20  GCF_000762845.2    0.00%    passed     73.25%
  21  GCF_000762875.2   10.26%    passed     99.11%
  22  GCF_000763135.2    0.00%    passed     18.14%
  23  GCF_000765805.2   10.49%    passed     98.30%
  24  GCF_000765905.2   10.26%    passed     99.08%
  25  GCF_000813325.1   10.26%    passed     71.91%
  26  GCF_000816185.1    0.23%    passed     13.76%
  27  GCF_000816305.1    0.23%    passed     82.90%
  28  GCF_000816785.1    0.23%    passed     68.26%
  29  GCF_001282945.1   11.66%    passed     16.43%
  30  GCF_001283065.1   11.66%    passed     12.10%
  31  GCF_001298465.1   10.49%    passed     97.18%
  32  GCF_001457695.1    0.00%    passed     91.19%
  33  GCF_001602095.1    0.00%    passed     47.38%
  34  GCF_001687475.2    0.23%    passed     55.27%
  35  GCF_001693335.1    0.70%    passed     44.16%
  36  GCF_001723605.1   10.26%    passed     78.22%
  37  GCF_002021925.1    0.93%    passed     12.06%
  38  GCF_002080395.1    0.23%    passed     89.37%
  39  GCF_002104335.1    0.70%    passed     87.39%
  40  GCF_002139855.1   11.42%    passed     81.28%
  41  GCF_002139875.1   10.96%    passed     65.10%
  42  GCF_002139915.1   10.96%    passed     54.43%
  43  GCF_002139935.1   10.96%    passed     87.28%
  44  GCF_002238335.1    0.93%    passed     93.53%
  45  GCF_003245365.1    0.00%    passed     90.83%
  46  GCF_003364195.1   10.26%    passed     98.23%
  47  GCF_003364205.1    0.00%    passed     43.64%
  48  GCF_003364215.1    0.47%    passed     94.36%
  49  GCF_003364255.1    0.23%    passed     91.79%
  50  GCF_003364335.1    0.00%    passed     51.59%
  51  GCF_003660265.1   11.19%    failed      1.41%
  52  GCF_003660285.1   11.66%    passed      8.49%
  53  GCF_003660395.1   11.66%    failed      2.97%
  54  GCF_003670275.1    0.00%    passed     62.09%
  55  GCF_004323845.1    0.00%    passed     36.43%
  56  GCF_004803795.1   10.26%    passed     82.30%
  57  GCF_004803815.1   10.26%    passed     84.98%
  58  GCF_005217605.1   10.72%    passed     99.99%
  59  GCF_005406215.1    0.23%    passed     71.30%
  60  GCF_005406225.1    0.23%    passed     70.56%
  61  GCF_006864425.1    0.70%    passed     74.97%
  62  GCF_008245005.1   10.72%    passed     76.99%
  63  GCF_008245045.1    0.23%    passed     73.26%
  64  GCF_008693005.1    0.23%    passed     43.07%
  65  GCF_009068765.1   11.66%    passed     99.99%
  66  GCF_009192995.1   11.42%    passed    100.00%
  67  GCF_009258225.1   10.96%    passed     99.93%
  68  GCF_011769985.2   10.26%    passed     59.40%
  69  GCF_013177655.1    1.17%    passed     16.77%
  70  GCF_013201605.1    0.00%    passed     58.29%
  71  GCF_013372105.1    0.23%    passed     36.14%
  72  GCF_013372125.1    0.23%    passed     99.34%
  73  GCF_013372145.1   11.66%    passed     93.40%
  74  GCF_013372185.1    0.23%    passed     74.50%
  75  GCF_013372205.1   10.96%    passed     99.16%
  76  GCF_014253065.1   10.26%    passed     86.86%
  77  GCF_014905095.1   11.42%    passed     99.22%
  78  GCF_014905115.1   11.66%    passed     99.94%
  79  GCF_014905135.1   11.42%    passed     99.98%
  80  GCF_015265475.1    0.47%    passed     99.68%
  81  GCF_016593255.1   10.96%    passed     78.99%
  82  GCF_016806695.1    0.23%    passed     90.95%
  83  GCF_016937535.1    0.70%    passed     39.00%
  84  GCF_017357825.1   11.66%    passed     99.60%
  85  GCF_017979425.1   11.66%    passed     27.08%
  86  GCF_018145655.1   10.26%    passed     64.56%
  87  GCF_019711685.1    0.23%    passed     93.15%
  88  GCF_021300615.1    0.00%    passed     92.52%
  89  GCF_021300655.1    0.23%    passed     87.85%
  90  GCF_023646285.1    0.47%    passed     95.27%
  91  GCF_025770725.1   10.26%    passed     65.20%
  92  GCF_026000295.1   11.89%    passed     27.11%
  93  GCF_027859255.1    0.23%    passed     92.77%
  94  GCF_028649595.1   14.22%    passed     48.44%
  95  GCF_028751035.1    0.23%    passed     83.10%
  96  GCF_030249845.1   10.96%    passed     98.08%
  97  GCF_030296055.1   11.19%    passed     36.45%
  98  GCF_900115615.1   11.19%    passed     97.92%
  99  GCF_900461455.1   11.19%    passed     11.98%
 100  GCF_900475935.1   11.42%    passed     97.56%
 101  GCF_900476215.1    0.23%    passed     48.93%
 102  GCF_900637395.1    0.23%    passed     91.35%
 103  GCF_905120465.1    9.79%    passed     56.21%
 104  GCF_905120475.1   10.72%    passed     99.87%
****  TOTAL              6.06%  2 sequences failed composition chi2 test (p-value<5%; df=19)


Create initial parsimony tree by phylogenetic likelihood library (PLL)... 0.019 seconds
Perform fast likelihood tree search using LG+I+G model...
Estimate model parameters (epsilon = 5.000)
Perform nearest neighbor interchange...
Estimate model parameters (epsilon = 1.000)
1. Initial log-likelihood: -26322.532
Optimal log-likelihood: -26322.161
Proportion of invariable sites: 0.180
Gamma shape alpha: 0.811
Parameters optimization took 1 rounds (0.142 sec)
Time for fast ML tree search: 0.899 seconds

NOTE: ModelFinder requires 63 MB RAM!
ModelFinder will test up to 1232 protein models (sample size: 429 epsilon: 0.100) ...
 No. Model         -LnL         df  AIC          AICc         BIC
  1  LG            29298.541    205 59007.083    59385.827    59839.681
  2  LG+I          28244.751    206 56901.501    57285.663    57738.161
  3  LG+G4         26380.498    206 53172.996    53557.158    54009.656
  4  LG+I+G4       26322.165    207 53058.329    53447.976    53899.051
  5  LG+R2         26925.425    207 54264.850    54654.497    55105.572
  6  LG+R3         26488.275    209 53394.550    53795.372    54243.394
  7  LG+R4         26337.661    211 53097.322    53509.598    53954.289
  8  LG+R5         26303.316    213 53032.631    53456.650    53897.721
  9  LG+R6         26283.382    215 52996.764    53432.820    53869.977
 10  LG+R7         26277.748    217 52989.496    53437.895    53870.833
 14  LG+I+R2       26674.112    208 53764.224    54159.424    54609.007
 15  LG+I+R3       26390.959    210 53201.918    53608.432    54054.824
 16  LG+I+R4       26307.999    212 53039.997    53458.108    53901.026
 17  LG+I+R5       26281.966    214 52991.932    53421.932    53861.084
 18  LG+I+R6       26275.866    216 52983.732    53425.921    53861.007
 19  LG+I+R7       26275.574    218 52987.147    53441.833    53872.545
 31  LG+F+R6       26184.078    234 52836.156    53403.063    53786.537
 32  LG+F+R7       26180.685    236 52833.371    53415.996    53791.875
 39  LG+F+I+R5     26184.316    233 52834.631    53393.831    53780.950
 40  LG+F+I+R6     26180.726    235 52831.451    53406.166    53785.893
 53  WAG+R6        26470.382    215 53370.764    53806.821    54243.977
 54  WAG+R7        26467.535    217 53369.071    53817.469    54250.407
 61  WAG+I+R5      26472.036    214 53372.072    53802.072    54241.224
 62  WAG+I+R6      26468.299    216 53368.598    53810.787    54245.873
 75  WAG+F+R6      26425.612    234 53319.224    53886.131    54269.605
 76  WAG+F+R7      26423.143    236 53318.286    53900.911    54276.789
 83  WAG+F+I+R5    26427.199    233 53320.399    53879.599    54266.718
 84  WAG+F+I+R6    26423.714    235 53317.427    53892.142    54271.870
 97  JTT+R6        26594.417    215 53618.834    54054.890    54492.047
 98  JTT+R7        26589.244    217 53612.488    54060.886    54493.824
105  JTT+I+R5      26596.082    214 53620.163    54050.163    54489.315
106  JTT+I+R6      26590.677    216 53613.355    54055.543    54490.629
119  JTT+F+R6      26442.207    234 53352.413    53919.321    54302.794
120  JTT+F+R7      26438.417    236 53348.835    53931.460    54307.339
127  JTT+F+I+R5    26445.170    233 53356.340    53915.540    54302.660
128  JTT+F+I+R6    26441.147    235 53352.295    53927.010    54306.737
WARNING: Normalizing state frequencies so that sum of them equals to 1
141  Q.pfam+R6     26326.504    215 53083.007    53519.064    53956.221
WARNING: Normalizing state frequencies so that sum of them equals to 1
142  Q.pfam+R7     26320.355    217 53074.709    53523.107    53956.045
WARNING: Normalizing state frequencies so that sum of them equals to 1
149  Q.pfam+I+R5   26326.374    214 53080.747    53510.747    53949.899
WARNING: Normalizing state frequencies so that sum of them equals to 1
150  Q.pfam+I+R6   26320.325    216 53072.650    53514.839    53949.925
WARNING: Normalizing state frequencies so that sum of them equals to 1
163  Q.pfam+F+R6   26181.401    234 52830.801    53397.708    53781.182
WARNING: Normalizing state frequencies so that sum of them equals to 1
164  Q.pfam+F+R7   26177.428    236 52826.857    53409.482    53785.360
WARNING: Normalizing state frequencies so that sum of them equals to 1
171  Q.pfam+F+I+R5 26183.725    233 52833.451    53392.651    53779.770
WARNING: Normalizing state frequencies so that sum of them equals to 1
172  Q.pfam+F+I+R6 26179.636    235 52829.271    53403.986    53783.713
WARNING: Normalizing state frequencies so that sum of them equals to 1
185  Q.bird+R6     27057.396    215 54544.791    54980.847    55418.004
WARNING: Normalizing state frequencies so that sum of them equals to 1
186  Q.bird+R7     27048.914    217 54531.827    54980.225    55413.163
WARNING: Normalizing state frequencies so that sum of them equals to 1
193  Q.bird+I+R5   27062.224    214 54552.448    54982.448    55421.600
WARNING: Normalizing state frequencies so that sum of them equals to 1
194  Q.bird+I+R6   27050.503    216 54533.006    54975.195    55410.281
WARNING: Normalizing state frequencies so that sum of them equals to 1
207  Q.bird+F+R6   26907.188    234 54282.377    54849.284    55232.758
WARNING: Normalizing state frequencies so that sum of them equals to 1
208  Q.bird+F+R7   26903.048    236 54278.096    54860.721    55236.599
WARNING: Normalizing state frequencies so that sum of them equals to 1
215  Q.bird+F+I+R5 26925.657    233 54317.314    54876.514    55263.633
WARNING: Normalizing state frequencies so that sum of them equals to 1
216  Q.bird+F+I+R6 26908.018    235 54286.036    54860.751    55240.478
WARNING: Normalizing state frequencies so that sum of them equals to 1
229  Q.mammal+R6   26893.906    215 54217.812    54653.869    55091.026
WARNING: Normalizing state frequencies so that sum of them equals to 1
230  Q.mammal+R7   26883.572    217 54201.143    54649.541    55082.479
WARNING: Normalizing state frequencies so that sum of them equals to 1
237  Q.mammal+I+R5 26895.867    214 54219.733    54649.733    55088.885
WARNING: Normalizing state frequencies so that sum of them equals to 1
238  Q.mammal+I+R6 26884.560    216 54201.119    54643.308    55078.394
WARNING: Normalizing state frequencies so that sum of them equals to 1
251  Q.mammal+F+R6 26730.654    234 53929.307    54496.214    54879.688
WARNING: Normalizing state frequencies so that sum of them equals to 1
252  Q.mammal+F+R7 26723.127    236 53918.254    54500.879    54876.758
WARNING: Normalizing state frequencies so that sum of them equals to 1
259  Q.mammal+F+I+R5 26740.989    233 53947.977    54507.177    54894.297
WARNING: Normalizing state frequencies so that sum of them equals to 1
260  Q.mammal+F+I+R6 26727.407    235 53924.814    54499.529    54879.257
273  Q.insect+R6   26194.622    215 52819.244    53255.300    53692.457
274  Q.insect+R7   26186.734    217 52807.468    53255.866    53688.804
281  Q.insect+I+R5 26197.400    214 52822.801    53252.801    53691.952
282  Q.insect+I+R6 26188.533    216 52809.067    53251.255    53686.341
295  Q.insect+F+R6 26216.413    234 52900.825    53467.732    53851.206
296  Q.insect+F+R7 26210.865    236 52893.730    53476.355    53852.234
303  Q.insect+F+I+R5 26220.792    233 52907.584    53466.784    53853.904
304  Q.insect+F+I+R6 26215.028    235 52900.056    53474.771    53854.498
WARNING: Normalizing state frequencies so that sum of them equals to 1
317  Q.plant+R6    26482.288    215 53394.575    53830.632    54267.789
WARNING: Normalizing state frequencies so that sum of them equals to 1
318  Q.plant+R7    26475.790    217 53385.580    53833.978    54266.916
WARNING: Normalizing state frequencies so that sum of them equals to 1
325  Q.plant+I+R5  26483.943    214 53395.885    53825.885    54265.037
WARNING: Normalizing state frequencies so that sum of them equals to 1
326  Q.plant+I+R6  26478.078    216 53388.155    53830.344    54265.430
WARNING: Normalizing state frequencies so that sum of them equals to 1
339  Q.plant+F+R6  26385.140    234 53238.280    53805.187    54188.661
WARNING: Normalizing state frequencies so that sum of them equals to 1
340  Q.plant+F+R7  26379.122    236 53230.245    53812.870    54188.748
WARNING: Normalizing state frequencies so that sum of them equals to 1
347  Q.plant+F+I+R5 26389.931    233 53245.863    53805.063    54192.182
WARNING: Normalizing state frequencies so that sum of them equals to 1
348  Q.plant+F+I+R6 26384.304    235 53238.607    53813.322    54193.050
WARNING: Normalizing state frequencies so that sum of them equals to 1
361  Q.yeast+R6    26082.049    215 52594.098    53030.155    53467.311
WARNING: Normalizing state frequencies so that sum of them equals to 1
362  Q.yeast+R7    26074.874    217 52583.748    53032.146    53465.084
WARNING: Normalizing state frequencies so that sum of them equals to 1
369  Q.yeast+I+R5  26086.955    214 52601.910    53031.910    53471.061
WARNING: Normalizing state frequencies so that sum of them equals to 1
370  Q.yeast+I+R6  26079.877    216 52591.755    53033.943    53469.029
WARNING: Normalizing state frequencies so that sum of them equals to 1
383  Q.yeast+F+R6  26134.520    234 52737.040    53303.947    53687.421
WARNING: Normalizing state frequencies so that sum of them equals to 1
384  Q.yeast+F+R7  26128.884    236 52729.767    53312.392    53688.271
WARNING: Normalizing state frequencies so that sum of them equals to 1
391  Q.yeast+F+I+R5 26140.475    233 52746.949    53306.149    53693.269
WARNING: Normalizing state frequencies so that sum of them equals to 1
392  Q.yeast+F+I+R6 26135.005    235 52740.010    53314.725    53694.453
405  JTTDCMut+R6   26580.412    215 53590.824    54026.881    54464.038
406  JTTDCMut+R7   26574.731    217 53583.463    54031.861    54464.799
413  JTTDCMut+I+R5 26584.571    214 53597.141    54027.141    54466.293
414  JTTDCMut+I+R6 26579.335    216 53590.669    54032.858    54467.944
427  JTTDCMut+F+R6 26431.328    234 53330.657    53897.564    54281.038
428  JTTDCMut+F+R7 26427.037    236 53326.074    53908.699    54284.578
435  JTTDCMut+F+I+R5 26436.100    233 53338.199    53897.399    54284.519
436  JTTDCMut+F+I+R6 26432.239    235 53334.477    53909.192    54288.920
449  DCMut+R6      26646.510    215 53723.020    54159.076    54596.233
450  DCMut+R7      26639.985    217 53713.971    54162.369    54595.307
457  DCMut+I+R5    26651.963    214 53731.925    54161.925    54601.077
458  DCMut+I+R6    26646.587    216 53725.175    54167.363    54602.449
471  DCMut+F+R6    26587.540    234 53643.080    54209.987    54593.461
472  DCMut+F+R7    26582.201    236 53636.402    54219.027    54594.906
479  DCMut+F+I+R5  26591.274    233 53648.549    54207.749    54594.868
480  DCMut+F+I+R6  26586.572    235 53643.143    54217.858    54597.585
493  VT+R6         26555.967    215 53541.934    53977.990    54415.147
494  VT+R7         26551.464    217 53536.928    53985.326    54418.264
501  VT+I+R5       26559.861    214 53547.721    53977.721    54416.873
502  VT+I+R6       26554.454    216 53540.908    53983.097    54418.183
515  VT+F+R6       26503.539    234 53475.077    54041.984    54425.458
516  VT+F+R7       26500.360    236 53472.720    54055.345    54431.224
523  VT+F+I+R5     26506.896    233 53479.791    54038.991    54426.111
524  VT+F+I+R6     26503.711    235 53477.421    54052.136    54431.863
537  PMB+R6        26886.489    215 54202.979    54639.035    55076.192
538  PMB+R7        26882.316    217 54198.632    54647.030    55079.968
545  PMB+I+R5      26887.365    214 54202.730    54632.730    55071.882
546  PMB+I+R6      26883.906    216 54199.812    54642.000    55077.086
559  PMB+F+R6      26759.074    234 53986.148    54553.055    54936.529
560  PMB+F+R7      26756.238    236 53984.475    54567.100    54942.979
567  PMB+F+I+R5    26760.631    233 53987.262    54546.462    54933.581
568  PMB+F+I+R6    26758.208    235 53986.415    54561.130    54940.858
581  Blosum62+R6   26809.392    215 54048.783    54484.839    54921.996
582  Blosum62+R7   26804.815    217 54043.629    54492.028    54924.966
589  Blosum62+I+R5 26811.062    214 54050.123    54480.123    54919.275
590  Blosum62+I+R6 26806.369    216 54044.738    54486.927    54922.013
603  Blosum62+F+R6 26731.652    234 53931.305    54498.212    54881.686
604  Blosum62+F+R7 26728.195    236 53928.389    54511.014    54886.893
611  Blosum62+F+I+R5 26734.178    233 53934.356    54493.556    54880.676
612  Blosum62+F+I+R6 26730.203    235 53930.407    54505.122    54884.849
625  Dayhoff+R6    26644.222    215 53718.444    54154.501    54591.658
626  Dayhoff+R7    26637.934    217 53709.868    54158.266    54591.204
633  Dayhoff+I+R5  26650.084    214 53728.168    54158.168    54597.319
634  Dayhoff+I+R6  26644.661    216 53721.322    54163.511    54598.597
647  Dayhoff+F+R6  26585.488    234 53638.976    54205.883    54589.357
648  Dayhoff+F+R7  26580.325    236 53632.651    54215.276    54591.155
655  Dayhoff+F+I+R5 26589.579    233 53645.158    54204.358    54591.478
656  Dayhoff+F+I+R6 26584.804    235 53639.608    54214.323    54594.051
669  mtREV+R6      27553.408    215 55536.817    55972.873    56410.030
670  mtREV+R7      27548.230    217 55530.461    55978.859    56411.797
677  mtREV+I+R5    27556.244    214 55540.489    55970.489    56409.640
678  mtREV+I+R6    27550.768    216 55533.536    55975.725    56410.811
691  mtREV+F+R6    26698.362    234 53864.725    54431.632    54815.106
692  mtREV+F+R7    26696.776    236 53865.552    54448.177    54824.056
699  mtREV+F+I+R5  26701.370    233 53868.739    54427.939    54815.059
700  mtREV+F+I+R6  26700.604    235 53871.208    54445.923    54825.650
713  mtART+R6      27607.845    215 55645.689    56081.745    56518.902
714  mtART+R7      27604.112    217 55642.223    56090.621    56523.559
721  mtART+I+R5    27613.903    214 55655.806    56085.806    56524.957
722  mtART+I+R6    27601.415    216 55634.830    56077.019    56512.105
735  mtART+F+R6    26749.547    234 53967.094    54534.001    54917.475
736  mtART+F+R7    26738.507    236 53949.014    54531.639    54907.518
743  mtART+F+I+R5  26755.414    233 53976.827    54536.027    54923.147
744  mtART+F+I+R6  26740.233    235 53950.466    54525.181    54904.909
757  mtZOA+R6      27151.476    215 54732.951    55169.007    55606.164
758  mtZOA+R7      27145.757    217 54725.513    55173.911    55606.850
765  mtZOA+I+R5    27156.022    214 54740.043    55170.043    55609.195
766  mtZOA+I+R6    27143.851    216 54719.701    55161.890    55596.976
779  mtZOA+F+R6    26520.421    234 53508.842    54075.749    54459.223
780  mtZOA+F+R7    26511.419    236 53494.838    54077.463    54453.342
787  mtZOA+F+I+R5  26524.318    233 53514.637    54073.837    54460.956
788  mtZOA+F+I+R6  26515.208    235 53500.416    54075.131    54454.858
801  mtMet+R6      27453.808    215 55337.615    55773.671    56210.828
802  mtMet+R7      27439.092    217 55312.184    55760.582    56193.520
809  mtMet+I+R5    27457.236    214 55342.471    55772.471    56211.623
810  mtMet+I+R6    27441.314    216 55314.629    55756.817    56191.903
823  mtMet+F+R6    26646.670    234 53761.340    54328.247    54711.721
824  mtMet+F+R7    26640.679    236 53753.358    54335.983    54711.861
831  mtMet+F+I+R5  26656.993    233 53779.987    54339.187    54726.306
832  mtMet+F+I+R6  26643.926    235 53757.852    54332.567    54712.294
845  mtVer+R6      27618.246    215 55666.493    56102.549    56539.706
846  mtVer+R7      27610.539    217 55655.077    56103.475    56536.414
853  mtVer+I+R5    27630.997    214 55689.995    56119.995    56559.147
854  mtVer+I+R6    27614.740    216 55661.480    56103.668    56538.754
867  mtVer+F+R6    27041.156    234 54550.312    55117.219    55500.693
868  mtVer+F+R7    27033.058    236 54538.117    55120.742    55496.621
875  mtVer+F+I+R5  27052.430    233 54570.860    55130.060    55517.179
876  mtVer+F+I+R6  27037.421    235 54544.842    55119.557    55499.284
889  mtInv+R6      27573.216    215 55576.432    56012.488    56449.645
890  mtInv+R7      27563.006    217 55560.012    56008.410    56441.348
897  mtInv+I+R5    27578.897    214 55585.795    56015.795    56454.946
898  mtInv+I+R6    27564.835    216 55561.670    56003.858    56438.944
911  mtInv+F+R6    26509.340    234 53486.679    54053.586    54437.060
912  mtInv+F+R7    26501.365    236 53474.730    54057.355    54433.234
919  mtInv+F+I+R5  26513.277    233 53492.554    54051.754    54438.874
920  mtInv+F+I+R6  26505.968    235 53481.937    54056.652    54436.379
933  mtMAM+R6      27965.130    215 56360.261    56796.317    57233.474
934  mtMAM+R7      27957.183    217 56348.365    56796.763    57229.701
941  mtMAM+I+R5    27981.038    214 56390.077    56820.077    57259.228
942  mtMAM+I+R6    27961.429    216 56354.858    56797.047    57232.133
955  mtMAM+F+R6    27183.227    234 54834.454    55401.361    55784.835
956  mtMAM+F+R7    27177.197    236 54826.394    55409.019    55784.898
963  mtMAM+F+I+R5  27198.435    233 54862.869    55422.069    55809.189
964  mtMAM+F+I+R6  27180.126    235 54830.252    55404.967    55784.695
WARNING: Normalizing state frequencies so that sum of them equals to 1
977  FLAVI+R6      27929.035    215 56288.071    56724.127    57161.284
WARNING: Normalizing state frequencies so that sum of them equals to 1
978  FLAVI+R7      27915.943    217 56265.886    56714.284    57147.222
WARNING: Normalizing state frequencies so that sum of them equals to 1
985  FLAVI+I+R5    27922.359    214 56272.719    56702.719    57141.871
WARNING: Normalizing state frequencies so that sum of them equals to 1
986  FLAVI+I+R6    27916.488    216 56264.976    56707.164    57142.250
WARNING: Normalizing state frequencies so that sum of them equals to 1
999  FLAVI+F+R6    27566.299    234 55600.598    56167.505    56550.978
WARNING: Normalizing state frequencies so that sum of them equals to 1
1000  FLAVI+F+R7    27553.458    236 55578.916    56161.541    56537.419
WARNING: Normalizing state frequencies so that sum of them equals to 1
1007  FLAVI+F+I+R5  27573.846    233 55613.693    56172.893    56560.012
WARNING: Normalizing state frequencies so that sum of them equals to 1
1008  FLAVI+F+I+R6  27557.081    235 55584.162    56158.877    56538.605
1021  HIVb+R6       27304.341    215 55038.681    55474.738    55911.895
1022  HIVb+R7       27298.542    217 55031.083    55479.481    55912.419
1029  HIVb+I+R5     27308.001    214 55044.003    55474.003    55913.154
1030  HIVb+I+R6     27299.930    216 55031.859    55474.048    55909.134
1043  HIVb+F+R6     27066.064    234 54600.128    55167.035    55550.509
1044  HIVb+F+R7     27061.591    236 54595.182    55177.807    55553.686
1051  HIVb+F+I+R5   27072.132    233 54610.264    55169.464    55556.583
1052  HIVb+F+I+R6   27063.107    235 54596.213    55170.928    55550.656
1065  HIVw+R6       28296.816    215 57023.632    57459.689    57896.846
1066  HIVw+R7       28291.233    217 57016.466    57464.864    57897.802
1073  HIVw+I+R5     28304.583    214 57037.167    57467.167    57906.318
1074  HIVw+I+R6     28289.732    216 57011.465    57453.653    57888.739
1087  HIVw+F+R6     28047.920    234 56563.839    57130.746    57514.220
1088  HIVw+F+R7     28042.163    236 56556.325    57138.950    57514.829
1095  HIVw+F+I+R5   28062.543    233 56591.086    57150.286    57537.406
1096  HIVw+F+I+R6   28041.331    235 56552.663    57127.378    57507.105
1109  FLU+R6        27155.601    215 54741.203    55177.259    55614.416
1110  FLU+R7        27147.700    217 54729.400    55177.798    55610.736
1117  FLU+I+R5      27155.830    214 54739.661    55169.661    55608.812
1118  FLU+I+R6      27146.563    216 54725.126    55167.315    55602.401
1131  FLU+F+R6      27092.455    234 54652.909    55219.816    55603.290
1132  FLU+F+R7      27081.243    236 54634.486    55217.111    55592.990
1139  FLU+F+I+R5    27092.215    233 54650.430    55209.630    55596.750
1140  FLU+F+I+R6    27081.330    235 54632.660    55207.375    55587.102
1153  rtREV+R6      26463.904    215 53357.809    53793.865    54231.022
1154  rtREV+R7      26455.735    217 53345.470    53793.868    54226.806
1161  rtREV+I+R5    26465.061    214 53358.121    53788.121    54227.273
1162  rtREV+I+R6    26458.166    216 53348.332    53790.520    54225.606
1175  rtREV+F+R6    26270.759    234 53009.519    53576.426    53959.899
1176  rtREV+F+R7    26265.635    236 53003.269    53585.894    53961.773
1183  rtREV+F+I+R5  26273.518    233 53013.036    53572.236    53959.356
1184  rtREV+F+I+R6  26269.435    235 53008.871    53583.586    53963.313
1197  cpREV+R6      26597.005    215 53624.010    54060.066    54497.223
1198  cpREV+R7      26596.848    217 53627.696    54076.094    54509.032
1205  cpREV+I+R5    26604.098    214 53636.196    54066.196    54505.348
1206  cpREV+I+R6    26595.498    216 53622.995    54065.184    54500.270
1219  cpREV+F+R6    26653.529    234 53775.059    54341.966    54725.440
1220  cpREV+F+R7    26652.971    236 53777.941    54360.566    54736.445
1227  cpREV+F+I+R5  26660.807    233 53787.614    54346.814    54733.934
1228  cpREV+F+I+R6  26651.622    235 53773.243    54347.958    54727.686
Akaike Information Criterion:           Q.yeast+R7
Corrected Akaike Information Criterion: Q.yeast+R6
Bayesian Information Criterion:         Q.yeast+R7
Best-fit model: Q.yeast+R7 chosen according to BIC

All model information printed to gene_order/flagellar_trees/gene_trees/flgr.model.gz
CPU time for ModelFinder: 2086.034 seconds (0h:34m:46s)
Wall-clock time for ModelFinder: 524.425 seconds (0h:8m:44s)
Generating 1000 samples for ultrafast bootstrap (seed: 958501)...
WARNING: Normalizing state frequencies so that sum of them equals to 1

NOTE: 44 MB RAM (0 GB) is required!
Estimate model parameters (epsilon = 0.100)
1. Initial log-likelihood: -26098.279
2. Current log-likelihood: -26079.712
3. Current log-likelihood: -26078.834
4. Current log-likelihood: -26078.126
5. Current log-likelihood: -26077.307
6. Current log-likelihood: -26076.400
7. Current log-likelihood: -26076.017
8. Current log-likelihood: -26075.890
Optimal log-likelihood: -26075.782
Site proportion and rates:  (0.276,0.021) (0.181,0.207) (0.187,0.583) (0.123,1.145) (0.108,1.923) (0.098,3.380) (0.028,6.041)
Parameters optimization took 8 rounds (4.807 sec)
Wrote distance file to... 
Computing ML distances based on estimated model parameters...
Calculating distance matrix: done in 0.390114 secs using 398.6% CPU
Computing ML distances took 0.390240 sec (of wall-clock time) 1.555106 sec (of CPU time)
Setting up auxiliary I and S matrices: done in 0.000281723 secs using 240.3% CPU
Computing RapidNJ tree took 0.024219 sec (of wall-clock time) 0.016320 sec (of CPU time)
Log-likelihood of RapidNJ tree: -26208.790
--------------------------------------------------------------------
|             INITIALIZING CANDIDATE TREE SET                      |
--------------------------------------------------------------------
Generating 98 parsimony trees... 1.384 second
Computing log-likelihood of 98 initial trees ... 4.399 seconds
Current best score: -26075.782

Do NNI search on 20 best initial trees
Estimate model parameters (epsilon = 0.100)
BETTER TREE FOUND at iteration 1: -26075.430
Estimate model parameters (epsilon = 0.100)
BETTER TREE FOUND at iteration 6: -26067.101
Iteration 10 / LogL: -26087.963 / Time: 0h:9m:3s
Iteration 20 / LogL: -26089.186 / Time: 0h:9m:9s
Finish initializing candidate tree set (17)
Current best tree score: -26067.101 / CPU time: 18.880
Number of iterations: 20
--------------------------------------------------------------------
|               OPTIMIZING CANDIDATE TREE SET                      |
--------------------------------------------------------------------
Estimate model parameters (epsilon = 0.100)
BETTER TREE FOUND at iteration 27: -26066.685
Iteration 30 / LogL: -26087.212 / Time: 0h:9m:17s (0h:1m:51s left)
Iteration 40 / LogL: -26067.032 / Time: 0h:9m:26s (0h:1m:34s left)
Iteration 50 / LogL: -26067.121 / Time: 0h:9m:34s (0h:1m:19s left)
Log-likelihood cutoff on original alignment: -26142.971
Iteration 60 / LogL: -26067.269 / Time: 0h:9m:42s (0h:1m:5s left)
Iteration 70 / LogL: -26067.003 / Time: 0h:9m:50s (0h:0m:54s left)
Iteration 80 / LogL: -26103.456 / Time: 0h:9m:58s (0h:0m:44s left)
Iteration 90 / LogL: -26066.903 / Time: 0h:10m:6s (0h:0m:34s left)
Iteration 100 / LogL: -26067.693 / Time: 0h:10m:15s (0h:0m:24s left)
Log-likelihood cutoff on original alignment: -26142.971
NOTE: Bootstrap correlation coefficient of split occurrence frequencies: 0.999
Iteration 110 / LogL: -26070.170 / Time: 0h:10m:23s (0h:1m:21s left)
Iteration 120 / LogL: -26066.922 / Time: 0h:10m:31s (0h:1m:12s left)
TREE SEARCH COMPLETED AFTER 128 ITERATIONS / Time: 0h:10m:38s

--------------------------------------------------------------------
|                    FINALIZING TREE SEARCH                        |
--------------------------------------------------------------------
Performs final model parameters optimization
Estimate model parameters (epsilon = 0.010)
1. Initial log-likelihood: -26066.685
2. Current log-likelihood: -26066.648
3. Current log-likelihood: -26066.600
4. Current log-likelihood: -26066.556
5. Current log-likelihood: -26066.516
6. Current log-likelihood: -26066.481
7. Current log-likelihood: -26066.448
8. Current log-likelihood: -26066.418
9. Current log-likelihood: -26066.401
10. Current log-likelihood: -26066.385
11. Current log-likelihood: -26066.371
12. Current log-likelihood: -26066.357
13. Current log-likelihood: -26066.343
14. Current log-likelihood: -26066.331
15. Current log-likelihood: -26066.319
16. Current log-likelihood: -26066.307
17. Current log-likelihood: -26066.296
18. Current log-likelihood: -26066.285
Optimal log-likelihood: -26066.271
Site proportion and rates:  (0.262,0.018) (0.180,0.179) (0.199,0.559) (0.133,1.153) (0.103,1.960) (0.097,3.414) (0.027,6.101)
Parameters optimization took 18 rounds (9.765 sec)
BEST SCORE FOUND : -26066.271
Creating bootstrap support values...
Split supports printed to NEXUS file gene_order/flagellar_trees/gene_trees/flgr.splits.nex
Total tree length: 20.243

Total number of iterations: 128
CPU time used for tree search: 424.953 sec (0h:7m:4s)
Wall-clock time used for tree search: 108.214 sec (0h:1m:48s)
Total CPU time used: 2573.012 sec (0h:42m:53s)
Total wall-clock time used: 648.359 sec (0h:10m:48s)

Computing bootstrap consensus tree...
Reading input file gene_order/flagellar_trees/gene_trees/flgr.splits.nex...
104 taxa and 404 splits.
Consensus tree written to gene_order/flagellar_trees/gene_trees/flgr.contree
Reading input trees file gene_order/flagellar_trees/gene_trees/flgr.contree
Log-likelihood of consensus tree: -26066.264

Analysis results written to: 
  IQ-TREE report:                gene_order/flagellar_trees/gene_trees/flgr.iqtree
  Maximum-likelihood tree:       gene_order/flagellar_trees/gene_trees/flgr.treefile
  Likelihood distances:          gene_order/flagellar_trees/gene_trees/flgr.mldist

Ultrafast bootstrap approximation results written to:
  Split support values:          gene_order/flagellar_trees/gene_trees/flgr.splits.nex
  Consensus tree:                gene_order/flagellar_trees/gene_trees/flgr.contree
  Screen log file:               gene_order/flagellar_trees/gene_trees/flgr.log

Date and Time: Sat Sep 26 10:09:27 2026
