IQ-TREE multicore version 2.4.0 for Linux x86 64-bit built Feb 12 2025
Developed by Bui Quang Minh, Nguyen Lam Tung, Olga Chernomor, Heiko Schmidt,
Dominik Schrempf, Michael Woodhams, Ly Trong Nhan, Thomas Wong

Host:    k142 (AVX512, FMA3, 503 GB RAM)
Command: iqtree2 -s gene_order/flagellar_trees/trimmed/flgs.faa -m MFP -B 1000 -T 4 --prefix gene_order/flagellar_trees/gene_trees/flgs
Seed:    248938 (Using SPRNG - Scalable Parallel Random Number Generator)
Time:    Sat Sep 26 09:58:40 2026
Kernel:  AVX+FMA - 4 threads (4 CPU cores detected)

Reading alignment file gene_order/flagellar_trees/trimmed/flgs.faa ... Fasta format detected
Reading fasta file: done in 0.000424834 secs using 42.84% CPU
Alignment most likely contains protein sequences
Alignment has 103 sequences with 270 columns, 244 distinct patterns
218 parsimony-informative, 10 singleton sites, 42 constant sites
                 Gap/Ambiguity  Composition  p-value
Analyzing sequences: done in 2.03643e-05 secs using 2278% CPU
   1  GCF_000012965.1    5.56%    passed     31.87%
   2  GCF_000024885.1    1.85%    passed     99.95%
   3  GCF_000147355.1    5.56%    passed     96.64%
   4  GCF_000155475.1    1.85%    passed     75.43%
   5  GCF_000162575.1    4.07%    passed     99.50%
   6  GCF_000183725.1    5.19%    passed     47.65%
   7  GCF_000196135.1    3.70%    passed     92.14%
   8  GCF_000200595.1    4.81%    passed     99.44%
   9  GCF_000242915.1    6.30%    passed     82.03%
  10  GCF_000254135.1    1.85%    passed     87.24%
  11  GCF_000259275.1    3.33%    passed     99.46%
  12  GCF_000265295.1    1.85%    passed     99.84%
  13  GCF_000445475.1    6.30%    passed     60.32%
  14  GCF_000507845.1    4.07%    passed     23.76%
  15  GCF_000518225.1    4.07%    passed     97.57%
  16  GCF_000568815.1    1.85%    passed     99.87%
  17  GCF_000597725.1    1.85%    passed     99.98%
  18  GCF_000686565.1    4.07%    passed     99.84%
  19  GCF_000687535.1    4.07%    passed     98.49%
  20  GCF_000736415.1    4.44%    passed     95.11%
  21  GCF_000762845.2    1.85%    passed     93.49%
  22  GCF_000762875.2    3.70%    passed     99.76%
  23  GCF_000763135.2    1.85%    passed     95.48%
  24  GCF_000765805.2    4.07%    passed     98.26%
  25  GCF_000765905.2    4.07%    passed     99.94%
  26  GCF_000813325.1    1.85%    passed     95.88%
  27  GCF_000816185.1    1.85%    passed     79.32%
  28  GCF_000816305.1    1.85%    passed     95.51%
  29  GCF_000816785.1    2.22%    passed     99.12%
  30  GCF_001282945.1    4.07%    passed     98.76%
  31  GCF_001283065.1    4.07%    passed     97.85%
  32  GCF_001298465.1    5.19%    passed     99.52%
  33  GCF_001457695.1    1.85%    passed     96.56%
  34  GCF_001602095.1    2.96%    passed     85.86%
  35  GCF_001687475.2    1.85%    passed     80.11%
  36  GCF_001693335.1    4.07%    passed     66.49%
  37  GCF_001723605.1    1.85%    passed     99.81%
  38  GCF_002021925.1    5.56%    passed     95.44%
  39  GCF_002080395.1    1.85%    passed     93.79%
  40  GCF_002104335.1    1.85%    passed     97.64%
  41  GCF_002139855.1    5.19%    passed     93.26%
  42  GCF_002139875.1    5.19%    passed     97.29%
  43  GCF_002139915.1    5.19%    passed     89.86%
  44  GCF_002139935.1    5.19%    passed     87.78%
  45  GCF_002238335.1    2.22%    passed     93.74%
  46  GCF_003245365.1    4.07%    passed     99.46%
  47  GCF_003364195.1    4.07%    passed     97.74%
  48  GCF_003364205.1    4.07%    passed     98.67%
  49  GCF_003364215.1    4.07%    passed     93.84%
  50  GCF_003364255.1    1.85%    passed     95.07%
  51  GCF_003364335.1    4.07%    passed     92.63%
  52  GCF_003660265.1    4.07%    passed     93.55%
  53  GCF_003660285.1    4.81%    passed     95.60%
  54  GCF_003660395.1    4.81%    passed     96.87%
  55  GCF_003670275.1    1.85%    passed     84.97%
  56  GCF_004323845.1    1.85%    passed     56.52%
  57  GCF_004803795.1    4.44%    passed     75.04%
  58  GCF_005217605.1    5.56%    passed     99.45%
  59  GCF_005406215.1    1.85%    passed     85.56%
  60  GCF_005406225.1    1.85%    passed     84.46%
  61  GCF_006864425.1    2.96%    passed     42.50%
  62  GCF_008245005.1    4.81%    passed     98.98%
  63  GCF_008245045.1    1.85%    passed     87.08%
  64  GCF_008693005.1    4.07%    passed     26.59%
  65  GCF_009068765.1    5.56%    passed     94.92%
  66  GCF_009192995.1    5.19%    passed     86.17%
  67  GCF_009258225.1    5.19%    passed     98.59%
  68  GCF_011769985.2    1.85%    passed     99.96%
  69  GCF_013201605.1    1.85%    passed     97.31%
  70  GCF_013372105.1    1.85%    passed     99.06%
  71  GCF_013372125.1    4.81%    passed     92.79%
  72  GCF_013372145.1    3.70%    passed     99.81%
  73  GCF_013372185.1    1.85%    passed     98.71%
  74  GCF_013372205.1    5.19%    passed     99.23%
  75  GCF_014253065.1    4.44%    passed     72.41%
  76  GCF_014905095.1    5.19%    passed     71.62%
  77  GCF_014905115.1    5.56%    passed     97.78%
  78  GCF_014905135.1    5.19%    passed     71.09%
  79  GCF_015265455.1    5.56%    passed     94.82%
  80  GCF_015265475.1    5.56%    passed     97.43%
  81  GCF_016593255.1    1.85%    passed     72.51%
  82  GCF_016806695.1    1.85%    passed     97.43%
  83  GCF_016937535.1    1.85%    passed     87.34%
  84  GCF_017357825.1    5.56%    passed     98.65%
  85  GCF_017979425.1    4.81%    passed     96.87%
  86  GCF_017979475.1    4.07%    passed     99.53%
  87  GCF_018145655.1    5.19%    passed     98.14%
  88  GCF_019711685.1    4.07%    passed     97.02%
  89  GCF_021300615.1    4.07%    passed     70.16%
  90  GCF_021300655.1    4.07%    passed     99.85%
  91  GCF_023646285.1    4.07%    passed     99.61%
  92  GCF_025770725.1    1.85%    passed     99.92%
  93  GCF_027859255.1    4.07%    passed     96.52%
  94  GCF_028649595.1    5.93%    passed     69.14%
  95  GCF_028751035.1    4.07%    passed     99.05%
  96  GCF_900115615.1    1.85%    passed     93.11%
  97  GCF_900461455.1    3.33%    passed     99.49%
  98  GCF_900475935.1    2.96%    passed     89.81%
  99  GCF_900476215.1    4.07%    passed     54.33%
 100  GCF_900478295.1    3.33%    passed     99.47%
 101  GCF_900637395.1    1.85%    passed     96.78%
 102  GCF_905120465.1    5.19%    passed     68.98%
 103  GCF_905120475.1    5.19%    passed     99.01%
****  TOTAL              3.68%  0 sequences failed composition chi2 test (p-value<5%; df=19)
NOTE: GCF_017979425.1 is identical to GCF_003660395.1 but kept for subsequent analysis


Create initial parsimony tree by phylogenetic likelihood library (PLL)... 0.026 seconds
Perform fast likelihood tree search using LG+I+G model...
Estimate model parameters (epsilon = 5.000)
Perform nearest neighbor interchange...
Estimate model parameters (epsilon = 1.000)
1. Initial log-likelihood: -17010.576
Optimal log-likelihood: -17010.537
Proportion of invariable sites: 0.136
Gamma shape alpha: 0.971
Parameters optimization took 1 rounds (0.086 sec)
Time for fast ML tree search: 0.851 seconds

NOTE: ModelFinder requires 43 MB RAM!
ModelFinder will test up to 1232 protein models (sample size: 270 epsilon: 0.100) ...
 No. Model         -LnL         df  AIC          AICc         BIC
  1  LG            18464.211    203 37334.421    38589.330    38064.901
  2  LG+I          18033.605    204 36475.209    37761.978    37209.287
  3  LG+G4         17039.953    204 34487.906    35774.675    35221.984
  4  LG+I+G4       17010.530    205 34431.060    35750.747    35168.736
  5  LG+R2         17306.011    205 35022.022    36341.709    35759.698
  6  LG+R3         17100.643    207 34615.285    36004.189    35360.159
  7  LG+R4         17017.499    209 34452.998    35915.998    35205.068
  8  LG+R5         17002.473    211 34426.945    35969.428    35186.213
  9  LG+R6         16987.157    213 34400.313    36028.242    35166.777
 10  LG+R7         16985.731    215 34401.462    36121.462    35175.123
 14  LG+I+R2       17188.553    206 34789.106    36142.820    35530.381
 15  LG+I+R3       17031.849    208 34479.698    35905.010    35228.170
 16  LG+I+R4       16997.291    210 34414.582    35916.616    35170.250
 17  LG+I+R5       16981.258    212 34386.515    35970.936    35149.381
 18  LG+I+R6       16979.202    214 34386.405    36059.496    35156.467
 39  LG+F+I+R5     16888.866    231 34239.731    37060.363    35070.967
 40  LG+F+I+R6     16886.759    233 34239.518    37268.518    35077.951
 61  WAG+I+R5      17118.104    212 34660.208    36244.629    35423.074
 62  WAG+I+R6      17115.853    214 34659.705    36332.796    35429.768
 83  WAG+F+I+R5    17034.564    231 34531.127    37351.759    35362.363
 84  WAG+F+I+R6    17031.093    233 34528.187    37557.187    35366.619
105  JTT+I+R5      17112.137    212 34648.274    36232.695    35411.140
106  JTT+I+R6      17107.047    214 34642.095    36315.185    35412.157
127  JTT+F+I+R5    16947.549    231 34357.097    37177.729    35188.333
128  JTT+F+I+R6    16942.196    233 34350.393    37379.393    35188.825
WARNING: Normalizing state frequencies so that sum of them equals to 1
149  Q.pfam+I+R5   17006.595    212 34437.190    36021.611    35200.055
WARNING: Normalizing state frequencies so that sum of them equals to 1
150  Q.pfam+I+R6   17005.273    214 34438.545    36111.636    35208.607
WARNING: Normalizing state frequencies so that sum of them equals to 1
171  Q.pfam+F+I+R5 16892.154    231 34246.308    37066.939    35077.543
WARNING: Normalizing state frequencies so that sum of them equals to 1
172  Q.pfam+F+I+R6 16889.517    233 34245.034    37274.034    35083.467
WARNING: Normalizing state frequencies so that sum of them equals to 1
193  Q.bird+I+R5   17317.134    212 35058.267    36642.689    35821.133
WARNING: Normalizing state frequencies so that sum of them equals to 1
194  Q.bird+I+R6   17311.336    214 35050.673    36723.763    35820.735
WARNING: Normalizing state frequencies so that sum of them equals to 1
215  Q.bird+F+I+R5 17109.777    231 34681.555    37502.186    35512.790
WARNING: Normalizing state frequencies so that sum of them equals to 1
216  Q.bird+F+I+R6 17105.960    233 34677.921    37706.921    35516.353
WARNING: Normalizing state frequencies so that sum of them equals to 1
237  Q.mammal+I+R5 17233.150    212 34890.301    36474.722    35653.166
WARNING: Normalizing state frequencies so that sum of them equals to 1
238  Q.mammal+I+R6 17228.252    214 34884.504    36557.595    35654.567
WARNING: Normalizing state frequencies so that sum of them equals to 1
259  Q.mammal+F+I+R5 17020.473    231 34502.946    37323.578    35334.182
WARNING: Normalizing state frequencies so that sum of them equals to 1
260  Q.mammal+F+I+R6 17017.595    233 34501.190    37530.190    35339.623
281  Q.insect+I+R5 16902.489    212 34228.977    35813.398    34991.843
282  Q.insect+I+R6 16899.195    214 34226.391    35899.482    34996.453
303  Q.insect+F+I+R5 16855.076    231 34172.152    36992.784    35003.388
304  Q.insect+F+I+R6 16851.757    233 34169.513    37198.513    35007.945
WARNING: Normalizing state frequencies so that sum of them equals to 1
325  Q.plant+I+R5  17017.520    212 34459.040    36043.461    35221.906
WARNING: Normalizing state frequencies so that sum of them equals to 1
326  Q.plant+I+R6  17012.536    214 34453.072    36126.163    35223.134
WARNING: Normalizing state frequencies so that sum of them equals to 1
347  Q.plant+F+I+R5 16913.094    231 34288.187    37108.819    35119.423
WARNING: Normalizing state frequencies so that sum of them equals to 1
348  Q.plant+F+I+R6 16908.951    233 34283.903    37312.903    35122.335
WARNING: Normalizing state frequencies so that sum of them equals to 1
369  Q.yeast+I+R5  16869.303    212 34162.606    35747.027    34925.471
WARNING: Normalizing state frequencies so that sum of them equals to 1
370  Q.yeast+I+R6  16866.415    214 34160.830    35833.921    34930.892
WARNING: Normalizing state frequencies so that sum of them equals to 1
391  Q.yeast+F+I+R5 16844.808    231 34151.617    36972.248    34982.852
WARNING: Normalizing state frequencies so that sum of them equals to 1
392  Q.yeast+F+I+R6 16842.266    233 34150.532    37179.532    34988.964
413  JTTDCMut+I+R5 17110.922    212 34645.845    36230.266    35408.710
414  JTTDCMut+I+R6 17105.426    214 34638.852    36311.943    35408.914
435  JTTDCMut+F+I+R5 16948.029    231 34358.058    37178.690    35189.294
436  JTTDCMut+F+I+R6 16942.200    233 34350.400    37379.400    35188.832
457  DCMut+I+R5    17279.141    212 34982.282    36566.703    35745.148
458  DCMut+I+R6    17273.877    214 34975.754    36648.845    35745.816
479  DCMut+F+I+R5  17128.909    231 34719.818    37540.450    35551.053
480  DCMut+F+I+R6  17126.064    233 34718.128    37747.128    35556.560
501  VT+I+R5       17126.781    212 34677.563    36261.984    35440.428
502  VT+I+R6       17124.831    214 34677.662    36350.753    35447.724
523  VT+F+I+R5     17049.785    231 34561.571    37382.202    35392.806
524  VT+F+I+R6     17048.345    233 34562.689    37591.689    35401.122
545  PMB+I+R5      17326.537    212 35077.074    36661.495    35839.939
546  PMB+I+R6      17325.402    214 35078.804    36751.895    35848.866
567  PMB+F+I+R5    17235.554    231 34933.109    37753.741    35764.344
568  PMB+F+I+R6    17234.470    233 34934.940    37963.940    35773.372
589  Blosum62+I+R5 17286.457    212 34996.915    36581.336    35759.780
590  Blosum62+I+R6 17284.431    214 34996.861    36669.952    35766.924
611  Blosum62+F+I+R5 17219.446    231 34900.892    37721.524    35732.128
612  Blosum62+F+I+R6 17217.863    233 34901.726    37930.726    35740.158
633  Dayhoff+I+R5  17278.235    212 34980.469    36564.890    35743.335
634  Dayhoff+I+R6  17273.017    214 34974.034    36647.125    35744.097
655  Dayhoff+F+I+R5 17127.548    231 34717.096    37537.727    35548.331
656  Dayhoff+F+I+R6 17124.707    233 34715.414    37744.414    35553.846
677  mtREV+I+R5    17642.981    212 35709.963    37294.384    36472.828
678  mtREV+I+R6    17637.770    214 35703.540    37376.631    36473.602
699  mtREV+F+I+R5  17234.012    231 34930.025    37750.657    35761.260
700  mtREV+F+I+R6  17225.625    233 34917.251    37946.251    35755.683
721  mtART+I+R5    17708.332    212 35840.663    37425.084    36603.529
722  mtART+I+R6    17699.653    214 35827.305    37500.396    36597.367
743  mtART+F+I+R5  17321.942    231 35105.885    37926.516    35937.120
744  mtART+F+I+R6  17313.578    233 35093.157    38122.157    35931.589
765  mtZOA+I+R5    17402.059    212 35228.119    36812.540    35990.984
766  mtZOA+I+R6    17395.064    214 35218.129    36891.220    35988.191
787  mtZOA+F+I+R5  17105.500    231 34672.999    37493.631    35504.235
788  mtZOA+F+I+R6  17099.133    233 34664.266    37693.266    35502.698
809  mtMet+I+R5    17503.545    212 35431.090    37015.511    36193.955
810  mtMet+I+R6    17497.191    214 35422.382    37095.473    36192.445
831  mtMet+F+I+R5  17108.400    231 34678.800    37499.432    35510.036
832  mtMet+F+I+R6  17103.389    233 34672.778    37701.778    35511.210
853  mtVer+I+R5    17651.945    212 35727.890    37312.311    36490.756
854  mtVer+I+R6    17644.899    214 35717.799    37390.890    36487.861
875  mtVer+F+I+R5  17317.419    231 35096.839    37917.471    35928.074
876  mtVer+F+I+R6  17315.300    233 35096.599    38125.599    35935.032
897  mtInv+I+R5    17590.532    212 35605.064    37189.485    36367.929
898  mtInv+I+R6    17586.920    214 35601.841    37274.932    36371.903
919  mtInv+F+I+R5  17065.928    231 34593.856    37414.487    35425.091
920  mtInv+F+I+R6  17062.599    233 34591.198    37620.198    35429.630
941  mtMAM+I+R5    17871.219    212 36166.438    37750.859    36929.303
942  mtMAM+I+R6    17859.341    214 36146.683    37819.774    36916.745
963  mtMAM+F+I+R5  17479.758    231 35421.516    38242.148    36252.752
964  mtMAM+F+I+R6  17470.629    233 35407.258    38436.258    36245.691
WARNING: Normalizing state frequencies so that sum of them equals to 1
985  FLAVI+I+R5    17824.696    212 36073.392    37657.813    36836.258
WARNING: Normalizing state frequencies so that sum of them equals to 1
986  FLAVI+I+R6    17818.094    214 36064.188    37737.279    36834.250
WARNING: Normalizing state frequencies so that sum of them equals to 1
1007  FLAVI+F+I+R5  17515.962    231 35493.924    38314.556    36325.160
WARNING: Normalizing state frequencies so that sum of them equals to 1
1008  FLAVI+F+I+R6  17511.179    233 35488.358    38517.358    36326.790
1029  HIVb+I+R5     17471.436    212 35366.871    36951.292    36129.737
1030  HIVb+I+R6     17468.408    214 35364.815    37037.906    36134.878
1051  HIVb+F+I+R5   17271.256    231 35004.512    37825.144    35835.748
1052  HIVb+F+I+R6   17268.176    233 35002.352    38031.352    35840.784
1073  HIVw+I+R5     18088.888    212 36601.776    38186.197    37364.641
1074  HIVw+I+R6     18086.052    214 36600.103    38273.194    37370.165
1095  HIVw+F+I+R5   17795.647    231 36053.294    38873.925    36884.529
1096  HIVw+F+I+R6   17792.889    233 36051.778    39080.778    36890.210
1117  FLU+I+R5      17337.459    212 35098.918    36683.339    35861.783
1118  FLU+I+R6      17337.030    214 35102.060    36775.151    35872.122
1139  FLU+F+I+R5    17211.698    231 34885.397    37706.028    35716.632
1140  FLU+F+I+R6    17209.957    233 34885.915    37914.915    35724.347
1161  rtREV+I+R5    17215.792    212 34855.584    36440.005    35618.449
1162  rtREV+I+R6    17215.777    214 34859.554    36532.645    35629.617
1183  rtREV+F+I+R5  17008.211    231 34478.422    37299.054    35309.657
1184  rtREV+F+I+R6  17007.561    233 34481.122    37510.122    35319.554
1205  cpREV+I+R5    17118.094    212 34660.189    36244.610    35423.054
+I+R6 reinitialized from +I+R5 with factor 0.500
1206  cpREV+I+R6    17117.864    214 34663.728    36336.819    35433.791
1227  cpREV+F+I+R5  17162.663    231 34787.326    37607.958    35618.562
1228  cpREV+F+I+R6  17162.035    233 34790.070    37819.070    35628.503
Akaike Information Criterion:           Q.yeast+F+I+R6
Corrected Akaike Information Criterion: Q.yeast+I+R5
Bayesian Information Criterion:         Q.yeast+I+R5
Best-fit model: Q.yeast+I+R5 chosen according to BIC

All model information printed to gene_order/flagellar_trees/gene_trees/flgs.model.gz
CPU time for ModelFinder: 908.032 seconds (0h:15m:8s)
Wall-clock time for ModelFinder: 227.955 seconds (0h:3m:47s)
Generating 1000 samples for ultrafast bootstrap (seed: 248938)...
WARNING: Normalizing state frequencies so that sum of them equals to 1

NOTE: 22 MB RAM (0 GB) is required!
Estimate model parameters (epsilon = 0.100)
1. Initial log-likelihood: -16890.021
2. Current log-likelihood: -16873.588
3. Current log-likelihood: -16871.460
4. Current log-likelihood: -16870.971
5. Current log-likelihood: -16870.589
6. Current log-likelihood: -16870.302
7. Current log-likelihood: -16870.160
8. Current log-likelihood: -16870.032
9. Current log-likelihood: -16869.924
Optimal log-likelihood: -16869.776
Proportion of invariable sites: 0.137
Site proportion and rates:  (0.295,0.206) (0.219,0.645) (0.221,1.488) (0.108,3.154) (0.019,6.646)
Parameters optimization took 9 rounds (3.098 sec)
Wrote distance file to... 
Computing ML distances based on estimated model parameters...
Calculating distance matrix: done in 0.476403 secs using 399.1% CPU
Computing ML distances took 0.476524 sec (of wall-clock time) 1.901298 sec (of CPU time)
Setting up auxiliary I and S matrices: done in 0.00600114 secs using 162% CPU
Computing RapidNJ tree took 0.050142 sec (of wall-clock time) 0.049872 sec (of CPU time)
Log-likelihood of RapidNJ tree: -16993.050
--------------------------------------------------------------------
|             INITIALIZING CANDIDATE TREE SET                      |
--------------------------------------------------------------------
Generating 98 parsimony trees... 1.926 second
Computing log-likelihood of 98 initial trees ... 3.620 seconds
Current best score: -16869.776

Do NNI search on 20 best initial trees
Estimate model parameters (epsilon = 0.100)
BETTER TREE FOUND at iteration 1: -16867.679
Iteration 10 / LogL: -16869.121 / Time: 0h:4m:2s
Iteration 20 / LogL: -16874.540 / Time: 0h:4m:6s
Finish initializing candidate tree set (15)
Current best tree score: -16867.679 / CPU time: 14.640
Number of iterations: 20
--------------------------------------------------------------------
|               OPTIMIZING CANDIDATE TREE SET                      |
--------------------------------------------------------------------
Estimate model parameters (epsilon = 0.100)
BETTER TREE FOUND at iteration 21: -16858.127
Iteration 30 / LogL: -16859.284 / Time: 0h:4m:13s (0h:1m:21s left)
Estimate model parameters (epsilon = 0.100)
BETTER TREE FOUND at iteration 31: -16856.943
Iteration 40 / LogL: -16857.731 / Time: 0h:4m:21s (0h:1m:19s left)
Iteration 50 / LogL: -16863.856 / Time: 0h:4m:29s (0h:1m:8s left)
Log-likelihood cutoff on original alignment: -16893.924
Iteration 60 / LogL: -17000.411 / Time: 0h:4m:37s (0h:0m:59s left)
Estimate model parameters (epsilon = 0.100)
BETTER TREE FOUND at iteration 65: -16856.494
Iteration 70 / LogL: -16857.026 / Time: 0h:4m:44s (0h:1m:18s left)
Iteration 80 / LogL: -16857.831 / Time: 0h:4m:52s (0h:1m:9s left)
Iteration 90 / LogL: -16857.698 / Time: 0h:4m:59s (0h:1m:0s left)
Iteration 100 / LogL: -16922.209 / Time: 0h:5m:6s (0h:0m:51s left)
Log-likelihood cutoff on original alignment: -16893.924
NOTE: Bootstrap correlation coefficient of split occurrence frequencies: 0.996
Iteration 110 / LogL: -16856.553 / Time: 0h:5m:14s (0h:1m:11s left)
Iteration 120 / LogL: -16857.034 / Time: 0h:5m:22s (0h:1m:3s left)
Iteration 130 / LogL: -16875.685 / Time: 0h:5m:29s (0h:0m:54s left)
Iteration 140 / LogL: -16886.484 / Time: 0h:5m:36s (0h:0m:46s left)
Iteration 150 / LogL: -16941.714 / Time: 0h:5m:43s (0h:0m:38s left)
Log-likelihood cutoff on original alignment: -16893.924
UPDATE BEST LOG-LIKELIHOOD: -16856.494
Iteration 160 / LogL: -16858.580 / Time: 0h:5m:51s (0h:0m:30s left)
Estimate model parameters (epsilon = 0.100)
BETTER TREE FOUND at iteration 165: -16856.220
Iteration 170 / LogL: -16856.246 / Time: 0h:5m:58s (0h:1m:13s left)
Iteration 180 / LogL: -16856.479 / Time: 0h:6m:6s (0h:1m:5s left)
Iteration 190 / LogL: -16858.218 / Time: 0h:6m:13s (0h:0m:57s left)
Iteration 200 / LogL: -16858.269 / Time: 0h:6m:20s (0h:0m:49s left)
Log-likelihood cutoff on original alignment: -16893.924
NOTE: Bootstrap correlation coefficient of split occurrence frequencies: 0.997
Iteration 210 / LogL: -16856.710 / Time: 0h:6m:28s (0h:1m:9s left)
Iteration 220 / LogL: -16857.533 / Time: 0h:6m:35s (0h:1m:1s left)
Iteration 230 / LogL: -16857.390 / Time: 0h:6m:42s (0h:0m:53s left)
Iteration 240 / LogL: -16856.224 / Time: 0h:6m:50s (0h:0m:45s left)
Iteration 250 / LogL: -16862.222 / Time: 0h:6m:57s (0h:0m:38s left)
Log-likelihood cutoff on original alignment: -16893.990
Iteration 260 / LogL: -16856.724 / Time: 0h:7m:5s (0h:0m:30s left)
UPDATE BEST LOG-LIKELIHOOD: -16856.219
TREE SEARCH COMPLETED AFTER 266 ITERATIONS / Time: 0h:7m:10s

--------------------------------------------------------------------
|                    FINALIZING TREE SEARCH                        |
--------------------------------------------------------------------
Performs final model parameters optimization
Estimate model parameters (epsilon = 0.010)
1. Initial log-likelihood: -16856.219
Optimal log-likelihood: -16856.210
Proportion of invariable sites: 0.136
Site proportion and rates:  (0.294,0.197) (0.228,0.648) (0.215,1.510) (0.108,3.148) (0.020,6.585)
Parameters optimization took 1 rounds (0.332 sec)
BEST SCORE FOUND : -16856.210
Creating bootstrap support values...
Split supports printed to NEXUS file gene_order/flagellar_trees/gene_trees/flgs.splits.nex
Total tree length: 19.136

Total number of iterations: 266
CPU time used for tree search: 778.351 sec (0h:12m:58s)
Wall-clock time used for tree search: 198.547 sec (0h:3m:18s)
Total CPU time used: 1703.453 sec (0h:28m:23s)
Total wall-clock time used: 430.972 sec (0h:7m:10s)

Computing bootstrap consensus tree...
Reading input file gene_order/flagellar_trees/gene_trees/flgs.splits.nex...
103 taxa and 437 splits.
Consensus tree written to gene_order/flagellar_trees/gene_trees/flgs.contree
Reading input trees file gene_order/flagellar_trees/gene_trees/flgs.contree
Log-likelihood of consensus tree: -16856.459

Analysis results written to: 
  IQ-TREE report:                gene_order/flagellar_trees/gene_trees/flgs.iqtree
  Maximum-likelihood tree:       gene_order/flagellar_trees/gene_trees/flgs.treefile
  Likelihood distances:          gene_order/flagellar_trees/gene_trees/flgs.mldist

Ultrafast bootstrap approximation results written to:
  Split support values:          gene_order/flagellar_trees/gene_trees/flgs.splits.nex
  Consensus tree:                gene_order/flagellar_trees/gene_trees/flgs.contree
  Screen log file:               gene_order/flagellar_trees/gene_trees/flgs.log

Date and Time: Sat Sep 26 10:05:51 2026
