IQ-TREE multicore version 2.4.0 for Linux x86 64-bit built Feb 12 2025
Developed by Bui Quang Minh, Nguyen Lam Tung, Olga Chernomor, Heiko Schmidt,
Dominik Schrempf, Michael Woodhams, Ly Trong Nhan, Thomas Wong

Host:    k142 (AVX512, FMA3, 503 GB RAM)
Command: iqtree2 -s gene_order/flagellar_trees/trimmed/flhb.faa -m MFP -B 1000 -T 4 --prefix gene_order/flagellar_trees/gene_trees/flhb
Seed:    880277 (Using SPRNG - Scalable Parallel Random Number Generator)
Time:    Sat Sep 26 09:58:42 2026
Kernel:  AVX+FMA - 4 threads (4 CPU cores detected)

Reading alignment file gene_order/flagellar_trees/trimmed/flhb.faa ... Fasta format detected
Reading fasta file: done in 0.000644101 secs
Alignment most likely contains protein sequences
Alignment has 152 sequences with 302 columns, 290 distinct patterns
268 parsimony-informative, 8 singleton sites, 26 constant sites
                 Gap/Ambiguity  Composition  p-value
Analyzing sequences: done in 3.93791e-05 secs using 627.2% CPU
   1  GCF_000012965.1    1.32%    passed     73.62%
   2  GCF_000021725.1    0.99%    passed     99.60%
   3  GCF_000024885.1    0.66%    passed     97.63%
   4  GCF_000092245.1    1.32%    passed     87.26%
   5  GCF_000147355.1    1.32%    passed     95.09%
   6  GCF_000155475.1    0.99%    passed     96.96%
   7  GCF_000162575.1    0.66%    passed     99.53%
   8  GCF_000183725.1    0.66%    passed     54.13%
   9  GCF_000194135.1    0.99%    passed     86.51%
  10  GCF_000196135.1    0.66%    passed     98.51%
  11  GCF_000200595.1    1.32%    passed      7.91%
  12  GCF_000242915.1    1.66%    passed     97.61%
  13  GCF_000254135.1    0.33%    passed     76.64%
  14  GCF_000259275.1    1.32%    passed     89.96%
  15  GCF_000265295.1    0.66%    passed     99.85%
  16  GCF_000420385.1    1.32%    passed     86.32%
  17  GCF_000445475.1    1.66%    passed     97.09%
  18  GCF_000507845.1    0.66%    passed     45.22%
  19  GCF_000518225.1    0.66%    passed     72.79%
  20  GCF_000568815.1    0.66%    passed     92.78%
  21  GCF_000597725.1    0.66%    passed     98.82%
  22  GCF_000686565.1    0.99%    passed     90.73%
  23  GCF_000687535.1    0.66%    passed     98.10%
  24  GCF_000736415.1    0.66%    passed     88.83%
  25  GCF_000744435.1    0.99%    passed     91.48%
  26  GCF_000762845.2    0.66%    passed     94.32%
  27  GCF_000762875.2    0.99%    passed     92.46%
  28  GCF_000763135.2    0.99%    passed     87.01%
  29  GCF_000765805.2    0.99%    passed     97.99%
  30  GCF_000765905.2    0.99%    passed     92.69%
  31  GCF_000813325.1    0.66%    passed     54.91%
  32  GCF_000816185.1    0.33%    passed     99.83%
  33  GCF_000816305.1    0.33%    passed     99.54%
  34  GCF_000816785.1    0.33%    passed     99.85%
  35  GCF_001282945.1    1.32%    passed     12.92%
  36  GCF_001283065.1    1.32%    passed     13.35%
  37  GCF_001298465.1    0.33%    passed     88.75%
  38  GCF_001457695.1    0.33%    passed     84.61%
  39  GCF_001602095.1    0.99%    passed     71.73%
  40  GCF_001687475.2    0.33%    passed     95.29%
  41  GCF_001693335.1    0.66%    passed     74.00%
  42  GCF_001723605.1    0.66%    passed     95.79%
  43  GCF_001956695.1    1.66%    passed     72.02%
  44  GCF_002021925.1    0.33%    passed     85.49%
  45  GCF_002080395.1    0.33%    passed     97.13%
  46  GCF_002104335.1    0.33%    passed     95.09%
  47  GCF_002119425.1    1.66%    passed     75.92%
  48  GCF_002139855.1    0.66%    passed     15.29%
  49  GCF_002139875.1    0.66%    passed     17.15%
  50  GCF_002139915.1    0.66%    passed     23.04%
  51  GCF_002139935.1    0.66%    passed     62.23%
  52  GCF_002238335.1    0.33%    passed     99.78%
  53  GCF_002335445.1    1.66%    passed     25.75%
  54  GCF_002837275.1    1.32%    passed     89.16%
  55  GCF_003063245.1    1.99%    passed     95.99%
  56  GCF_003063295.1    1.66%    passed     96.74%
  57  GCF_003245365.1    0.66%    passed     95.94%
  58  GCF_003316695.1    1.66%    passed     99.21%
  59  GCF_003346775.1    1.32%    passed     35.41%
  60  GCF_003346815.1    1.32%    passed     96.90%
  61  GCF_003355515.1    1.66%    passed     88.25%
  62  GCF_003364195.1    0.99%    passed     50.07%
  63  GCF_003364205.1    0.66%    passed     80.36%
  64  GCF_003364215.1    0.99%    passed     87.62%
  65  GCF_003364255.1    0.99%    passed     85.62%
  66  GCF_003364335.1    0.99%    passed     89.63%
  67  GCF_003544815.1    1.99%    passed     86.17%
  68  GCF_003544835.1    1.99%    passed     99.65%
  69  GCF_003544855.1    1.32%    passed     55.64%
  70  GCF_003544915.1    1.66%    passed     98.72%
  71  GCF_003544935.1    1.32%    passed     74.46%
  72  GCF_003660105.1    1.66%    passed     93.22%
  73  GCF_003660285.1    1.32%    passed      9.69%
  74  GCF_003660395.1    1.32%    passed     12.57%
  75  GCF_003667345.1    1.66%    passed     86.70%
  76  GCF_003670275.1    0.99%    passed     93.39%
  77  GCF_003752135.1    0.66%    passed     89.76%
  78  GCF_004214795.1    1.66%    passed     93.50%
  79  GCF_004214815.1    1.99%    passed     95.99%
  80  GCF_004299785.2    1.99%    passed     96.69%
  81  GCF_004323845.1    0.33%    passed     94.29%
  82  GCF_004803795.1    0.33%    passed     85.70%
  83  GCF_004803815.1    0.33%    passed     89.82%
  84  GCF_005217605.1    1.32%    passed     89.90%
  85  GCF_005406215.1    0.33%    passed     89.83%
  86  GCF_005406225.1    0.33%    passed     71.01%
  87  GCF_005771535.1    0.99%    passed     93.54%
  88  GCF_005843985.1    0.99%    passed     48.31%
  89  GCF_006459125.1    1.32%    passed     99.59%
  90  GCF_006864425.1    0.33%    passed     98.86%
  91  GCF_008245005.1    0.99%    passed     99.79%
  92  GCF_008245045.1    0.33%    passed     99.97%
  93  GCF_008693005.1    0.66%    passed     86.04%
  94  GCF_009068765.1    1.32%    passed     89.36%
  95  GCF_009192995.1    1.32%    passed     81.37%
  96  GCF_009258225.1    0.66%    passed     90.33%
  97  GCF_011769985.2    0.66%    passed     93.16%
  98  GCF_013177635.1    1.66%    passed     96.04%
  99  GCF_013177655.1    0.99%    passed     56.81%
 100  GCF_013201605.1    0.33%    passed     99.89%
 101  GCF_013201625.1    1.66%    passed     98.78%
 102  GCF_013201665.1    1.99%    passed     90.58%
 103  GCF_013201705.1    1.66%    passed     95.70%
 104  GCF_013201725.1    1.66%    passed     97.55%
 105  GCF_013201825.1    1.66%    passed     83.64%
 106  GCF_013201935.1    1.66%    passed     99.58%
 107  GCF_013283835.1    1.66%    passed     76.56%
 108  GCF_013372105.1    0.33%    passed     99.94%
 109  GCF_013372125.1    0.33%    passed     87.82%
 110  GCF_013372145.1    0.66%    passed     99.92%
 111  GCF_013372185.1    0.33%    passed     99.81%
 112  GCF_013372205.1    0.33%    passed     80.43%
 113  GCF_013372265.1    1.66%    passed     99.33%
 114  GCF_014253065.1    0.33%    passed     88.03%
 115  GCF_014466985.1    1.32%    passed     70.67%
 116  GCF_014905095.1    1.32%    passed     98.73%
 117  GCF_014905115.1    1.32%    passed     92.25%
 118  GCF_014905135.1    1.32%    passed     79.02%
 119  GCF_015100395.1    0.99%    passed     87.68%
 120  GCF_015265455.1    1.32%    passed     92.23%
 121  GCF_015265475.1    1.32%    passed     92.66%
 122  GCF_016106035.1    1.66%    passed     97.61%
 123  GCF_016593255.1    0.99%    passed     74.51%
 124  GCF_016806695.1    0.33%    passed     80.32%
 125  GCF_016937535.1    0.33%    passed     98.63%
 126  GCF_017357825.1    1.32%    passed     96.77%
 127  GCF_017979425.1    1.32%    passed      7.91%
 128  GCF_017979475.1    0.99%    passed     98.63%
 129  GCF_018145655.1    0.33%    passed     63.86%
 130  GCF_019711685.1    0.66%    passed     99.24%
 131  GCF_021300615.1    0.99%    passed     90.24%
 132  GCF_021300655.1    0.66%    passed     98.46%
 133  GCF_023646285.1    0.66%    passed     99.78%
 134  GCF_024267655.1    1.32%    passed     78.96%
 135  GCF_025770725.1    0.66%    passed     98.03%
 136  GCF_026000295.1    1.32%    passed     42.28%
 137  GCF_027859255.1    0.99%    passed     99.91%
 138  GCF_027943725.1    0.66%    passed     20.01%
 139  GCF_027946175.1    0.66%    passed     98.36%
 140  GCF_028649595.1    0.00%    passed     91.45%
 141  GCF_028751035.1    0.66%    passed     97.85%
 142  GCF_030249845.1    0.33%    passed     88.97%
 143  GCF_030296055.1    0.99%    passed     55.62%
 144  GCF_900115615.1    0.99%    passed     90.42%
 145  GCF_900187115.1    1.66%    passed     90.00%
 146  GCF_900461455.1    1.32%    passed     86.69%
 147  GCF_900475935.1    0.33%    passed     96.47%
 148  GCF_900476215.1    0.99%    passed     67.09%
 149  GCF_900478295.1    1.32%    passed     70.55%
 150  GCF_900637395.1    0.33%    passed     99.82%
 151  GCF_905120465.1    0.33%    passed     73.35%
 152  GCF_905120475.1    0.33%    passed     19.46%
****  TOTAL              0.98%  0 sequences failed composition chi2 test (p-value<5%; df=19)
NOTE: GCF_017979425.1 is identical to GCF_000200595.1 but kept for subsequent analysis


Create initial parsimony tree by phylogenetic likelihood library (PLL)... 0.048 seconds
Perform fast likelihood tree search using LG+I+G model...
Estimate model parameters (epsilon = 5.000)
Perform nearest neighbor interchange...
Estimate model parameters (epsilon = 1.000)
1. Initial log-likelihood: -27895.839
Optimal log-likelihood: -27895.624
Proportion of invariable sites: 0.078
Gamma shape alpha: 1.272
Parameters optimization took 1 rounds (0.270 sec)
Time for fast ML tree search: 1.463 seconds

NOTE: ModelFinder requires 74 MB RAM!
ModelFinder will test up to 1232 protein models (sample size: 302 epsilon: 0.100) ...
 No. Model         -LnL         df  AIC          AICc         BIC
  1  LG            29602.367    301 59806.735    241610.735   60923.573
  2  LG+I          29178.437    302 58960.874    241972.874   60081.423
  3  LG+G4         27938.248    302 56480.496    239492.496   57601.045
  4  LG+I+G4       27895.622    303 56397.244    240621.244   57521.503
  5  LG+R2         28269.071    303 57144.141    241368.141   58268.400
  6  LG+R3         27988.373    305 56586.746    243246.746   57718.426
  7  LG+R4         27918.311    307 56450.623    245562.623   57589.724
  8  LG+R5         27875.711    309 56369.422    247949.422   57515.944
  9  LG+R6         27864.750    311 56351.500    250415.500   57505.443
 10  LG+R7         27864.207    313 56354.413    252918.413   57515.777
 14  LG+I+R2       28132.929    304 56873.858    242313.858   58001.828
 15  LG+I+R3       27929.085    306 56470.170    244354.170   57605.561
 16  LG+I+R4       27881.262    308 56378.525    246722.525   57521.336
 17  LG+I+R5       27869.815    310 56359.630    249179.630   57509.863
 18  LG+I+R6       27862.155    312 56348.310    251660.310   57505.964
 19  LG+I+R7       27861.907    314 56351.815    254171.815   57516.889
 31  LG+F+R6       27784.755    330 56229.510    274689.510   57453.951
 39  LG+F+I+R5     27784.576    329 56227.152    273367.152   57447.882
 40  LG+F+I+R6     27779.880    331 56221.760    276005.760   57449.912
 53  WAG+R6        28356.090    311 57334.179    251398.179   58488.122
 61  WAG+I+R5      28357.286    310 57334.572    250154.572   58484.804
 62  WAG+I+R6      28355.220    312 57334.440    252646.440   58492.093
 75  WAG+F+R6      28193.860    330 57047.720    275507.720   58272.160
 83  WAG+F+I+R5    28196.592    329 57051.184    274191.184   58271.915
 84  WAG+F+I+R6    28194.506    331 57051.012    276835.012   58279.163
 97  JTT+R6        28330.902    311 57283.804    251347.804   58437.747
105  JTT+I+R5      28340.646    310 57301.292    250121.292   58451.525
106  JTT+I+R6      28340.514    312 57305.027    252617.027   58462.681
119  JTT+F+R6      28081.050    330 56822.099    275282.099   58046.540
127  JTT+F+I+R5    28087.525    329 56833.049    273973.049   58053.780
128  JTT+F+I+R6    28080.681    331 56823.361    276607.361   58051.512
WARNING: Normalizing state frequencies so that sum of them equals to 1
141  Q.pfam+R6     27929.162    311 56480.324    250544.324   57634.266
WARNING: Normalizing state frequencies so that sum of them equals to 1
149  Q.pfam+I+R5   27932.770    310 56485.541    249305.541   57635.773
WARNING: Normalizing state frequencies so that sum of them equals to 1
150  Q.pfam+I+R6   27926.520    312 56477.039    251789.039   57634.693
WARNING: Normalizing state frequencies so that sum of them equals to 1
163  Q.pfam+F+R6   27861.855    330 56383.709    274843.709   57608.150
WARNING: Normalizing state frequencies so that sum of them equals to 1
171  Q.pfam+F+I+R5 27860.947    329 56379.894    273519.894   57600.624
WARNING: Normalizing state frequencies so that sum of them equals to 1
172  Q.pfam+F+I+R6 27856.243    331 56374.485    276158.485   57602.637
WARNING: Normalizing state frequencies so that sum of them equals to 1
185  Q.bird+R6     28781.221    311 58184.442    252248.442   59338.384
WARNING: Normalizing state frequencies so that sum of them equals to 1
193  Q.bird+I+R5   28789.166    310 58198.332    251018.332   59348.565
WARNING: Normalizing state frequencies so that sum of them equals to 1
194  Q.bird+I+R6   28782.637    312 58189.273    253501.273   59346.926
WARNING: Normalizing state frequencies so that sum of them equals to 1
207  Q.bird+F+R6   28474.085    330 57608.170    276068.170   58832.611
WARNING: Normalizing state frequencies so that sum of them equals to 1
215  Q.bird+F+I+R5 28484.710    329 57627.420    274767.420   58848.151
WARNING: Normalizing state frequencies so that sum of them equals to 1
216  Q.bird+F+I+R6 28475.323    331 57612.646    277396.646   58840.798
WARNING: Normalizing state frequencies so that sum of them equals to 1
229  Q.mammal+R6   28619.345    311 57860.689    251924.689   59014.632
WARNING: Normalizing state frequencies so that sum of them equals to 1
237  Q.mammal+I+R5 28623.011    310 57866.022    250686.022   59016.255
WARNING: Normalizing state frequencies so that sum of them equals to 1
238  Q.mammal+I+R6 28618.912    312 57861.823    253173.823   59019.477
WARNING: Normalizing state frequencies so that sum of them equals to 1
251  Q.mammal+F+R6 28296.971    330 57253.942    275713.942   58478.383
WARNING: Normalizing state frequencies so that sum of them equals to 1
259  Q.mammal+F+I+R5 28301.175    329 57260.350    274400.350   58481.080
WARNING: Normalizing state frequencies so that sum of them equals to 1
260  Q.mammal+F+I+R6 28296.450    331 57254.899    277038.899   58483.051
273  Q.insect+R6   27875.476    311 56372.951    250436.951   57526.894
281  Q.insect+I+R5 27880.488    310 56380.977    249200.977   57531.209
282  Q.insect+I+R6 27875.072    312 56374.143    251686.143   57531.797
295  Q.insect+F+R6 27790.086    330 56240.172    274700.172   57464.613
303  Q.insect+F+I+R5 27794.385    329 56246.770    273386.770   57467.501
304  Q.insect+F+I+R6 27792.423    331 56246.847    276030.847   57474.998
WARNING: Normalizing state frequencies so that sum of them equals to 1
317  Q.plant+R6    28031.730    311 56685.461    250749.461   57839.403
WARNING: Normalizing state frequencies so that sum of them equals to 1
325  Q.plant+I+R5  28033.931    310 56687.862    249507.862   57838.094
WARNING: Normalizing state frequencies so that sum of them equals to 1
326  Q.plant+I+R6  28028.998    312 56681.997    251993.997   57839.650
WARNING: Normalizing state frequencies so that sum of them equals to 1
339  Q.plant+F+R6  27961.334    330 56582.668    275042.668   57807.109
WARNING: Normalizing state frequencies so that sum of them equals to 1
347  Q.plant+F+I+R5 27965.051    329 56588.102    273728.102   57808.832
WARNING: Normalizing state frequencies so that sum of them equals to 1
348  Q.plant+F+I+R6 27962.982    331 56587.965    276371.965   57816.116
WARNING: Normalizing state frequencies so that sum of them equals to 1
361  Q.yeast+R6    27808.917    311 56239.835    250303.835   57393.777
WARNING: Normalizing state frequencies so that sum of them equals to 1
369  Q.yeast+I+R5  27816.279    310 56252.558    249072.558   57402.790
WARNING: Normalizing state frequencies so that sum of them equals to 1
370  Q.yeast+I+R6  27808.558    312 56241.117    251553.117   57398.770
WARNING: Normalizing state frequencies so that sum of them equals to 1
383  Q.yeast+F+R6  27756.670    330 56173.341    274633.341   57397.782
WARNING: Normalizing state frequencies so that sum of them equals to 1
391  Q.yeast+F+I+R5 27760.607    329 56179.213    273319.213   57399.944
WARNING: Normalizing state frequencies so that sum of them equals to 1
392  Q.yeast+F+I+R6 27758.047    331 56178.094    275962.094   57406.245
405  JTTDCMut+R6   28335.416    311 57292.833    251356.833   58446.775
413  JTTDCMut+I+R5 28345.461    310 57310.922    250130.922   58461.155
414  JTTDCMut+I+R6 28334.344    312 57292.687    252604.687   58450.341
427  JTTDCMut+F+R6 28075.866    330 56811.731    275271.731   58036.172
435  JTTDCMut+F+I+R5 28082.115    329 56822.229    273962.229   58042.960
436  JTTDCMut+F+I+R6 28074.423    331 56810.846    276594.846   58038.997
449  DCMut+R6      28618.314    311 57858.627    251922.627   59012.570
457  DCMut+I+R5    28621.515    310 57863.030    250683.030   59013.262
458  DCMut+I+R6    28618.749    312 57861.498    253173.498   59019.151
471  DCMut+F+R6    28265.022    330 57190.044    275650.044   58414.485
479  DCMut+F+I+R5  28272.792    329 57203.584    274343.584   58424.314
480  DCMut+F+I+R6  28265.103    331 57192.206    276976.206   58420.358
493  VT+R6         28399.287    311 57420.574    251484.574   58574.517
501  VT+I+R5       28409.494    310 57438.988    250258.988   58589.221
502  VT+I+R6       28398.374    312 57420.747    252732.747   58578.400
515  VT+F+R6       28244.481    330 57148.962    275608.962   58373.403
523  VT+F+I+R5     28251.781    329 57161.563    274301.563   58382.293
524  VT+F+I+R6     28244.227    331 57150.454    276934.454   58378.605
537  PMB+R6        28593.289    311 57808.579    251872.579   58962.521
545  PMB+I+R5      28599.713    310 57819.426    250639.426   58969.658
546  PMB+I+R6      28592.211    312 57808.423    253120.423   58966.076
559  PMB+F+R6      28502.271    330 57664.543    276124.543   58888.983
567  PMB+F+I+R5    28507.467    329 57672.933    274812.933   58893.664
568  PMB+F+I+R6    28502.121    331 57666.241    277450.241   58894.392
581  Blosum62+R6   28506.958    311 57635.915    251699.915   58789.858
589  Blosum62+I+R5 28514.244    310 57648.489    250468.489   58798.721
590  Blosum62+I+R6 28506.192    312 57636.384    252948.384   58794.037
603  Blosum62+F+R6 28486.998    330 57633.997    276093.997   58858.438
611  Blosum62+F+I+R5 28492.887    329 57643.773    274783.773   58864.504
612  Blosum62+F+I+R6 28486.820    331 57635.640    277419.640   58863.792
625  Dayhoff+R6    28613.992    311 57849.985    251913.985   59003.927
633  Dayhoff+I+R5  28619.170    310 57858.340    250678.340   59008.572
634  Dayhoff+I+R6  28614.069    312 57852.138    253164.138   59009.791
647  Dayhoff+F+R6  28261.849    330 57183.699    275643.699   58408.140
655  Dayhoff+F+I+R5 28270.029    329 57198.058    274338.058   58418.789
656  Dayhoff+F+I+R6 28262.083    331 57186.165    276970.165   58414.316
669  mtREV+R6      29010.205    311 58642.409    252706.409   59796.352
677  mtREV+I+R5    29019.007    310 58658.014    251478.014   59808.247
678  mtREV+I+R6    29009.237    312 58642.474    253954.474   59800.127
691  mtREV+F+R6    28369.886    330 57399.771    275859.771   58624.212
699  mtREV+F+I+R5  28376.464    329 57410.928    274550.928   58631.658
700  mtREV+F+I+R6  28367.783    331 57397.567    277181.567   58625.718
713  mtART+R6      28668.343    311 57958.686    252022.686   59112.629
721  mtART+I+R5    28679.717    310 57979.435    250799.435   59129.667
722  mtART+I+R6    28667.209    312 57958.418    253270.418   59116.071
735  mtART+F+R6    28221.028    330 57102.055    275562.055   58326.496
743  mtART+F+I+R5  28227.433    329 57112.866    274252.866   58333.596
744  mtART+F+I+R6  28218.591    331 57099.183    276883.183   58327.334
757  mtZOA+R6      28148.034    311 56918.069    250982.069   58072.012
765  mtZOA+I+R5    28159.931    310 56939.863    249759.863   58090.095
766  mtZOA+I+R6    28148.913    312 56921.826    252233.826   58079.480
779  mtZOA+F+R6    27876.064    330 56412.128    274872.128   57636.569
787  mtZOA+F+I+R5  27880.240    329 56418.480    273558.480   57639.211
788  mtZOA+F+I+R6  27876.053    331 56414.105    276198.105   57642.257
801  mtMet+R6      28653.407    311 57928.815    251992.815   59082.758
809  mtMet+I+R5    28668.588    310 57957.175    250777.175   59107.408
810  mtMet+I+R6    28656.216    312 57936.432    253248.432   59094.085
823  mtMet+F+R6    28111.525    330 56883.050    275343.050   58107.491
831  mtMet+F+I+R5  28118.999    329 56895.999    274035.999   58116.729
832  mtMet+F+I+R6  28112.857    331 56887.713    276671.713   58115.864
845  mtVer+R6      29177.970    311 58977.939    253041.939   60131.882
853  mtVer+I+R5    29205.990    310 59031.979    251851.979   60182.211
854  mtVer+I+R6    29179.810    312 58983.620    254295.620   60141.274
867  mtVer+F+R6    28566.463    330 57792.927    276252.927   59017.368
875  mtVer+F+I+R5  28580.791    329 57819.581    274959.581   59040.312
876  mtVer+F+I+R6  28567.638    331 57797.277    277581.277   59025.428
889  mtInv+R6      28643.105    311 57908.211    251972.211   59062.154
897  mtInv+I+R5    28655.480    310 57930.961    250750.961   59081.193
898  mtInv+I+R6    28644.235    312 57912.471    253224.471   59070.124
911  mtInv+F+R6    27929.351    330 56518.701    274978.701   57743.142
919  mtInv+F+I+R5  27934.619    329 56527.239    273667.239   57747.969
920  mtInv+F+I+R6  27927.647    331 56517.293    276301.293   57745.445
933  mtMAM+R6      29448.530    311 59519.060    253583.060   60673.003
941  mtMAM+I+R5    29461.782    310 59543.564    252363.564   60693.797
942  mtMAM+I+R6    29453.808    312 59531.616    254843.616   60689.269
955  mtMAM+F+R6    28891.478    330 58442.956    276902.956   59667.397
963  mtMAM+F+I+R5  28906.096    329 58470.192    275610.192   59690.922
964  mtMAM+F+I+R6  28896.536    331 58455.071    278239.071   59683.223
WARNING: Normalizing state frequencies so that sum of them equals to 1
977  FLAVI+R6      29351.618    311 59325.236    253389.236   60479.179
WARNING: Normalizing state frequencies so that sum of them equals to 1
985  FLAVI+I+R5    29353.627    310 59327.254    252147.254   60477.486
WARNING: Normalizing state frequencies so that sum of them equals to 1
986  FLAVI+I+R6    29344.405    312 59312.810    254624.810   60470.463
WARNING: Normalizing state frequencies so that sum of them equals to 1
999  FLAVI+F+R6    29228.929    330 59117.858    277577.858   60342.299
WARNING: Normalizing state frequencies so that sum of them equals to 1
1007  FLAVI+F+I+R5  29234.390    329 59126.780    276266.780   60347.510
WARNING: Normalizing state frequencies so that sum of them equals to 1
1008  FLAVI+F+I+R6  29225.795    331 59113.591    278897.591   60341.742
1021  HIVb+R6       28970.377    311 58562.754    252626.754   59716.697
1029  HIVb+I+R5     28973.106    310 58566.213    251386.213   59716.445
1030  HIVb+I+R6     28971.948    312 58567.896    253879.896   59725.549
1043  HIVb+F+R6     28707.672    330 58075.345    276535.345   59299.786
1051  HIVb+F+I+R5   28711.625    329 58081.251    275221.251   59301.981
1052  HIVb+F+I+R6   28706.627    331 58075.254    277859.254   59303.405
1065  HIVw+R6       30081.838    311 60785.677    254849.677   61939.619
1073  HIVw+I+R5     30084.629    310 60789.258    253609.258   61939.490
1074  HIVw+I+R6     30076.739    312 60777.479    256089.479   61935.132
1087  HIVw+F+R6     29648.135    330 59956.270    278416.270   61180.711
1095  HIVw+F+I+R5   29655.350    329 59968.700    277108.700   61189.430
1096  HIVw+F+I+R6   29648.273    331 59958.546    279742.546   61186.698
1109  FLU+R6        28678.995    311 57979.990    252043.990   59133.933
1117  FLU+I+R5      28683.516    310 57987.032    250807.032   59137.265
1118  FLU+I+R6      28675.633    312 57975.267    253287.267   59132.920
1131  FLU+F+R6      28604.567    330 57869.134    276329.134   59093.575
1139  FLU+F+I+R5    28610.437    329 57878.873    275018.873   59099.604
1140  FLU+F+I+R6    28602.456    331 57866.912    277650.912   59095.063
1153  rtREV+R6      28336.396    311 57294.792    251358.792   58448.735
1161  rtREV+I+R5    28344.731    310 57309.462    250129.462   58459.694
1162  rtREV+I+R6    28334.103    312 57292.207    252604.207   58449.860
1175  rtREV+F+R6    28035.925    330 56731.849    275191.849   57956.290
1183  rtREV+F+I+R5  28040.020    329 56738.039    273878.039   57958.769
1184  rtREV+F+I+R6  28034.805    331 56731.610    276515.610   57959.762
1197  cpREV+R6      28237.037    311 57096.073    251160.073   58250.016
1205  cpREV+I+R5    28238.913    310 57097.826    249917.826   58248.059
1206  cpREV+I+R6    28232.434    312 57088.869    252400.869   58246.522
1219  cpREV+F+R6    28330.871    330 57321.742    275781.742   58546.183
1227  cpREV+F+I+R5  28332.216    329 57322.431    274462.431   58543.162
1228  cpREV+F+I+R6  28328.262    331 57318.525    277102.525   58546.676
Akaike Information Criterion:           Q.yeast+F+R6
Corrected Akaike Information Criterion: LG+G4
Bayesian Information Criterion:         Q.yeast+R6
Best-fit model: Q.yeast+R6 chosen according to BIC

All model information printed to gene_order/flagellar_trees/gene_trees/flhb.model.gz
CPU time for ModelFinder: 2852.619 seconds (0h:47m:32s)
Wall-clock time for ModelFinder: 716.622 seconds (0h:11m:56s)
Generating 1000 samples for ultrafast bootstrap (seed: 880277)...
WARNING: Normalizing state frequencies so that sum of them equals to 1

NOTE: 45 MB RAM (0 GB) is required!
Estimate model parameters (epsilon = 0.100)
1. Initial log-likelihood: -27826.601
2. Current log-likelihood: -27808.209
3. Current log-likelihood: -27807.871
Optimal log-likelihood: -27807.779
Site proportion and rates:  (0.142,0.034) (0.222,0.270) (0.214,0.698) (0.223,1.245) (0.134,2.197) (0.064,3.319)
Parameters optimization took 3 rounds (2.751 sec)
Wrote distance file to... 
Computing ML distances based on estimated model parameters...
Calculating distance matrix: done in 1.08021 secs using 399% CPU
Computing ML distances took 1.080555 sec (of wall-clock time) 4.310714 sec (of CPU time)
Setting up auxiliary I and S matrices: done in 0.00335337 secs using 113.4% CPU
Computing RapidNJ tree took 0.104583 sec (of wall-clock time) 0.087807 sec (of CPU time)
Log-likelihood of RapidNJ tree: -28016.021
--------------------------------------------------------------------
|             INITIALIZING CANDIDATE TREE SET                      |
--------------------------------------------------------------------
Generating 98 parsimony trees... 4.095 second
Computing log-likelihood of 98 initial trees ... 7.754 seconds
Current best score: -27807.779

Do NNI search on 20 best initial trees
Estimate model parameters (epsilon = 0.100)
BETTER TREE FOUND at iteration 1: -27795.908
Estimate model parameters (epsilon = 0.100)
BETTER TREE FOUND at iteration 2: -27779.530
Estimate model parameters (epsilon = 0.100)
BETTER TREE FOUND at iteration 3: -27775.450
Estimate model parameters (epsilon = 0.100)
BETTER TREE FOUND at iteration 4: -27769.760
Iteration 10 / LogL: -27780.992 / Time: 0h:12m:28s
Iteration 20 / LogL: -27786.072 / Time: 0h:12m:37s
Finish initializing candidate tree set (20)
Current best tree score: -27769.760 / CPU time: 36.348
Number of iterations: 20
--------------------------------------------------------------------
|               OPTIMIZING CANDIDATE TREE SET                      |
--------------------------------------------------------------------
Estimate model parameters (epsilon = 0.100)
BETTER TREE FOUND at iteration 24: -27768.170
Iteration 30 / LogL: -27770.245 / Time: 0h:12m:55s (0h:3m:9s left)
Iteration 40 / LogL: -27779.216 / Time: 0h:13m:11s (0h:2m:40s left)
Iteration 50 / LogL: -27777.440 / Time: 0h:13m:27s (0h:2m:16s left)
Log-likelihood cutoff on original alignment: -27846.419
Estimate model parameters (epsilon = 0.100)
BETTER TREE FOUND at iteration 54: -27766.496
Iteration 60 / LogL: -27774.008 / Time: 0h:13m:44s (0h:2m:51s left)
Estimate model parameters (epsilon = 0.100)
BETTER TREE FOUND at iteration 66: -27765.009
Iteration 70 / LogL: -27770.658 / Time: 0h:14m:0s (0h:2m:52s left)
Iteration 80 / LogL: -27771.183 / Time: 0h:14m:17s (0h:2m:33s left)
Iteration 90 / LogL: -27777.453 / Time: 0h:14m:33s (0h:2m:14s left)
Iteration 100 / LogL: -27777.105 / Time: 0h:14m:49s (0h:1m:55s left)
Log-likelihood cutoff on original alignment: -27846.419
NOTE: Bootstrap correlation coefficient of split occurrence frequencies: 0.995
Iteration 110 / LogL: -27766.037 / Time: 0h:15m:6s (0h:2m:36s left)
Estimate model parameters (epsilon = 0.100)
BETTER TREE FOUND at iteration 111: -27764.759
Iteration 120 / LogL: -27767.397 / Time: 0h:15m:24s (0h:2m:39s left)
UPDATE BEST LOG-LIKELIHOOD: -27764.758
Iteration 130 / LogL: -27764.758 / Time: 0h:15m:41s (0h:2m:20s left)
Iteration 140 / LogL: -27766.133 / Time: 0h:15m:58s (0h:2m:3s left)
Iteration 150 / LogL: -27769.667 / Time: 0h:16m:16s (0h:1m:46s left)
Log-likelihood cutoff on original alignment: -27846.419
Iteration 160 / LogL: -27766.816 / Time: 0h:16m:33s (0h:1m:28s left)
Iteration 170 / LogL: -27798.943 / Time: 0h:16m:49s (0h:1m:10s left)
Iteration 180 / LogL: -27780.296 / Time: 0h:17m:5s (0h:0m:53s left)
Iteration 190 / LogL: -27825.642 / Time: 0h:17m:22s (0h:0m:36s left)
Iteration 200 / LogL: -27768.157 / Time: 0h:17m:38s (0h:0m:18s left)
Log-likelihood cutoff on original alignment: -27846.419
NOTE: Bootstrap correlation coefficient of split occurrence frequencies: 0.999
Iteration 210 / LogL: -27787.249 / Time: 0h:17m:55s (0h:2m:34s left)
TREE SEARCH COMPLETED AFTER 212 ITERATIONS / Time: 0h:17m:59s

--------------------------------------------------------------------
|                    FINALIZING TREE SEARCH                        |
--------------------------------------------------------------------
Performs final model parameters optimization
Estimate model parameters (epsilon = 0.010)
1. Initial log-likelihood: -27764.758
Optimal log-likelihood: -27764.751
Site proportion and rates:  (0.144,0.033) (0.241,0.287) (0.219,0.750) (0.211,1.311) (0.131,2.284) (0.054,3.438)
Parameters optimization took 1 rounds (0.856 sec)
BEST SCORE FOUND : -27764.751
Creating bootstrap support values...
Split supports printed to NEXUS file gene_order/flagellar_trees/gene_trees/flhb.splits.nex
Total tree length: 24.066

Total number of iterations: 212
CPU time used for tree search: 1403.770 sec (0h:23m:23s)
Wall-clock time used for tree search: 357.793 sec (0h:5m:57s)
Total CPU time used: 4277.990 sec (1h:11m:17s)
Total wall-clock time used: 1080.148 sec (0h:18m:0s)

Computing bootstrap consensus tree...
Reading input file gene_order/flagellar_trees/gene_trees/flhb.splits.nex...
152 taxa and 600 splits.
Consensus tree written to gene_order/flagellar_trees/gene_trees/flhb.contree
Reading input trees file gene_order/flagellar_trees/gene_trees/flhb.contree
Log-likelihood of consensus tree: -27764.936

Analysis results written to: 
  IQ-TREE report:                gene_order/flagellar_trees/gene_trees/flhb.iqtree
  Maximum-likelihood tree:       gene_order/flagellar_trees/gene_trees/flhb.treefile
  Likelihood distances:          gene_order/flagellar_trees/gene_trees/flhb.mldist

Ultrafast bootstrap approximation results written to:
  Split support values:          gene_order/flagellar_trees/gene_trees/flhb.splits.nex
  Consensus tree:                gene_order/flagellar_trees/gene_trees/flhb.contree
  Screen log file:               gene_order/flagellar_trees/gene_trees/flhb.log

Date and Time: Sat Sep 26 10:16:43 2026
