IQ-TREE multicore version 2.4.0 for Linux x86 64-bit built Feb 12 2025
Developed by Bui Quang Minh, Nguyen Lam Tung, Olga Chernomor, Heiko Schmidt,
Dominik Schrempf, Michael Woodhams, Ly Trong Nhan, Thomas Wong

Host:    k081 (AVX512, FMA3, 377 GB RAM)
Command: iqtree2 -s gene_order/flagellar_trees/trimmed/flhf.faa -m MFP -B 1000 -T 4 --prefix gene_order/flagellar_trees/gene_trees/flhf
Seed:    102848 (Using SPRNG - Scalable Parallel Random Number Generator)
Time:    Sat Sep 26 09:58:50 2026
Kernel:  AVX+FMA - 4 threads (4 CPU cores detected)

Reading alignment file gene_order/flagellar_trees/trimmed/flhf.faa ... Fasta format detected
Reading fasta file: done in 0.000627595 secs using 85.56% CPU
Alignment most likely contains protein sequences
Alignment has 147 sequences with 311 columns, 293 distinct patterns
275 parsimony-informative, 5 singleton sites, 31 constant sites
                 Gap/Ambiguity  Composition  p-value
Analyzing sequences: done in 0.0049149 secs using 279.1% CPU
   1  GCF_000012965.1   10.61%    passed     99.02%
   2  GCF_000021725.1    1.61%    passed     98.82%
   3  GCF_000024885.1    1.61%    passed     99.98%
   4  GCF_000092245.1    1.29%    passed     99.96%
   5  GCF_000147355.1    1.61%    passed     93.73%
   6  GCF_000155475.1    1.61%    passed     85.95%
   7  GCF_000162575.1    1.61%    passed     98.50%
   8  GCF_000183725.1    1.61%    passed     54.32%
   9  GCF_000194135.1    3.22%    passed     21.00%
  10  GCF_000196135.1    1.61%    passed     76.30%
  11  GCF_000200595.1    1.61%    passed     66.38%
  12  GCF_000242915.1    1.61%    passed     98.29%
  13  GCF_000254135.1    1.61%    passed     98.60%
  14  GCF_000259275.1    1.61%    passed     98.93%
  15  GCF_000265295.1    1.61%    passed    100.00%
  16  GCF_000420385.1    3.22%    passed     18.20%
  17  GCF_000445475.1    1.61%    passed     99.39%
  18  GCF_000507845.1    1.61%    passed     94.18%
  19  GCF_000518225.1    1.61%    passed     82.53%
  20  GCF_000568815.1    1.61%    passed     99.88%
  21  GCF_000597725.1    1.61%    passed     96.80%
  22  GCF_000686565.1    1.61%    passed     61.24%
  23  GCF_000687535.1    1.61%    passed     99.56%
  24  GCF_000736415.1    1.61%    passed     99.68%
  25  GCF_000744435.1    3.22%    passed     34.54%
  26  GCF_000762845.2    1.61%    passed     75.87%
  27  GCF_000762875.2    1.61%    passed     75.70%
  28  GCF_000763135.2    1.61%    passed     91.68%
  29  GCF_000765805.2    1.61%    passed     66.87%
  30  GCF_000765905.2    1.61%    passed     71.42%
  31  GCF_000813325.1    1.61%    passed     99.89%
  32  GCF_000816185.1    1.61%    passed     99.40%
  33  GCF_000816305.1    1.61%    passed     99.86%
  34  GCF_000816785.1    1.61%    passed     99.64%
  35  GCF_001282945.1    1.61%    passed     49.72%
  36  GCF_001283065.1    1.61%    passed     63.17%
  37  GCF_001298465.1    1.61%    passed     99.10%
  38  GCF_001457695.1    1.61%    passed     98.34%
  39  GCF_001602095.1    1.29%    passed     63.33%
  40  GCF_001687475.2    1.61%    passed     74.46%
  41  GCF_001693335.1    1.93%    passed     99.70%
  42  GCF_001723605.1    1.61%    passed     99.88%
  43  GCF_001956695.1    1.61%    passed     99.51%
  44  GCF_002021925.1    1.61%    passed     99.78%
  45  GCF_002080395.1    1.61%    passed     99.57%
  46  GCF_002104335.1    1.61%    passed     96.65%
  47  GCF_002119425.1    2.89%    passed     70.98%
  48  GCF_002139855.1    1.61%    passed     99.22%
  49  GCF_002139875.1    1.61%    passed     99.01%
  50  GCF_002139915.1    1.61%    passed     99.82%
  51  GCF_002139935.1    1.61%    passed     99.75%
  52  GCF_002335445.1    1.61%    passed     94.85%
  53  GCF_002837275.1    1.61%    passed     98.77%
  54  GCF_003063245.1    1.61%    passed     99.70%
  55  GCF_003063295.1    1.61%    passed     99.94%
  56  GCF_003245365.1    1.61%    passed     99.73%
  57  GCF_003316695.1    1.61%    passed     96.77%
  58  GCF_003346775.1    1.61%    passed     99.62%
  59  GCF_003346815.1    1.61%    passed     99.72%
  60  GCF_003355515.1    1.61%    passed     99.88%
  61  GCF_003364195.1    1.61%    passed     45.03%
  62  GCF_003364205.1    1.61%    passed     74.20%
  63  GCF_003364215.1    1.61%    passed     94.02%
  64  GCF_003364255.1    1.61%    passed     96.93%
  65  GCF_003364335.1    1.61%    passed     82.69%
  66  GCF_003544815.1    1.61%    passed     99.80%
  67  GCF_003544835.1    1.61%    passed     99.04%
  68  GCF_003544855.1    1.61%    passed     99.75%
  69  GCF_003544915.1    1.61%    passed     99.76%
  70  GCF_003544935.1    1.61%    passed     94.71%
  71  GCF_003660105.1    1.61%    passed     99.92%
  72  GCF_003660265.1    1.61%    passed     70.85%
  73  GCF_003660285.1    1.61%    passed     54.74%
  74  GCF_003660395.1    1.61%    passed     46.04%
  75  GCF_003667345.1    1.61%    passed     99.84%
  76  GCF_003670275.1    1.61%    passed     84.28%
  77  GCF_003752135.1    1.61%    passed     92.38%
  78  GCF_004214795.1    1.29%    passed     99.90%
  79  GCF_004214815.1    1.61%    passed     96.75%
  80  GCF_004299785.2    1.61%    passed     96.31%
  81  GCF_004323845.1    1.61%    passed     97.64%
  82  GCF_004803795.1    1.61%    passed     93.40%
  83  GCF_005217605.1    1.29%    passed     96.96%
  84  GCF_005406215.1    1.61%    passed     97.81%
  85  GCF_005406225.1    1.61%    passed     95.91%
  86  GCF_005771535.1    1.93%    passed     98.35%
  87  GCF_005843985.1    1.61%    passed     80.60%
  88  GCF_006459125.1    1.61%    passed     99.88%
  89  GCF_006864425.1    1.29%    passed     98.50%
  90  GCF_008245005.1    1.61%    passed     94.37%
  91  GCF_008245045.1    1.61%    passed     99.96%
  92  GCF_008693005.1    1.61%    passed     97.19%
  93  GCF_009068765.1    1.61%    passed     88.92%
  94  GCF_009192995.1    1.61%    passed     91.59%
  95  GCF_009258225.1    1.61%    passed     81.69%
  96  GCF_011769985.2    1.61%    passed     99.83%
  97  GCF_013177635.1    1.61%    passed     99.78%
  98  GCF_013177655.1    1.61%    passed     43.90%
  99  GCF_013201605.1    1.61%    passed     99.85%
 100  GCF_013201625.1    1.61%    passed     96.31%
 101  GCF_013201665.1    1.61%    passed     99.94%
 102  GCF_013201705.1    1.93%    passed     99.85%
 103  GCF_013201725.1    1.61%    passed     99.89%
 104  GCF_013201825.1    1.61%    passed     99.06%
 105  GCF_013201935.1    1.61%    passed     99.81%
 106  GCF_013283835.1    1.61%    passed     99.71%
 107  GCF_013372105.1    1.61%    passed     99.84%
 108  GCF_013372145.1    1.61%    passed     98.89%
 109  GCF_013372185.1    1.61%    passed     99.85%
 110  GCF_013372205.1    1.61%    passed     99.54%
 111  GCF_013372265.1    1.93%    passed     98.99%
 112  GCF_014253065.1    1.61%    passed     92.25%
 113  GCF_014466985.1    9.32%    passed     32.52%
 114  GCF_014905115.1    1.61%    passed     89.68%
 115  GCF_014905135.1    1.61%    passed     97.23%
 116  GCF_015100395.1    9.32%    passed     87.23%
 117  GCF_015265455.1    1.29%    passed     90.13%
 118  GCF_015265475.1    1.29%    passed     93.41%
 119  GCF_016106035.1    1.93%    passed     99.92%
 120  GCF_016593255.1    1.61%    passed     54.61%
 121  GCF_016937535.1    1.61%    passed     95.84%
 122  GCF_017357825.1    1.61%    passed     99.33%
 123  GCF_017979425.1    1.61%    passed     74.16%
 124  GCF_017979475.1    1.61%    passed     97.59%
 125  GCF_018145655.1    1.61%    passed     95.21%
 126  GCF_019711685.1    1.61%    passed     99.90%
 127  GCF_021300615.1    1.61%    passed     70.43%
 128  GCF_021300655.1    1.61%    passed     88.86%
 129  GCF_023646285.1    1.61%    passed     98.35%
 130  GCF_024267655.1    1.29%    passed     99.90%
 131  GCF_025770725.1    1.61%    passed     99.59%
 132  GCF_027859255.1    1.61%    passed     98.55%
 133  GCF_027943725.1    9.32%    passed     50.48%
 134  GCF_027946175.1    9.65%    passed     33.99%
 135  GCF_028649595.1    1.61%    passed     99.32%
 136  GCF_028751035.1    1.61%    passed     99.62%
 137  GCF_030249845.1    1.61%    passed     99.83%
 138  GCF_030296055.1    1.61%    passed     53.30%
 139  GCF_900115615.1    1.61%    passed     68.07%
 140  GCF_900187115.1    1.61%    passed     99.61%
 141  GCF_900461455.1    1.61%    passed     98.23%
 142  GCF_900475935.1    1.61%    passed     97.70%
 143  GCF_900476215.1    1.61%    passed     49.43%
 144  GCF_900478295.1    1.61%    passed     98.87%
 145  GCF_900637395.1    1.61%    passed     99.82%
 146  GCF_905120465.1    1.61%    passed     97.78%
 147  GCF_905120475.1    1.61%    passed     95.68%
****  TOTAL              1.92%  0 sequences failed composition chi2 test (p-value<5%; df=19)
NOTE: GCF_001723605.1 is identical to GCF_000568815.1 but kept for subsequent analysis


Create initial parsimony tree by phylogenetic likelihood library (PLL)... 0.045 seconds
Perform fast likelihood tree search using LG+I+G model...
Estimate model parameters (epsilon = 5.000)
Perform nearest neighbor interchange...
Estimate model parameters (epsilon = 1.000)
1. Initial log-likelihood: -20090.456
Optimal log-likelihood: -20090.281
Proportion of invariable sites: 0.077
Gamma shape alpha: 1.203
Parameters optimization took 1 rounds (0.179 sec)
Time for fast ML tree search: 1.609 seconds

NOTE: ModelFinder requires 72 MB RAM!
ModelFinder will test up to 1232 protein models (sample size: 311 epsilon: 0.100) ...
 No. Model         -LnL         df  AIC          AICc         BIC
  1  LG            21217.379    291 43016.759    51961.180    44105.038
  2  LG+I          20945.757    292 42475.514    51981.736    43567.533
  3  LG+G4         20111.030    292 40806.060    50312.283    41898.080
  4  LG+I+G4       20090.275    293 40766.551    50900.904    41862.310
  5  LG+R2         20329.316    293 41244.632    51378.985    42340.392
  6  LG+R3         20134.629    295 40859.258    52501.924    41962.497
  7  LG+R4         20102.270    297 40798.541    54414.849    41909.259
  8  LG+R5         20085.724    299 40769.447    57078.538    41887.645
  9  LG+R6         20084.838    301 40771.677    60972.121    41897.354
 14  LG+I+R2       20223.066    294 41034.132    51875.382    42133.631
 15  LG+I+R3       20103.933    296 40799.867    53358.724    41906.846
 16  LG+I+R4       20078.832    298 40753.665    55603.998    41868.123
 17  LG+I+R5       20077.036    300 40754.072    58814.072    41876.010
 26  LG+F+I+G4     20002.027    312 40628.055    235940.055   41794.870
 38  LG+F+I+R4     19996.058    317 40626.117    242238.117   41811.631
 48  WAG+I+G4      20401.358    293 41388.715    51523.068    42484.475
 60  WAG+I+R4      20393.751    298 41383.502    56233.835    42497.960
 70  WAG+F+I+G4    20275.433    312 41174.866    236486.866   42341.682
 82  WAG+F+I+R4    20266.750    317 41167.500    242779.500   42353.014
 92  JTT+I+G4      20300.836    293 41187.673    51322.026    42283.432
104  JTT+I+R4      20288.850    298 41173.700    56024.034    42288.159
114  JTT+F+I+G4    20126.394    312 40876.789    236188.789   42043.604
126  JTT+F+I+R4    20120.448    317 40874.897    242486.897   42060.411
WARNING: Normalizing state frequencies so that sum of them equals to 1
136  Q.pfam+I+G4   20168.531    293 40923.062    51057.415    42018.822
WARNING: Normalizing state frequencies so that sum of them equals to 1
148  Q.pfam+I+R4   20159.021    298 40914.041    55764.375    42028.500
WARNING: Normalizing state frequencies so that sum of them equals to 1
158  Q.pfam+F+I+G4 20068.962    312 40761.923    236073.923   41928.739
WARNING: Normalizing state frequencies so that sum of them equals to 1
170  Q.pfam+F+I+R4 20063.328    317 40760.656    242372.656   41946.170
WARNING: Normalizing state frequencies so that sum of them equals to 1
180  Q.bird+I+G4   20631.481    293 41848.962    51983.315    42944.722
WARNING: Normalizing state frequencies so that sum of them equals to 1
192  Q.bird+I+R4   20621.299    298 41838.599    56688.932    42953.057
WARNING: Normalizing state frequencies so that sum of them equals to 1
202  Q.bird+F+I+G4 20446.468    312 41516.937    236828.937   42683.752
WARNING: Normalizing state frequencies so that sum of them equals to 1
214  Q.bird+F+I+R4 20439.316    317 41512.633    243124.633   42698.147
WARNING: Normalizing state frequencies so that sum of them equals to 1
224  Q.mammal+I+G4 20501.364    293 41588.728    51723.081    42684.487
WARNING: Normalizing state frequencies so that sum of them equals to 1
236  Q.mammal+I+R4 20489.647    298 41575.294    56425.627    42689.752
WARNING: Normalizing state frequencies so that sum of them equals to 1
246  Q.mammal+F+I+G4 20307.470    312 41238.941    236550.941   42405.756
WARNING: Normalizing state frequencies so that sum of them equals to 1
258  Q.mammal+F+I+R4 20299.605    317 41233.210    242845.210   42418.725
268  Q.insect+I+G4 19961.213    293 40508.425    50642.778    41604.185
280  Q.insect+I+R4 19952.970    298 40501.940    55352.273    41616.398
290  Q.insect+F+I+G4 19958.237    312 40540.474    235852.474   41707.289
302  Q.insect+F+I+R4 19952.376    317 40538.751    242150.751   41724.265
WARNING: Normalizing state frequencies so that sum of them equals to 1
312  Q.plant+I+G4  20120.708    293 40827.417    50961.770    41923.176
WARNING: Normalizing state frequencies so that sum of them equals to 1
324  Q.plant+I+R4  20108.863    298 40813.727    55664.060    41928.185
WARNING: Normalizing state frequencies so that sum of them equals to 1
334  Q.plant+F+I+G4 20063.346    312 40750.692    236062.692   41917.507
WARNING: Normalizing state frequencies so that sum of them equals to 1
346  Q.plant+F+I+R4 20056.426    317 40746.853    242358.853   41932.367
WARNING: Normalizing state frequencies so that sum of them equals to 1
356  Q.yeast+I+G4  19956.687    293 40499.373    50633.726    41595.132
WARNING: Normalizing state frequencies so that sum of them equals to 1
368  Q.yeast+I+R4  19948.887    298 40493.775    55344.108    41608.233
WARNING: Normalizing state frequencies so that sum of them equals to 1
378  Q.yeast+F+I+G4 19962.312    312 40548.625    235860.625   41715.440
WARNING: Normalizing state frequencies so that sum of them equals to 1
390  Q.yeast+F+I+R4 19957.864    317 40549.729    242161.729   41735.243
400  JTTDCMut+I+G4 20297.910    293 41181.820    51316.173    42277.579
412  JTTDCMut+I+R4 20285.765    298 41167.530    56017.863    42281.988
422  JTTDCMut+F+I+G4 20120.906    312 40865.812    236177.812   42032.627
434  JTTDCMut+F+I+R4 20114.458    317 40862.916    242474.916   42048.431
444  DCMut+I+G4    20600.149    293 41786.298    51920.651    42882.057
456  DCMut+I+R4    20590.967    298 41777.933    56628.267    42892.392
466  DCMut+F+I+G4  20395.969    312 41415.939    236727.939   42582.754
478  DCMut+F+I+R4  20389.243    317 41412.486    243024.486   42598.000
488  VT+I+G4       20457.795    293 41501.590    51635.943    42597.349
500  VT+I+R4       20446.864    298 41489.728    56340.061    42604.186
510  VT+F+I+G4     20356.576    312 41337.152    236649.152   42503.968
522  VT+F+I+R4     20346.975    317 41327.951    242939.951   42513.465
532  PMB+I+G4      20721.882    293 42029.763    52164.116    43125.522
544  PMB+I+R4      20710.477    298 42016.954    56867.287    43131.412
554  PMB+F+I+G4    20611.288    312 41846.575    237158.575   43013.391
566  PMB+F+I+R4    20601.152    317 41836.304    243448.304   43021.818
576  Blosum62+I+G4 20676.940    293 41939.880    52074.233    43035.639
588  Blosum62+I+R4 20665.858    298 41927.716    56778.049    43042.174
598  Blosum62+F+I+G4 20611.343    312 41846.687    237158.687   43013.502
610  Blosum62+F+I+R4 20600.764    317 41835.527    243447.527   43021.041
620  Dayhoff+I+G4  20595.618    293 41777.237    51911.590    42872.996
632  Dayhoff+I+R4  20586.244    298 41768.488    56618.822    42882.946
642  Dayhoff+F+I+G4 20391.948    312 41407.895    236719.895   42574.710
654  Dayhoff+F+I+R4 20385.222    317 41404.444    243016.444   42589.959
664  mtREV+I+G4    21132.811    293 42851.622    52985.975    43947.381
676  mtREV+I+R4    21123.141    298 42842.281    57692.615    43956.740
686  mtREV+F+I+G4  20564.241    312 41752.481    237064.481   42919.296
698  mtREV+F+I+R4  20556.309    317 41746.618    243358.618   42932.132
708  mtART+I+G4    21008.666    293 42603.332    52737.685    43699.091
720  mtART+I+R4    20997.839    298 42591.679    57442.012    43706.137
730  mtART+F+I+G4  20508.092    312 41640.183    236952.183   42806.999
742  mtART+F+I+R4  20500.591    317 41635.182    243247.182   42820.696
752  mtZOA+I+G4    20642.881    293 41871.762    52006.115    42967.521
764  mtZOA+I+R4    20635.334    298 41866.668    56717.001    42981.126
774  mtZOA+F+I+G4  20242.541    312 41109.082    236421.082   42275.897
786  mtZOA+F+I+R4  20239.002    317 41112.004    242724.004   42297.518
796  mtMet+I+G4    20902.294    293 42390.589    52524.942    43486.348
808  mtMet+I+R4    20895.387    298 42386.775    57237.108    43501.233
818  mtMet+F+I+G4  20391.470    312 41406.940    236718.940   42573.756
830  mtMet+F+I+R4  20388.035    317 41410.070    243022.070   42595.584
840  mtVer+I+G4    21246.865    293 43079.731    53214.084    44175.490
852  mtVer+I+R4    21235.020    298 43066.040    57916.373    44180.498
862  mtVer+F+I+G4  20718.466    312 42060.932    237372.932   43227.747
874  mtVer+F+I+R4  20708.481    317 42050.963    243662.963   43236.477
884  mtInv+I+G4    20932.255    293 42450.509    52584.862    43546.269
896  mtInv+I+R4    20926.751    298 42449.502    57299.835    43563.960
906  mtInv+F+I+G4  20278.000    312 41180.000    236492.000   42346.815
918  mtInv+F+I+R4  20274.331    317 41182.663    242794.663   42368.177
928  mtMAM+I+G4    21453.500    293 43493.000    53627.353    44588.759
940  mtMAM+I+R4    21437.462    298 43470.923    58321.257    44585.382
950  mtMAM+F+I+G4  20932.323    312 42488.645    237800.645   43655.460
962  mtMAM+F+I+R4  20920.848    317 42475.696    244087.696   43661.211
WARNING: Normalizing state frequencies so that sum of them equals to 1
972  FLAVI+I+G4    20981.268    293 42548.537    52682.890    43644.296
WARNING: Normalizing state frequencies so that sum of them equals to 1
984  FLAVI+I+R4    20964.623    298 42525.245    57375.579    43639.704
WARNING: Normalizing state frequencies so that sum of them equals to 1
994  FLAVI+F+I+G4  20744.658    312 42113.317    237425.317   43280.132
WARNING: Normalizing state frequencies so that sum of them equals to 1
1006  FLAVI+F+I+R4  20729.405    317 42092.810    243704.810   43278.324
1016  HIVb+I+G4     20738.968    293 42063.937    52198.290    43159.696
1028  HIVb+I+R4     20727.699    298 42051.399    56901.732    43165.857
1038  HIVb+F+I+G4   20533.538    312 41691.076    237003.076   42857.892
1050  HIVb+F+I+R4   20522.332    317 41678.664    243290.664   42864.178
1060  HIVw+I+G4     21510.134    293 43606.268    53740.621    44702.027
1072  HIVw+I+R4     21505.104    298 43606.209    58456.542    44720.667
1082  HIVw+F+I+G4   21149.056    312 42922.112    238234.112   44088.928
1094  HIVw+F+I+R4   21143.216    317 42920.432    244532.432   44105.946
1104  FLU+I+G4      20496.884    293 41579.769    51714.121    42675.528
1116  FLU+I+R4      20489.640    298 41575.281    56425.614    42689.739
1126  FLU+F+I+G4    20432.691    312 41489.383    236801.383   42656.198
1138  FLU+F+I+R4    20424.901    317 41483.803    243095.803   42669.317
1148  rtREV+I+G4    20378.347    293 41342.693    51477.046    42438.453
1160  rtREV+I+R4    20370.787    298 41337.574    56187.907    42452.032
1170  rtREV+F+I+G4  20159.078    312 40942.155    236254.155   42108.970
1182  rtREV+F+I+R4  20153.898    317 40941.795    242553.795   42127.310
1192  cpREV+I+G4    20390.668    293 41367.335    51501.688    42463.095
1204  cpREV+I+R4    20386.181    298 41368.363    56218.696    42482.821
1214  cpREV+F+I+G4  20396.198    312 41416.395    236728.395   42583.211
1226  cpREV+F+I+R4  20387.670    317 41409.340    243021.340   42594.854
Akaike Information Criterion:           Q.yeast+I+R4
Corrected Akaike Information Criterion: LG+G4
Bayesian Information Criterion:         Q.yeast+I+G4
Best-fit model: Q.yeast+I+G4 chosen according to BIC

All model information printed to gene_order/flagellar_trees/gene_trees/flhf.model.gz
CPU time for ModelFinder: 891.991 seconds (0h:14m:51s)
Wall-clock time for ModelFinder: 225.144 seconds (0h:3m:45s)
Generating 1000 samples for ultrafast bootstrap (seed: 102848)...
WARNING: Normalizing state frequencies so that sum of them equals to 1

NOTE: 29 MB RAM (0 GB) is required!
Estimate model parameters (epsilon = 0.100)
Thoroughly optimizing +I+G parameters from 10 start values...
Init pinv, alpha: 0.000, 1.345 / Estimate: 0.000, 0.801 / LogL: -19977.424
Init pinv, alpha: 0.011, 1.345 / Estimate: 0.080, 1.113 / LogL: -19956.690
Init pinv, alpha: 0.022, 1.345 / Estimate: 0.080, 1.113 / LogL: -19956.689
Init pinv, alpha: 0.033, 1.345 / Estimate: 0.080, 1.113 / LogL: -19956.688
Init pinv, alpha: 0.044, 1.345 / Estimate: 0.080, 1.112 / LogL: -19956.691
Init pinv, alpha: 0.055, 1.345 / Estimate: 0.080, 1.113 / LogL: -19956.688
Init pinv, alpha: 0.066, 1.345 / Estimate: 0.080, 1.114 / LogL: -19956.687
Init pinv, alpha: 0.078, 1.345 / Estimate: 0.080, 1.115 / LogL: -19956.687
Init pinv, alpha: 0.089, 1.345 / Estimate: 0.080, 1.115 / LogL: -19956.686
Init pinv, alpha: 0.100, 1.345 / Estimate: 0.080, 1.115 / LogL: -19956.687
Optimal pinv,alpha: 0.080, 1.115 / LogL: -19956.686

Parameters optimization took 8.723 sec
Wrote distance file to... 
Computing ML distances based on estimated model parameters...
Calculating distance matrix: done in 0.874885 secs using 396.3% CPU
Computing ML distances took 0.875140 sec (of wall-clock time) 3.467017 sec (of CPU time)
Setting up auxiliary I and S matrices: done in 0.00503621 secs using 201.8% CPU
Computing RapidNJ tree took 0.986286 sec (of wall-clock time) 1.025902 sec (of CPU time)
Log-likelihood of RapidNJ tree: -20106.497
--------------------------------------------------------------------
|             INITIALIZING CANDIDATE TREE SET                      |
--------------------------------------------------------------------
Generating 98 parsimony trees... 3.764 second
Computing log-likelihood of 98 initial trees ... 5.795 seconds
Current best score: -19956.686

Do NNI search on 20 best initial trees
Estimate model parameters (epsilon = 0.100)
BETTER TREE FOUND at iteration 1: -19955.668
Estimate model parameters (epsilon = 0.100)
BETTER TREE FOUND at iteration 2: -19951.661
Estimate model parameters (epsilon = 0.100)
BETTER TREE FOUND at iteration 3: -19947.645
Estimate model parameters (epsilon = 0.100)
BETTER TREE FOUND at iteration 5: -19942.749
Iteration 10 / LogL: -19949.855 / Time: 0h:4m:14s
Iteration 20 / LogL: -19950.535 / Time: 0h:4m:23s
Finish initializing candidate tree set (20)
Current best tree score: -19942.749 / CPU time: 27.102
Number of iterations: 20
--------------------------------------------------------------------
|               OPTIMIZING CANDIDATE TREE SET                      |
--------------------------------------------------------------------
Estimate model parameters (epsilon = 0.100)
BETTER TREE FOUND at iteration 22: -19939.895
Estimate model parameters (epsilon = 0.100)
BETTER TREE FOUND at iteration 26: -19934.181
Iteration 30 / LogL: -19940.131 / Time: 0h:4m:36s (0h:2m:49s left)
Iteration 40 / LogL: -19950.354 / Time: 0h:4m:49s (0h:2m:21s left)
Iteration 50 / LogL: -19965.948 / Time: 0h:5m:2s (0h:1m:59s left)
Log-likelihood cutoff on original alignment: -20018.912
Iteration 60 / LogL: -19975.246 / Time: 0h:5m:16s (0h:1m:41s left)
Iteration 70 / LogL: -19985.462 / Time: 0h:5m:28s (0h:1m:24s left)
Iteration 80 / LogL: -19939.967 / Time: 0h:5m:42s (0h:1m:8s left)
Iteration 90 / LogL: -19948.890 / Time: 0h:5m:54s (0h:0m:52s left)
Iteration 100 / LogL: -19935.978 / Time: 0h:6m:7s (0h:0m:37s left)
Log-likelihood cutoff on original alignment: -20013.608
NOTE: Bootstrap correlation coefficient of split occurrence frequencies: 0.996
Iteration 110 / LogL: -19934.913 / Time: 0h:6m:20s (0h:2m:8s left)
Iteration 120 / LogL: -20016.138 / Time: 0h:6m:33s (0h:1m:53s left)
TREE SEARCH COMPLETED AFTER 127 ITERATIONS / Time: 0h:6m:41s

--------------------------------------------------------------------
|                    FINALIZING TREE SEARCH                        |
--------------------------------------------------------------------
Performs final model parameters optimization
Estimate model parameters (epsilon = 0.010)
1. Initial log-likelihood: -19934.181
Optimal log-likelihood: -19934.181
Proportion of invariable sites: 0.080
Gamma shape alpha: 1.101
Parameters optimization took 1 rounds (0.177 sec)
BEST SCORE FOUND : -19934.181
Creating bootstrap support values...
Split supports printed to NEXUS file gene_order/flagellar_trees/gene_trees/flhf.splits.nex
Total tree length: 21.182

Total number of iterations: 127
CPU time used for tree search: 640.510 sec (0h:10m:40s)
Wall-clock time used for tree search: 165.809 sec (0h:2m:45s)
Total CPU time used: 1574.081 sec (0h:26m:14s)
Total wall-clock time used: 402.464 sec (0h:6m:42s)

Computing bootstrap consensus tree...
Reading input file gene_order/flagellar_trees/gene_trees/flhf.splits.nex...
147 taxa and 604 splits.
Consensus tree written to gene_order/flagellar_trees/gene_trees/flhf.contree
Reading input trees file gene_order/flagellar_trees/gene_trees/flhf.contree
Log-likelihood of consensus tree: -19934.184

Analysis results written to: 
  IQ-TREE report:                gene_order/flagellar_trees/gene_trees/flhf.iqtree
  Maximum-likelihood tree:       gene_order/flagellar_trees/gene_trees/flhf.treefile
  Likelihood distances:          gene_order/flagellar_trees/gene_trees/flhf.mldist

Ultrafast bootstrap approximation results written to:
  Split support values:          gene_order/flagellar_trees/gene_trees/flhf.splits.nex
  Consensus tree:                gene_order/flagellar_trees/gene_trees/flhf.contree
  Screen log file:               gene_order/flagellar_trees/gene_trees/flhf.log

Date and Time: Sat Sep 26 10:05:33 2026
