IQ-TREE multicore version 2.4.0 for Linux x86 64-bit built Feb 12 2025
Developed by Bui Quang Minh, Nguyen Lam Tung, Olga Chernomor, Heiko Schmidt,
Dominik Schrempf, Michael Woodhams, Ly Trong Nhan, Thomas Wong

Host:    k081 (AVX512, FMA3, 377 GB RAM)
Command: iqtree2 -s gene_order/flagellar_trees/trimmed/flie.faa -m MFP -B 1000 -T 4 --prefix gene_order/flagellar_trees/gene_trees/flie
Seed:    436815 (Using SPRNG - Scalable Parallel Random Number Generator)
Time:    Sat Sep 26 09:58:37 2026
Kernel:  AVX+FMA - 4 threads (4 CPU cores detected)

Reading alignment file gene_order/flagellar_trees/trimmed/flie.faa ... Fasta format detected
Reading fasta file: done in 0.000189558 secs using 19.52% CPU
Alignment most likely contains protein sequences
Alignment has 152 sequences with 67 columns, 67 distinct patterns
57 parsimony-informative, 3 singleton sites, 7 constant sites
                 Gap/Ambiguity  Composition  p-value
Analyzing sequences: done in 0.00452373 secs using 282.7% CPU
   1  GCF_000012965.1    0.00%    passed     99.51%
   2  GCF_000021725.1    0.00%    passed     98.64%
   3  GCF_000024885.1    0.00%    passed     99.80%
   4  GCF_000092245.1    0.00%    passed     28.51%
   5  GCF_000147355.1    0.00%    passed    100.00%
   6  GCF_000155475.1    0.00%    passed     99.92%
   7  GCF_000162575.1    0.00%    passed     99.87%
   8  GCF_000183725.1    0.00%    passed    100.00%
   9  GCF_000194135.1    0.00%    passed     94.48%
  10  GCF_000196135.1    0.00%    passed     99.94%
  11  GCF_000200595.1    0.00%    passed     99.97%
  12  GCF_000242915.1    0.00%    passed     99.34%
  13  GCF_000254135.1    0.00%    passed     98.51%
  14  GCF_000259275.1    0.00%    passed     99.97%
  15  GCF_000265295.1    0.00%    passed     99.99%
  16  GCF_000420385.1    0.00%    passed     96.15%
  17  GCF_000445475.1    0.00%    passed     93.66%
  18  GCF_000507845.1    0.00%    passed     99.55%
  19  GCF_000518225.1    0.00%    passed    100.00%
  20  GCF_000568815.1    0.00%    passed     99.76%
  21  GCF_000597725.1    0.00%    passed    100.00%
  22  GCF_000686565.1    0.00%    passed     98.52%
  23  GCF_000687535.1    0.00%    passed     99.99%
  24  GCF_000736415.1    0.00%    passed     99.73%
  25  GCF_000744435.1    0.00%    passed     96.92%
  26  GCF_000762845.2    0.00%    passed     97.61%
  27  GCF_000762875.2    0.00%    passed     99.87%
  28  GCF_000763135.2    0.00%    passed     99.95%
  29  GCF_000765805.2    0.00%    passed     99.13%
  30  GCF_000765905.2    0.00%    passed     98.52%
  31  GCF_000813325.1    0.00%    passed     99.62%
  32  GCF_000816185.1    0.00%    passed     99.83%
  33  GCF_000816305.1    0.00%    passed     98.55%
  34  GCF_000816785.1    0.00%    passed     98.66%
  35  GCF_001282945.1    0.00%    passed     99.91%
  36  GCF_001283065.1    0.00%    passed     99.66%
  37  GCF_001298465.1    0.00%    passed     99.98%
  38  GCF_001457695.1    0.00%    passed     99.87%
  39  GCF_001602095.1    0.00%    passed     95.63%
  40  GCF_001687475.2    0.00%    passed     99.22%
  41  GCF_001693335.1    0.00%    passed    100.00%
  42  GCF_001723605.1    0.00%    passed     99.76%
  43  GCF_001956695.1    0.00%    passed     82.41%
  44  GCF_002021925.1    0.00%    passed     99.97%
  45  GCF_002080395.1    0.00%    passed     98.31%
  46  GCF_002104335.1    0.00%    passed     99.88%
  47  GCF_002119425.1    0.00%    passed     89.01%
  48  GCF_002139855.1    0.00%    passed     99.98%
  49  GCF_002139875.1    0.00%    passed     99.98%
  50  GCF_002139915.1    0.00%    passed     99.72%
  51  GCF_002139935.1    0.00%    passed     99.99%
  52  GCF_002238335.1    0.00%    passed     99.93%
  53  GCF_002335445.1    0.00%    passed     92.11%
  54  GCF_002837275.1    0.00%    passed     83.90%
  55  GCF_003063245.1    0.00%    passed     98.41%
  56  GCF_003063295.1    0.00%    passed     93.16%
  57  GCF_003245365.1    0.00%    passed     99.97%
  58  GCF_003316695.1    0.00%    passed     92.65%
  59  GCF_003346775.1    0.00%    passed     92.59%
  60  GCF_003346815.1    0.00%    failed      0.00%
  61  GCF_003355515.1    0.00%    passed     97.46%
  62  GCF_003364195.1    0.00%    passed     99.00%
  63  GCF_003364215.1    0.00%    passed    100.00%
  64  GCF_003364255.1    0.00%    passed     99.90%
  65  GCF_003364335.1    0.00%    passed     99.99%
  66  GCF_003544815.1    0.00%    passed     92.96%
  67  GCF_003544835.1    0.00%    passed     83.63%
  68  GCF_003544855.1    0.00%    passed     53.52%
  69  GCF_003544915.1    0.00%    passed     99.40%
  70  GCF_003544935.1    0.00%    passed     99.45%
  71  GCF_003660105.1    0.00%    passed     77.18%
  72  GCF_003660265.1    0.00%    passed    100.00%
  73  GCF_003660285.1    0.00%    passed     99.97%
  74  GCF_003660395.1    0.00%    passed     99.97%
  75  GCF_003667345.1    0.00%    passed     96.95%
  76  GCF_003670275.1    0.00%    passed     99.72%
  77  GCF_003752135.1    0.00%    passed     97.20%
  78  GCF_004214795.1    0.00%    passed     95.24%
  79  GCF_004214815.1    0.00%    passed     96.35%
  80  GCF_004299785.2    0.00%    passed     90.15%
  81  GCF_004323845.1    0.00%    passed     99.74%
  82  GCF_004803795.1    0.00%    passed     99.94%
  83  GCF_004803815.1    0.00%    passed     99.91%
  84  GCF_005217605.1    0.00%    passed     99.59%
  85  GCF_005406215.1    0.00%    passed     99.91%
  86  GCF_005406225.1    0.00%    passed     99.80%
  87  GCF_005771535.1    0.00%    passed     93.03%
  88  GCF_005843985.1    0.00%    passed     99.82%
  89  GCF_006459125.1    0.00%    passed     92.31%
  90  GCF_006864425.1    0.00%    passed     98.51%
  91  GCF_008245005.1    0.00%    passed     96.14%
  92  GCF_008245045.1    0.00%    passed     99.88%
  93  GCF_008693005.1    0.00%    passed     99.24%
  94  GCF_009068765.1    0.00%    passed     99.68%
  95  GCF_009192995.1    0.00%    passed     99.85%
  96  GCF_009258225.1    0.00%    passed     92.95%
  97  GCF_011769985.2    0.00%    passed     98.96%
  98  GCF_013177635.1    0.00%    passed     78.87%
  99  GCF_013177655.1    0.00%    passed     99.65%
 100  GCF_013201605.1    0.00%    passed     99.54%
 101  GCF_013201625.1    0.00%    passed     98.36%
 102  GCF_013201665.1    0.00%    passed     85.96%
 103  GCF_013201705.1    0.00%    passed     90.03%
 104  GCF_013201725.1    0.00%    passed     99.24%
 105  GCF_013201825.1    0.00%    passed     95.78%
 106  GCF_013201935.1    0.00%    passed     78.87%
 107  GCF_013283835.1    0.00%    passed     93.08%
 108  GCF_013372105.1    0.00%    passed     98.55%
 109  GCF_013372125.1    0.00%    passed     99.83%
 110  GCF_013372145.1    0.00%    passed    100.00%
 111  GCF_013372185.1    0.00%    passed     98.55%
 112  GCF_013372205.1    0.00%    passed     99.89%
 113  GCF_013372265.1    0.00%    passed     85.32%
 114  GCF_014253065.1    0.00%    passed     99.91%
 115  GCF_014466985.1    0.00%    passed     73.19%
 116  GCF_014905095.1    0.00%    passed     99.88%
 117  GCF_014905115.1    0.00%    passed     99.95%
 118  GCF_014905135.1    0.00%    passed     99.85%
 119  GCF_015100395.1    0.00%    passed     60.51%
 120  GCF_015265455.1    0.00%    passed     91.73%
 121  GCF_015265475.1    0.00%    passed     96.30%
 122  GCF_016106035.1    0.00%    passed     93.62%
 123  GCF_016593255.1    0.00%    passed     99.93%
 124  GCF_016806695.1    0.00%    passed     99.83%
 125  GCF_016937535.1    0.00%    passed     99.98%
 126  GCF_017357825.1    0.00%    passed     99.79%
 127  GCF_017979425.1    0.00%    passed     99.92%
 128  GCF_017979475.1    0.00%    passed     99.87%
 129  GCF_018145655.1    0.00%    passed     99.97%
 130  GCF_019711685.1    0.00%    passed     99.99%
 131  GCF_021300615.1    0.00%    passed     99.93%
 132  GCF_021300655.1    0.00%    passed     99.58%
 133  GCF_023646285.1    0.00%    passed     99.89%
 134  GCF_024267655.1    0.00%    passed     94.92%
 135  GCF_025770725.1    0.00%    passed    100.00%
 136  GCF_026000295.1    0.00%    passed    100.00%
 137  GCF_027859255.1    0.00%    passed     99.81%
 138  GCF_027943725.1    0.00%    passed     85.69%
 139  GCF_027946175.1    0.00%    passed     94.90%
 140  GCF_028649595.1    0.00%    passed     98.31%
 141  GCF_028751035.1    0.00%    passed     99.98%
 142  GCF_030249845.1    0.00%    passed     99.90%
 143  GCF_030296055.1    0.00%    passed     99.98%
 144  GCF_900115615.1    0.00%    passed     99.89%
 145  GCF_900187115.1    0.00%    passed     72.92%
 146  GCF_900461455.1    0.00%    passed     99.91%
 147  GCF_900475935.1    0.00%    passed     99.93%
 148  GCF_900476215.1    0.00%    passed     99.92%
 149  GCF_900478295.1    0.00%    passed     99.99%
 150  GCF_900637395.1    0.00%    passed     98.82%
 151  GCF_905120465.1    0.00%    passed    100.00%
 152  GCF_905120475.1    0.00%    passed     99.66%
****  TOTAL              0.00%  1 sequences failed composition chi2 test (p-value<5%; df=17)
NOTE: GCF_003660285.1 is identical to GCF_000200595.1 but kept for subsequent analysis
NOTE: GCF_001723605.1 is identical to GCF_000568815.1 but kept for subsequent analysis
NOTE: GCF_000765905.2 is identical to GCF_000686565.1 but kept for subsequent analysis
NOTE: GCF_013372105.1 is identical to GCF_000816305.1 but kept for subsequent analysis
NOTE: GCF_002139875.1 is identical to GCF_002139855.1 but kept for subsequent analysis
NOTE: GCF_014253065.1 is identical to GCF_004803815.1 but kept for subsequent analysis
NOTE: GCF_013201935.1 is identical to GCF_013177635.1 but kept for subsequent analysis
NOTE: 2 identical sequences (see below) will be ignored for subsequent analysis
NOTE: GCF_003660395.1 (identical to GCF_000200595.1) is ignored but added at the end
NOTE: GCF_013372185.1 (identical to GCF_000816305.1) is ignored but added at the end
Alignment was printed to gene_order/flagellar_trees/gene_trees/flie.uniqueseq.phy

For your convenience alignment with unique sequences printed to gene_order/flagellar_trees/gene_trees/flie.uniqueseq.phy


Create initial parsimony tree by phylogenetic likelihood library (PLL)... 0.021 seconds
WARNING: Number of threads seems too high for short alignments. Use -T AUTO to determine best number of threads.
Perform fast likelihood tree search using LG+I+G model...
Estimate model parameters (epsilon = 5.000)
Perform nearest neighbor interchange...
Estimate model parameters (epsilon = 1.000)
1. Initial log-likelihood: -4307.392
Optimal log-likelihood: -4306.843
Proportion of invariable sites: 0.075
Gamma shape alpha: 0.812
Parameters optimization took 1 rounds (0.102 sec)
Time for fast ML tree search: 0.790 seconds

NOTE: ModelFinder requires 20 MB RAM!
ModelFinder will test up to 1232 protein models (sample size: 67 epsilon: 0.100) ...
 No. Model         -LnL         df  AIC          AICc         BIC
WARNING: Number of threads seems too high for short alignments. Use -T AUTO to determine best number of threads.
  1  LG            4639.220     297 9872.439     186884.439   10527.233
WARNING: Number of threads seems too high for short alignments. Use -T AUTO to determine best number of threads.
  2  LG+I          4571.860     298 9739.720     187943.720   10396.718
WARNING: Number of threads seems too high for short alignments. Use -T AUTO to determine best number of threads.
  3  LG+G4         4308.254     298 9212.508     187416.508   9869.507
WARNING: Number of threads seems too high for short alignments. Use -T AUTO to determine best number of threads.
  4  LG+I+G4       4306.667     299 9211.333     188611.333   9870.536
WARNING: Number of threads seems too high for short alignments. Use -T AUTO to determine best number of threads.
  5  LG+R2         4392.516     299 9383.031     188783.031   10042.234
WARNING: Number of threads seems too high for short alignments. Use -T AUTO to determine best number of threads.
  6  LG+R3         4316.887     301 9235.774     191039.774   9899.387
WARNING: Number of threads seems too high for short alignments. Use -T AUTO to determine best number of threads.
  7  LG+R4         4302.035     303 9210.069     193434.069   9878.091
WARNING: Number of threads seems too high for short alignments. Use -T AUTO to determine best number of threads.
  8  LG+R5         4297.570     305 9205.140     195865.140   9877.571
WARNING: Number of threads seems too high for short alignments. Use -T AUTO to determine best number of threads.
  9  LG+R6         4297.391     307 9208.782     198320.782   9885.623
WARNING: Number of threads seems too high for short alignments. Use -T AUTO to determine best number of threads.
 14  LG+I+R2       4379.533     300 9359.067     189959.067   10020.475
WARNING: Number of threads seems too high for short alignments. Use -T AUTO to determine best number of threads.
 15  LG+I+R3       4310.918     302 9225.837     192237.837   9891.654
WARNING: Number of threads seems too high for short alignments. Use -T AUTO to determine best number of threads.
 16  LG+I+R4       4298.531     304 9205.062     194645.062   9875.289
WARNING: Number of threads seems too high for short alignments. Use -T AUTO to determine best number of threads.
 17  LG+I+R5       4296.756     306 9205.512     197089.512   9880.148
WARNING: Number of threads seems too high for short alignments. Use -T AUTO to determine best number of threads.
 25  LG+F+G4       4254.649     317 9143.298     210755.298   9842.186
WARNING: Number of threads seems too high for short alignments. Use -T AUTO to determine best number of threads.
 26  LG+F+I+G4     4253.168     318 9142.335     212026.335   9843.427
WARNING: Number of threads seems too high for short alignments. Use -T AUTO to determine best number of threads.
 29  LG+F+R4       4248.487     322 9140.974     217152.974   9850.885
WARNING: Number of threads seems too high for short alignments. Use -T AUTO to determine best number of threads.
 30  LG+F+R5       4243.819     324 9135.639     219735.639   9849.959
WARNING: Number of threads seems too high for short alignments. Use -T AUTO to determine best number of threads.
 38  LG+F+I+R4     4244.779     323 9135.558     218439.558   9847.673
WARNING: Number of threads seems too high for short alignments. Use -T AUTO to determine best number of threads.
 47  WAG+G4        4347.184     298 9290.367     187494.367   9947.366
WARNING: Number of threads seems too high for short alignments. Use -T AUTO to determine best number of threads.
 48  WAG+I+G4      4345.332     299 9288.664     188688.664   9947.867
WARNING: Number of threads seems too high for short alignments. Use -T AUTO to determine best number of threads.
 51  WAG+R4        4343.008     303 9292.016     193516.016   9960.038
WARNING: Number of threads seems too high for short alignments. Use -T AUTO to determine best number of threads.
 52  WAG+R5        4338.349     305 9286.697     195946.697   9959.129
WARNING: Number of threads seems too high for short alignments. Use -T AUTO to determine best number of threads.
 60  WAG+I+R4      4339.279     304 9286.557     194726.557   9956.784
WARNING: Number of threads seems too high for short alignments. Use -T AUTO to determine best number of threads.
 69  WAG+F+G4      4303.663     317 9241.326     210853.326   9940.214
WARNING: Number of threads seems too high for short alignments. Use -T AUTO to determine best number of threads.
 70  WAG+F+I+G4    4301.469     318 9238.939     212122.939   9940.031
WARNING: Number of threads seems too high for short alignments. Use -T AUTO to determine best number of threads.
 73  WAG+F+R4      4298.360     322 9240.719     217252.719   9950.630
WARNING: Number of threads seems too high for short alignments. Use -T AUTO to determine best number of threads.
 74  WAG+F+R5      4294.800     324 9237.600     219837.600   9951.920
WARNING: Number of threads seems too high for short alignments. Use -T AUTO to determine best number of threads.
 82  WAG+F+I+R4    4295.548     323 9237.097     218541.097   9949.212
WARNING: Number of threads seems too high for short alignments. Use -T AUTO to determine best number of threads.
 91  JTT+G4        4364.530     298 9325.060     187529.060   9982.058
WARNING: Number of threads seems too high for short alignments. Use -T AUTO to determine best number of threads.
 92  JTT+I+G4      4363.666     299 9325.332     188725.332   9984.535
WARNING: Number of threads seems too high for short alignments. Use -T AUTO to determine best number of threads.
 95  JTT+R4        4361.105     303 9328.210     193552.210   9996.232
WARNING: Number of threads seems too high for short alignments. Use -T AUTO to determine best number of threads.
 96  JTT+R5        4354.378     305 9318.756     195978.756   9991.188
WARNING: Number of threads seems too high for short alignments. Use -T AUTO to determine best number of threads.
104  JTT+I+R4      4357.395     304 9322.791     194762.791   9993.017
WARNING: Number of threads seems too high for short alignments. Use -T AUTO to determine best number of threads.
113  JTT+F+G4      4289.505     317 9213.010     210825.010   9911.897
WARNING: Number of threads seems too high for short alignments. Use -T AUTO to determine best number of threads.
114  JTT+F+I+G4    4288.554     318 9213.109     212097.109   9914.201
WARNING: Number of threads seems too high for short alignments. Use -T AUTO to determine best number of threads.
117  JTT+F+R4      4285.878     322 9215.755     217227.755   9925.666
WARNING: Number of threads seems too high for short alignments. Use -T AUTO to determine best number of threads.
118  JTT+F+R5      4281.241     324 9210.482     219810.482   9924.802
WARNING: Number of threads seems too high for short alignments. Use -T AUTO to determine best number of threads.
126  JTT+F+I+R4    4283.344     323 9212.687     218516.687   9924.803
WARNING: Normalizing state frequencies so that sum of them equals to 1
WARNING: Number of threads seems too high for short alignments. Use -T AUTO to determine best number of threads.
135  Q.pfam+G4     4321.443     298 9238.886     187442.886   9895.884
WARNING: Normalizing state frequencies so that sum of them equals to 1
WARNING: Number of threads seems too high for short alignments. Use -T AUTO to determine best number of threads.
136  Q.pfam+I+G4   4319.025     299 9236.051     188636.051   9895.254
WARNING: Normalizing state frequencies so that sum of them equals to 1
WARNING: Number of threads seems too high for short alignments. Use -T AUTO to determine best number of threads.
139  Q.pfam+R4     4314.359     303 9234.718     193458.718   9902.740
WARNING: Normalizing state frequencies so that sum of them equals to 1
WARNING: Number of threads seems too high for short alignments. Use -T AUTO to determine best number of threads.
140  Q.pfam+R5     4309.310     305 9228.619     195888.619   9901.050
WARNING: Normalizing state frequencies so that sum of them equals to 1
WARNING: Number of threads seems too high for short alignments. Use -T AUTO to determine best number of threads.
148  Q.pfam+I+R4   4311.448     304 9230.895     194670.895   9901.122
WARNING: Normalizing state frequencies so that sum of them equals to 1
WARNING: Number of threads seems too high for short alignments. Use -T AUTO to determine best number of threads.
157  Q.pfam+F+G4   4268.818     317 9171.636     210783.636   9870.524
WARNING: Normalizing state frequencies so that sum of them equals to 1
WARNING: Number of threads seems too high for short alignments. Use -T AUTO to determine best number of threads.
158  Q.pfam+F+I+G4 4265.084     318 9166.167     212050.167   9867.260
WARNING: Normalizing state frequencies so that sum of them equals to 1
WARNING: Number of threads seems too high for short alignments. Use -T AUTO to determine best number of threads.
161  Q.pfam+F+R4   4260.357     322 9164.713     217176.713   9874.624
WARNING: Normalizing state frequencies so that sum of them equals to 1
WARNING: Number of threads seems too high for short alignments. Use -T AUTO to determine best number of threads.
162  Q.pfam+F+R5   4255.453     324 9158.907     219758.907   9873.227
WARNING: Normalizing state frequencies so that sum of them equals to 1
WARNING: Number of threads seems too high for short alignments. Use -T AUTO to determine best number of threads.
170  Q.pfam+F+I+R4 4256.982     323 9159.964     218463.964   9872.079
WARNING: Normalizing state frequencies so that sum of them equals to 1
WARNING: Number of threads seems too high for short alignments. Use -T AUTO to determine best number of threads.
179  Q.bird+G4     4462.481     298 9520.961     187724.961   10177.960
WARNING: Normalizing state frequencies so that sum of them equals to 1
WARNING: Number of threads seems too high for short alignments. Use -T AUTO to determine best number of threads.
180  Q.bird+I+G4   4459.870     299 9517.740     188917.740   10176.943
WARNING: Normalizing state frequencies so that sum of them equals to 1
WARNING: Number of threads seems too high for short alignments. Use -T AUTO to determine best number of threads.
183  Q.bird+R4     4454.253     303 9514.507     193738.507   10182.529
WARNING: Normalizing state frequencies so that sum of them equals to 1
WARNING: Number of threads seems too high for short alignments. Use -T AUTO to determine best number of threads.
184  Q.bird+R5     4448.623     305 9507.246     196167.246   10179.677
WARNING: Normalizing state frequencies so that sum of them equals to 1
WARNING: Number of threads seems too high for short alignments. Use -T AUTO to determine best number of threads.
192  Q.bird+I+R4   4453.210     304 9514.420     194954.420   10184.646
WARNING: Normalizing state frequencies so that sum of them equals to 1
WARNING: Number of threads seems too high for short alignments. Use -T AUTO to determine best number of threads.
201  Q.bird+F+G4   4368.076     317 9370.152     210982.152   10069.040
WARNING: Normalizing state frequencies so that sum of them equals to 1
WARNING: Number of threads seems too high for short alignments. Use -T AUTO to determine best number of threads.
202  Q.bird+F+I+G4 4365.167     318 9366.333     212250.333   10067.426
WARNING: Normalizing state frequencies so that sum of them equals to 1
WARNING: Number of threads seems too high for short alignments. Use -T AUTO to determine best number of threads.
205  Q.bird+F+R4   4359.943     322 9363.886     217375.886   10073.797
WARNING: Normalizing state frequencies so that sum of them equals to 1
WARNING: Number of threads seems too high for short alignments. Use -T AUTO to determine best number of threads.
206  Q.bird+F+R5   4355.697     324 9359.394     219959.394   10073.714
WARNING: Normalizing state frequencies so that sum of them equals to 1
WARNING: Number of threads seems too high for short alignments. Use -T AUTO to determine best number of threads.
214  Q.bird+F+I+R4 4356.929     323 9359.858     218663.858   10071.974
WARNING: Normalizing state frequencies so that sum of them equals to 1
WARNING: Number of threads seems too high for short alignments. Use -T AUTO to determine best number of threads.
223  Q.mammal+G4   4437.034     298 9470.067     187674.067   10127.066
WARNING: Normalizing state frequencies so that sum of them equals to 1
WARNING: Number of threads seems too high for short alignments. Use -T AUTO to determine best number of threads.
224  Q.mammal+I+G4 4434.335     299 9466.671     188866.671   10125.874
WARNING: Normalizing state frequencies so that sum of them equals to 1
WARNING: Number of threads seems too high for short alignments. Use -T AUTO to determine best number of threads.
227  Q.mammal+R4   4428.525     303 9463.050     193687.050   10131.072
WARNING: Normalizing state frequencies so that sum of them equals to 1
WARNING: Number of threads seems too high for short alignments. Use -T AUTO to determine best number of threads.
228  Q.mammal+R5   4423.409     305 9456.819     196116.819   10129.250
WARNING: Normalizing state frequencies so that sum of them equals to 1
WARNING: Number of threads seems too high for short alignments. Use -T AUTO to determine best number of threads.
236  Q.mammal+I+R4 4426.838     304 9461.676     194901.676   10131.902
WARNING: Normalizing state frequencies so that sum of them equals to 1
WARNING: Number of threads seems too high for short alignments. Use -T AUTO to determine best number of threads.
245  Q.mammal+F+G4 4338.943     317 9311.887     210923.887   10010.774
WARNING: Normalizing state frequencies so that sum of them equals to 1
WARNING: Number of threads seems too high for short alignments. Use -T AUTO to determine best number of threads.
246  Q.mammal+F+I+G4 4335.681     318 9307.361     212191.361   10008.454
WARNING: Normalizing state frequencies so that sum of them equals to 1
WARNING: Number of threads seems too high for short alignments. Use -T AUTO to determine best number of threads.
249  Q.mammal+F+R4 4330.739     322 9305.477     217317.477   10015.388
WARNING: Normalizing state frequencies so that sum of them equals to 1
WARNING: Number of threads seems too high for short alignments. Use -T AUTO to determine best number of threads.
250  Q.mammal+F+R5 4327.234     324 9302.467     219902.467   10016.788
WARNING: Normalizing state frequencies so that sum of them equals to 1
WARNING: Number of threads seems too high for short alignments. Use -T AUTO to determine best number of threads.
258  Q.mammal+F+I+R4 4327.903     323 9301.806     218605.806   10013.922
WARNING: Number of threads seems too high for short alignments. Use -T AUTO to determine best number of threads.
267  Q.insect+G4   4312.065     298 9220.130     187424.130   9877.128
WARNING: Number of threads seems too high for short alignments. Use -T AUTO to determine best number of threads.
268  Q.insect+I+G4 4304.649     299 9207.298     188607.298   9866.501
WARNING: Number of threads seems too high for short alignments. Use -T AUTO to determine best number of threads.
271  Q.insect+R4   4297.547     303 9201.093     193425.093   9869.115
WARNING: Number of threads seems too high for short alignments. Use -T AUTO to determine best number of threads.
272  Q.insect+R5   4293.230     305 9196.460     195856.460   9868.891
WARNING: Number of threads seems too high for short alignments. Use -T AUTO to determine best number of threads.
280  Q.insect+I+R4 4295.684     304 9199.368     194639.368   9869.595
WARNING: Number of threads seems too high for short alignments. Use -T AUTO to determine best number of threads.
289  Q.insect+F+G4 4255.497     317 9144.994     210756.994   9843.881
WARNING: Number of threads seems too high for short alignments. Use -T AUTO to determine best number of threads.
290  Q.insect+F+I+G4 4252.284     318 9140.568     212024.568   9841.660
WARNING: Number of threads seems too high for short alignments. Use -T AUTO to determine best number of threads.
293  Q.insect+F+R4 4247.313     322 9138.626     217150.626   9848.537
WARNING: Number of threads seems too high for short alignments. Use -T AUTO to determine best number of threads.
294  Q.insect+F+R5 4242.420     324 9132.840     219732.840   9847.160
WARNING: Number of threads seems too high for short alignments. Use -T AUTO to determine best number of threads.
302  Q.insect+F+I+R4 4244.180     323 9134.360     218438.360   9846.476
WARNING: Normalizing state frequencies so that sum of them equals to 1
WARNING: Number of threads seems too high for short alignments. Use -T AUTO to determine best number of threads.
311  Q.plant+G4    4331.985     298 9259.970     187463.970   9916.968
WARNING: Normalizing state frequencies so that sum of them equals to 1
WARNING: Number of threads seems too high for short alignments. Use -T AUTO to determine best number of threads.
312  Q.plant+I+G4  4325.606     299 9249.213     188649.213   9908.416
WARNING: Normalizing state frequencies so that sum of them equals to 1
WARNING: Number of threads seems too high for short alignments. Use -T AUTO to determine best number of threads.
315  Q.plant+R4    4320.435     303 9246.869     193470.869   9914.891
WARNING: Normalizing state frequencies so that sum of them equals to 1
WARNING: Number of threads seems too high for short alignments. Use -T AUTO to determine best number of threads.
316  Q.plant+R5    4315.380     305 9240.760     195900.760   9913.191
WARNING: Normalizing state frequencies so that sum of them equals to 1
WARNING: Number of threads seems too high for short alignments. Use -T AUTO to determine best number of threads.
324  Q.plant+I+R4  4317.979     304 9243.958     194683.958   9914.184
WARNING: Normalizing state frequencies so that sum of them equals to 1
WARNING: Number of threads seems too high for short alignments. Use -T AUTO to determine best number of threads.
333  Q.plant+F+G4  4271.692     317 9177.383     210789.383   9876.271
WARNING: Normalizing state frequencies so that sum of them equals to 1
WARNING: Number of threads seems too high for short alignments. Use -T AUTO to determine best number of threads.
334  Q.plant+F+I+G4 4267.979     318 9171.958     212055.958   9873.050
WARNING: Normalizing state frequencies so that sum of them equals to 1
WARNING: Number of threads seems too high for short alignments. Use -T AUTO to determine best number of threads.
337  Q.plant+F+R4  4264.386     322 9172.773     217184.773   9882.684
WARNING: Normalizing state frequencies so that sum of them equals to 1
WARNING: Number of threads seems too high for short alignments. Use -T AUTO to determine best number of threads.
338  Q.plant+F+R5  4258.524     324 9165.049     219765.049   9879.369
WARNING: Normalizing state frequencies so that sum of them equals to 1
WARNING: Number of threads seems too high for short alignments. Use -T AUTO to determine best number of threads.
346  Q.plant+F+I+R4 4260.501     323 9167.001     218471.001   9879.117
WARNING: Normalizing state frequencies so that sum of them equals to 1
WARNING: Number of threads seems too high for short alignments. Use -T AUTO to determine best number of threads.
355  Q.yeast+G4    4291.667     298 9179.335     187383.335   9836.333
WARNING: Normalizing state frequencies so that sum of them equals to 1
WARNING: Number of threads seems too high for short alignments. Use -T AUTO to determine best number of threads.
356  Q.yeast+I+G4  4288.951     299 9175.901     188575.901   9835.104
WARNING: Normalizing state frequencies so that sum of them equals to 1
WARNING: Number of threads seems too high for short alignments. Use -T AUTO to determine best number of threads.
359  Q.yeast+R4    4281.123     303 9168.246     193392.246   9836.268
WARNING: Normalizing state frequencies so that sum of them equals to 1
WARNING: Number of threads seems too high for short alignments. Use -T AUTO to determine best number of threads.
360  Q.yeast+R5    4275.564     305 9161.128     195821.128   9833.559
WARNING: Normalizing state frequencies so that sum of them equals to 1
WARNING: Number of threads seems too high for short alignments. Use -T AUTO to determine best number of threads.
368  Q.yeast+I+R4  4279.824     304 9167.648     194607.648   9837.874
WARNING: Normalizing state frequencies so that sum of them equals to 1
WARNING: Number of threads seems too high for short alignments. Use -T AUTO to determine best number of threads.
377  Q.yeast+F+G4  4260.381     317 9154.761     210766.761   9853.649
WARNING: Normalizing state frequencies so that sum of them equals to 1
WARNING: Number of threads seems too high for short alignments. Use -T AUTO to determine best number of threads.
378  Q.yeast+F+I+G4 4257.824     318 9151.647     212035.647   9852.739
WARNING: Normalizing state frequencies so that sum of them equals to 1
WARNING: Number of threads seems too high for short alignments. Use -T AUTO to determine best number of threads.
381  Q.yeast+F+R4  4252.115     322 9148.229     217160.229   9858.140
WARNING: Normalizing state frequencies so that sum of them equals to 1
WARNING: Number of threads seems too high for short alignments. Use -T AUTO to determine best number of threads.
382  Q.yeast+F+R5  4246.611     324 9141.222     219741.222   9855.542
WARNING: Normalizing state frequencies so that sum of them equals to 1
WARNING: Number of threads seems too high for short alignments. Use -T AUTO to determine best number of threads.
390  Q.yeast+F+I+R4 4248.645     323 9143.290     218447.290   9855.406
WARNING: Number of threads seems too high for short alignments. Use -T AUTO to determine best number of threads.
399  JTTDCMut+G4   4363.068     298 9322.137     187526.137   9979.135
WARNING: Number of threads seems too high for short alignments. Use -T AUTO to determine best number of threads.
400  JTTDCMut+I+G4 4362.143     299 9322.285     188722.285   9981.488
WARNING: Number of threads seems too high for short alignments. Use -T AUTO to determine best number of threads.
403  JTTDCMut+R4   4359.662     303 9325.324     193549.324   9993.346
WARNING: Number of threads seems too high for short alignments. Use -T AUTO to determine best number of threads.
404  JTTDCMut+R5   4352.622     305 9315.243     195975.243   9987.674
WARNING: Number of threads seems too high for short alignments. Use -T AUTO to determine best number of threads.
412  JTTDCMut+I+R4 4356.037     304 9320.075     194760.075   9990.301
WARNING: Number of threads seems too high for short alignments. Use -T AUTO to determine best number of threads.
421  JTTDCMut+F+G4 4289.373     317 9212.746     210824.746   9911.634
WARNING: Number of threads seems too high for short alignments. Use -T AUTO to determine best number of threads.
422  JTTDCMut+F+I+G4 4288.383     318 9212.767     212096.767   9913.859
WARNING: Number of threads seems too high for short alignments. Use -T AUTO to determine best number of threads.
425  JTTDCMut+F+R4 4285.666     322 9215.333     217227.333   9925.244
WARNING: Number of threads seems too high for short alignments. Use -T AUTO to determine best number of threads.
426  JTTDCMut+F+R5 4280.868     324 9209.736     219809.736   9924.057
WARNING: Number of threads seems too high for short alignments. Use -T AUTO to determine best number of threads.
434  JTTDCMut+F+I+R4 4283.387     323 9212.774     218516.774   9924.890
WARNING: Number of threads seems too high for short alignments. Use -T AUTO to determine best number of threads.
443  DCMut+G4      4364.619     298 9325.237     187529.237   9982.236
WARNING: Number of threads seems too high for short alignments. Use -T AUTO to determine best number of threads.
444  DCMut+I+G4    4362.730     299 9323.459     188723.459   9982.662
WARNING: Number of threads seems too high for short alignments. Use -T AUTO to determine best number of threads.
447  DCMut+R4      4359.420     303 9324.840     193548.840   9992.861
WARNING: Number of threads seems too high for short alignments. Use -T AUTO to determine best number of threads.
448  DCMut+R5      4356.217     305 9322.433     195982.433   9994.865
WARNING: Number of threads seems too high for short alignments. Use -T AUTO to determine best number of threads.
456  DCMut+I+R4    4359.307     304 9326.614     194766.614   9996.841
WARNING: Number of threads seems too high for short alignments. Use -T AUTO to determine best number of threads.
465  DCMut+F+G4    4301.711     317 9237.423     210849.423   9936.310
WARNING: Number of threads seems too high for short alignments. Use -T AUTO to determine best number of threads.
466  DCMut+F+I+G4  4300.269     318 9236.537     212120.537   9937.630
WARNING: Number of threads seems too high for short alignments. Use -T AUTO to determine best number of threads.
469  DCMut+F+R4    4297.172     322 9238.344     217250.344   9948.256
WARNING: Number of threads seems too high for short alignments. Use -T AUTO to determine best number of threads.
470  DCMut+F+R5    4295.019     324 9238.038     219838.038   9952.358
WARNING: Number of threads seems too high for short alignments. Use -T AUTO to determine best number of threads.
478  DCMut+F+I+R4  4296.984     323 9239.969     218543.969   9952.085
WARNING: Number of threads seems too high for short alignments. Use -T AUTO to determine best number of threads.
487  VT+G4         4385.525     298 9367.050     187571.050   10024.049
WARNING: Number of threads seems too high for short alignments. Use -T AUTO to determine best number of threads.
488  VT+I+G4       4384.329     299 9366.657     188766.657   10025.860
WARNING: Number of threads seems too high for short alignments. Use -T AUTO to determine best number of threads.
491  VT+R4         4379.816     303 9365.631     193589.631   10033.653
WARNING: Number of threads seems too high for short alignments. Use -T AUTO to determine best number of threads.
492  VT+R5         4375.006     305 9360.012     196020.012   10032.443
WARNING: Number of threads seems too high for short alignments. Use -T AUTO to determine best number of threads.
500  VT+I+R4       4377.189     304 9362.378     194802.378   10032.604
WARNING: Number of threads seems too high for short alignments. Use -T AUTO to determine best number of threads.
509  VT+F+G4       4329.082     317 9292.164     210904.164   9991.051
WARNING: Number of threads seems too high for short alignments. Use -T AUTO to determine best number of threads.
510  VT+F+I+G4     4328.037     318 9292.074     212176.074   9993.166
WARNING: Number of threads seems too high for short alignments. Use -T AUTO to determine best number of threads.
513  VT+F+R4       4324.351     322 9292.703     217304.703   10002.614
WARNING: Number of threads seems too high for short alignments. Use -T AUTO to determine best number of threads.
514  VT+F+R5       4320.047     324 9288.094     219888.094   10002.415
WARNING: Number of threads seems too high for short alignments. Use -T AUTO to determine best number of threads.
522  VT+F+I+R4     4322.220     323 9290.440     218594.440   10002.556
WARNING: Number of threads seems too high for short alignments. Use -T AUTO to determine best number of threads.
531  PMB+G4        4461.316     298 9518.632     187722.632   10175.631
WARNING: Number of threads seems too high for short alignments. Use -T AUTO to determine best number of threads.
532  PMB+I+G4      4459.525     299 9517.051     188917.051   10176.254
WARNING: Number of threads seems too high for short alignments. Use -T AUTO to determine best number of threads.
535  PMB+R4        4454.906     303 9515.812     193739.812   10183.834
WARNING: Number of threads seems too high for short alignments. Use -T AUTO to determine best number of threads.
536  PMB+R5        4450.222     305 9510.444     196170.444   10182.875
WARNING: Number of threads seems too high for short alignments. Use -T AUTO to determine best number of threads.
544  PMB+I+R4      4451.842     304 9511.684     194951.684   10181.911
WARNING: Number of threads seems too high for short alignments. Use -T AUTO to determine best number of threads.
553  PMB+F+G4      4372.170     317 9378.339     210990.339   10077.227
WARNING: Number of threads seems too high for short alignments. Use -T AUTO to determine best number of threads.
554  PMB+F+I+G4    4370.204     318 9376.408     212260.408   10077.501
WARNING: Number of threads seems too high for short alignments. Use -T AUTO to determine best number of threads.
557  PMB+F+R4      4365.774     322 9375.547     217387.547   10085.458
WARNING: Number of threads seems too high for short alignments. Use -T AUTO to determine best number of threads.
558  PMB+F+R5      4360.326     324 9368.651     219968.651   10082.972
WARNING: Number of threads seems too high for short alignments. Use -T AUTO to determine best number of threads.
566  PMB+F+I+R4    4362.548     323 9371.095     218675.095   10083.211
WARNING: Number of threads seems too high for short alignments. Use -T AUTO to determine best number of threads.
575  Blosum62+G4   4447.506     298 9491.012     187695.012   10148.011
WARNING: Number of threads seems too high for short alignments. Use -T AUTO to determine best number of threads.
576  Blosum62+I+G4 4445.810     299 9489.620     188889.620   10148.823
WARNING: Number of threads seems too high for short alignments. Use -T AUTO to determine best number of threads.
579  Blosum62+R4   4439.640     303 9485.280     193709.280   10153.302
WARNING: Number of threads seems too high for short alignments. Use -T AUTO to determine best number of threads.
580  Blosum62+R5   4434.573     305 9479.145     196139.145   10151.576
WARNING: Number of threads seems too high for short alignments. Use -T AUTO to determine best number of threads.
588  Blosum62+I+R4 4436.599     304 9481.197     194921.197   10151.424
WARNING: Number of threads seems too high for short alignments. Use -T AUTO to determine best number of threads.
597  Blosum62+F+G4 4380.530     317 9395.060     211007.060   10093.948
WARNING: Number of threads seems too high for short alignments. Use -T AUTO to determine best number of threads.
598  Blosum62+F+I+G4 4379.116     318 9394.233     212278.233   10095.325
WARNING: Number of threads seems too high for short alignments. Use -T AUTO to determine best number of threads.
601  Blosum62+F+R4 4373.126     322 9390.252     217402.252   10100.163
WARNING: Number of threads seems too high for short alignments. Use -T AUTO to determine best number of threads.
602  Blosum62+F+R5 4367.321     324 9382.642     219982.642   10096.963
WARNING: Number of threads seems too high for short alignments. Use -T AUTO to determine best number of threads.
610  Blosum62+F+I+R4 4369.732     323 9385.463     218689.463   10097.579
WARNING: Number of threads seems too high for short alignments. Use -T AUTO to determine best number of threads.
619  Dayhoff+G4    4363.699     298 9323.399     187527.399   9980.397
WARNING: Number of threads seems too high for short alignments. Use -T AUTO to determine best number of threads.
620  Dayhoff+I+G4  4361.812     299 9321.624     188721.624   9980.827
WARNING: Number of threads seems too high for short alignments. Use -T AUTO to determine best number of threads.
623  Dayhoff+R4    4358.508     303 9323.015     193547.015   9991.037
WARNING: Number of threads seems too high for short alignments. Use -T AUTO to determine best number of threads.
624  Dayhoff+R5    4355.205     305 9320.411     195980.411   9992.842
WARNING: Number of threads seems too high for short alignments. Use -T AUTO to determine best number of threads.
632  Dayhoff+I+R4  4358.182     304 9324.364     194764.364   9994.590
WARNING: Number of threads seems too high for short alignments. Use -T AUTO to determine best number of threads.
641  Dayhoff+F+G4  4301.028     317 9236.055     210848.055   9934.943
WARNING: Number of threads seems too high for short alignments. Use -T AUTO to determine best number of threads.
642  Dayhoff+F+I+G4 4299.594     318 9235.187     212119.187   9936.279
WARNING: Number of threads seems too high for short alignments. Use -T AUTO to determine best number of threads.
645  Dayhoff+F+R4  4296.493     322 9236.986     217248.986   9946.897
WARNING: Number of threads seems too high for short alignments. Use -T AUTO to determine best number of threads.
646  Dayhoff+F+R5  4294.350     324 9236.700     219836.700   9951.020
WARNING: Number of threads seems too high for short alignments. Use -T AUTO to determine best number of threads.
654  Dayhoff+F+I+R4 4296.145     323 9238.290     218542.290   9950.405
WARNING: Number of threads seems too high for short alignments. Use -T AUTO to determine best number of threads.
663  mtREV+G4      4546.028     298 9688.056     187892.056   10345.055
WARNING: Number of threads seems too high for short alignments. Use -T AUTO to determine best number of threads.
664  mtREV+I+G4    4545.086     299 9688.172     189088.172   10347.375
WARNING: Number of threads seems too high for short alignments. Use -T AUTO to determine best number of threads.
667  mtREV+R4      4541.196     303 9688.393     193912.393   10356.415
WARNING: Number of threads seems too high for short alignments. Use -T AUTO to determine best number of threads.
668  mtREV+R5      4537.839     305 9685.677     196345.677   10358.109
WARNING: Number of threads seems too high for short alignments. Use -T AUTO to determine best number of threads.
676  mtREV+I+R4    4541.209     304 9690.418     195130.418   10360.644
WARNING: Number of threads seems too high for short alignments. Use -T AUTO to determine best number of threads.
685  mtREV+F+G4    4344.790     317 9323.580     210935.580   10022.467
WARNING: Number of threads seems too high for short alignments. Use -T AUTO to determine best number of threads.
686  mtREV+F+I+G4  4344.823     318 9325.646     212209.646   10026.738
WARNING: Number of threads seems too high for short alignments. Use -T AUTO to determine best number of threads.
689  mtREV+F+R4    4339.866     322 9323.731     217335.731   10033.642
WARNING: Number of threads seems too high for short alignments. Use -T AUTO to determine best number of threads.
690  mtREV+F+R5    4332.635     324 9313.270     219913.270   10027.590
WARNING: Number of threads seems too high for short alignments. Use -T AUTO to determine best number of threads.
698  mtREV+F+I+R4  4339.551     323 9325.101     218629.101   10037.217
WARNING: Number of threads seems too high for short alignments. Use -T AUTO to determine best number of threads.
707  mtART+G4      4510.608     298 9617.216     187821.216   10274.214
WARNING: Number of threads seems too high for short alignments. Use -T AUTO to determine best number of threads.
708  mtART+I+G4    4508.502     299 9615.005     189015.005   10274.208
WARNING: Number of threads seems too high for short alignments. Use -T AUTO to determine best number of threads.
711  mtART+R4      4505.398     303 9616.796     193840.796   10284.818
WARNING: Number of threads seems too high for short alignments. Use -T AUTO to determine best number of threads.
712  mtART+R5      4498.274     305 9606.547     196266.547   10278.979
WARNING: Number of threads seems too high for short alignments. Use -T AUTO to determine best number of threads.
720  mtART+I+R4    4503.708     304 9615.416     195055.416   10285.643
WARNING: Number of threads seems too high for short alignments. Use -T AUTO to determine best number of threads.
729  mtART+F+G4    4320.504     317 9275.008     210887.008   9973.896
WARNING: Number of threads seems too high for short alignments. Use -T AUTO to determine best number of threads.
730  mtART+F+I+G4  4315.246     318 9266.492     212150.492   9967.584
WARNING: Number of threads seems too high for short alignments. Use -T AUTO to determine best number of threads.
733  mtART+F+R4    4312.108     322 9268.217     217280.217   9978.128
WARNING: Number of threads seems too high for short alignments. Use -T AUTO to determine best number of threads.
734  mtART+F+R5    4308.792     324 9265.584     219865.584   9979.905
WARNING: Number of threads seems too high for short alignments. Use -T AUTO to determine best number of threads.
742  mtART+F+I+R4  4308.250     323 9262.499     218566.499   9974.615
WARNING: Number of threads seems too high for short alignments. Use -T AUTO to determine best number of threads.
751  mtZOA+G4      4451.442     298 9498.884     187702.884   10155.882
WARNING: Number of threads seems too high for short alignments. Use -T AUTO to determine best number of threads.
752  mtZOA+I+G4    4449.157     299 9496.315     188896.315   10155.518
WARNING: Number of threads seems too high for short alignments. Use -T AUTO to determine best number of threads.
755  mtZOA+R4      4443.703     303 9493.407     193717.407   10161.429
WARNING: Number of threads seems too high for short alignments. Use -T AUTO to determine best number of threads.
756  mtZOA+R5      4438.949     305 9487.897     196147.897   10160.329
WARNING: Number of threads seems too high for short alignments. Use -T AUTO to determine best number of threads.
764  mtZOA+I+R4    4441.806     304 9491.613     194931.613   10161.839
WARNING: Number of threads seems too high for short alignments. Use -T AUTO to determine best number of threads.
773  mtZOA+F+G4    4271.680     317 9177.359     210789.359   9876.247
WARNING: Number of threads seems too high for short alignments. Use -T AUTO to determine best number of threads.
774  mtZOA+F+I+G4  4269.199     318 9174.398     212058.398   9875.490
WARNING: Number of threads seems too high for short alignments. Use -T AUTO to determine best number of threads.
777  mtZOA+F+R4    4266.393     322 9176.786     217188.786   9886.697
WARNING: Number of threads seems too high for short alignments. Use -T AUTO to determine best number of threads.
778  mtZOA+F+R5    4260.937     324 9169.873     219769.873   9884.194
WARNING: Number of threads seems too high for short alignments. Use -T AUTO to determine best number of threads.
786  mtZOA+F+I+R4  4262.019     323 9170.039     218474.039   9882.154
WARNING: Number of threads seems too high for short alignments. Use -T AUTO to determine best number of threads.
795  mtMet+G4      4506.975     298 9609.950     187813.950   10266.949
WARNING: Number of threads seems too high for short alignments. Use -T AUTO to determine best number of threads.
796  mtMet+I+G4    4504.625     299 9607.250     189007.250   10266.453
WARNING: Number of threads seems too high for short alignments. Use -T AUTO to determine best number of threads.
799  mtMet+R4      4497.518     303 9601.036     193825.036   10269.058
WARNING: Number of threads seems too high for short alignments. Use -T AUTO to determine best number of threads.
800  mtMet+R5      4491.588     305 9593.175     196253.175   10265.607
WARNING: Number of threads seems too high for short alignments. Use -T AUTO to determine best number of threads.
808  mtMet+I+R4    4495.912     304 9599.825     195039.825   10270.051
WARNING: Number of threads seems too high for short alignments. Use -T AUTO to determine best number of threads.
817  mtMet+F+G4    4315.974     317 9265.948     210877.948   9964.835
WARNING: Number of threads seems too high for short alignments. Use -T AUTO to determine best number of threads.
818  mtMet+F+I+G4  4315.662     318 9267.324     212151.324   9968.417
WARNING: Number of threads seems too high for short alignments. Use -T AUTO to determine best number of threads.
821  mtMet+F+R4    4312.185     322 9268.370     217280.370   9978.281
WARNING: Number of threads seems too high for short alignments. Use -T AUTO to determine best number of threads.
822  mtMet+F+R5    4305.172     324 9258.344     219858.344   9972.665
WARNING: Number of threads seems too high for short alignments. Use -T AUTO to determine best number of threads.
830  mtMet+F+I+R4  4308.602     323 9263.203     218567.203   9975.319
WARNING: Number of threads seems too high for short alignments. Use -T AUTO to determine best number of threads.
839  mtVer+G4      4570.625     298 9737.249     187941.249   10394.247
WARNING: Number of threads seems too high for short alignments. Use -T AUTO to determine best number of threads.
840  mtVer+I+G4    4568.057     299 9734.114     189134.114   10393.317
WARNING: Number of threads seems too high for short alignments. Use -T AUTO to determine best number of threads.
843  mtVer+R4      4562.702     303 9731.405     193955.405   10399.426
WARNING: Number of threads seems too high for short alignments. Use -T AUTO to determine best number of threads.
844  mtVer+R5      4558.254     305 9726.508     196386.508   10398.940
WARNING: Number of threads seems too high for short alignments. Use -T AUTO to determine best number of threads.
852  mtVer+I+R4    4561.384     304 9730.768     195170.768   10400.995
WARNING: Number of threads seems too high for short alignments. Use -T AUTO to determine best number of threads.
861  mtVer+F+G4    4361.256     317 9356.511     210968.511   10055.399
WARNING: Number of threads seems too high for short alignments. Use -T AUTO to determine best number of threads.
862  mtVer+F+I+G4  4357.777     318 9351.554     212235.554   10052.646
WARNING: Number of threads seems too high for short alignments. Use -T AUTO to determine best number of threads.
865  mtVer+F+R4    4355.660     322 9355.321     217367.321   10065.232
WARNING: Number of threads seems too high for short alignments. Use -T AUTO to determine best number of threads.
866  mtVer+F+R5    4352.614     324 9353.227     219953.227   10067.548
WARNING: Number of threads seems too high for short alignments. Use -T AUTO to determine best number of threads.
874  mtVer+F+I+R4  4352.915     323 9351.830     218655.830   10063.945
WARNING: Number of threads seems too high for short alignments. Use -T AUTO to determine best number of threads.
883  mtInv+G4      4501.335     298 9598.670     187802.670   10255.668
WARNING: Number of threads seems too high for short alignments. Use -T AUTO to determine best number of threads.
884  mtInv+I+G4    4499.679     299 9597.357     188997.357   10256.560
WARNING: Number of threads seems too high for short alignments. Use -T AUTO to determine best number of threads.
887  mtInv+R4      4492.592     303 9591.184     193815.184   10259.206
WARNING: Number of threads seems too high for short alignments. Use -T AUTO to determine best number of threads.
888  mtInv+R5      4485.572     305 9581.143     196241.143   10253.574
WARNING: Number of threads seems too high for short alignments. Use -T AUTO to determine best number of threads.
896  mtInv+I+R4    4491.184     304 9590.368     195030.368   10260.594
WARNING: Number of threads seems too high for short alignments. Use -T AUTO to determine best number of threads.
905  mtInv+F+G4    4284.280     317 9202.560     210814.560   9901.447
WARNING: Number of threads seems too high for short alignments. Use -T AUTO to determine best number of threads.
906  mtInv+F+I+G4  4284.027     318 9204.053     212088.053   9905.145
WARNING: Number of threads seems too high for short alignments. Use -T AUTO to determine best number of threads.
909  mtInv+F+R4    4282.484     322 9208.967     217220.967   9918.878
WARNING: Number of threads seems too high for short alignments. Use -T AUTO to determine best number of threads.
910  mtInv+F+R5    4275.704     324 9199.408     219799.408   9913.729
WARNING: Number of threads seems too high for short alignments. Use -T AUTO to determine best number of threads.
918  mtInv+F+I+R4  4277.900     323 9201.801     218505.801   9913.916
WARNING: Number of threads seems too high for short alignments. Use -T AUTO to determine best number of threads.
927  mtMAM+G4      4610.418     298 9816.837     188020.837   10473.835
WARNING: Number of threads seems too high for short alignments. Use -T AUTO to determine best number of threads.
928  mtMAM+I+G4    4609.114     299 9816.228     189216.228   10475.431
WARNING: Number of threads seems too high for short alignments. Use -T AUTO to determine best number of threads.
931  mtMAM+R4      4604.219     303 9814.439     194038.439   10482.460
WARNING: Number of threads seems too high for short alignments. Use -T AUTO to determine best number of threads.
932  mtMAM+R5      4598.705     305 9807.410     196467.410   10479.841
WARNING: Number of threads seems too high for short alignments. Use -T AUTO to determine best number of threads.
940  mtMAM+I+R4    4603.412     304 9814.824     195254.824   10485.051
WARNING: Number of threads seems too high for short alignments. Use -T AUTO to determine best number of threads.
949  mtMAM+F+G4    4406.196     317 9446.392     211058.392   10145.279
WARNING: Number of threads seems too high for short alignments. Use -T AUTO to determine best number of threads.
950  mtMAM+F+I+G4  4403.757     318 9443.514     212327.514   10144.606
WARNING: Number of threads seems too high for short alignments. Use -T AUTO to determine best number of threads.
953  mtMAM+F+R4    4398.646     322 9441.292     217453.292   10151.203
WARNING: Number of threads seems too high for short alignments. Use -T AUTO to determine best number of threads.
954  mtMAM+F+R5    4396.041     324 9440.082     220040.082   10154.403
WARNING: Number of threads seems too high for short alignments. Use -T AUTO to determine best number of threads.
962  mtMAM+F+I+R4  4396.527     323 9439.054     218743.054   10151.170
WARNING: Normalizing state frequencies so that sum of them equals to 1
WARNING: Number of threads seems too high for short alignments. Use -T AUTO to determine best number of threads.
971  FLAVI+G4      4585.367     298 9766.733     187970.733   10423.732
WARNING: Normalizing state frequencies so that sum of them equals to 1
WARNING: Number of threads seems too high for short alignments. Use -T AUTO to determine best number of threads.
972  FLAVI+I+G4    4581.523     299 9761.045     189161.045   10420.248
WARNING: Normalizing state frequencies so that sum of them equals to 1
WARNING: Number of threads seems too high for short alignments. Use -T AUTO to determine best number of threads.
975  FLAVI+R4      4579.629     303 9765.259     193989.259   10433.281
WARNING: Normalizing state frequencies so that sum of them equals to 1
WARNING: Number of threads seems too high for short alignments. Use -T AUTO to determine best number of threads.
976  FLAVI+R5      4570.763     305 9751.526     196411.526   10423.957
WARNING: Normalizing state frequencies so that sum of them equals to 1
WARNING: Number of threads seems too high for short alignments. Use -T AUTO to determine best number of threads.
984  FLAVI+I+R4    4573.545     304 9755.091     195195.091   10425.317
WARNING: Normalizing state frequencies so that sum of them equals to 1
WARNING: Number of threads seems too high for short alignments. Use -T AUTO to determine best number of threads.
993  FLAVI+F+G4    4443.699     317 9521.399     211133.399   10220.286
WARNING: Normalizing state frequencies so that sum of them equals to 1
WARNING: Number of threads seems too high for short alignments. Use -T AUTO to determine best number of threads.
994  FLAVI+F+I+G4  4438.492     318 9512.984     212396.984   10214.076
WARNING: Normalizing state frequencies so that sum of them equals to 1
WARNING: Number of threads seems too high for short alignments. Use -T AUTO to determine best number of threads.
997  FLAVI+F+R4    4435.917     322 9515.834     217527.834   10225.745
WARNING: Normalizing state frequencies so that sum of them equals to 1
WARNING: Number of threads seems too high for short alignments. Use -T AUTO to determine best number of threads.
998  FLAVI+F+R5    4432.601     324 9513.203     220113.203   10227.523
WARNING: Normalizing state frequencies so that sum of them equals to 1
WARNING: Number of threads seems too high for short alignments. Use -T AUTO to determine best number of threads.
1006  FLAVI+F+I+R4  4430.250     323 9506.499     218810.499   10218.615
WARNING: Number of threads seems too high for short alignments. Use -T AUTO to determine best number of threads.
1015  HIVb+G4       4471.661     298 9539.321     187743.321   10196.320
WARNING: Number of threads seems too high for short alignments. Use -T AUTO to determine best number of threads.
1016  HIVb+I+G4     4469.468     299 9536.937     188936.937   10196.140
WARNING: Number of threads seems too high for short alignments. Use -T AUTO to determine best number of threads.
1019  HIVb+R4       4467.616     303 9541.232     193765.232   10209.254
WARNING: Number of threads seems too high for short alignments. Use -T AUTO to determine best number of threads.
1020  HIVb+R5       4462.492     305 9534.985     196194.985   10207.416
WARNING: Number of threads seems too high for short alignments. Use -T AUTO to determine best number of threads.
1028  HIVb+I+R4     4464.254     304 9536.508     194976.508   10206.734
WARNING: Number of threads seems too high for short alignments. Use -T AUTO to determine best number of threads.
1037  HIVb+F+G4     4362.096     317 9358.192     210970.192   10057.080
WARNING: Number of threads seems too high for short alignments. Use -T AUTO to determine best number of threads.
1038  HIVb+F+I+G4   4359.891     318 9355.783     212239.783   10056.875
WARNING: Number of threads seems too high for short alignments. Use -T AUTO to determine best number of threads.
1041  HIVb+F+R4     4359.539     322 9363.078     217375.078   10072.989
WARNING: Number of threads seems too high for short alignments. Use -T AUTO to determine best number of threads.
1042  HIVb+F+R5     4350.135     324 9348.270     219948.270   10062.591
WARNING: Number of threads seems too high for short alignments. Use -T AUTO to determine best number of threads.
1050  HIVb+F+I+R4   4352.568     323 9351.137     218655.137   10063.252
WARNING: Number of threads seems too high for short alignments. Use -T AUTO to determine best number of threads.
1059  HIVw+G4       4639.660     298 9875.319     188079.319   10532.318
WARNING: Number of threads seems too high for short alignments. Use -T AUTO to determine best number of threads.
1060  HIVw+I+G4     4636.202     299 9870.405     189270.405   10529.608
WARNING: Number of threads seems too high for short alignments. Use -T AUTO to determine best number of threads.
1063  HIVw+R4       4632.651     303 9871.303     194095.303   10539.324
WARNING: Number of threads seems too high for short alignments. Use -T AUTO to determine best number of threads.
1064  HIVw+R5       4628.603     305 9867.206     196527.206   10539.637
WARNING: Number of threads seems too high for short alignments. Use -T AUTO to determine best number of threads.
1072  HIVw+I+R4     4631.103     304 9870.206     195310.206   10540.433
WARNING: Number of threads seems too high for short alignments. Use -T AUTO to determine best number of threads.
1081  HIVw+F+G4     4506.992     317 9647.984     211259.984   10346.871
WARNING: Number of threads seems too high for short alignments. Use -T AUTO to determine best number of threads.
1082  HIVw+F+I+G4   4502.878     318 9641.756     212525.756   10342.848
WARNING: Number of threads seems too high for short alignments. Use -T AUTO to determine best number of threads.
1085  HIVw+F+R4     4500.560     322 9645.119     217657.119   10355.030
WARNING: Number of threads seems too high for short alignments. Use -T AUTO to determine best number of threads.
1086  HIVw+F+R5     4496.161     324 9640.321     220240.321   10354.642
WARNING: Number of threads seems too high for short alignments. Use -T AUTO to determine best number of threads.
1094  HIVw+F+I+R4   4495.540     323 9637.080     218941.080   10349.196
WARNING: Number of threads seems too high for short alignments. Use -T AUTO to determine best number of threads.
1103  FLU+G4        4433.024     298 9462.048     187666.048   10119.046
WARNING: Number of threads seems too high for short alignments. Use -T AUTO to determine best number of threads.
1104  FLU+I+G4      4426.896     299 9451.792     188851.792   10110.995
WARNING: Number of threads seems too high for short alignments. Use -T AUTO to determine best number of threads.
1107  FLU+R4        4421.840     303 9449.680     193673.680   10117.702
WARNING: Number of threads seems too high for short alignments. Use -T AUTO to determine best number of threads.
1108  FLU+R5        4417.668     305 9445.337     196105.337   10117.768
WARNING: Number of threads seems too high for short alignments. Use -T AUTO to determine best number of threads.
1116  FLU+I+R4      4417.832     304 9443.665     194883.665   10113.891
WARNING: Number of threads seems too high for short alignments. Use -T AUTO to determine best number of threads.
1125  FLU+F+G4      4360.087     317 9354.175     210966.175   10053.062
WARNING: Number of threads seems too high for short alignments. Use -T AUTO to determine best number of threads.
1126  FLU+F+I+G4    4353.535     318 9343.069     212227.069   10044.162
WARNING: Number of threads seems too high for short alignments. Use -T AUTO to determine best number of threads.
1129  FLU+F+R4      4349.796     322 9343.592     217355.592   10053.503
WARNING: Number of threads seems too high for short alignments. Use -T AUTO to determine best number of threads.
1130  FLU+F+R5      4346.384     324 9340.767     219940.767   10055.088
WARNING: Number of threads seems too high for short alignments. Use -T AUTO to determine best number of threads.
1138  FLU+F+I+R4    4344.803     323 9335.607     218639.607   10047.722
WARNING: Number of threads seems too high for short alignments. Use -T AUTO to determine best number of threads.
1147  rtREV+G4      4397.496     298 9390.991     187594.991   10047.990
WARNING: Number of threads seems too high for short alignments. Use -T AUTO to determine best number of threads.
1148  rtREV+I+G4    4395.701     299 9389.402     188789.402   10048.605
WARNING: Number of threads seems too high for short alignments. Use -T AUTO to determine best number of threads.
1151  rtREV+R4      4390.035     303 9386.070     193610.070   10054.092
WARNING: Number of threads seems too high for short alignments. Use -T AUTO to determine best number of threads.
1152  rtREV+R5      4384.663     305 9379.326     196039.326   10051.757
WARNING: Number of threads seems too high for short alignments. Use -T AUTO to determine best number of threads.
1160  rtREV+I+R4    4385.966     304 9379.932     194819.932   10050.159
WARNING: Number of threads seems too high for short alignments. Use -T AUTO to determine best number of threads.
1169  rtREV+F+G4    4298.808     317 9231.616     210843.616   9930.504
WARNING: Number of threads seems too high for short alignments. Use -T AUTO to determine best number of threads.
1170  rtREV+F+I+G4  4296.443     318 9228.886     212112.886   9929.978
WARNING: Number of threads seems too high for short alignments. Use -T AUTO to determine best number of threads.
1173  rtREV+F+R4    4290.892     322 9225.784     217237.784   9935.695
WARNING: Number of threads seems too high for short alignments. Use -T AUTO to determine best number of threads.
1174  rtREV+F+R5    4285.721     324 9219.442     219819.442   9933.762
WARNING: Number of threads seems too high for short alignments. Use -T AUTO to determine best number of threads.
1182  rtREV+F+I+R4  4287.411     323 9220.821     218524.821   9932.937
WARNING: Number of threads seems too high for short alignments. Use -T AUTO to determine best number of threads.
1191  cpREV+G4      4365.961     298 9327.921     187531.921   9984.919
WARNING: Number of threads seems too high for short alignments. Use -T AUTO to determine best number of threads.
1192  cpREV+I+G4    4361.779     299 9321.558     188721.558   9980.761
WARNING: Number of threads seems too high for short alignments. Use -T AUTO to determine best number of threads.
1195  cpREV+R4      4359.230     303 9324.459     193548.459   9992.481
WARNING: Number of threads seems too high for short alignments. Use -T AUTO to determine best number of threads.
1196  cpREV+R5      4355.301     305 9320.601     195980.601   9993.032
WARNING: Number of threads seems too high for short alignments. Use -T AUTO to determine best number of threads.
1204  cpREV+I+R4    4354.329     304 9316.658     194756.658   9986.884
WARNING: Number of threads seems too high for short alignments. Use -T AUTO to determine best number of threads.
1213  cpREV+F+G4    4306.283     317 9246.566     210858.566   9945.453
WARNING: Number of threads seems too high for short alignments. Use -T AUTO to determine best number of threads.
1214  cpREV+F+I+G4  4302.626     318 9241.252     212125.252   9942.344
WARNING: Number of threads seems too high for short alignments. Use -T AUTO to determine best number of threads.
1217  cpREV+F+R4    4300.361     322 9244.722     217256.722   9954.633
WARNING: Number of threads seems too high for short alignments. Use -T AUTO to determine best number of threads.
1218  cpREV+F+R5    4297.594     324 9243.187     219843.187   9957.508
WARNING: Number of threads seems too high for short alignments. Use -T AUTO to determine best number of threads.
1226  cpREV+F+I+R4  4297.249     323 9240.497     218544.497   9952.613
Akaike Information Criterion:           Q.insect+F+R5
Corrected Akaike Information Criterion: LG
Bayesian Information Criterion:         Q.yeast+R5
Best-fit model: Q.yeast+R5 chosen according to BIC

All model information printed to gene_order/flagellar_trees/gene_trees/flie.model.gz
CPU time for ModelFinder: 734.684 seconds (0h:12m:14s)
Wall-clock time for ModelFinder: 185.645 seconds (0h:3m:5s)
NOTE: State(s) C, W not present in alignment and thus removed from Markov process to prevent numerical problems
WARNING: States(s) P rarely appear in alignment and may cause numerical problems
NOTE: 2 states (see above) are not present and thus removed from Markov process to prevent numerical problems
Generating 1000 samples for ultrafast bootstrap (seed: 436815)...
WARNING: Normalizing state frequencies so that sum of them equals to 1

NOTE: 10 MB RAM (0 GB) is required!
WARNING: Number of threads seems too high for short alignments. Use -T AUTO to determine best number of threads.
Estimate model parameters (epsilon = 0.100)
1. Initial log-likelihood: -4295.148
2. Current log-likelihood: -4278.530
3. Current log-likelihood: -4277.442
Optimal log-likelihood: -4277.382
Site proportion and rates:  (0.307,0.092) (0.235,0.455) (0.267,1.037) (0.130,2.045) (0.060,5.372)
Parameters optimization took 3 rounds (0.824 sec)
Wrote distance file to... 
Computing ML distances based on estimated model parameters...
Calculating distance matrix: done in 1.08131 secs using 398.3% CPU
Computing ML distances took 1.081503 sec (of wall-clock time) 4.307237 sec (of CPU time)
Setting up auxiliary I and S matrices: done in 0.00507353 secs using 171.1% CPU
Computing RapidNJ tree took 0.972258 sec (of wall-clock time) 1.001849 sec (of CPU time)
Log-likelihood of RapidNJ tree: -4325.644
--------------------------------------------------------------------
|             INITIALIZING CANDIDATE TREE SET                      |
--------------------------------------------------------------------
Generating 98 parsimony trees... 2.007 second
Computing log-likelihood of 98 initial trees ... 2.819 seconds
Current best score: -4277.382

Do NNI search on 20 best initial trees
Estimate model parameters (epsilon = 0.100)
BETTER TREE FOUND at iteration 1: -4277.317
Estimate model parameters (epsilon = 0.100)
BETTER TREE FOUND at iteration 2: -4255.339
Estimate model parameters (epsilon = 0.100)
BETTER TREE FOUND at iteration 6: -4254.925
Iteration 10 / LogL: -4265.763 / Time: 0h:3m:21s
Estimate model parameters (epsilon = 0.100)
BETTER TREE FOUND at iteration 12: -4254.176
Estimate model parameters (epsilon = 0.100)
BETTER TREE FOUND at iteration 17: -4248.054
Iteration 20 / LogL: -4261.976 / Time: 0h:3m:31s
Finish initializing candidate tree set (20)
Current best tree score: -4248.054 / CPU time: 22.436
Number of iterations: 20
--------------------------------------------------------------------
|               OPTIMIZING CANDIDATE TREE SET                      |
--------------------------------------------------------------------
Estimate model parameters (epsilon = 0.100)
BETTER TREE FOUND at iteration 21: -4247.705
Estimate model parameters (epsilon = 0.100)
BETTER TREE FOUND at iteration 23: -4242.920
Estimate model parameters (epsilon = 0.100)
BETTER TREE FOUND at iteration 24: -4242.053
Iteration 30 / LogL: -4264.335 / Time: 0h:3m:41s (0h:1m:57s left)
Iteration 40 / LogL: -4262.582 / Time: 0h:3m:50s (0h:1m:36s left)
Estimate model parameters (epsilon = 0.100)
BETTER TREE FOUND at iteration 48: -4236.998
Iteration 50 / LogL: -4246.976 / Time: 0h:3m:59s (0h:1m:48s left)
Log-likelihood cutoff on original alignment: -4309.465
Iteration 60 / LogL: -4251.659 / Time: 0h:4m:9s (0h:1m:34s left)
Estimate model parameters (epsilon = 0.100)
BETTER TREE FOUND at iteration 62: -4236.821
Iteration 70 / LogL: -4245.512 / Time: 0h:4m:18s (0h:1m:37s left)
Estimate model parameters (epsilon = 0.100)
BETTER TREE FOUND at iteration 76: -4231.544
Iteration 80 / LogL: -4237.037 / Time: 0h:4m:27s (0h:1m:39s left)
Iteration 90 / LogL: -4234.418 / Time: 0h:4m:35s (0h:1m:27s left)
Estimate model parameters (epsilon = 0.100)
BETTER TREE FOUND at iteration 95: -4230.681
Iteration 100 / LogL: -4240.599 / Time: 0h:4m:44s (0h:1m:34s left)
Log-likelihood cutoff on original alignment: -4309.465
NOTE: Bootstrap correlation coefficient of split occurrence frequencies: 0.973
NOTE: UFBoot does not converge, continue at least 100 more iterations
Iteration 110 / LogL: -4245.063 / Time: 0h:4m:53s (0h:1m:29s left)
Iteration 120 / LogL: -4233.578 / Time: 0h:5m:2s (0h:1m:18s left)
Estimate model parameters (epsilon = 0.100)
BETTER TREE FOUND at iteration 130: -4230.042
Iteration 130 / LogL: -4230.042 / Time: 0h:5m:11s (0h:1m:37s left)
Estimate model parameters (epsilon = 0.100)
BETTER TREE FOUND at iteration 133: -4228.647
Iteration 140 / LogL: -4238.133 / Time: 0h:5m:20s (0h:1m:30s left)
Iteration 150 / LogL: -4236.084 / Time: 0h:5m:28s (0h:1m:19s left)
Log-likelihood cutoff on original alignment: -4309.465
Iteration 160 / LogL: -4230.092 / Time: 0h:5m:37s (0h:1m:9s left)
Iteration 170 / LogL: -4233.876 / Time: 0h:5m:46s (0h:0m:59s left)
Iteration 180 / LogL: -4248.027 / Time: 0h:5m:54s (0h:0m:50s left)
Iteration 190 / LogL: -4233.404 / Time: 0h:6m:3s (0h:0m:40s left)
Iteration 200 / LogL: -4230.015 / Time: 0h:6m:11s (0h:0m:30s left)
Log-likelihood cutoff on original alignment: -4302.064
NOTE: Bootstrap correlation coefficient of split occurrence frequencies: 0.989
NOTE: UFBoot does not converge, continue at least 100 more iterations
Iteration 210 / LogL: -4283.798 / Time: 0h:6m:20s (0h:1m:23s left)
Iteration 220 / LogL: -4232.475 / Time: 0h:6m:28s (0h:1m:14s left)
Iteration 230 / LogL: -4232.780 / Time: 0h:6m:36s (0h:1m:4s left)
Estimate model parameters (epsilon = 0.100)
BETTER TREE FOUND at iteration 232: -4228.182
Iteration 240 / LogL: -4239.749 / Time: 0h:6m:45s (0h:1m:24s left)
Iteration 250 / LogL: -4239.978 / Time: 0h:6m:53s (0h:1m:14s left)
Log-likelihood cutoff on original alignment: -4302.064
Iteration 260 / LogL: -4237.326 / Time: 0h:7m:1s (0h:1m:5s left)
Iteration 270 / LogL: -4228.917 / Time: 0h:7m:9s (0h:0m:56s left)
Estimate model parameters (epsilon = 0.100)
BETTER TREE FOUND at iteration 274: -4227.873
Iteration 280 / LogL: -4231.227 / Time: 0h:7m:17s (0h:1m:24s left)
Iteration 290 / LogL: -4238.883 / Time: 0h:7m:25s (0h:1m:15s left)
Iteration 300 / LogL: -4243.879 / Time: 0h:7m:33s (0h:1m:6s left)
Log-likelihood cutoff on original alignment: -4302.064
NOTE: Bootstrap correlation coefficient of split occurrence frequencies: 0.995
Iteration 310 / LogL: -4235.968 / Time: 0h:7m:42s (0h:1m:20s left)
Iteration 320 / LogL: -4228.080 / Time: 0h:7m:50s (0h:1m:11s left)
Estimate model parameters (epsilon = 0.100)
BETTER TREE FOUND at iteration 326: -4226.957
Iteration 330 / LogL: -4228.004 / Time: 0h:7m:58s (0h:1m:25s left)
Iteration 340 / LogL: -4235.587 / Time: 0h:8m:6s (0h:1m:16s left)
Estimate model parameters (epsilon = 0.100)
BETTER TREE FOUND at iteration 343: -4226.884
Iteration 350 / LogL: -4238.507 / Time: 0h:8m:14s (0h:1m:22s left)
Log-likelihood cutoff on original alignment: -4302.064
Iteration 360 / LogL: -4239.116 / Time: 0h:8m:22s (0h:1m:13s left)
Iteration 370 / LogL: -4232.982 / Time: 0h:8m:30s (0h:1m:4s left)
Iteration 380 / LogL: -4233.245 / Time: 0h:8m:38s (0h:0m:55s left)
Iteration 390 / LogL: -4231.117 / Time: 0h:8m:46s (0h:0m:46s left)
Iteration 400 / LogL: -4233.640 / Time: 0h:8m:54s (0h:0m:37s left)
Log-likelihood cutoff on original alignment: -4288.847
NOTE: Bootstrap correlation coefficient of split occurrence frequencies: 0.997
Iteration 410 / LogL: -4231.834 / Time: 0h:9m:2s (0h:1m:18s left)
Iteration 420 / LogL: -4256.896 / Time: 0h:9m:10s (0h:1m:9s left)
Iteration 430 / LogL: -4238.581 / Time: 0h:9m:18s (0h:1m:0s left)
Iteration 440 / LogL: -4232.783 / Time: 0h:9m:26s (0h:0m:52s left)
TREE SEARCH COMPLETED AFTER 444 ITERATIONS / Time: 0h:9m:29s

--------------------------------------------------------------------
|                    FINALIZING TREE SEARCH                        |
--------------------------------------------------------------------
Performs final model parameters optimization
Estimate model parameters (epsilon = 0.010)
1. Initial log-likelihood: -4226.884
Optimal log-likelihood: -4226.870
Site proportion and rates:  (0.284,0.075) (0.277,0.398) (0.240,1.008) (0.139,2.059) (0.060,5.703)
Parameters optimization took 1 rounds (0.237 sec)
BEST SCORE FOUND : -4226.870
Creating bootstrap support values...
Split supports printed to NEXUS file gene_order/flagellar_trees/gene_trees/flie.splits.nex
Total tree length: 16.763

Total number of iterations: 444
CPU time used for tree search: 1467.946 sec (0h:24m:27s)
Wall-clock time used for tree search: 380.996 sec (0h:6m:20s)
Total CPU time used: 2213.489 sec (0h:36m:53s)
Total wall-clock time used: 570.356 sec (0h:9m:30s)

Computing bootstrap consensus tree...
Reading input file gene_order/flagellar_trees/gene_trees/flie.splits.nex...
150 taxa and 1516 splits.
Consensus tree written to gene_order/flagellar_trees/gene_trees/flie.contree
Reading input trees file gene_order/flagellar_trees/gene_trees/flie.contree
Log-likelihood of consensus tree: -4229.627

Analysis results written to: 
  IQ-TREE report:                gene_order/flagellar_trees/gene_trees/flie.iqtree
  Maximum-likelihood tree:       gene_order/flagellar_trees/gene_trees/flie.treefile
  Likelihood distances:          gene_order/flagellar_trees/gene_trees/flie.mldist

Ultrafast bootstrap approximation results written to:
  Split support values:          gene_order/flagellar_trees/gene_trees/flie.splits.nex
  Consensus tree:                gene_order/flagellar_trees/gene_trees/flie.contree
  Screen log file:               gene_order/flagellar_trees/gene_trees/flie.log

Date and Time: Sat Sep 26 10:08:08 2026
