IQ-TREE multicore version 2.4.0 for Linux x86 64-bit built Feb 12 2025
Developed by Bui Quang Minh, Nguyen Lam Tung, Olga Chernomor, Heiko Schmidt,
Dominik Schrempf, Michael Woodhams, Ly Trong Nhan, Thomas Wong

Host:    k126 (AVX512, FMA3, 377 GB RAM)
Command: iqtree2 -s gene_order/flagellar_trees/trimmed/flig.faa -m MFP -B 1000 -T 4 --prefix gene_order/flagellar_trees/gene_trees/flig
Seed:    23474 (Using SPRNG - Scalable Parallel Random Number Generator)
Time:    Sat Sep 26 09:58:40 2026
Kernel:  AVX+FMA - 4 threads (4 CPU cores detected)

Reading alignment file gene_order/flagellar_trees/trimmed/flig.faa ... Fasta format detected
Reading fasta file: done in 0.000664783 secs using 83.19% CPU
Alignment most likely contains protein sequences
Alignment has 152 sequences with 341 columns, 328 distinct patterns
314 parsimony-informative, 3 singleton sites, 24 constant sites
                 Gap/Ambiguity  Composition  p-value
Analyzing sequences: done in 2.92445e-05 secs using 2151% CPU
   1  GCF_000012965.1    0.29%    passed     89.04%
   2  GCF_000021725.1    0.29%    passed     43.77%
   3  GCF_000024885.1    0.00%    passed     99.99%
   4  GCF_000092245.1    2.05%    passed     99.09%
   5  GCF_000147355.1    0.00%    passed     80.52%
   6  GCF_000155475.1    0.00%    passed     98.99%
   7  GCF_000162575.1    0.00%    passed     98.58%
   8  GCF_000194135.1    0.29%    passed     61.11%
   9  GCF_000196135.1    0.29%    passed     99.18%
  10  GCF_000200595.1    0.00%    passed     99.89%
  11  GCF_000242915.1    0.29%    passed     97.37%
  12  GCF_000254135.1    0.00%    passed    100.00%
  13  GCF_000259275.1    0.00%    passed     98.45%
  14  GCF_000265295.1    0.00%    passed     99.99%
  15  GCF_000420385.1    0.00%    passed     39.92%
  16  GCF_000445475.1    0.29%    passed     99.26%
  17  GCF_000507845.1    0.29%    passed     97.85%
  18  GCF_000518225.1    0.00%    passed     88.70%
  19  GCF_000568815.1    0.00%    passed     99.98%
  20  GCF_000597725.1    0.00%    passed     99.98%
  21  GCF_000686565.1    0.00%    passed     41.27%
  22  GCF_000687535.1    0.00%    passed     97.58%
  23  GCF_000736415.1    0.00%    passed     99.48%
  24  GCF_000744435.1    0.00%    passed     47.85%
  25  GCF_000762845.2    0.00%    passed     92.84%
  26  GCF_000762875.2    0.00%    passed     99.84%
  27  GCF_000763135.2    0.00%    passed     99.09%
  28  GCF_000765805.2    0.00%    passed     99.48%
  29  GCF_000765905.2    0.00%    passed     99.95%
  30  GCF_000813325.1    0.00%    passed    100.00%
  31  GCF_000816185.1    0.00%    passed     99.99%
  32  GCF_000816305.1    0.00%    passed    100.00%
  33  GCF_000816785.1    0.00%    passed    100.00%
  34  GCF_001282945.1    0.00%    passed     99.90%
  35  GCF_001283065.1    0.00%    passed     99.81%
  36  GCF_001298465.1    0.00%    passed    100.00%
  37  GCF_001457695.1    0.00%    passed    100.00%
  38  GCF_001602095.1    0.00%    failed      0.00%
  39  GCF_001687475.2    0.00%    passed    100.00%
  40  GCF_001693335.1    0.00%    passed     99.89%
  41  GCF_001723605.1    0.00%    passed     99.99%
  42  GCF_001956695.1    2.35%    passed     71.41%
  43  GCF_002021925.1    0.00%    passed     99.96%
  44  GCF_002080395.1    0.00%    passed    100.00%
  45  GCF_002104335.1    0.00%    passed    100.00%
  46  GCF_002119425.1    0.00%    passed     11.30%
  47  GCF_002139855.1    0.29%    passed     99.94%
  48  GCF_002139875.1    0.29%    passed     99.94%
  49  GCF_002139915.1    0.29%    passed     99.95%
  50  GCF_002139935.1    0.00%    passed     99.85%
  51  GCF_002238335.1    0.00%    passed    100.00%
  52  GCF_002335445.1    0.29%    passed     50.38%
  53  GCF_002837275.1    1.76%    passed     15.28%
  54  GCF_003063245.1    1.76%    passed     84.18%
  55  GCF_003063295.1    1.47%    passed     80.78%
  56  GCF_003245365.1    0.00%    passed     97.04%
  57  GCF_003316695.1    1.47%    passed     97.15%
  58  GCF_003346775.1    1.76%    passed     16.35%
  59  GCF_003346815.1    1.76%    failed      0.74%
  60  GCF_003355515.1    1.47%    passed     91.33%
  61  GCF_003364195.1    0.00%    passed     99.52%
  62  GCF_003364205.1    0.00%    passed     94.86%
  63  GCF_003364215.1    0.00%    passed     90.25%
  64  GCF_003364255.1    0.00%    passed     98.58%
  65  GCF_003364335.1    0.00%    passed     97.25%
  66  GCF_003544815.1    1.76%    passed     81.88%
  67  GCF_003544835.1    1.47%    passed     97.83%
  68  GCF_003544855.1    1.76%    passed     85.03%
  69  GCF_003544915.1    1.76%    passed     77.57%
  70  GCF_003544935.1    1.76%    failed      1.58%
  71  GCF_003660105.1    1.47%    passed     86.35%
  72  GCF_003660265.1    4.69%    passed     99.71%
  73  GCF_003660285.1    0.00%    passed     99.98%
  74  GCF_003660395.1    0.00%    passed     99.98%
  75  GCF_003667345.1    2.35%    passed     43.43%
  76  GCF_003670275.1    0.00%    passed     99.50%
  77  GCF_003752135.1    0.29%    passed     70.47%
  78  GCF_004214795.1    1.76%    passed     86.01%
  79  GCF_004214815.1    1.47%    passed     95.50%
  80  GCF_004299785.2    1.47%    passed     95.18%
  81  GCF_004323845.1    0.00%    passed    100.00%
  82  GCF_004803795.1    0.00%    passed     99.90%
  83  GCF_004803815.1    0.00%    passed    100.00%
  84  GCF_005217605.1    0.29%    passed     93.98%
  85  GCF_005406215.1    0.00%    passed    100.00%
  86  GCF_005406225.1    0.00%    passed    100.00%
  87  GCF_005771535.1    2.05%    passed     10.41%
  88  GCF_005843985.1    0.29%    passed     72.50%
  89  GCF_006459125.1    2.05%    failed      4.49%
  90  GCF_006864425.1    0.00%    passed    100.00%
  91  GCF_008245005.1    0.00%    passed     99.87%
  92  GCF_008245045.1    0.00%    passed    100.00%
  93  GCF_008693005.1    0.00%    passed     98.78%
  94  GCF_009068765.1    0.00%    passed     88.04%
  95  GCF_009192995.1    0.00%    passed     84.84%
  96  GCF_009258225.1    0.29%    passed     98.37%
  97  GCF_011769985.2    0.00%    passed     99.96%
  98  GCF_013177635.1    1.47%    passed     73.94%
  99  GCF_013177655.1    0.00%    passed     84.38%
 100  GCF_013201605.1    0.00%    passed    100.00%
 101  GCF_013201625.1    1.47%    passed     95.69%
 102  GCF_013201665.1    1.47%    passed     84.25%
 103  GCF_013201705.1    2.05%    passed     95.65%
 104  GCF_013201725.1    2.05%    passed     88.70%
 105  GCF_013201825.1    2.05%    passed     10.12%
 106  GCF_013201935.1    1.47%    passed     77.05%
 107  GCF_013283835.1    1.76%    passed     66.68%
 108  GCF_013372105.1    0.00%    passed    100.00%
 109  GCF_013372125.1    0.00%    passed     99.99%
 110  GCF_013372145.1    0.00%    passed     99.59%
 111  GCF_013372185.1    0.00%    passed    100.00%
 112  GCF_013372205.1    4.69%    passed     99.91%
 113  GCF_013372265.1    2.05%    passed     97.29%
 114  GCF_014253065.1    0.00%    passed    100.00%
 115  GCF_014466985.1    2.05%    failed      0.27%
 116  GCF_014905095.1    0.00%    passed     88.69%
 117  GCF_014905115.1    0.00%    passed     91.83%
 118  GCF_014905135.1    0.29%    passed     82.21%
 119  GCF_015100395.1    1.76%    failed      0.01%
 120  GCF_015265455.1    0.29%    passed     96.61%
 121  GCF_015265475.1    0.29%    passed     95.57%
 122  GCF_016106035.1    2.93%    passed     81.09%
 123  GCF_016593255.1    0.29%    passed     99.77%
 124  GCF_016806695.1    0.00%    passed    100.00%
 125  GCF_016937535.1    0.00%    passed     99.76%
 126  GCF_017357825.1    0.00%    passed     97.06%
 127  GCF_017979425.1    0.00%    passed     99.85%
 128  GCF_017979475.1    0.00%    passed     93.78%
 129  GCF_018145655.1    0.00%    passed     99.96%
 130  GCF_019711685.1    0.00%    passed     97.40%
 131  GCF_021300615.1    0.00%    passed     99.66%
 132  GCF_021300655.1    0.00%    passed     94.47%
 133  GCF_023646285.1    0.00%    passed     98.82%
 134  GCF_024267655.1    1.17%    passed     92.85%
 135  GCF_025770725.1    0.00%    passed     99.99%
 136  GCF_026000295.1    0.00%    passed     99.93%
 137  GCF_027859255.1    0.00%    passed     97.16%
 138  GCF_027943725.1    2.35%    failed      1.14%
 139  GCF_027946175.1    2.05%    failed      0.04%
 140  GCF_028649595.1    0.00%    passed     99.87%
 141  GCF_028751035.1    0.00%    passed     97.94%
 142  GCF_030249845.1    0.00%    passed     99.61%
 143  GCF_030296055.1    4.69%    passed     99.85%
 144  GCF_900115615.1    0.00%    passed     97.85%
 145  GCF_900187115.1    1.47%    passed     72.40%
 146  GCF_900461455.1    0.00%    passed     99.51%
 147  GCF_900475935.1    0.00%    passed     99.76%
 148  GCF_900476215.1    0.00%    passed     99.93%
 149  GCF_900478295.1    0.00%    passed     96.04%
 150  GCF_900637395.1    0.00%    passed    100.00%
 151  GCF_905120465.1    2.64%    passed     99.94%
 152  GCF_905120475.1    0.29%    passed     99.99%
****  TOTAL              0.59%  8 sequences failed composition chi2 test (p-value<5%; df=19)
NOTE: GCF_003660395.1 is identical to GCF_003660285.1 but kept for subsequent analysis


Create initial parsimony tree by phylogenetic likelihood library (PLL)... 0.044 seconds
Perform fast likelihood tree search using LG+I+G model...
Estimate model parameters (epsilon = 5.000)
Perform nearest neighbor interchange...
Estimate model parameters (epsilon = 1.000)
1. Initial log-likelihood: -18944.859
Optimal log-likelihood: -18944.772
Proportion of invariable sites: 0.036
Gamma shape alpha: 0.985
Parameters optimization took 1 rounds (0.183 sec)
Time for fast ML tree search: 1.320 seconds

NOTE: ModelFinder requires 83 MB RAM!
ModelFinder will test up to 1232 protein models (sample size: 341 epsilon: 0.100) ...
 No. Model         -LnL         df  AIC          AICc         BIC
  1  LG            20023.538    301 40649.076    45310.717    41802.473
  2  LG+I          19842.380    302 40288.760    45104.866    41445.989
  3  LG+G4         18948.029    302 38500.059    43316.164    39657.287
  4  LG+I+G4       18944.747    303 38495.494    43474.521    39656.555
  5  LG+R2         19107.136    303 38820.273    43799.300    39981.333
  6  LG+R3         18970.645    305 38551.290    43884.433    39720.014
  7  LG+R4         18934.820    307 38483.641    44214.308    39660.029
  8  LG+R5         18927.926    309 38473.852    44653.852    39657.903
  9  LG+R6         18927.382    311 38476.764    45168.626    39668.480
 14  LG+I+R2       19055.376    304 38718.752    43869.863    39883.644
 15  LG+I+R3       18953.891    306 38519.782    44045.782    39692.338
 16  LG+I+R4       18929.659    308 38475.317    44423.567    39655.537
 17  LG+I+R5       18928.288    310 38476.576    44903.909    39664.460
 25  LG+F+G4       18864.286    321 38370.572    49250.783    39600.607
 26  LG+F+I+G4     18860.419    322 38364.838    49921.061    39598.705
 29  LG+F+R4       18849.485    326 38350.971    53579.828    39600.164
 30  LG+F+R5       18841.696    328 38339.392    56324.725    39596.250
 38  LG+F+I+R4     18842.731    327 38339.461    54840.385    39592.487
 39  LG+F+I+R5     18842.191    329 38342.382    58082.382    39603.071
 47  WAG+G4        19242.071    302 39088.143    43904.248    40245.371
 48  WAG+I+G4      19238.737    303 39083.474    44062.501    40244.534
 51  WAG+R4        19228.772    307 39071.544    44802.211    40247.932
 52  WAG+R5        19221.783    309 39061.566    45241.566    40245.618
 60  WAG+I+R4      19224.256    308 39064.513    45012.763    40244.733
 61  WAG+I+R5      19223.006    310 39066.011    45493.345    40253.895
 69  WAG+F+G4      19183.659    321 39009.317    49889.528    40239.352
 70  WAG+F+I+G4    19180.697    322 39005.393    50561.615    40239.259
 73  WAG+F+R4      19171.381    326 38994.761    54223.619    40243.955
 74  WAG+F+R5      19161.888    328 38979.776    56965.109    40236.633
 82  WAG+F+I+R4    19164.196    327 38982.392    55483.315    40235.417
 83  WAG+F+I+R5    19162.706    329 38983.411    58723.411    40244.101
 91  JTT+G4        19041.637    302 38687.275    43503.380    39844.503
 92  JTT+I+G4      19040.398    303 38686.795    43665.822    39847.855
 95  JTT+R4        19033.260    307 38680.519    44411.186    39856.907
 96  JTT+R5        19021.879    309 38661.758    44841.758    39845.810
104  JTT+I+R4      19029.591    308 38675.182    44623.432    39855.402
105  JTT+I+R5      19025.014    310 38670.028    45097.361    39857.912
113  JTT+F+G4      18890.960    321 38423.921    49304.131    39653.955
114  JTT+F+I+G4    18888.954    322 38421.908    49978.130    39655.774
117  JTT+F+R4      18878.081    326 38408.163    53637.020    39657.356
118  JTT+F+R5      18867.164    328 38390.327    56375.660    39647.185
126  JTT+F+I+R4    18871.671    327 38397.342    54898.265    39650.367
127  JTT+F+I+R5    18868.945    329 38395.890    58135.890    39656.580
WARNING: Normalizing state frequencies so that sum of them equals to 1
135  Q.pfam+G4     19018.506    302 38641.011    43457.116    39798.240
WARNING: Normalizing state frequencies so that sum of them equals to 1
136  Q.pfam+I+G4   19014.768    303 38635.536    43614.563    39796.596
WARNING: Normalizing state frequencies so that sum of them equals to 1
139  Q.pfam+R4     19004.251    307 38622.502    44353.169    39798.890
WARNING: Normalizing state frequencies so that sum of them equals to 1
140  Q.pfam+R5     18996.095    309 38610.190    44790.190    39794.242
WARNING: Normalizing state frequencies so that sum of them equals to 1
148  Q.pfam+I+R4   18998.111    308 38612.222    44560.472    39792.442
WARNING: Normalizing state frequencies so that sum of them equals to 1
149  Q.pfam+I+R5   18996.231    310 38612.461    45039.794    39800.345
WARNING: Normalizing state frequencies so that sum of them equals to 1
157  Q.pfam+F+G4   18944.485    321 38530.969    49411.180    39761.004
WARNING: Normalizing state frequencies so that sum of them equals to 1
158  Q.pfam+F+I+G4 18939.133    322 38522.265    50078.488    39756.131
WARNING: Normalizing state frequencies so that sum of them equals to 1
161  Q.pfam+F+R4   18929.422    326 38510.843    53739.700    39760.037
WARNING: Normalizing state frequencies so that sum of them equals to 1
162  Q.pfam+F+R5   18921.393    328 38498.786    56484.119    39755.643
WARNING: Normalizing state frequencies so that sum of them equals to 1
170  Q.pfam+F+I+R4 18922.044    327 38498.087    54999.011    39751.113
WARNING: Normalizing state frequencies so that sum of them equals to 1
171  Q.pfam+F+I+R5 18920.926    329 38499.852    58239.852    39760.541
WARNING: Normalizing state frequencies so that sum of them equals to 1
179  Q.bird+G4     19368.412    302 39340.823    44156.928    40498.052
WARNING: Normalizing state frequencies so that sum of them equals to 1
180  Q.bird+I+G4   19365.757    303 39337.515    44316.542    40498.575
WARNING: Normalizing state frequencies so that sum of them equals to 1
183  Q.bird+R4     19356.732    307 39327.464    45058.130    40503.851
WARNING: Normalizing state frequencies so that sum of them equals to 1
184  Q.bird+R5     19347.723    309 39313.446    45493.446    40497.498
WARNING: Normalizing state frequencies so that sum of them equals to 1
192  Q.bird+I+R4   19355.448    308 39326.896    45275.146    40507.116
WARNING: Normalizing state frequencies so that sum of them equals to 1
193  Q.bird+I+R5   19348.660    310 39317.320    45744.654    40505.204
WARNING: Normalizing state frequencies so that sum of them equals to 1
201  Q.bird+F+G4   19180.130    321 39002.261    49882.471    40232.295
WARNING: Normalizing state frequencies so that sum of them equals to 1
202  Q.bird+F+I+G4 19176.160    322 38996.320    50552.543    40230.186
WARNING: Normalizing state frequencies so that sum of them equals to 1
205  Q.bird+F+R4   19170.263    326 38992.526    54221.384    40241.720
WARNING: Normalizing state frequencies so that sum of them equals to 1
206  Q.bird+F+R5   19158.270    328 38972.540    56957.873    40229.397
WARNING: Normalizing state frequencies so that sum of them equals to 1
214  Q.bird+F+I+R4 19167.275    327 38988.551    55489.474    40241.577
WARNING: Normalizing state frequencies so that sum of them equals to 1
215  Q.bird+F+I+R5 19156.236    329 38970.472    58710.472    40231.161
WARNING: Normalizing state frequencies so that sum of them equals to 1
223  Q.mammal+G4   19239.445    302 39082.889    43898.994    40240.118
WARNING: Normalizing state frequencies so that sum of them equals to 1
224  Q.mammal+I+G4 19236.022    303 39078.045    44057.072    40239.105
WARNING: Normalizing state frequencies so that sum of them equals to 1
227  Q.mammal+R4   19226.374    307 39066.748    44797.415    40243.136
WARNING: Normalizing state frequencies so that sum of them equals to 1
228  Q.mammal+R5   19219.054    309 39056.107    45236.107    40240.159
WARNING: Normalizing state frequencies so that sum of them equals to 1
236  Q.mammal+I+R4 19223.026    308 39062.052    45010.302    40242.272
WARNING: Normalizing state frequencies so that sum of them equals to 1
237  Q.mammal+I+R5 19218.126    310 39056.252    45483.585    40244.136
WARNING: Normalizing state frequencies so that sum of them equals to 1
245  Q.mammal+F+G4 19040.619    321 38723.239    49603.449    39953.273
WARNING: Normalizing state frequencies so that sum of them equals to 1
246  Q.mammal+F+I+G4 19035.395    322 38714.790    50271.012    39948.656
WARNING: Normalizing state frequencies so that sum of them equals to 1
249  Q.mammal+F+R4 19029.041    326 38710.082    53938.940    39959.276
WARNING: Normalizing state frequencies so that sum of them equals to 1
250  Q.mammal+F+R5 19019.451    328 38694.902    56680.235    39951.759
WARNING: Normalizing state frequencies so that sum of them equals to 1
258  Q.mammal+F+I+R4 19024.195    327 38702.391    55203.314    39955.416
WARNING: Normalizing state frequencies so that sum of them equals to 1
259  Q.mammal+F+I+R5 19015.848    329 38689.696    58429.696    39950.385
267  Q.insect+G4   18715.281    302 38034.561    42850.666    39191.790
268  Q.insect+I+G4 18712.846    303 38031.692    43010.719    39192.753
271  Q.insect+R4   18701.207    307 38016.414    43747.080    39192.802
272  Q.insect+R5   18691.054    309 38000.107    44180.107    39184.159
280  Q.insect+I+R4 18697.083    308 38010.167    43958.417    39190.387
281  Q.insect+I+R5 18691.170    310 38002.341    44429.674    39190.224
289  Q.insect+F+G4 18626.090    321 37894.180    48774.390    39124.214
290  Q.insect+F+I+G4 18623.048    322 37890.095    49446.318    39123.961
293  Q.insect+F+R4 18612.636    326 37877.271    53106.128    39126.465
294  Q.insect+F+R5 18601.643    328 37859.286    55844.619    39116.143
302  Q.insect+F+I+R4 18606.074    327 37866.149    54367.072    39119.174
303  Q.insect+F+I+R5 18601.738    329 37861.476    57601.476    39122.165
WARNING: Normalizing state frequencies so that sum of them equals to 1
311  Q.plant+G4    18858.223    302 38320.446    43136.551    39477.675
WARNING: Normalizing state frequencies so that sum of them equals to 1
312  Q.plant+I+G4  18854.078    303 38314.156    43293.183    39475.216
WARNING: Normalizing state frequencies so that sum of them equals to 1
315  Q.plant+R4    18843.342    307 38300.684    44031.350    39477.072
WARNING: Normalizing state frequencies so that sum of them equals to 1
316  Q.plant+R5    18833.872    309 38285.745    44465.745    39469.796
WARNING: Normalizing state frequencies so that sum of them equals to 1
324  Q.plant+I+R4  18838.994    308 38293.989    44242.239    39474.208
WARNING: Normalizing state frequencies so that sum of them equals to 1
325  Q.plant+I+R5  18832.658    310 38285.317    44712.650    39473.200
WARNING: Normalizing state frequencies so that sum of them equals to 1
333  Q.plant+F+G4  18779.071    321 38200.141    49080.352    39430.176
WARNING: Normalizing state frequencies so that sum of them equals to 1
334  Q.plant+F+I+G4 18773.841    322 38191.681    49747.903    39425.547
WARNING: Normalizing state frequencies so that sum of them equals to 1
337  Q.plant+F+R4  18764.719    326 38181.438    53410.295    39430.631
WARNING: Normalizing state frequencies so that sum of them equals to 1
338  Q.plant+F+R5  18755.019    328 38166.039    56151.372    39422.896
WARNING: Normalizing state frequencies so that sum of them equals to 1
346  Q.plant+F+I+R4 18757.998    327 38169.996    54670.919    39423.021
WARNING: Normalizing state frequencies so that sum of them equals to 1
347  Q.plant+F+I+R5 18753.621    329 38165.243    57905.243    39425.932
WARNING: Normalizing state frequencies so that sum of them equals to 1
355  Q.yeast+G4    18774.099    302 38152.198    42968.303    39309.426
WARNING: Normalizing state frequencies so that sum of them equals to 1
356  Q.yeast+I+G4  18772.975    303 38151.949    43130.976    39313.010
WARNING: Normalizing state frequencies so that sum of them equals to 1
359  Q.yeast+R4    18763.420    307 38140.840    43871.507    39317.228
WARNING: Normalizing state frequencies so that sum of them equals to 1
360  Q.yeast+R5    18750.746    309 38119.492    44299.492    39303.544
WARNING: Normalizing state frequencies so that sum of them equals to 1
368  Q.yeast+I+R4  18760.523    308 38137.045    44085.295    39317.265
WARNING: Normalizing state frequencies so that sum of them equals to 1
369  Q.yeast+I+R5  18752.363    310 38124.726    44552.059    39312.609
WARNING: Normalizing state frequencies so that sum of them equals to 1
377  Q.yeast+F+G4  18725.213    321 38092.426    48972.636    39322.460
WARNING: Normalizing state frequencies so that sum of them equals to 1
378  Q.yeast+F+I+G4 18723.015    322 38090.031    49646.253    39323.897
WARNING: Normalizing state frequencies so that sum of them equals to 1
381  Q.yeast+F+R4  18712.329    326 38076.659    53305.516    39325.853
WARNING: Normalizing state frequencies so that sum of them equals to 1
382  Q.yeast+F+R5  18701.970    328 38059.939    56045.273    39316.797
WARNING: Normalizing state frequencies so that sum of them equals to 1
390  Q.yeast+F+I+R4 18708.149    327 38070.298    54571.221    39323.323
WARNING: Normalizing state frequencies so that sum of them equals to 1
391  Q.yeast+F+I+R5 18702.962    329 38063.923    57803.923    39324.613
399  JTTDCMut+G4   19041.835    302 38687.671    43503.776    39844.899
400  JTTDCMut+I+G4 19040.475    303 38686.950    43665.977    39848.010
403  JTTDCMut+R4   19031.880    307 38677.759    44408.426    39854.147
404  JTTDCMut+R5   19019.824    309 38657.648    44837.648    39841.700
412  JTTDCMut+I+R4 19029.173    308 38674.345    44622.595    39854.565
413  JTTDCMut+I+R5 19021.498    310 38662.997    45090.330    39850.880
421  JTTDCMut+F+G4 18891.231    321 38424.461    49304.672    39654.495
422  JTTDCMut+F+I+G4 18889.205    322 38422.410    49978.633    39656.277
425  JTTDCMut+F+R4 18877.418    326 38406.836    53635.693    39656.030
426  JTTDCMut+F+R5 18865.183    328 38386.367    56371.700    39643.224
434  JTTDCMut+F+I+R4 18871.418    327 38396.835    54897.758    39649.861
435  JTTDCMut+F+I+R5 18866.280    329 38390.561    58130.561    39651.250
443  DCMut+G4      19233.425    302 39070.850    43886.955    40228.078
444  DCMut+I+G4    19228.997    303 39063.994    44043.021    40225.054
447  DCMut+R4      19219.617    307 39053.234    44783.900    40229.622
448  DCMut+R5      19210.798    309 39039.595    45219.595    40223.647
456  DCMut+I+R4    19215.581    308 39047.161    44995.411    40227.381
457  DCMut+I+R5    19212.035    310 39044.070    45471.404    40231.954
465  DCMut+F+G4    19049.894    321 38741.789    49621.999    39971.823
466  DCMut+F+I+G4  19044.745    322 38733.490    50289.713    39967.357
469  DCMut+F+R4    19032.521    326 38717.042    53945.899    39966.236
470  DCMut+F+R5    19021.917    328 38699.835    56685.168    39956.692
478  DCMut+F+I+R4  19025.011    327 38704.022    55204.945    39957.047
479  DCMut+F+I+R5  19022.373    329 38702.747    58442.747    39963.436
487  VT+G4         19327.128    302 39258.256    44074.361    40415.485
488  VT+I+G4       19325.357    303 39256.715    44235.742    40417.775
491  VT+R4         19314.959    307 39243.917    44974.584    40420.305
492  VT+R5         19304.093    309 39226.187    45406.187    40410.238
500  VT+I+R4       19311.018    308 39238.035    45186.285    40418.255
501  VT+I+R5       19305.512    310 39231.024    45658.357    40418.908
509  VT+F+G4       19231.169    321 39104.338    49984.548    40334.372
510  VT+F+I+G4     19229.362    322 39102.724    50658.946    40336.590
513  VT+F+R4       19217.972    326 39087.943    54316.800    40337.137
514  VT+F+R5       19206.107    328 39068.214    57053.547    40325.071
522  VT+F+I+R4     19212.358    327 39078.716    55579.639    40331.741
523  VT+F+I+R5     19207.366    329 39072.732    58812.732    40333.421
531  PMB+G4        19626.888    302 39857.775    44673.880    41015.004
532  PMB+I+G4      19622.840    303 39851.680    44830.707    41012.740
535  PMB+R4        19611.113    307 39836.226    45566.893    41012.614
536  PMB+R5        19601.385    309 39820.769    46000.769    41004.821
544  PMB+I+R4      19604.554    308 39825.108    45773.358    41005.328
545  PMB+I+R5      19601.752    310 39823.503    46250.837    41011.387
553  PMB+F+G4      19493.973    321 39629.946    50510.156    40859.980
554  PMB+F+I+G4    19490.363    322 39624.726    51180.948    40858.592
557  PMB+F+R4      19478.291    326 39608.581    54837.438    40857.775
558  PMB+F+R5      19467.080    328 39590.160    57575.494    40847.018
566  PMB+F+I+R4    19470.239    327 39594.478    56095.401    40847.504
567  PMB+F+I+R5    19467.441    329 39592.882    59332.882    40853.571
575  Blosum62+G4   19627.403    302 39858.806    44674.911    41016.034
576  Blosum62+I+G4 19623.553    303 39853.107    44832.134    41014.167
579  Blosum62+R4   19610.248    307 39834.497    45565.163    41010.885
580  Blosum62+R5   19601.093    309 39820.185    46000.185    41004.237
588  Blosum62+I+R4 19604.482    308 39824.963    45773.213    41005.183
589  Blosum62+I+R5 19601.792    310 39823.584    46250.918    41011.468
597  Blosum62+F+G4 19539.882    321 39721.764    50601.974    40951.798
598  Blosum62+F+I+G4 19536.736    322 39717.472    51273.695    40951.339
601  Blosum62+F+R4 19524.521    326 39701.043    54929.900    40950.237
602  Blosum62+F+R5 19513.592    328 39683.185    57668.518    40940.042
610  Blosum62+F+I+R4 19517.872    327 39689.744    56190.667    40942.770
611  Blosum62+F+I+R5 19514.529    329 39687.058    59427.058    40947.747
619  Dayhoff+G4    19228.825    302 39061.650    43877.755    40218.878
620  Dayhoff+I+G4  19224.339    303 39054.679    44033.706    40215.739
623  Dayhoff+R4    19216.251    307 39046.502    44777.169    40222.890
624  Dayhoff+R5    19205.875    309 39029.750    45209.750    40213.802
632  Dayhoff+I+R4  19210.940    308 39037.881    44986.131    40218.100
633  Dayhoff+I+R5  19207.346    310 39034.692    45462.025    40222.575
641  Dayhoff+F+G4  19046.176    321 38734.352    49614.563    39964.386
642  Dayhoff+F+I+G4 19040.990    322 38725.980    50282.202    39959.846
645  Dayhoff+F+R4  19029.422    326 38710.845    53939.702    39960.038
646  Dayhoff+F+R5  19017.779    328 38691.557    56676.890    39948.415
654  Dayhoff+F+I+R4 19021.263    327 38696.526    55197.449    39949.552
655  Dayhoff+F+I+R5 19018.490    329 38694.980    58434.980    39955.669
663  mtREV+G4      19915.749    302 40435.499    45251.604    41592.727
664  mtREV+I+G4    19906.361    303 40418.721    45397.748    41579.781
667  mtREV+R4      19899.418    307 40412.836    46143.502    41589.223
668  mtREV+R5      19892.486    309 40402.972    46582.972    41587.023
676  mtREV+I+R4    19891.351    308 40398.702    46346.952    41578.922
677  mtREV+I+R5    19884.640    310 40389.281    46816.614    41577.164
685  mtREV+F+G4    19300.636    321 39243.271    50123.482    40473.306
686  mtREV+F+I+G4  19293.096    322 39230.192    50786.414    40464.058
689  mtREV+F+R4    19284.871    326 39221.742    54450.599    40470.936
690  mtREV+F+R5    19273.631    328 39203.263    57188.596    40460.120
698  mtREV+F+I+R4  19274.952    327 39203.905    55704.828    40456.930
699  mtREV+F+I+R5  19271.440    329 39200.879    58940.879    40461.569
707  mtART+G4      19609.557    302 39823.113    44639.218    40980.342
708  mtART+I+G4    19599.443    303 39804.886    44783.913    40965.946
711  mtART+R4      19599.663    307 39813.327    45543.993    40989.715
712  mtART+R5      19577.639    309 39773.279    45953.279    40957.330
720  mtART+I+R4    19587.018    308 39790.036    45738.286    40970.255
721  mtART+I+R5    19569.077    310 39758.154    46185.488    40946.038
729  mtART+F+G4    19045.833    321 38733.666    49613.877    39963.701
730  mtART+F+I+G4  19038.204    322 38720.409    50276.631    39954.275
733  mtART+F+R4    19037.835    326 38727.670    53956.527    39976.864
734  mtART+F+R5    19022.870    328 38701.740    56687.073    39958.597
742  mtART+F+I+R4  19028.990    327 38711.979    55212.902    39965.005
743  mtART+F+I+R5  19016.820    329 38691.640    58431.640    39952.329
751  mtZOA+G4      19296.453    302 39196.905    44013.010    40354.134
752  mtZOA+I+G4    19289.545    303 39185.089    44164.116    40346.150
755  mtZOA+R4      19289.208    307 39192.415    44923.082    40368.803
756  mtZOA+R5      19270.246    309 39158.491    45338.491    40342.543
764  mtZOA+I+R4    19282.198    308 39180.396    45128.646    40360.616
765  mtZOA+I+R5    19265.547    310 39151.095    45578.428    40338.978
773  mtZOA+F+G4    18874.955    321 38391.909    49272.120    39621.943
774  mtZOA+F+I+G4  18870.012    322 38384.024    49940.247    39617.891
777  mtZOA+F+R4    18867.118    326 38386.237    53615.094    39635.430
778  mtZOA+F+R5    18857.630    328 38371.259    56356.593    39628.117
786  mtZOA+F+I+R4  18861.106    327 38376.213    54877.136    39629.238
787  mtZOA+F+I+R5  18853.873    329 38365.747    58105.747    39626.436
795  mtMet+G4      19715.564    302 40035.128    44851.233    41192.356
796  mtMet+I+G4    19711.046    303 40028.092    45007.119    41189.153
799  mtMet+R4      19705.779    307 40025.557    45756.224    41201.945
800  mtMet+R5      19692.587    309 40003.174    46183.174    41187.225
808  mtMet+I+R4    19701.594    308 40019.188    45967.438    41199.408
809  mtMet+I+R5    19690.166    310 40000.332    46427.665    41188.216
817  mtMet+F+G4    19099.552    321 38841.105    49721.315    40071.139
818  mtMet+F+I+G4  19096.209    322 38836.418    50392.641    40070.285
821  mtMet+F+R4    19090.396    326 38832.792    54061.649    40081.985
822  mtMet+F+R5    19081.189    328 38818.378    56803.711    40075.235
830  mtMet+F+I+R4  19086.287    327 38826.574    55327.497    40079.599
831  mtMet+F+I+R5  19079.367    329 38816.734    58556.734    40077.423
839  mtVer+G4      19977.859    302 40559.718    45375.823    41716.946
840  mtVer+I+G4    19974.140    303 40554.279    45533.306    41715.340
843  mtVer+R4      19969.144    307 40552.288    46282.955    41728.676
844  mtVer+R5      19951.591    309 40521.182    46701.182    41705.233
852  mtVer+I+R4    19965.965    308 40547.929    46496.179    41728.149
853  mtVer+I+R5    19950.146    310 40520.293    46947.626    41708.176
861  mtVer+F+G4    19383.487    321 39408.974    50289.185    40639.009
862  mtVer+F+I+G4  19378.620    322 39401.239    50957.462    40635.106
865  mtVer+F+R4    19375.529    326 39403.057    54631.915    40652.251
866  mtVer+F+R5    19360.078    328 39376.155    57361.489    40633.013
874  mtVer+F+I+R4  19369.512    327 39393.023    55893.946    40646.049
875  mtVer+F+I+R5  19356.477    329 39370.954    59110.954    40631.643
883  mtInv+G4      19729.904    302 40063.807    44879.912    41221.036
884  mtInv+I+G4    19724.157    303 40054.313    45033.340    41215.373
887  mtInv+R4      19718.173    307 40050.347    45781.014    41226.735
888  mtInv+R5      19709.675    309 40037.349    46217.349    41221.401
896  mtInv+I+R4    19713.418    308 40042.836    45991.086    41223.056
897  mtInv+I+R5    19705.965    310 40031.931    46459.264    41219.814
905  mtInv+F+G4    18971.026    321 38584.053    49464.263    39814.087
906  mtInv+F+I+G4  18966.507    322 38577.014    50133.236    39810.880
909  mtInv+F+R4    18957.691    326 38567.382    53796.239    39816.575
910  mtInv+F+R5    18948.150    328 38552.300    56537.633    39809.157
918  mtInv+F+I+R4  18951.351    327 38556.703    55057.626    39809.729
919  mtInv+F+I+R5  18949.657    329 38557.314    58297.314    39818.003
927  mtMAM+G4      20170.049    302 40944.098    45760.203    42101.327
928  mtMAM+I+G4    20163.040    303 40932.081    45911.108    42093.141
931  mtMAM+R4      20151.958    307 40917.916    46648.583    42094.304
932  mtMAM+R5      20130.197    309 40878.394    47058.394    42062.446
940  mtMAM+I+R4    20143.810    308 40903.620    46851.870    42083.839
941  mtMAM+I+R5    20125.257    310 40870.515    47297.848    42058.398
949  mtMAM+F+G4    19542.409    321 39726.817    50607.028    40956.852
950  mtMAM+F+I+G4  19536.539    322 39717.078    51273.300    40950.944
953  mtMAM+F+R4    19535.493    326 39722.987    54951.844    40972.181
954  mtMAM+F+R5    19519.349    328 39694.697    57680.030    40951.554
962  mtMAM+F+I+R4  19529.375    327 39712.750    56213.673    40965.776
963  mtMAM+F+I+R5  19514.266    329 39686.533    59426.533    40947.222
WARNING: Normalizing state frequencies so that sum of them equals to 1
971  FLAVI+G4      19666.113    302 39936.226    44752.332    41093.455
WARNING: Normalizing state frequencies so that sum of them equals to 1
972  FLAVI+I+G4    19660.754    303 39927.508    44906.535    41088.568
WARNING: Normalizing state frequencies so that sum of them equals to 1
975  FLAVI+R4      19655.388    307 39924.776    45655.443    41101.164
WARNING: Normalizing state frequencies so that sum of them equals to 1
976  FLAVI+R5      19649.513    309 39917.026    46097.026    41101.078
WARNING: Normalizing state frequencies so that sum of them equals to 1
984  FLAVI+I+R4    19649.859    308 39915.718    45863.968    41095.938
WARNING: Normalizing state frequencies so that sum of them equals to 1
985  FLAVI+I+R5    19645.298    310 39910.595    46337.929    41098.479
WARNING: Normalizing state frequencies so that sum of them equals to 1
993  FLAVI+F+G4    19430.017    321 39502.033    50382.244    40732.068
WARNING: Normalizing state frequencies so that sum of them equals to 1
994  FLAVI+F+I+G4  19423.791    322 39491.582    51047.804    40725.448
WARNING: Normalizing state frequencies so that sum of them equals to 1
997  FLAVI+F+R4    19419.874    326 39491.748    54720.606    40740.942
WARNING: Normalizing state frequencies so that sum of them equals to 1
998  FLAVI+F+R5    19407.896    328 39471.793    57457.126    40728.650
WARNING: Normalizing state frequencies so that sum of them equals to 1
1006  FLAVI+F+I+R4  19413.295    327 39480.590    55981.513    40733.616
WARNING: Normalizing state frequencies so that sum of them equals to 1
1007  FLAVI+F+I+R5  19402.432    329 39462.863    59202.863    40723.552
1015  HIVb+G4       19655.777    302 39915.554    44731.659    41072.783
1016  HIVb+I+G4     19651.111    303 39908.222    44887.249    41069.282
1019  HIVb+R4       19641.976    307 39897.953    45628.619    41074.341
1020  HIVb+R5       19627.320    309 39872.641    46052.641    41056.693
1028  HIVb+I+R4     19635.378    308 39886.756    45835.006    41066.976
1029  HIVb+I+R5     19625.867    310 39871.733    46299.066    41059.617
1037  HIVb+F+G4     19335.399    321 39312.799    50193.009    40542.833
1038  HIVb+F+I+G4   19330.256    322 39304.511    50860.734    40538.378
1041  HIVb+F+R4     19320.028    326 39292.056    54520.913    40541.249
1042  HIVb+F+R5     19306.127    328 39268.253    57253.587    40525.111
1050  HIVb+F+I+R4   19314.903    327 39283.806    55784.729    40536.831
1051  HIVb+F+I+R5   19303.271    329 39264.541    59004.541    40525.231
1059  HIVw+G4       20495.254    302 41594.507    46410.612    42751.736
1060  HIVw+I+G4     20494.321    303 41594.642    46573.669    42755.702
1063  HIVw+R4       20487.492    307 41588.985    47319.652    42765.373
1064  HIVw+R5       20463.447    309 41544.895    47724.895    42728.947
1072  HIVw+I+R4     20477.175    308 41570.349    47518.599    42750.569
1073  HIVw+I+R5     20465.524    310 41551.048    47978.381    42738.931
1081  HIVw+F+G4     20095.992    321 40833.984    51714.194    42064.018
1082  HIVw+F+I+G4   20093.463    322 40830.926    52387.149    42064.792
1085  HIVw+F+R4     20078.356    326 40808.713    56037.570    42057.906
1086  HIVw+F+R5     20063.889    328 40783.777    58769.110    42040.635
1094  HIVw+F+I+R4   20074.470    327 40802.940    57303.863    42055.966
1095  HIVw+F+I+R5   20065.632    329 40789.264    60529.264    42049.953
1103  FLU+G4        19314.611    302 39233.222    44049.327    40390.450
1104  FLU+I+G4      19311.543    303 39229.085    44208.113    40390.146
1107  FLU+R4        19304.759    307 39223.517    44954.184    40399.905
1108  FLU+R5        19293.439    309 39204.878    45384.878    40388.930
1116  FLU+I+R4      19299.098    308 39214.195    45162.445    40394.415
1117  FLU+I+R5      19291.869    310 39203.738    45631.072    40391.622
1125  FLU+F+G4      19206.519    321 39055.037    49935.248    40285.072
1126  FLU+F+I+G4    19200.147    322 39044.293    50600.515    40278.159
1129  FLU+F+R4      19193.796    326 39039.592    54268.450    40288.786
1130  FLU+F+R5      19185.806    328 39027.612    57012.945    40284.469
1138  FLU+F+I+R4    19186.169    327 39026.337    55527.261    40279.363
1139  FLU+F+I+R5    19180.571    329 39019.141    58759.141    40279.831
1147  rtREV+G4      19212.065    302 39028.131    43844.236    40185.359
1148  rtREV+I+G4    19208.021    303 39022.041    44001.068    40183.102
1151  rtREV+R4      19195.697    307 39005.394    44736.060    40181.782
1152  rtREV+R5      19186.929    309 38991.858    45171.858    40175.910
1160  rtREV+I+R4    19190.175    308 38996.351    44944.601    40176.570
1161  rtREV+I+R5    19187.945    310 38995.889    45423.222    40183.773
1169  rtREV+F+G4    18956.281    321 38554.562    49434.773    39784.596
1170  rtREV+F+I+G4  18951.901    322 38547.801    50104.023    39781.667
1173  rtREV+F+R4    18936.866    326 38525.731    53754.589    39774.925
1174  rtREV+F+R5    18926.902    328 38509.804    56495.137    39766.661
1182  rtREV+F+I+R4  18930.099    327 38514.199    55015.122    39767.224
1183  rtREV+F+I+R5  18927.563    329 38513.126    58253.126    39773.815
1191  cpREV+G4      19319.856    302 39243.712    44059.817    40400.940
1192  cpREV+I+G4    19316.644    303 39239.288    44218.315    40400.348
1195  cpREV+R4      19308.381    307 39230.761    44961.428    40407.149
1196  cpREV+R5      19294.222    309 39206.445    45386.445    40390.496
1204  cpREV+I+R4    19300.578    308 39217.155    45165.405    40397.375
1205  cpREV+I+R5    19295.473    310 39210.947    45638.280    40398.830
1213  cpREV+F+G4    19288.303    321 39218.607    50098.817    40448.641
1214  cpREV+F+I+G4  19284.827    322 39213.654    50769.876    40447.520
1217  cpREV+F+R4    19277.207    326 39206.415    54435.272    40455.608
1218  cpREV+F+R5    19259.238    328 39174.476    57159.810    40431.334
1226  cpREV+F+I+R4  19266.383    327 39186.766    55687.689    40439.791
1227  cpREV+F+I+R5  19260.472    329 39178.945    58918.945    40439.634
Akaike Information Criterion:           Q.insect+F+R5
Corrected Akaike Information Criterion: Q.insect+G4
Bayesian Information Criterion:         Q.insect+F+R5
Best-fit model: Q.insect+F+R5 chosen according to BIC

All model information printed to gene_order/flagellar_trees/gene_trees/flig.model.gz
CPU time for ModelFinder: 2402.580 seconds (0h:40m:2s)
Wall-clock time for ModelFinder: 603.439 seconds (0h:10m:3s)
WARNING: States(s) W rarely appear in alignment and may cause numerical problems
Generating 1000 samples for ultrafast bootstrap (seed: 23474)...

NOTE: 42 MB RAM (0 GB) is required!
Estimate model parameters (epsilon = 0.100)
1. Initial log-likelihood: -18608.644
2. Current log-likelihood: -18600.930
3. Current log-likelihood: -18600.570
Optimal log-likelihood: -18600.502
Site proportion and rates:  (0.168,0.075) (0.318,0.334) (0.237,0.871) (0.179,1.863) (0.098,3.487)
Parameters optimization took 3 rounds (2.166 sec)
Wrote distance file to... 
Computing ML distances based on estimated model parameters...
Calculating distance matrix: done in 1.04625 secs using 398.9% CPU
Computing ML distances took 1.046401 sec (of wall-clock time) 4.176717 sec (of CPU time)
Setting up auxiliary I and S matrices: done in 0.00110161 secs using 237.7% CPU
Computing RapidNJ tree took 0.045100 sec (of wall-clock time) 0.027031 sec (of CPU time)
Log-likelihood of RapidNJ tree: -18748.199
--------------------------------------------------------------------
|             INITIALIZING CANDIDATE TREE SET                      |
--------------------------------------------------------------------
Generating 98 parsimony trees... 3.919 second
Computing log-likelihood of 98 initial trees ... 6.538 seconds
Current best score: -18600.502

Do NNI search on 20 best initial trees
Estimate model parameters (epsilon = 0.100)
BETTER TREE FOUND at iteration 1: -18598.988
Estimate model parameters (epsilon = 0.100)
BETTER TREE FOUND at iteration 3: -18598.779
Estimate model parameters (epsilon = 0.100)
BETTER TREE FOUND at iteration 9: -18596.730
Iteration 10 / LogL: -18603.204 / Time: 0h:10m:26s
Iteration 20 / LogL: -18599.781 / Time: 0h:10m:34s
Finish initializing candidate tree set (13)
Current best tree score: -18596.730 / CPU time: 26.950
Number of iterations: 20
--------------------------------------------------------------------
|               OPTIMIZING CANDIDATE TREE SET                      |
--------------------------------------------------------------------
Iteration 30 / LogL: -18600.873 / Time: 0h:10m:49s (0h:2m:6s left)
Estimate model parameters (epsilon = 0.100)
BETTER TREE FOUND at iteration 31: -18596.206
Estimate model parameters (epsilon = 0.100)
BETTER TREE FOUND at iteration 32: -18595.376
Iteration 40 / LogL: -18596.796 / Time: 0h:11m:6s (0h:2m:28s left)
Estimate model parameters (epsilon = 0.100)
BETTER TREE FOUND at iteration 45: -18594.607
Estimate model parameters (epsilon = 0.100)
BETTER TREE FOUND at iteration 46: -18593.973
Iteration 50 / LogL: -18596.375 / Time: 0h:11m:24s (0h:2m:39s left)
Log-likelihood cutoff on original alignment: -18641.054
Iteration 60 / LogL: -18596.771 / Time: 0h:11m:41s (0h:2m:23s left)
Estimate model parameters (epsilon = 0.100)
BETTER TREE FOUND at iteration 69: -18593.759
Iteration 70 / LogL: -18594.400 / Time: 0h:11m:59s (0h:2m:47s left)
Iteration 80 / LogL: -18595.795 / Time: 0h:12m:17s (0h:2m:30s left)
Estimate model parameters (epsilon = 0.100)
BETTER TREE FOUND at iteration 84: -18593.706
UPDATE BEST LOG-LIKELIHOOD: -18593.705
Iteration 90 / LogL: -18593.705 / Time: 0h:12m:34s (0h:2m:39s left)
Iteration 100 / LogL: -18593.975 / Time: 0h:12m:51s (0h:2m:22s left)
Log-likelihood cutoff on original alignment: -18639.118
NOTE: Bootstrap correlation coefficient of split occurrence frequencies: 0.997
BETTER TREE FOUND at iteration 101: -18593.703
BETTER TREE FOUND at iteration 110: -18593.701
Iteration 110 / LogL: -18593.701 / Time: 0h:13m:10s (0h:2m:51s left)
Iteration 120 / LogL: -18594.552 / Time: 0h:13m:27s (0h:2m:34s left)
Iteration 130 / LogL: -18597.381 / Time: 0h:13m:44s (0h:2m:17s left)
Iteration 140 / LogL: -18600.482 / Time: 0h:14m:3s (0h:2m:0s left)
Iteration 150 / LogL: -18593.758 / Time: 0h:14m:20s (0h:1m:43s left)
Log-likelihood cutoff on original alignment: -18639.118
Iteration 160 / LogL: -18742.061 / Time: 0h:14m:38s (0h:1m:26s left)
Iteration 170 / LogL: -18595.809 / Time: 0h:14m:54s (0h:1m:8s left)
Iteration 180 / LogL: -18597.032 / Time: 0h:15m:12s (0h:0m:51s left)
Iteration 190 / LogL: -18593.708 / Time: 0h:15m:29s (0h:0m:34s left)
Iteration 200 / LogL: -18596.779 / Time: 0h:15m:48s (0h:0m:17s left)
Log-likelihood cutoff on original alignment: -18639.118
NOTE: Bootstrap correlation coefficient of split occurrence frequencies: 0.998
Iteration 210 / LogL: -18668.336 / Time: 0h:16m:6s (0h:2m:36s left)
TREE SEARCH COMPLETED AFTER 211 ITERATIONS / Time: 0h:16m:8s

--------------------------------------------------------------------
|                    FINALIZING TREE SEARCH                        |
--------------------------------------------------------------------
Performs final model parameters optimization
Estimate model parameters (epsilon = 0.010)
1. Initial log-likelihood: -18593.701
Optimal log-likelihood: -18593.694
Site proportion and rates:  (0.163,0.072) (0.314,0.327) (0.242,0.848) (0.184,1.864) (0.097,3.494)
Parameters optimization took 1 rounds (0.718 sec)
BEST SCORE FOUND : -18593.694
Creating bootstrap support values...
Split supports printed to NEXUS file gene_order/flagellar_trees/gene_trees/flig.splits.nex
Total tree length: 14.686

Total number of iterations: 211
CPU time used for tree search: 1416.461 sec (0h:23m:36s)
Wall-clock time used for tree search: 361.069 sec (0h:6m:1s)
Total CPU time used: 3837.389 sec (1h:3m:57s)
Total wall-clock time used: 969.401 sec (0h:16m:9s)

Computing bootstrap consensus tree...
Reading input file gene_order/flagellar_trees/gene_trees/flig.splits.nex...
152 taxa and 621 splits.
Consensus tree written to gene_order/flagellar_trees/gene_trees/flig.contree
Reading input trees file gene_order/flagellar_trees/gene_trees/flig.contree
Log-likelihood of consensus tree: -18593.705

Analysis results written to: 
  IQ-TREE report:                gene_order/flagellar_trees/gene_trees/flig.iqtree
  Maximum-likelihood tree:       gene_order/flagellar_trees/gene_trees/flig.treefile
  Likelihood distances:          gene_order/flagellar_trees/gene_trees/flig.mldist

Ultrafast bootstrap approximation results written to:
  Split support values:          gene_order/flagellar_trees/gene_trees/flig.splits.nex
  Consensus tree:                gene_order/flagellar_trees/gene_trees/flig.contree
  Screen log file:               gene_order/flagellar_trees/gene_trees/flig.log

Date and Time: Sat Sep 26 10:14:50 2026
