IQ-TREE multicore version 2.4.0 for Linux x86 64-bit built Feb 12 2025
Developed by Bui Quang Minh, Nguyen Lam Tung, Olga Chernomor, Heiko Schmidt,
Dominik Schrempf, Michael Woodhams, Ly Trong Nhan, Thomas Wong

Host:    k125 (AVX512, FMA3, 377 GB RAM)
Command: iqtree2 -s gene_order/flagellar_trees/trimmed/flil.faa -m MFP -B 1000 -T 4 --prefix gene_order/flagellar_trees/gene_trees/flil
Seed:    577044 (Using SPRNG - Scalable Parallel Random Number Generator)
Time:    Sat Sep 26 09:58:37 2026
Kernel:  AVX+FMA - 4 threads (4 CPU cores detected)

Reading alignment file gene_order/flagellar_trees/trimmed/flil.faa ... Fasta format detected
Reading fasta file: done in 0.000230417 secs using 49.48% CPU
Alignment most likely contains protein sequences
Alignment has 105 sequences with 126 columns, 123 distinct patterns
112 parsimony-informative, 6 singleton sites, 8 constant sites
                 Gap/Ambiguity  Composition  p-value
Analyzing sequences: done in 4.49354e-05 secs
   1  GCF_000012965.1    0.79%    passed     93.28%
   2  GCF_000021725.1    0.79%    passed     75.91%
   3  GCF_000024885.1    0.79%    passed     99.54%
   4  GCF_000147355.1    0.79%    passed     90.53%
   5  GCF_000155475.1    0.79%    passed     85.15%
   6  GCF_000162575.1    0.00%    passed     99.74%
   7  GCF_000183725.1    0.79%    passed     89.93%
   8  GCF_000196135.1    0.79%    passed    100.00%
   9  GCF_000200595.1    1.59%    passed     98.70%
  10  GCF_000242915.1    0.79%    passed     98.26%
  11  GCF_000254135.1    0.79%    passed     67.80%
  12  GCF_000259275.1    0.79%    passed     96.34%
  13  GCF_000265295.1    0.79%    passed     99.26%
  14  GCF_000445475.1    0.79%    passed     99.06%
  15  GCF_000507845.1    0.79%    passed     98.22%
  16  GCF_000518225.1    0.79%    passed     90.42%
  17  GCF_000568815.1    0.79%    passed     98.64%
  18  GCF_000597725.1    0.79%    passed     99.27%
  19  GCF_000687535.1    0.00%    passed     99.94%
  20  GCF_000736415.1    0.79%    passed     99.99%
  21  GCF_000762845.2    0.79%    passed     99.20%
  22  GCF_000763135.2    0.79%    passed     89.13%
  23  GCF_000813325.1    0.79%    passed     99.30%
  24  GCF_000816185.1    0.79%    passed     92.45%
  25  GCF_000816305.1    0.79%    passed     95.73%
  26  GCF_000816785.1    0.79%    passed     93.49%
  27  GCF_001282945.1    1.59%    passed     97.11%
  28  GCF_001283065.1    0.79%    passed     97.62%
  29  GCF_001298465.1    0.79%    passed     99.98%
  30  GCF_001457695.1    0.79%    passed     59.81%
  31  GCF_001602095.1    0.79%    passed     91.39%
  32  GCF_001687475.2    0.79%    passed     57.47%
  33  GCF_001693335.1    0.79%    passed     72.08%
  34  GCF_001723605.1    0.79%    passed     98.64%
  35  GCF_002021925.1    0.79%    passed     99.63%
  36  GCF_002080395.1    0.79%    passed     85.50%
  37  GCF_002104335.1    0.79%    passed     54.67%
  38  GCF_002139855.1    0.79%    passed     99.44%
  39  GCF_002139875.1    0.79%    passed     98.87%
  40  GCF_002139915.1    0.79%    passed     98.30%
  41  GCF_002139935.1    0.79%    passed     98.87%
  42  GCF_002238335.1    0.79%    passed     96.78%
  43  GCF_002335445.1    0.79%    passed     84.35%
  44  GCF_003245365.1    0.00%    passed     99.37%
  45  GCF_003364205.1    0.79%    passed     98.64%
  46  GCF_003364215.1    0.79%    passed     98.85%
  47  GCF_003364255.1    0.79%    passed     99.95%
  48  GCF_003660265.1    1.59%    passed     96.96%
  49  GCF_003660285.1    1.59%    passed     98.65%
  50  GCF_003660395.1    1.59%    passed     99.48%
  51  GCF_003670275.1    0.79%    passed     83.41%
  52  GCF_003752135.1    0.79%    passed     93.76%
  53  GCF_004323845.1    0.79%    passed     48.13%
  54  GCF_004803795.1    0.79%    passed     94.51%
  55  GCF_004803815.1    0.79%    passed     93.59%
  56  GCF_005217605.1    0.79%    passed     99.50%
  57  GCF_005406215.1    0.79%    passed     68.03%
  58  GCF_005406225.1    0.79%    passed     54.40%
  59  GCF_005843985.1    0.79%    passed     75.80%
  60  GCF_008245005.1    0.79%    passed     95.99%
  61  GCF_008245045.1    0.79%    passed     95.22%
  62  GCF_008693005.1    0.79%    passed     89.44%
  63  GCF_009068765.1    0.79%    passed     87.66%
  64  GCF_009192995.1    0.79%    passed     98.46%
  65  GCF_009258225.1    0.79%    passed     99.07%
  66  GCF_011769985.2    0.79%    passed     99.59%
  67  GCF_013177655.1    0.79%    passed     54.89%
  68  GCF_013201605.1    0.79%    passed     96.01%
  69  GCF_013372105.1    0.79%    passed     95.93%
  70  GCF_013372125.1    0.79%    passed     99.94%
  71  GCF_013372145.1    0.79%    passed     99.96%
  72  GCF_013372185.1    0.79%    passed     93.60%
  73  GCF_013372205.1    0.79%    passed     99.64%
  74  GCF_014253065.1    0.79%    passed     97.34%
  75  GCF_014905095.1    1.59%    passed     92.94%
  76  GCF_014905115.1    0.79%    passed     80.42%
  77  GCF_014905135.1    0.79%    passed     98.16%
  78  GCF_015265455.1    0.79%    passed     98.96%
  79  GCF_015265475.1    0.79%    passed     94.83%
  80  GCF_016593255.1    0.79%    passed     29.77%
  81  GCF_016806695.1    0.79%    passed     58.43%
  82  GCF_016937535.1    0.79%    passed     88.87%
  83  GCF_017357825.1    0.79%    passed     99.09%
  84  GCF_017979425.1    1.59%    passed     99.66%
  85  GCF_017979475.1    0.00%    passed     99.89%
  86  GCF_018145655.1    0.79%    passed    100.00%
  87  GCF_019711685.1    0.00%    passed     99.88%
  88  GCF_021300615.1    0.79%    passed     52.56%
  89  GCF_021300655.1    0.79%    passed     97.42%
  90  GCF_023646285.1    0.00%    passed     99.95%
  91  GCF_025770725.1    0.79%    passed     98.65%
  92  GCF_026000295.1    1.59%    passed     98.87%
  93  GCF_027859255.1    0.00%    passed     99.80%
  94  GCF_028649595.1    0.79%    passed     99.94%
  95  GCF_028751035.1    0.00%    passed     99.70%
  96  GCF_030249845.1    0.79%    passed     99.68%
  97  GCF_030296055.1    0.79%    passed     24.44%
  98  GCF_900115615.1    0.79%    passed     93.71%
  99  GCF_900461455.1    0.79%    passed     98.72%
 100  GCF_900475935.1    0.79%    passed     99.92%
 101  GCF_900476215.1    0.79%    passed     79.27%
 102  GCF_900478295.1    0.79%    passed     97.24%
 103  GCF_900637395.1    0.79%    passed     97.06%
 104  GCF_905120465.1    0.79%    passed     99.94%
 105  GCF_905120475.1    0.79%    passed     99.97%
****  TOTAL              0.79%  0 sequences failed composition chi2 test (p-value<5%; df=19)
NOTE: GCF_001723605.1 is identical to GCF_000568815.1 but kept for subsequent analysis
NOTE: GCF_002139935.1 is identical to GCF_002139875.1 but kept for subsequent analysis


Create initial parsimony tree by phylogenetic likelihood library (PLL)... 0.012 seconds
Perform fast likelihood tree search using LG+I+G model...
Estimate model parameters (epsilon = 5.000)
Perform nearest neighbor interchange...
Estimate model parameters (epsilon = 1.000)
1. Initial log-likelihood: -7496.436
Optimal log-likelihood: -7496.394
Proportion of invariable sites: 0.051
Gamma shape alpha: 1.757
Parameters optimization took 1 rounds (0.099 sec)
Time for fast ML tree search: 0.715 seconds

NOTE: ModelFinder requires 23 MB RAM!
ModelFinder will test up to 1232 protein models (sample size: 126 epsilon: 0.100) ...
 No. Model         -LnL         df  AIC          AICc         BIC
  1  LG            7730.814     207 15875.627    101987.627   16462.738
  2  LG+I          7668.677     208 15753.355    102697.355   16343.301
  3  LG+G4         7502.506     208 15421.011    102365.011   16010.958
  4  LG+I+G4       7496.398     209 15410.795    103190.795   16003.578
  5  LG+R2         7531.790     209 15481.579    103261.579   16074.362
  6  LG+R3         7499.060     211 15420.119    104884.119   16018.575
  7  LG+R4         7495.744     213 15417.487    106581.487   16021.615
 14  LG+I+R2       7518.723     210 15457.445    104077.445   16053.064
 15  LG+I+R3       7493.770     212 15411.539    105723.539   16012.831
 16  LG+I+R4       7492.192     214 15412.383    107432.383   16019.348
 25  LG+F+G4       7453.543     227 15361.085    118873.085   16004.921
 26  LG+F+I+G4     7449.169     228 15354.339    119778.339   16001.011
 37  LG+F+I+R3     7448.959     231 15359.919    122543.919   16015.100
 47  WAG+G4        7587.603     208 15591.206    102535.206   16181.153
 48  WAG+I+G4      7580.472     209 15578.944    103358.944   16171.727
 59  WAG+I+R3      7575.363     212 15574.726    105886.726   16176.017
 69  WAG+F+G4      7527.414     227 15508.828    119020.828   16152.664
 70  WAG+F+I+G4    7521.904     228 15499.809    119923.809   16146.481
 81  WAG+F+I+R3    7520.630     231 15503.260    122687.260   16158.441
 91  JTT+G4        7561.669     208 15539.338    102483.338   16129.285
 92  JTT+I+G4      7554.705     209 15527.411    103307.411   16120.194
103  JTT+I+R3      7550.362     212 15524.724    105836.724   16126.016
113  JTT+F+G4      7481.910     227 15417.819    118929.819   16061.655
114  JTT+F+I+G4    7476.807     228 15409.614    119833.614   16056.286
125  JTT+F+I+R3    7475.874     231 15413.749    122597.749   16068.930
WARNING: Normalizing state frequencies so that sum of them equals to 1
135  Q.pfam+G4     7499.764     208 15415.528    102359.528   16005.475
WARNING: Normalizing state frequencies so that sum of them equals to 1
136  Q.pfam+I+G4   7493.890     209 15405.780    103185.780   15998.563
WARNING: Normalizing state frequencies so that sum of them equals to 1
147  Q.pfam+I+R3   7491.705     212 15407.411    105719.411   16008.703
WARNING: Normalizing state frequencies so that sum of them equals to 1
157  Q.pfam+F+G4   7455.510     227 15365.020    118877.020   16008.856
WARNING: Normalizing state frequencies so that sum of them equals to 1
158  Q.pfam+F+I+G4 7451.568     228 15359.137    119783.137   16005.809
WARNING: Normalizing state frequencies so that sum of them equals to 1
169  Q.pfam+F+I+R3 7452.255     231 15366.510    122550.510   16021.691
WARNING: Normalizing state frequencies so that sum of them equals to 1
179  Q.bird+G4     7652.106     208 15720.212    102664.212   16310.158
WARNING: Normalizing state frequencies so that sum of them equals to 1
180  Q.bird+I+G4   7645.265     209 15708.529    103488.529   16301.312
WARNING: Normalizing state frequencies so that sum of them equals to 1
191  Q.bird+I+R3   7641.920     212 15707.840    106019.840   16309.132
WARNING: Normalizing state frequencies so that sum of them equals to 1
201  Q.bird+F+G4   7559.618     227 15573.237    119085.237   16217.073
WARNING: Normalizing state frequencies so that sum of them equals to 1
202  Q.bird+F+I+G4 7557.016     228 15570.033    119994.033   16216.705
WARNING: Normalizing state frequencies so that sum of them equals to 1
213  Q.bird+F+I+R3 7557.481     231 15576.963    122760.963   16232.144
WARNING: Normalizing state frequencies so that sum of them equals to 1
223  Q.mammal+G4   7612.940     208 15641.880    102585.880   16231.827
WARNING: Normalizing state frequencies so that sum of them equals to 1
224  Q.mammal+I+G4 7605.745     209 15629.491    103409.491   16222.273
WARNING: Normalizing state frequencies so that sum of them equals to 1
235  Q.mammal+I+R3 7603.583     212 15631.165    105943.165   16232.457
WARNING: Normalizing state frequencies so that sum of them equals to 1
245  Q.mammal+F+G4 7522.080     227 15498.161    119010.161   16141.997
WARNING: Normalizing state frequencies so that sum of them equals to 1
246  Q.mammal+F+I+G4 7518.952     228 15493.904    119917.904   16140.577
WARNING: Normalizing state frequencies so that sum of them equals to 1
257  Q.mammal+F+I+R3 7518.869     231 15499.738    122683.738   16154.919
267  Q.insect+G4   7460.226     208 15336.452    102280.452   15926.398
268  Q.insect+I+G4 7454.110     209 15326.220    103106.220   15919.003
279  Q.insect+I+R3 7452.747     212 15329.494    105641.494   15930.785
289  Q.insect+F+G4 7413.783     227 15281.566    118793.566   15925.402
290  Q.insect+F+I+G4 7409.518     228 15275.037    119699.037   15921.709
301  Q.insect+F+I+R3 7409.385     231 15280.771    122464.771   15935.952
WARNING: Normalizing state frequencies so that sum of them equals to 1
311  Q.plant+G4    7487.476     208 15390.953    102334.953   15980.900
WARNING: Normalizing state frequencies so that sum of them equals to 1
312  Q.plant+I+G4  7481.357     209 15380.715    103160.715   15973.498
WARNING: Normalizing state frequencies so that sum of them equals to 1
323  Q.plant+I+R3  7481.235     212 15386.471    105698.471   15987.763
WARNING: Normalizing state frequencies so that sum of them equals to 1
333  Q.plant+F+G4  7468.774     227 15391.547    118903.547   16035.383
WARNING: Normalizing state frequencies so that sum of them equals to 1
334  Q.plant+F+I+G4 7464.697     228 15385.394    119809.394   16032.066
WARNING: Normalizing state frequencies so that sum of them equals to 1
345  Q.plant+F+I+R3 7465.286     231 15392.571    122576.571   16047.752
WARNING: Normalizing state frequencies so that sum of them equals to 1
355  Q.yeast+G4    7456.927     208 15329.854    102273.854   15919.800
WARNING: Normalizing state frequencies so that sum of them equals to 1
356  Q.yeast+I+G4  7450.747     209 15319.495    103099.495   15912.278
WARNING: Normalizing state frequencies so that sum of them equals to 1
367  Q.yeast+I+R3  7447.529     212 15319.058    105631.058   15920.350
WARNING: Normalizing state frequencies so that sum of them equals to 1
377  Q.yeast+F+G4  7414.940     227 15283.880    118795.880   15927.716
WARNING: Normalizing state frequencies so that sum of them equals to 1
378  Q.yeast+F+I+G4 7410.602     228 15277.204    119701.204   15923.876
WARNING: Normalizing state frequencies so that sum of them equals to 1
389  Q.yeast+F+I+R3 7410.381     231 15282.761    122466.761   15937.942
399  JTTDCMut+G4   7566.275     208 15548.550    102492.550   16138.496
400  JTTDCMut+I+G4 7559.467     209 15536.934    103316.934   16129.717
411  JTTDCMut+I+R3 7555.452     212 15534.903    105846.903   16136.195
421  JTTDCMut+F+G4 7484.569     227 15423.137    118935.137   16066.973
422  JTTDCMut+F+I+G4 7479.612     228 15415.223    119839.223   16061.896
433  JTTDCMut+F+I+R3 7478.886     231 15419.773    122603.773   16074.954
443  DCMut+G4      7624.288     208 15664.576    102608.576   16254.523
444  DCMut+I+G4    7617.103     209 15652.207    103432.207   16244.990
455  DCMut+I+R3    7615.817     212 15655.633    105967.633   16256.925
465  DCMut+F+G4    7505.544     227 15465.089    118977.089   16108.925
466  DCMut+F+I+G4  7500.706     228 15457.413    119881.413   16104.085
477  DCMut+F+I+R3  7501.112     231 15464.224    122648.224   16119.405
487  VT+G4         7609.489     208 15634.977    102578.977   16224.924
488  VT+I+G4       7602.558     209 15623.115    103403.115   16215.898
499  VT+I+R3       7596.172     212 15616.344    105928.344   16217.636
509  VT+F+G4       7543.665     227 15541.331    119053.331   16185.167
510  VT+F+I+G4     7538.376     228 15532.752    119956.752   16179.424
521  VT+F+I+R3     7535.780     231 15533.560    122717.560   16188.741
531  PMB+G4        7673.884     208 15763.767    102707.767   16353.714
532  PMB+I+G4      7667.524     209 15753.049    103533.049   16345.832
543  PMB+I+R3      7663.152     212 15750.304    106062.304   16351.596
553  PMB+F+G4      7627.954     227 15709.907    119221.907   16353.743
554  PMB+F+I+G4    7623.377     228 15702.754    120126.754   16349.427
565  PMB+F+I+R3    7621.977     231 15705.954    122889.954   16361.135
575  Blosum62+G4   7647.999     208 15711.998    102655.998   16301.944
576  Blosum62+I+G4 7642.006     209 15702.012    103482.012   16294.795
587  Blosum62+I+R3 7637.164     212 15698.327    106010.327   16299.619
597  Blosum62+F+G4 7608.397     227 15670.795    119182.795   16314.631
598  Blosum62+F+I+G4 7603.958     228 15663.916    120087.916   16310.588
609  Blosum62+F+I+R3 7601.710     231 15665.419    122849.419   16320.601
619  Dayhoff+G4    7622.929     208 15661.859    102605.859   16251.805
620  Dayhoff+I+G4  7615.740     209 15649.480    103429.480   16242.263
631  Dayhoff+I+R3  7614.382     212 15652.765    105964.765   16254.056
641  Dayhoff+F+G4  7504.533     227 15463.065    118975.065   16106.901
642  Dayhoff+F+I+G4 7499.705     228 15455.411    119879.411   16102.083
653  Dayhoff+F+I+R3 7500.133     231 15462.266    122646.266   16117.447
663  mtREV+G4      7802.927     208 16021.854    102965.854   16611.801
664  mtREV+I+G4    7798.321     209 16014.642    103794.642   16607.425
675  mtREV+I+R3    7800.117     212 16024.234    106336.234   16625.526
685  mtREV+F+G4    7631.880     227 15717.761    119229.761   16361.597
686  mtREV+F+I+G4  7626.816     228 15709.631    120133.631   16356.304
697  mtREV+F+I+R3  7627.763     231 15717.525    122901.525   16372.706
707  mtART+G4      7684.747     208 15785.493    102729.493   16375.440
708  mtART+I+G4    7682.667     209 15783.334    103563.334   16376.117
719  mtART+I+R3    7689.904     212 15803.808    106115.808   16405.099
729  mtART+F+G4    7600.062     227 15654.124    119166.124   16297.960
730  mtART+F+I+G4  7597.013     228 15650.027    120074.027   16296.699
741  mtART+F+I+R3  7602.601     231 15667.203    122851.203   16322.384
751  mtZOA+G4      7555.674     208 15527.349    102471.349   16117.295
752  mtZOA+I+G4    7552.478     209 15522.956    103302.956   16115.739
763  mtZOA+I+R3    7557.926     212 15539.852    105851.852   16141.143
773  mtZOA+F+G4    7518.915     227 15491.831    119003.831   16135.667
774  mtZOA+F+I+G4  7515.024     228 15486.048    119910.048   16132.720
785  mtZOA+F+I+R3  7518.278     231 15498.555    122682.555   16153.737
795  mtMet+G4      7639.806     208 15695.613    102639.613   16285.559
796  mtMet+I+G4    7636.847     209 15691.695    103471.695   16284.478
807  mtMet+I+R3    7641.108     212 15706.216    106018.216   16307.508
817  mtMet+F+G4    7515.704     227 15485.407    118997.407   16129.243
818  mtMet+F+I+G4  7512.777     228 15481.553    119905.553   16128.226
829  mtMet+F+I+R3  7515.873     231 15493.746    122677.746   16148.927
839  mtVer+G4      7765.115     208 15946.229    102890.229   16536.176
840  mtVer+I+G4    7763.964     209 15945.929    103725.929   16538.712
851  mtVer+I+R3    7770.817     212 15965.635    106277.635   16566.926
861  mtVer+F+G4    7614.546     227 15683.092    119195.092   16326.928
862  mtVer+F+I+G4  7612.134     228 15680.268    120104.268   16326.940
873  mtVer+F+I+R3  7618.111     231 15698.223    122882.223   16353.404
883  mtInv+G4      7646.861     208 15709.722    102653.722   16299.668
884  mtInv+I+G4    7642.827     209 15703.655    103483.655   16296.438
895  mtInv+I+R3    7644.799     212 15713.597    106025.597   16314.889
905  mtInv+F+G4    7488.225     227 15430.450    118942.450   16074.286
906  mtInv+F+I+G4  7484.521     228 15425.041    119849.041   16071.713
917  mtInv+F+I+R3  7485.520     231 15433.040    122617.040   16088.221
927  mtMAM+G4      7862.149     208 16140.297    103084.297   16730.244
928  mtMAM+I+G4    7861.761     209 16141.523    103921.523   16734.306
939  mtMAM+I+R3    7866.092     212 16156.184    106468.184   16757.476
949  mtMAM+F+G4    7703.279     227 15860.557    119372.557   16504.393
950  mtMAM+F+I+G4  7701.595     228 15859.191    120283.191   16505.863
961  mtMAM+F+I+R3  7706.342     231 15874.684    123058.684   16529.865
WARNING: Normalizing state frequencies so that sum of them equals to 1
971  FLAVI+G4      7788.071     208 15992.142    102936.142   16582.089
WARNING: Normalizing state frequencies so that sum of them equals to 1
972  FLAVI+I+G4    7782.280     209 15982.560    103762.560   16575.342
WARNING: Normalizing state frequencies so that sum of them equals to 1
983  FLAVI+I+R3    7782.330     212 15988.659    106300.659   16589.951
WARNING: Normalizing state frequencies so that sum of them equals to 1
993  FLAVI+F+G4    7750.544     227 15955.089    119467.089   16598.925
WARNING: Normalizing state frequencies so that sum of them equals to 1
994  FLAVI+F+I+G4  7746.363     228 15948.725    120372.725   16595.398
WARNING: Normalizing state frequencies so that sum of them equals to 1
1005  FLAVI+F+I+R3  7750.244     231 15962.489    123146.489   16617.670
1015  HIVb+G4       7733.705     208 15883.409    102827.409   16473.356
1016  HIVb+I+G4     7725.292     209 15868.583    103648.583   16461.366
1027  HIVb+I+R3     7720.854     212 15865.709    106177.709   16467.001
1037  HIVb+F+G4     7641.200     227 15736.399    119248.399   16380.235
1038  HIVb+F+I+G4   7635.348     228 15726.696    120150.696   16373.368
1049  HIVb+F+I+R3   7635.223     231 15732.446    122916.446   16387.628
1059  HIVw+G4       7988.872     208 16393.744    103337.744   16983.690
1060  HIVw+I+G4     7980.689     209 16379.379    104159.379   16972.162
1071  HIVw+I+R3     7972.814     212 16369.628    106681.628   16970.920
1081  HIVw+F+G4     7836.734     227 16127.467    119639.467   16771.303
1082  HIVw+F+I+G4   7829.699     228 16115.397    120539.397   16762.070
1093  HIVw+F+I+R3   7827.545     231 16117.089    123301.089   16772.270
1103  FLU+G4        7650.272     208 15716.544    102660.544   16306.490
1104  FLU+I+G4      7643.942     209 15705.884    103485.884   16298.666
1115  FLU+I+R3      7642.318     212 15708.636    106020.636   16309.928
1125  FLU+F+G4      7632.191     227 15718.382    119230.382   16362.218
1126  FLU+F+I+G4    7627.986     228 15711.973    120135.973   16358.645
1137  FLU+F+I+R3    7629.381     231 15720.761    122904.761   16375.942
1147  rtREV+G4      7619.129     208 15654.259    102598.259   16244.205
1148  rtREV+I+G4    7614.322     209 15646.645    103426.645   16239.427
1159  rtREV+I+R3    7611.486     212 15646.972    105958.972   16248.263
1169  rtREV+F+G4    7499.853     227 15453.706    118965.706   16097.542
1170  rtREV+F+I+G4  7496.719     228 15449.438    119873.438   16096.110
1181  rtREV+F+I+R3  7497.376     231 15456.751    122640.751   16111.932
1191  cpREV+G4      7607.302     208 15630.604    102574.604   16220.551
1192  cpREV+I+G4    7599.337     209 15616.675    103396.675   16209.458
1203  cpREV+I+R3    7595.506     212 15615.013    105927.013   16216.305
1213  cpREV+F+G4    7636.661     227 15727.322    119239.322   16371.158
1214  cpREV+F+I+G4  7630.211     228 15716.423    120140.423   16363.095
1225  cpREV+F+I+R3  7628.618     231 15719.236    122903.236   16374.417
Akaike Information Criterion:           Q.insect+F+I+G4
Corrected Akaike Information Criterion: LG
Bayesian Information Criterion:         Q.yeast+I+G4
Best-fit model: Q.yeast+I+G4 chosen according to BIC

All model information printed to gene_order/flagellar_trees/gene_trees/flil.model.gz
CPU time for ModelFinder: 172.251 seconds (0h:2m:52s)
Wall-clock time for ModelFinder: 43.434 seconds (0h:0m:43s)
Generating 1000 samples for ultrafast bootstrap (seed: 577044)...
WARNING: Normalizing state frequencies so that sum of them equals to 1

NOTE: 9 MB RAM (0 GB) is required!
Estimate model parameters (epsilon = 0.100)
Thoroughly optimizing +I+G parameters from 10 start values...
Init pinv, alpha: 0.000, 1.527 / Estimate: 0.000, 1.370 / LogL: -7456.926
Init pinv, alpha: 0.007, 1.527 / Estimate: 0.053, 1.779 / LogL: -7450.748
Init pinv, alpha: 0.014, 1.527 / Estimate: 0.053, 1.776 / LogL: -7450.748
Init pinv, alpha: 0.021, 1.527 / Estimate: 0.053, 1.781 / LogL: -7450.744
Init pinv, alpha: 0.028, 1.527 / Estimate: 0.054, 1.783 / LogL: -7450.743
Init pinv, alpha: 0.035, 1.527 / Estimate: 0.053, 1.779 / LogL: -7450.744
Init pinv, alpha: 0.042, 1.527 / Estimate: 0.054, 1.783 / LogL: -7450.745
Init pinv, alpha: 0.049, 1.527 / Estimate: 0.054, 1.786 / LogL: -7450.747
Init pinv, alpha: 0.056, 1.527 / Estimate: 0.054, 1.790 / LogL: -7450.751
Init pinv, alpha: 0.063, 1.527 / Estimate: 0.054, 1.788 / LogL: -7450.744
Optimal pinv,alpha: 0.054, 1.783 / LogL: -7450.743

Parameters optimization took 2.155 sec
Wrote distance file to... 
Computing ML distances based on estimated model parameters...
Calculating distance matrix: done in 0.412064 secs using 398.4% CPU
Computing ML distances took 0.412213 sec (of wall-clock time) 1.641815 sec (of CPU time)
Setting up auxiliary I and S matrices: done in 0.00462605 secs using 178% CPU
Computing RapidNJ tree took 0.819958 sec (of wall-clock time) 0.832957 sec (of CPU time)
Log-likelihood of RapidNJ tree: -7521.628
--------------------------------------------------------------------
|             INITIALIZING CANDIDATE TREE SET                      |
--------------------------------------------------------------------
Generating 98 parsimony trees... 1.282 second
Computing log-likelihood of 98 initial trees ... 2.118 seconds
Current best score: -7450.743

Do NNI search on 20 best initial trees
Estimate model parameters (epsilon = 0.100)
BETTER TREE FOUND at iteration 1: -7450.408
Estimate model parameters (epsilon = 0.100)
BETTER TREE FOUND at iteration 2: -7443.676
Iteration 10 / LogL: -7450.130 / Time: 0h:0m:54s
Estimate model parameters (epsilon = 0.100)
BETTER TREE FOUND at iteration 17: -7441.773
Iteration 20 / LogL: -7444.648 / Time: 0h:0m:58s
Finish initializing candidate tree set (17)
Current best tree score: -7441.773 / CPU time: 11.340
Number of iterations: 20
--------------------------------------------------------------------
|               OPTIMIZING CANDIDATE TREE SET                      |
--------------------------------------------------------------------
Estimate model parameters (epsilon = 0.100)
BETTER TREE FOUND at iteration 30: -7440.369
Iteration 30 / LogL: -7440.369 / Time: 0h:1m:3s (0h:1m:10s left)
Estimate model parameters (epsilon = 0.100)
BETTER TREE FOUND at iteration 37: -7440.040
Iteration 40 / LogL: -7440.676 / Time: 0h:1m:9s (0h:1m:5s left)
Iteration 50 / LogL: -7442.619 / Time: 0h:1m:15s (0h:0m:56s left)
Log-likelihood cutoff on original alignment: -7488.640
Estimate model parameters (epsilon = 0.100)
BETTER TREE FOUND at iteration 53: -7439.693
Iteration 60 / LogL: -7440.914 / Time: 0h:1m:21s (0h:0m:59s left)
Estimate model parameters (epsilon = 0.100)
BETTER TREE FOUND at iteration 67: -7439.665
Iteration 70 / LogL: -7440.738 / Time: 0h:1m:26s (0h:1m:0s left)
Iteration 80 / LogL: -7440.066 / Time: 0h:1m:31s (0h:0m:52s left)
Estimate model parameters (epsilon = 0.100)
BETTER TREE FOUND at iteration 85: -7439.332
Iteration 90 / LogL: -7441.556 / Time: 0h:1m:37s (0h:0m:57s left)
Iteration 100 / LogL: -7442.107 / Time: 0h:1m:42s (0h:0m:50s left)
Log-likelihood cutoff on original alignment: -7488.640
NOTE: Bootstrap correlation coefficient of split occurrence frequencies: 0.994
Iteration 110 / LogL: -7446.305 / Time: 0h:1m:48s (0h:0m:53s left)
Estimate model parameters (epsilon = 0.100)
BETTER TREE FOUND at iteration 115: -7439.291
Iteration 120 / LogL: -7444.575 / Time: 0h:1m:53s (0h:0m:56s left)
Iteration 130 / LogL: -7450.603 / Time: 0h:1m:59s (0h:0m:49s left)
Iteration 140 / LogL: -7442.986 / Time: 0h:2m:4s (0h:0m:43s left)
Iteration 150 / LogL: -7441.964 / Time: 0h:2m:10s (0h:0m:37s left)
Log-likelihood cutoff on original alignment: -7488.640
Iteration 160 / LogL: -7470.862 / Time: 0h:2m:16s (0h:0m:32s left)
Iteration 170 / LogL: -7444.064 / Time: 0h:2m:21s (0h:0m:26s left)
Iteration 180 / LogL: -7439.332 / Time: 0h:2m:27s (0h:0m:20s left)
Iteration 190 / LogL: -7442.834 / Time: 0h:2m:33s (0h:0m:14s left)
Iteration 200 / LogL: -7442.068 / Time: 0h:2m:38s (0h:0m:8s left)
Log-likelihood cutoff on original alignment: -7488.640
NOTE: Bootstrap correlation coefficient of split occurrence frequencies: 0.999
Iteration 210 / LogL: -7440.964 / Time: 0h:2m:44s (0h:0m:52s left)
TREE SEARCH COMPLETED AFTER 216 ITERATIONS / Time: 0h:2m:47s

--------------------------------------------------------------------
|                    FINALIZING TREE SEARCH                        |
--------------------------------------------------------------------
Performs final model parameters optimization
Estimate model parameters (epsilon = 0.010)
1. Initial log-likelihood: -7439.291
Optimal log-likelihood: -7439.291
Proportion of invariable sites: 0.054
Gamma shape alpha: 1.756
Parameters optimization took 1 rounds (0.059 sec)
BEST SCORE FOUND : -7439.291
Creating bootstrap support values...
Split supports printed to NEXUS file gene_order/flagellar_trees/gene_trees/flil.splits.nex
Total tree length: 14.623

Total number of iterations: 216
CPU time used for tree search: 468.549 sec (0h:7m:48s)
Wall-clock time used for tree search: 120.557 sec (0h:2m:0s)
Total CPU time used: 652.849 sec (0h:10m:52s)
Total wall-clock time used: 167.796 sec (0h:2m:47s)

Computing bootstrap consensus tree...
Reading input file gene_order/flagellar_trees/gene_trees/flil.splits.nex...
105 taxa and 550 splits.
Consensus tree written to gene_order/flagellar_trees/gene_trees/flil.contree
Reading input trees file gene_order/flagellar_trees/gene_trees/flil.contree
Log-likelihood of consensus tree: -7439.472

Analysis results written to: 
  IQ-TREE report:                gene_order/flagellar_trees/gene_trees/flil.iqtree
  Maximum-likelihood tree:       gene_order/flagellar_trees/gene_trees/flil.treefile
  Likelihood distances:          gene_order/flagellar_trees/gene_trees/flil.mldist

Ultrafast bootstrap approximation results written to:
  Split support values:          gene_order/flagellar_trees/gene_trees/flil.splits.nex
  Consensus tree:                gene_order/flagellar_trees/gene_trees/flil.contree
  Screen log file:               gene_order/flagellar_trees/gene_trees/flil.log

Date and Time: Sat Sep 26 10:01:25 2026
