IQ-TREE multicore version 2.4.0 for Linux x86 64-bit built Feb 12 2025
Developed by Bui Quang Minh, Nguyen Lam Tung, Olga Chernomor, Heiko Schmidt,
Dominik Schrempf, Michael Woodhams, Ly Trong Nhan, Thomas Wong

Host:    k125 (AVX512, FMA3, 377 GB RAM)
Command: iqtree2 -s gene_order/flagellar_trees/trimmed/flim.faa -m MFP -B 1000 -T 4 --prefix gene_order/flagellar_trees/gene_trees/flim
Seed:    274350 (Using SPRNG - Scalable Parallel Random Number Generator)
Time:    Sat Sep 26 09:58:41 2026
Kernel:  AVX+FMA - 4 threads (4 CPU cores detected)

Reading alignment file gene_order/flagellar_trees/trimmed/flim.faa ... Fasta format detected
Reading fasta file: done in 0.000606802 secs using 66.41% CPU
Alignment most likely contains protein sequences
Alignment has 152 sequences with 303 columns, 295 distinct patterns
275 parsimony-informative, 4 singleton sites, 24 constant sites
                 Gap/Ambiguity  Composition  p-value
Analyzing sequences: done in 2.99839e-05 secs using 3192% CPU
   1  GCF_000012965.1    1.65%    passed     97.23%
   2  GCF_000021725.1    1.65%    passed     99.92%
   3  GCF_000024885.1    1.65%    passed     99.98%
   4  GCF_000092245.1    1.32%    passed     18.48%
   5  GCF_000147355.1    1.65%    passed     98.54%
   6  GCF_000155475.1    1.65%    passed     96.46%
   7  GCF_000162575.1    1.65%    passed     99.82%
   8  GCF_000183725.1    1.65%    passed     95.86%
   9  GCF_000194135.1    8.25%    passed     47.32%
  10  GCF_000196135.1    1.65%    passed     97.29%
  11  GCF_000200595.1    1.65%    passed     95.17%
  12  GCF_000242915.1    1.65%    passed     95.98%
  13  GCF_000254135.1    1.65%    passed    100.00%
  14  GCF_000259275.1    1.65%    passed     98.59%
  15  GCF_000265295.1    1.65%    passed     99.96%
  16  GCF_000420385.1    7.59%    passed     16.06%
  17  GCF_000445475.1    1.65%    passed     94.78%
  18  GCF_000507845.1    1.65%    passed     99.93%
  19  GCF_000518225.1    1.65%    passed     97.58%
  20  GCF_000568815.1    1.65%    passed     99.98%
  21  GCF_000597725.1    1.65%    passed     99.99%
  22  GCF_000686565.1    1.65%    passed     93.18%
  23  GCF_000687535.1    1.65%    passed     98.58%
  24  GCF_000736415.1    1.65%    passed     99.97%
  25  GCF_000744435.1    8.25%    passed     25.27%
  26  GCF_000762845.2    1.65%    passed     99.09%
  27  GCF_000762875.2    1.65%    passed     94.56%
  28  GCF_000763135.2    1.65%    passed     95.38%
  29  GCF_000765805.2    1.65%    passed     92.46%
  30  GCF_000765905.2    1.65%    passed     93.18%
  31  GCF_000813325.1    1.65%    passed     99.97%
  32  GCF_000816185.1    1.65%    passed    100.00%
  33  GCF_000816305.1    1.65%    passed    100.00%
  34  GCF_000816785.1    1.65%    passed    100.00%
  35  GCF_001282945.1    1.65%    passed     89.04%
  36  GCF_001283065.1    1.65%    passed     86.89%
  37  GCF_001298465.1    1.65%    passed    100.00%
  38  GCF_001457695.1    1.65%    passed    100.00%
  39  GCF_001602095.1    1.65%    passed     99.77%
  40  GCF_001687475.2    1.65%    passed    100.00%
  41  GCF_001693335.1    1.65%    passed     93.71%
  42  GCF_001723605.1    1.65%    passed     99.97%
  43  GCF_001956695.1    1.32%    passed     41.50%
  44  GCF_002021925.1    1.65%    passed     99.99%
  45  GCF_002080395.1    1.65%    passed    100.00%
  46  GCF_002104335.1    1.65%    passed    100.00%
  47  GCF_002119425.1    8.25%    passed     51.31%
  48  GCF_002139855.1    1.65%    passed     99.99%
  49  GCF_002139875.1    1.65%    passed    100.00%
  50  GCF_002139915.1    1.65%    passed    100.00%
  51  GCF_002139935.1    1.65%    passed    100.00%
  52  GCF_002238335.1    1.65%    passed     99.99%
  53  GCF_002335445.1    1.65%    passed     99.57%
  54  GCF_002837275.1    1.32%    passed     59.59%
  55  GCF_003063245.1    1.32%    passed     20.20%
  56  GCF_003063295.1    1.32%    passed     23.74%
  57  GCF_003245365.1    1.65%    passed     99.66%
  58  GCF_003316695.1    1.32%    passed     71.67%
  59  GCF_003346775.1    1.32%    passed     60.79%
  60  GCF_003346815.1    1.32%    passed     28.27%
  61  GCF_003355515.1    1.32%    passed     68.31%
  62  GCF_003364195.1    1.65%    passed     83.95%
  63  GCF_003364205.1    1.65%    passed     99.64%
  64  GCF_003364215.1    1.65%    passed     99.66%
  65  GCF_003364255.1    1.65%    passed     98.87%
  66  GCF_003364335.1    1.65%    passed     99.71%
  67  GCF_003544815.1    1.32%    passed     42.77%
  68  GCF_003544835.1    1.32%    passed     64.75%
  69  GCF_003544855.1    1.32%    passed     52.58%
  70  GCF_003544915.1    1.32%    passed     50.23%
  71  GCF_003544935.1    1.32%    passed     60.79%
  72  GCF_003660105.1    1.32%    passed     71.93%
  73  GCF_003660265.1    1.65%    passed     94.54%
  74  GCF_003660285.1    1.65%    passed     93.18%
  75  GCF_003660395.1    1.65%    passed     95.80%
  76  GCF_003667345.1    1.32%    passed     67.84%
  77  GCF_003670275.1    1.65%    passed     96.46%
  78  GCF_003752135.1    1.65%    passed     99.56%
  79  GCF_004214795.1    1.32%    passed     51.64%
  80  GCF_004214815.1    1.32%    passed     66.25%
  81  GCF_004299785.2    1.32%    passed     66.25%
  82  GCF_004323845.1    1.65%    passed     99.99%
  83  GCF_004803795.1    1.65%    passed    100.00%
  84  GCF_004803815.1    1.65%    passed    100.00%
  85  GCF_005217605.1    1.65%    passed     98.81%
  86  GCF_005406215.1    1.65%    passed    100.00%
  87  GCF_005406225.1    1.65%    passed    100.00%
  88  GCF_005771535.1    1.32%    passed     32.46%
  89  GCF_005843985.1    1.65%    passed     99.78%
  90  GCF_006459125.1    1.32%    passed     45.32%
  91  GCF_006864425.1    1.65%    passed    100.00%
  92  GCF_008245005.1    1.65%    passed     99.67%
  93  GCF_008245045.1    1.65%    passed    100.00%
  94  GCF_008693005.1    1.65%    passed     99.93%
  95  GCF_009068765.1    1.65%    passed     99.12%
  96  GCF_009192995.1    1.65%    passed     97.28%
  97  GCF_009258225.1    1.65%    passed     99.90%
  98  GCF_011769985.2    1.65%    passed     99.99%
  99  GCF_013177635.1    1.32%    passed     61.10%
 100  GCF_013177655.1    1.65%    passed     99.84%
 101  GCF_013201605.1    1.65%    passed    100.00%
 102  GCF_013201625.1    1.32%    passed     58.90%
 103  GCF_013201665.1    1.32%    passed     40.76%
 104  GCF_013201705.1    1.32%    passed     86.74%
 105  GCF_013201725.1    1.32%    passed     41.54%
 106  GCF_013201825.1    1.32%    passed     53.51%
 107  GCF_013201935.1    1.32%    passed     61.10%
 108  GCF_013283835.1    1.32%    passed     66.36%
 109  GCF_013372105.1    1.65%    passed    100.00%
 110  GCF_013372125.1    1.65%    passed    100.00%
 111  GCF_013372145.1    1.65%    passed    100.00%
 112  GCF_013372185.1    1.65%    passed    100.00%
 113  GCF_013372205.1    1.65%    passed    100.00%
 114  GCF_013372265.1    1.32%    passed     91.10%
 115  GCF_014253065.1    1.65%    passed    100.00%
 116  GCF_014466985.1    6.93%    failed      0.02%
 117  GCF_014905095.1    1.65%    passed     95.05%
 118  GCF_014905115.1    1.65%    passed     99.12%
 119  GCF_014905135.1    1.65%    passed     94.16%
 120  GCF_015100395.1    6.93%    failed      0.41%
 121  GCF_015265455.1    1.32%    passed     97.26%
 122  GCF_015265475.1    1.32%    passed     93.25%
 123  GCF_016106035.1    1.32%    passed     84.94%
 124  GCF_016593255.1    1.65%    passed     99.22%
 125  GCF_016806695.1    1.65%    passed    100.00%
 126  GCF_016937535.1    1.65%    passed     99.91%
 127  GCF_017357825.1    1.65%    passed     94.12%
 128  GCF_017979425.1    1.65%    passed     95.44%
 129  GCF_017979475.1    1.65%    passed     99.54%
 130  GCF_018145655.1    1.65%    passed    100.00%
 131  GCF_019711685.1    1.65%    passed     99.63%
 132  GCF_021300615.1    1.32%    passed     99.76%
 133  GCF_021300655.1    1.65%    passed     99.41%
 134  GCF_023646285.1    1.65%    passed     99.79%
 135  GCF_024267655.1    1.32%    passed     58.50%
 136  GCF_025770725.1    1.65%    passed     99.94%
 137  GCF_026000295.1    1.65%    passed     95.59%
 138  GCF_027859255.1    1.65%    passed     99.28%
 139  GCF_027943725.1    6.93%    failed      0.06%
 140  GCF_027946175.1    6.60%    failed      0.18%
 141  GCF_028649595.1    1.65%    passed    100.00%
 142  GCF_028751035.1    1.65%    passed     99.47%
 143  GCF_030249845.1    1.65%    passed     99.98%
 144  GCF_030296055.1    1.65%    passed     98.81%
 145  GCF_900115615.1    1.65%    passed     98.83%
 146  GCF_900187115.1    1.32%    passed     39.27%
 147  GCF_900475935.1    1.65%    passed     99.99%
 148  GCF_900476215.1    1.65%    passed     99.63%
 149  GCF_900478295.1    1.65%    passed     96.80%
 150  GCF_900637395.1    1.65%    passed    100.00%
 151  GCF_905120465.1    1.65%    passed     99.99%
 152  GCF_905120475.1    1.65%    passed    100.00%
****  TOTAL              1.88%  4 sequences failed composition chi2 test (p-value<5%; df=19)
NOTE: GCF_003670275.1 is identical to GCF_000155475.1 but kept for subsequent analysis
NOTE: GCF_001457695.1 is identical to GCF_000254135.1 but kept for subsequent analysis
NOTE: GCF_000765905.2 is identical to GCF_000686565.1 but kept for subsequent analysis
NOTE: GCF_013372185.1 is identical to GCF_000816305.1 but kept for subsequent analysis
NOTE: GCF_900637395.1 is identical to GCF_002080395.1 but kept for subsequent analysis
NOTE: GCF_004299785.2 is identical to GCF_004214815.1 but kept for subsequent analysis
NOTE: GCF_014905115.1 is identical to GCF_009068765.1 but kept for subsequent analysis
NOTE: GCF_013201935.1 is identical to GCF_013177635.1 but kept for subsequent analysis


Create initial parsimony tree by phylogenetic likelihood library (PLL)... 0.036 seconds
Perform fast likelihood tree search using LG+I+G model...
Estimate model parameters (epsilon = 5.000)
Perform nearest neighbor interchange...
Estimate model parameters (epsilon = 1.000)
1. Initial log-likelihood: -13897.181
Optimal log-likelihood: -13897.125
Proportion of invariable sites: 0.027
Gamma shape alpha: 0.730
Parameters optimization took 1 rounds (0.181 sec)
Time for fast ML tree search: 1.841 seconds

NOTE: ModelFinder requires 75 MB RAM!
ModelFinder will test up to 1232 protein models (sample size: 303 epsilon: 0.100) ...
 No. Model         -LnL         df  AIC          AICc         BIC
  1  LG            14829.754    301 30261.509    212065.509   31379.342
  2  LG+I          14722.304    302 30048.608    213060.608   31170.155
  3  LG+G4         13898.923    302 28401.847    211413.847   29523.394
  4  LG+I+G4       13897.124    303 28400.247    212624.247   29525.509
  5  LG+R2         14053.905    303 28713.810    212937.810   29839.071
  6  LG+R3         13902.604    305 28415.208    215075.208   29547.897
  7  LG+R4         13867.882    307 28349.763    217461.763   29489.879
  8  LG+R5         13861.248    309 28340.496    219920.496   29488.040
  9  LG+R6         13859.616    311 28341.231    222405.231   29496.202
 14  LG+I+R2       14032.284    304 28672.567    214112.567   29801.542
 15  LG+I+R3       13889.815    306 28391.629    216275.629   29528.032
 16  LG+I+R4       13865.437    308 28346.873    218690.873   29490.703
 17  LG+I+R5       13860.831    310 28341.662    221161.662   29492.919
 29  LG+F+R4       13770.918    326 28193.836    241397.836   29404.513
 30  LG+F+R5       13765.206    328 28186.411    244010.411   29404.516
 38  LG+F+I+R4     13770.482    327 28194.963    242706.963   29409.354
 39  LG+F+I+R5     13764.575    329 28187.150    245327.150   29408.968
 51  WAG+R4        14107.388    307 28828.777    217940.777   29968.893
 52  WAG+R5        14105.353    309 28828.706    220408.706   29976.250
 60  WAG+I+R4      14106.368    308 28828.737    219172.737   29972.567
 61  WAG+I+R5      14104.824    310 28829.648    221649.648   29980.905
 73  WAG+F+R4      13961.410    326 28574.820    241778.820   29785.497
 74  WAG+F+R5      13959.185    328 28574.370    244398.370   29792.474
 82  WAG+F+I+R4    13960.215    327 28574.431    243086.431   29788.821
 83  WAG+F+I+R5    13958.249    329 28574.498    245714.498   29796.316
 95  JTT+R4        13982.248    307 28578.496    217690.496   29718.612
 96  JTT+R5        13975.920    309 28569.840    220149.840   29717.383
+R6 reinitialized from +R5 with factor 0.500
 97  JTT+R6        13975.953    311 28573.906    222637.906   29728.877
104  JTT+I+R4      13981.423    308 28578.846    218922.846   29722.676
105  JTT+I+R5      13976.079    310 28572.158    221392.158   29723.415
117  JTT+F+R4      13820.314    326 28292.627    241496.627   29503.304
118  JTT+F+R5      13814.306    328 28284.613    244108.613   29502.717
119  JTT+F+R6      13814.313    330 28288.626    246748.626   29514.158
126  JTT+F+I+R4    13819.689    327 28293.377    242805.377   29507.768
127  JTT+F+I+R5    13814.542    329 28287.084    245427.084   29508.902
WARNING: Normalizing state frequencies so that sum of them equals to 1
139  Q.pfam+R4     13933.314    307 28480.629    217592.629   29620.745
WARNING: Normalizing state frequencies so that sum of them equals to 1
140  Q.pfam+R5     13926.313    309 28470.626    220050.626   29618.170
WARNING: Normalizing state frequencies so that sum of them equals to 1
141  Q.pfam+R6     13926.017    311 28474.034    222538.034   29629.005
WARNING: Normalizing state frequencies so that sum of them equals to 1
148  Q.pfam+I+R4   13930.015    308 28476.031    218820.031   29619.861
WARNING: Normalizing state frequencies so that sum of them equals to 1
149  Q.pfam+I+R5   13925.115    310 28470.229    221290.229   29621.486
WARNING: Normalizing state frequencies so that sum of them equals to 1
161  Q.pfam+F+R4   13817.386    326 28286.772    241490.772   29497.449
WARNING: Normalizing state frequencies so that sum of them equals to 1
162  Q.pfam+F+R5   13809.649    328 28275.299    244099.299   29493.403
WARNING: Normalizing state frequencies so that sum of them equals to 1
163  Q.pfam+F+R6   13809.441    330 28278.882    246738.882   29504.414
WARNING: Normalizing state frequencies so that sum of them equals to 1
170  Q.pfam+F+I+R4 13813.649    327 28281.298    242793.298   29495.689
WARNING: Normalizing state frequencies so that sum of them equals to 1
171  Q.pfam+F+I+R5 13808.396    329 28274.791    245414.791   29496.609
WARNING: Normalizing state frequencies so that sum of them equals to 1
183  Q.bird+R4     14123.126    307 28860.252    217972.252   30000.368
WARNING: Normalizing state frequencies so that sum of them equals to 1
184  Q.bird+R5     14113.474    309 28844.948    220424.948   29992.492
WARNING: Normalizing state frequencies so that sum of them equals to 1
185  Q.bird+R6     14112.298    311 28846.596    222910.596   30001.567
WARNING: Normalizing state frequencies so that sum of them equals to 1
192  Q.bird+I+R4   14117.877    308 28851.754    219195.754   29995.584
WARNING: Normalizing state frequencies so that sum of them equals to 1
193  Q.bird+I+R5   14111.599    310 28843.198    221663.198   29994.456
WARNING: Normalizing state frequencies so that sum of them equals to 1
205  Q.bird+F+R4   13956.756    326 28565.512    241769.512   29776.189
WARNING: Normalizing state frequencies so that sum of them equals to 1
206  Q.bird+F+R5   13950.689    328 28557.379    244381.379   29775.483
WARNING: Normalizing state frequencies so that sum of them equals to 1
207  Q.bird+F+R6   13949.606    330 28559.211    247019.211   29784.743
WARNING: Normalizing state frequencies so that sum of them equals to 1
214  Q.bird+F+I+R4 13953.257    327 28560.513    243072.513   29774.904
WARNING: Normalizing state frequencies so that sum of them equals to 1
215  Q.bird+F+I+R5 13950.058    329 28558.117    245698.117   29779.935
WARNING: Normalizing state frequencies so that sum of them equals to 1
227  Q.mammal+R4   14075.367    307 28764.733    217876.733   29904.849
WARNING: Normalizing state frequencies so that sum of them equals to 1
228  Q.mammal+R5   14066.400    309 28750.800    220330.800   29898.343
WARNING: Normalizing state frequencies so that sum of them equals to 1
229  Q.mammal+R6   14065.977    311 28753.953    222817.953   29908.924
WARNING: Normalizing state frequencies so that sum of them equals to 1
236  Q.mammal+I+R4 14070.128    308 28756.256    219100.256   29900.086
WARNING: Normalizing state frequencies so that sum of them equals to 1
237  Q.mammal+I+R5 14065.018    310 28750.037    221570.037   29901.294
WARNING: Normalizing state frequencies so that sum of them equals to 1
249  Q.mammal+F+R4 13895.643    326 28443.286    241647.286   29653.963
WARNING: Normalizing state frequencies so that sum of them equals to 1
250  Q.mammal+F+R5 13889.427    328 28434.853    244258.853   29652.958
WARNING: Normalizing state frequencies so that sum of them equals to 1
251  Q.mammal+F+R6 13888.868    330 28437.736    246897.736   29663.268
WARNING: Normalizing state frequencies so that sum of them equals to 1
258  Q.mammal+F+I+R4 13891.812    327 28437.624    242949.624   29652.014
WARNING: Normalizing state frequencies so that sum of them equals to 1
259  Q.mammal+F+I+R5 13888.570    329 28435.139    245575.139   29656.957
271  Q.insect+R4   13748.861    307 28111.722    217223.722   29251.838
272  Q.insect+R5   13739.680    309 28097.360    219677.360   29244.903
273  Q.insect+R6   13739.342    311 28100.683    222164.683   29255.654
280  Q.insect+I+R4 13744.113    308 28104.225    218448.225   29248.055
281  Q.insect+I+R5 13738.271    310 28096.541    220916.541   29247.799
293  Q.insect+F+R4 13687.957    326 28027.915    241231.915   29238.591
294  Q.insect+F+R5 13678.589    328 28013.177    243837.177   29231.282
295  Q.insect+F+R6 13678.436    330 28016.873    246476.873   29242.405
302  Q.insect+F+I+R4 13683.450    327 28020.899    242532.899   29235.290
303  Q.insect+F+I+R5 13677.509    329 28013.017    245153.017   29234.835
WARNING: Normalizing state frequencies so that sum of them equals to 1
315  Q.plant+R4    13800.775    307 28215.549    217327.549   29355.665
WARNING: Normalizing state frequencies so that sum of them equals to 1
316  Q.plant+R5    13792.903    309 28203.807    219783.807   29351.350
WARNING: Normalizing state frequencies so that sum of them equals to 1
317  Q.plant+R6    13791.369    311 28204.739    222268.739   29359.710
WARNING: Normalizing state frequencies so that sum of them equals to 1
324  Q.plant+I+R4  13795.249    308 28206.497    218550.497   29350.327
WARNING: Normalizing state frequencies so that sum of them equals to 1
325  Q.plant+I+R5  13790.306    310 28200.611    221020.611   29351.869
WARNING: Normalizing state frequencies so that sum of them equals to 1
337  Q.plant+F+R4  13725.741    326 28103.481    241307.481   29314.158
WARNING: Normalizing state frequencies so that sum of them equals to 1
338  Q.plant+F+R5  13717.817    328 28091.634    243915.634   29309.738
WARNING: Normalizing state frequencies so that sum of them equals to 1
339  Q.plant+F+R6  13716.899    330 28093.798    246553.798   29319.330
WARNING: Normalizing state frequencies so that sum of them equals to 1
346  Q.plant+F+I+R4 13720.015    327 28094.030    242606.030   29308.421
WARNING: Normalizing state frequencies so that sum of them equals to 1
347  Q.plant+F+I+R5 13715.481    329 28088.962    245228.962   29310.780
WARNING: Normalizing state frequencies so that sum of them equals to 1
359  Q.yeast+R4    13764.090    307 28142.181    217254.181   29282.297
WARNING: Normalizing state frequencies so that sum of them equals to 1
360  Q.yeast+R5    13755.866    309 28129.731    219709.731   29277.275
WARNING: Normalizing state frequencies so that sum of them equals to 1
361  Q.yeast+R6    13755.714    311 28133.429    222197.429   29288.399
WARNING: Normalizing state frequencies so that sum of them equals to 1
368  Q.yeast+I+R4  13761.983    308 28139.967    218483.967   29283.796
WARNING: Normalizing state frequencies so that sum of them equals to 1
369  Q.yeast+I+R5  13754.735    310 28129.470    220949.470   29280.727
WARNING: Normalizing state frequencies so that sum of them equals to 1
381  Q.yeast+F+R4  13707.931    326 28067.862    241271.862   29278.539
WARNING: Normalizing state frequencies so that sum of them equals to 1
382  Q.yeast+F+R5  13699.866    328 28055.733    243879.733   29273.837
WARNING: Normalizing state frequencies so that sum of them equals to 1
383  Q.yeast+F+R6  13699.604    330 28059.209    246519.209   29284.741
WARNING: Normalizing state frequencies so that sum of them equals to 1
390  Q.yeast+F+I+R4 13705.811    327 28065.621    242577.621   29280.012
WARNING: Normalizing state frequencies so that sum of them equals to 1
391  Q.yeast+F+I+R5 13698.993    329 28055.986    245195.986   29277.804
403  JTTDCMut+R4   13983.040    307 28580.080    217692.080   29720.196
404  JTTDCMut+R5   13976.776    309 28571.553    220151.553   29719.096
405  JTTDCMut+R6   13976.767    311 28575.534    222639.534   29730.505
412  JTTDCMut+I+R4 13982.096    308 28580.192    218924.192   29724.022
413  JTTDCMut+I+R5 13976.931    310 28573.861    221393.861   29725.119
425  JTTDCMut+F+R4 13819.440    326 28290.880    241494.880   29501.557
426  JTTDCMut+F+R5 13813.492    328 28282.983    244106.983   29501.088
427  JTTDCMut+F+R6 13813.377    330 28286.755    246746.755   29512.286
434  JTTDCMut+F+I+R4 13818.734    327 28291.467    242803.467   29505.858
435  JTTDCMut+F+I+R5 13813.670    329 28285.340    245425.340   29507.158
447  DCMut+R4      14177.908    307 28969.817    218081.817   30109.933
448  DCMut+R5      14170.678    309 28959.356    220539.356   30106.899
449  DCMut+R6      14170.466    311 28962.931    223026.931   30117.902
456  DCMut+I+R4    14174.807    308 28965.613    219309.613   30109.443
457  DCMut+I+R5    14169.561    310 28959.123    221779.123   30110.380
469  DCMut+F+R4    13936.703    326 28525.406    241729.406   29736.083
470  DCMut+F+R5    13928.837    328 28513.674    244337.674   29731.779
471  DCMut+F+R6    13928.665    330 28517.330    246977.330   29742.862
478  DCMut+F+I+R4  13932.847    327 28519.694    243031.694   29734.084
479  DCMut+F+I+R5  13926.914    329 28511.829    245651.829   29733.647
491  VT+R4         14152.495    307 28918.990    218030.990   30059.106
492  VT+R5         14150.341    309 28918.682    220498.682   30066.225
500  VT+I+R4       14151.907    308 28919.813    219263.813   30063.643
501  VT+I+R5       14150.094    310 28920.187    221740.187   30071.444
513  VT+F+R4       14018.746    326 28689.492    241893.492   29900.169
514  VT+F+R5       14015.426    328 28686.852    244510.852   29904.956
522  VT+F+I+R4     14018.143    327 28690.286    243202.286   29904.677
523  VT+F+I+R5     14015.191    329 28688.382    245828.382   29910.201
535  PMB+R4        14334.594    307 29283.187    218395.187   30423.303
536  PMB+R5        14331.240    309 29280.480    220860.480   30428.023
544  PMB+I+R4      14333.440    308 29282.879    219626.879   30426.709
545  PMB+I+R5      14330.348    310 29280.695    222100.695   30431.952
557  PMB+F+R4      14188.044    326 29028.088    242232.088   30238.765
558  PMB+F+R5      14184.251    328 29024.502    244848.502   30242.606
566  PMB+F+I+R4    14186.675    327 29027.349    243539.349   30241.740
567  PMB+F+I+R5    14183.133    329 29024.267    246164.267   30246.085
579  Blosum62+R4   14306.141    307 29226.281    218338.281   30366.397
580  Blosum62+R5   14303.210    309 29224.421    220804.421   30371.964
588  Blosum62+I+R4 14305.012    308 29226.025    219570.025   30369.854
589  Blosum62+I+R5 14302.237    310 29224.474    222044.474   30375.731
601  Blosum62+F+R4 14197.543    326 29047.087    242251.087   30257.763
602  Blosum62+F+R5 14194.641    328 29045.283    244869.283   30263.387
610  Blosum62+F+I+R4 14196.356    327 29046.712    243558.712   30261.102
611  Blosum62+F+I+R5 14193.606    329 29045.212    246185.212   30267.030
623  Dayhoff+R4    14174.453    307 28962.905    218074.905   30103.021
624  Dayhoff+R5    14166.805    309 28951.610    220531.610   30099.153
+R6 reinitialized from +R5 with factor 0.500
625  Dayhoff+R6    14166.578    311 28955.156    223019.156   30110.127
632  Dayhoff+I+R4  14171.341    308 28958.681    219302.681   30102.511
633  Dayhoff+I+R5  14165.595    310 28951.191    221771.191   30102.448
645  Dayhoff+F+R4  13933.637    326 28519.274    241723.274   29729.951
646  Dayhoff+F+R5  13925.053    328 28506.106    244330.106   29724.210
647  Dayhoff+F+R6  13924.983    330 28509.966    246969.966   29735.498
654  Dayhoff+F+I+R4 13929.773    327 28513.546    243025.546   29727.936
655  Dayhoff+F+I+R5 13922.956    329 28503.912    245643.912   29725.730
667  mtREV+R4      14663.986    307 29941.972    219053.972   31082.088
668  mtREV+R5      14655.111    309 29928.222    221508.222   31075.765
669  mtREV+R6      14652.598    311 29927.197    223991.197   31082.168
676  mtREV+I+R4    14660.945    308 29937.890    220281.890   31081.719
677  mtREV+I+R5    14652.890    310 29925.781    222745.781   31077.038
689  mtREV+F+R4    14081.610    326 28815.220    242019.220   30025.897
690  mtREV+F+R5    14069.616    328 28795.232    244619.232   30013.337
691  mtREV+F+R6    14068.215    330 28796.430    247256.430   30021.961
698  mtREV+F+I+R4  14077.176    327 28808.351    243320.351   30022.742
699  mtREV+F+I+R5  14069.022    329 28796.044    245936.044   30017.863
711  mtART+R4      14441.235    307 29496.469    218608.469   30636.585
712  mtART+R5      14429.457    309 29476.913    221056.913   30624.456
713  mtART+R6      14428.232    311 29478.465    223542.465   30633.436
720  mtART+I+R4    14434.187    308 29484.375    219828.375   30628.205
721  mtART+I+R5    14427.312    310 29474.624    222294.624   30625.881
733  mtART+F+R4    13950.126    326 28552.253    241756.253   29762.930
734  mtART+F+R5    13938.317    328 28532.635    244356.635   29750.739
735  mtART+F+R6    13938.355    330 28536.710    246996.710   29762.242
742  mtART+F+I+R4  13943.894    327 28541.787    243053.787   29756.178
743  mtART+F+I+R5  13934.845    329 28527.690    245667.690   29749.508
755  mtZOA+R4      14210.360    307 29034.719    218146.719   30174.835
756  mtZOA+R5      14203.807    309 29025.614    220605.614   30173.158
757  mtZOA+R6      14202.499    311 29026.999    223090.999   30181.969
764  mtZOA+I+R4    14205.752    308 29027.505    219371.505   30171.335
765  mtZOA+I+R5    14201.808    310 29023.615    221843.615   30174.873
777  mtZOA+F+R4    13817.617    326 28287.234    241491.234   29497.911
778  mtZOA+F+R5    13805.377    328 28266.753    244090.753   29484.857
779  mtZOA+F+R6    13804.969    330 28269.938    246729.938   29495.470
786  mtZOA+F+I+R4  13812.091    327 28278.182    242790.182   29492.572
787  mtZOA+F+I+R5  13803.802    329 28265.605    245405.605   29487.423
799  mtMet+R4      14441.029    307 29496.058    218608.058   30636.174
800  mtMet+R5      14432.307    309 29482.614    221062.614   30630.157
801  mtMet+R6      14430.359    311 29482.719    223546.719   30637.690
808  mtMet+I+R4    14437.731    308 29491.462    219835.462   30635.292
809  mtMet+I+R5    14432.383    310 29484.765    222304.765   30636.022
821  mtMet+F+R4    13932.872    326 28517.743    241721.743   29728.420
822  mtMet+F+R5    13921.298    328 28498.596    244322.596   29716.701
823  mtMet+F+R6    13920.384    330 28500.769    246960.769   29726.300
830  mtMet+F+I+R4  13929.200    327 28512.400    243024.400   29726.791
831  mtMet+F+I+R5  13921.118    329 28500.237    245640.237   29722.055
843  mtVer+R4      14714.100    307 30042.199    219154.199   31182.315
844  mtVer+R5      14703.641    309 30025.282    221605.282   31172.825
845  mtVer+R6      14700.461    311 30022.923    224086.923   31177.894
852  mtVer+I+R4    14711.264    308 30038.528    220382.528   31182.358
853  mtVer+I+R5    14704.558    310 30029.117    222849.117   31180.374
865  mtVer+F+R4    14164.926    326 28981.851    242185.851   30192.528
866  mtVer+F+R5    14152.912    328 28961.824    244785.824   30179.929
867  mtVer+F+R6    14152.679    330 28965.358    247425.358   30190.890
874  mtVer+F+I+R4  14159.501    327 28973.002    243485.002   30187.393
875  mtVer+F+I+R5  14151.915    329 28961.829    246101.829   30183.647
887  mtInv+R4      14442.550    307 29499.099    218611.099   30639.215
888  mtInv+R5      14434.248    309 29486.497    221066.497   30634.040
889  mtInv+R6      14431.890    311 29485.779    223549.779   30640.750
896  mtInv+I+R4    14439.609    308 29495.217    219839.217   30639.047
897  mtInv+I+R5    14433.494    310 29486.987    222306.987   30638.245
909  mtInv+F+R4    13866.535    326 28385.070    241589.070   29595.747
910  mtInv+F+R5    13855.912    328 28367.824    244191.824   29585.928
911  mtInv+F+R6    13855.166    330 28370.333    246830.333   29595.865
918  mtInv+F+I+R4  13864.477    327 28382.954    242894.954   29597.344
919  mtInv+F+I+R5  13855.423    329 28368.846    245508.846   29590.664
931  mtMAM+R4      14809.037    307 30232.074    219344.074   31372.190
932  mtMAM+R5      14794.954    309 30207.907    221787.907   31355.451
933  mtMAM+R6      14792.623    311 30207.245    224271.245   31362.216
940  mtMAM+I+R4    14807.300    308 30230.599    220574.599   31374.429
941  mtMAM+I+R5    14795.989    310 30211.978    223031.978   31363.235
953  mtMAM+F+R4    14248.309    326 29148.618    242352.618   30359.295
954  mtMAM+F+R5    14236.858    328 29129.717    244953.717   30347.821
955  mtMAM+F+R6    14235.095    330 29130.190    247590.190   30355.722
962  mtMAM+F+I+R4  14245.096    327 29144.191    243656.191   30358.582
963  mtMAM+F+I+R5  14236.343    329 29130.686    246270.686   30352.504
WARNING: Normalizing state frequencies so that sum of them equals to 1
975  FLAVI+R4      14278.922    307 29171.844    218283.844   30311.960
WARNING: Normalizing state frequencies so that sum of them equals to 1
976  FLAVI+R5      14268.847    309 29155.694    220735.694   30303.237
WARNING: Normalizing state frequencies so that sum of them equals to 1
977  FLAVI+R6      14267.916    311 29157.832    223221.832   30312.803
WARNING: Normalizing state frequencies so that sum of them equals to 1
984  FLAVI+I+R4    14274.159    308 29164.318    219508.318   30308.148
WARNING: Normalizing state frequencies so that sum of them equals to 1
985  FLAVI+I+R5    14266.507    310 29153.015    221973.015   30304.272
WARNING: Normalizing state frequencies so that sum of them equals to 1
997  FLAVI+F+R4    14140.171    326 28932.343    242136.343   30143.020
WARNING: Normalizing state frequencies so that sum of them equals to 1
998  FLAVI+F+R5    14126.455    328 28908.910    244732.910   30127.014
WARNING: Normalizing state frequencies so that sum of them equals to 1
999  FLAVI+F+R6    14125.777    330 28911.554    247371.554   30137.086
WARNING: Normalizing state frequencies so that sum of them equals to 1
1006  FLAVI+F+I+R4  14133.593    327 28921.186    243433.186   30135.577
WARNING: Normalizing state frequencies so that sum of them equals to 1
1007  FLAVI+F+I+R5  14124.296    329 28906.591    246046.591   30128.409
1019  HIVb+R4       14198.930    307 29011.860    218123.860   30151.976
1020  HIVb+R5       14188.422    309 28994.845    220574.845   30142.388
1021  HIVb+R6       14187.601    311 28997.201    223061.201   30152.172
1028  HIVb+I+R4     14194.999    308 29005.997    219349.997   30149.827
1029  HIVb+I+R5     14186.996    310 28993.991    221813.991   30145.248
1041  HIVb+F+R4     14028.599    326 28709.199    241913.199   29919.876
1042  HIVb+F+R5     14015.490    328 28686.980    244510.980   29905.084
1043  HIVb+F+R6     14014.500    330 28689.000    247149.000   29914.532
1050  HIVb+F+I+R4   14023.313    327 28700.626    243212.626   29915.016
1051  HIVb+F+I+R5   14014.146    329 28686.292    245826.292   29908.110
1063  HIVw+R4       14707.664    307 30029.327    219141.327   31169.443
1064  HIVw+R5       14701.552    309 30021.105    221601.105   31168.648
1065  HIVw+R6       14701.298    311 30024.597    224088.597   31179.568
1072  HIVw+I+R4     14702.594    308 30021.189    220365.189   31165.019
1073  HIVw+I+R5     14697.995    310 30015.991    222835.991   31167.248
1085  HIVw+F+R4     14488.595    326 29629.191    242833.191   30839.868
1086  HIVw+F+R5     14478.723    328 29613.445    245437.445   30831.550
1087  HIVw+F+R6     14478.333    330 29616.667    248076.667   30842.198
1094  HIVw+F+I+R4   14482.988    327 29619.975    244131.975   30834.366
1095  HIVw+F+I+R5   14475.692    329 29609.384    246749.384   30831.202
1107  FLU+R4        14036.407    307 28686.814    217798.814   29826.930
1108  FLU+R5        14029.849    309 28677.699    220257.699   29825.242
1109  FLU+R6        14029.080    311 28680.161    222744.161   29835.132
1116  FLU+I+R4      14032.087    308 28680.174    219024.174   29824.003
1117  FLU+I+R5      14027.113    310 28674.227    221494.227   29825.484
1129  FLU+F+R4      13989.527    326 28631.055    241835.055   29841.731
1130  FLU+F+R5      13981.612    328 28619.224    244443.224   29837.328
1131  FLU+F+R6      13980.232    330 28620.464    247080.464   29845.996
1138  FLU+F+I+R4    13983.021    327 28620.043    243132.043   29834.434
1139  FLU+F+I+R5    13977.631    329 28613.262    245753.262   29835.080
1151  rtREV+R4      14058.592    307 28731.183    217843.183   29871.299
1152  rtREV+R5      14052.718    309 28723.436    220303.436   29870.979
1153  rtREV+R6      14051.820    311 28725.640    222789.640   29880.611
1160  rtREV+I+R4    14056.282    308 28728.564    219072.564   29872.393
1161  rtREV+I+R5    14050.771    310 28721.542    221541.542   29872.799
1173  rtREV+F+R4    13845.240    326 28342.480    241546.480   29553.157
1174  rtREV+F+R5    13838.089    328 28332.177    244156.177   29550.282
1175  rtREV+F+R6    13837.009    330 28334.018    246794.018   29559.549
1182  rtREV+F+I+R4  13843.020    327 28340.039    242852.039   29554.430
1183  rtREV+F+I+R5  13836.663    329 28331.326    245471.326   29553.145
1195  cpREV+R4      14042.322    307 28698.644    217810.644   29838.760
1196  cpREV+R5      14039.979    309 28697.958    220277.958   29845.501
1204  cpREV+I+R4    14042.016    308 28700.033    219044.033   29843.863
1205  cpREV+I+R5    14039.887    310 28699.774    221519.774   29851.031
1217  cpREV+F+R4    14001.534    326 28655.069    241859.069   29865.746
1218  cpREV+F+R5    13999.159    328 28654.317    244478.317   29872.422
1226  cpREV+F+I+R4  14000.882    327 28655.763    243167.763   29870.154
1227  cpREV+F+I+R5  13998.728    329 28655.457    245795.457   29877.275
Akaike Information Criterion:           Q.insect+F+I+R5
Corrected Akaike Information Criterion: LG+G4
Bayesian Information Criterion:         Q.insect+F+R5
Best-fit model: Q.insect+F+R5 chosen according to BIC

All model information printed to gene_order/flagellar_trees/gene_trees/flim.model.gz
CPU time for ModelFinder: 2279.109 seconds (0h:37m:59s)
Wall-clock time for ModelFinder: 572.916 seconds (0h:9m:32s)
Generating 1000 samples for ultrafast bootstrap (seed: 274350)...

NOTE: 38 MB RAM (0 GB) is required!
Estimate model parameters (epsilon = 0.100)
1. Initial log-likelihood: -13689.308
2. Current log-likelihood: -13680.248
3. Current log-likelihood: -13678.682
4. Current log-likelihood: -13678.332
Optimal log-likelihood: -13678.202
Site proportion and rates:  (0.402,0.164) (0.251,0.541) (0.219,1.407) (0.072,2.646) (0.056,5.350)
Parameters optimization took 4 rounds (2.888 sec)
Wrote distance file to... 
Computing ML distances based on estimated model parameters...
Calculating distance matrix: done in 1.18417 secs using 399.2% CPU
Computing ML distances took 1.184350 sec (of wall-clock time) 4.727820 sec (of CPU time)
Setting up auxiliary I and S matrices: done in 0.00038261 secs
Computing RapidNJ tree took 0.052156 sec (of wall-clock time) 0.047934 sec (of CPU time)
Log-likelihood of RapidNJ tree: -13848.723
--------------------------------------------------------------------
|             INITIALIZING CANDIDATE TREE SET                      |
--------------------------------------------------------------------
Generating 98 parsimony trees... 3.762 second
Computing log-likelihood of 98 initial trees ... 6.581 seconds
Current best score: -13678.202

Do NNI search on 20 best initial trees
Estimate model parameters (epsilon = 0.100)
BETTER TREE FOUND at iteration 1: -13670.532
Estimate model parameters (epsilon = 0.100)
BETTER TREE FOUND at iteration 2: -13666.766
Estimate model parameters (epsilon = 0.100)
BETTER TREE FOUND at iteration 3: -13652.192
Estimate model parameters (epsilon = 0.100)
BETTER TREE FOUND at iteration 7: -13650.276
Estimate model parameters (epsilon = 0.100)
BETTER TREE FOUND at iteration 10: -13647.695
Iteration 10 / LogL: -13647.695 / Time: 0h:10m:3s
Iteration 20 / LogL: -13657.784 / Time: 0h:10m:16s
Finish initializing candidate tree set (20)
Current best tree score: -13647.695 / CPU time: 38.673
Number of iterations: 20
--------------------------------------------------------------------
|               OPTIMIZING CANDIDATE TREE SET                      |
--------------------------------------------------------------------
Estimate model parameters (epsilon = 0.100)
BETTER TREE FOUND at iteration 22: -13646.762
Estimate model parameters (epsilon = 0.100)
BETTER TREE FOUND at iteration 26: -13643.802
Iteration 30 / LogL: -13645.675 / Time: 0h:10m:36s (0h:3m:29s left)
Estimate model parameters (epsilon = 0.100)
BETTER TREE FOUND at iteration 33: -13643.363
Iteration 40 / LogL: -13699.841 / Time: 0h:10m:56s (0h:3m:18s left)
Iteration 50 / LogL: -13649.651 / Time: 0h:11m:15s (0h:2m:53s left)
Log-likelihood cutoff on original alignment: -13725.063
Estimate model parameters (epsilon = 0.100)
BETTER TREE FOUND at iteration 56: -13641.716
Iteration 60 / LogL: -13644.970 / Time: 0h:11m:33s (0h:3m:15s left)
Iteration 70 / LogL: -13673.394 / Time: 0h:11m:51s (0h:2m:52s left)
Iteration 80 / LogL: -13643.613 / Time: 0h:12m:10s (0h:2m:31s left)
Iteration 90 / LogL: -13649.936 / Time: 0h:12m:28s (0h:2m:10s left)
Iteration 100 / LogL: -13651.053 / Time: 0h:12m:47s (0h:1m:50s left)
Log-likelihood cutoff on original alignment: -13725.063
NOTE: Bootstrap correlation coefficient of split occurrence frequencies: 0.996
Iteration 110 / LogL: -13644.740 / Time: 0h:13m:9s (0h:2m:59s left)
Estimate model parameters (epsilon = 0.100)
BETTER TREE FOUND at iteration 117: -13641.117
Iteration 120 / LogL: -14182.370 / Time: 0h:13m:31s (0h:3m:14s left)
Iteration 130 / LogL: -13671.624 / Time: 0h:13m:51s (0h:2m:54s left)
Iteration 140 / LogL: -13648.596 / Time: 0h:14m:11s (0h:2m:34s left)
Iteration 150 / LogL: -13648.569 / Time: 0h:14m:31s (0h:2m:14s left)
Log-likelihood cutoff on original alignment: -13725.063
Iteration 160 / LogL: -13642.873 / Time: 0h:14m:52s (0h:1m:54s left)
Iteration 170 / LogL: -13642.550 / Time: 0h:15m:12s (0h:1m:34s left)
Estimate model parameters (epsilon = 0.100)
BETTER TREE FOUND at iteration 180: -13640.939
Iteration 180 / LogL: -13640.939 / Time: 0h:15m:34s (0h:3m:21s left)
Iteration 190 / LogL: -13659.963 / Time: 0h:15m:53s (0h:3m:1s left)
Iteration 200 / LogL: -14025.010 / Time: 0h:16m:12s (0h:2m:40s left)
Log-likelihood cutoff on original alignment: -13725.063
NOTE: Bootstrap correlation coefficient of split occurrence frequencies: 0.997
Iteration 210 / LogL: -13643.908 / Time: 0h:16m:33s (0h:3m:1s left)
Iteration 220 / LogL: -13643.644 / Time: 0h:16m:54s (0h:2m:41s left)
Iteration 230 / LogL: -13642.909 / Time: 0h:17m:13s (0h:2m:20s left)
Iteration 240 / LogL: -13661.227 / Time: 0h:17m:33s (0h:2m:0s left)
Iteration 250 / LogL: -13652.662 / Time: 0h:17m:52s (0h:1m:40s left)
Log-likelihood cutoff on original alignment: -13725.063
Iteration 260 / LogL: -13648.492 / Time: 0h:18m:12s (0h:1m:20s left)
Iteration 270 / LogL: -13644.770 / Time: 0h:18m:31s (0h:1m:0s left)
Iteration 280 / LogL: -13659.944 / Time: 0h:18m:52s (0h:0m:40s left)
TREE SEARCH COMPLETED AFTER 281 ITERATIONS / Time: 0h:18m:54s

--------------------------------------------------------------------
|                    FINALIZING TREE SEARCH                        |
--------------------------------------------------------------------
Performs final model parameters optimization
Estimate model parameters (epsilon = 0.010)
1. Initial log-likelihood: -13640.939
2. Current log-likelihood: -13640.928
Optimal log-likelihood: -13640.923
Site proportion and rates:  (0.404,0.166) (0.251,0.538) (0.209,1.387) (0.083,2.628) (0.054,5.410)
Parameters optimization took 2 rounds (1.391 sec)
BEST SCORE FOUND : -13640.923
Creating bootstrap support values...
Split supports printed to NEXUS file gene_order/flagellar_trees/gene_trees/flim.splits.nex
Total tree length: 17.811

Total number of iterations: 281
CPU time used for tree search: 2189.917 sec (0h:36m:29s)
Wall-clock time used for tree search: 556.957 sec (0h:9m:16s)
Total CPU time used: 4493.385 sec (1h:14m:53s)
Total wall-clock time used: 1136.303 sec (0h:18m:56s)

Computing bootstrap consensus tree...
Reading input file gene_order/flagellar_trees/gene_trees/flim.splits.nex...
152 taxa and 849 splits.
Consensus tree written to gene_order/flagellar_trees/gene_trees/flim.contree
Reading input trees file gene_order/flagellar_trees/gene_trees/flim.contree
Log-likelihood of consensus tree: -13643.731

Analysis results written to: 
  IQ-TREE report:                gene_order/flagellar_trees/gene_trees/flim.iqtree
  Maximum-likelihood tree:       gene_order/flagellar_trees/gene_trees/flim.treefile
  Likelihood distances:          gene_order/flagellar_trees/gene_trees/flim.mldist

Ultrafast bootstrap approximation results written to:
  Split support values:          gene_order/flagellar_trees/gene_trees/flim.splits.nex
  Consensus tree:                gene_order/flagellar_trees/gene_trees/flim.contree
  Screen log file:               gene_order/flagellar_trees/gene_trees/flim.log

Date and Time: Sat Sep 26 10:17:38 2026
