IQ-TREE multicore version 2.4.0 for Linux x86 64-bit built Feb 12 2025
Developed by Bui Quang Minh, Nguyen Lam Tung, Olga Chernomor, Heiko Schmidt,
Dominik Schrempf, Michael Woodhams, Ly Trong Nhan, Thomas Wong

Host:    k125 (AVX512, FMA3, 377 GB RAM)
Command: iqtree2 -s gene_order/flagellar_trees/trimmed/flin.faa -m MFP -B 1000 -T 4 --prefix gene_order/flagellar_trees/gene_trees/flin
Seed:    953497 (Using SPRNG - Scalable Parallel Random Number Generator)
Time:    Sat Sep 26 09:58:36 2026
Kernel:  AVX+FMA - 4 threads (4 CPU cores detected)

Reading alignment file gene_order/flagellar_trees/trimmed/flin.faa ... Fasta format detected
Reading fasta file: done in 0.000219542 secs using 16.4% CPU
Alignment most likely contains protein sequences
Alignment has 145 sequences with 87 columns, 84 distinct patterns
73 parsimony-informative, 3 singleton sites, 11 constant sites
                 Gap/Ambiguity  Composition  p-value
Analyzing sequences: done in 0.00791952 secs using 287.9% CPU
   1  GCF_000012965.1    1.15%    passed     99.43%
   2  GCF_000021725.1    1.15%    passed     99.08%
   3  GCF_000024885.1    0.00%    passed     98.23%
   4  GCF_000092245.1    0.00%    passed     44.98%
   5  GCF_000147355.1    0.00%    passed     98.63%
   6  GCF_000155475.1    1.15%    passed     94.25%
   7  GCF_000162575.1    0.00%    passed     98.54%
   8  GCF_000183725.1    0.00%    passed     99.89%
   9  GCF_000196135.1    0.00%    passed     99.23%
  10  GCF_000200595.1    1.15%    passed     99.98%
  11  GCF_000242915.1    0.00%    passed     97.80%
  12  GCF_000254135.1    1.15%    passed    100.00%
  13  GCF_000259275.1    1.15%    passed     98.43%
  14  GCF_000265295.1    0.00%    passed     98.23%
  15  GCF_000445475.1    0.00%    passed     99.02%
  16  GCF_000507845.1    0.00%    passed     99.40%
  17  GCF_000518225.1    0.00%    passed     98.22%
  18  GCF_000568815.1    0.00%    passed     83.55%
  19  GCF_000597725.1    0.00%    passed     99.96%
  20  GCF_000686565.1    0.00%    passed     99.85%
  21  GCF_000687535.1    0.00%    passed     99.76%
  22  GCF_000736415.1    0.00%    passed     99.76%
  23  GCF_000762845.2    1.15%    passed     99.94%
  24  GCF_000762875.2    0.00%    passed     97.02%
  25  GCF_000763135.2    0.00%    passed     89.19%
  26  GCF_000765805.2    0.00%    failed      0.00%
  27  GCF_000765905.2    0.00%    passed     99.86%
  28  GCF_000813325.1    0.00%    passed     99.28%
  29  GCF_000816185.1    0.00%    passed     97.90%
  30  GCF_000816305.1    0.00%    passed     99.12%
  31  GCF_000816785.1    0.00%    passed     99.71%
  32  GCF_001282945.1    1.15%    passed     99.96%
  33  GCF_001283065.1    1.15%    passed     99.88%
  34  GCF_001298465.1    0.00%    passed    100.00%
  35  GCF_001457695.1    1.15%    passed    100.00%
  36  GCF_001602095.1    0.00%    passed     99.59%
  37  GCF_001687475.2    1.15%    passed    100.00%
  38  GCF_001693335.1    0.00%    passed     99.77%
  39  GCF_001723605.1    0.00%    passed     83.55%
  40  GCF_001956695.1    0.00%    passed     85.74%
  41  GCF_002021925.1    0.00%    passed     99.96%
  42  GCF_002080395.1    1.15%    passed     99.97%
  43  GCF_002104335.1    1.15%    passed    100.00%
  44  GCF_002139855.1    0.00%    passed     99.99%
  45  GCF_002139875.1    0.00%    passed    100.00%
  46  GCF_002139915.1    0.00%    passed     99.89%
  47  GCF_002139935.1    0.00%    passed    100.00%
  48  GCF_002238335.1    0.00%    passed     99.71%
  49  GCF_002335445.1    1.15%    passed     99.91%
  50  GCF_002837275.1    0.00%    passed     78.35%
  51  GCF_003063245.1    0.00%    passed     29.96%
  52  GCF_003063295.1    0.00%    passed     80.99%
  53  GCF_003245365.1    0.00%    passed     99.95%
  54  GCF_003316695.1    0.00%    passed     97.62%
  55  GCF_003346775.1    0.00%    passed     91.16%
  56  GCF_003346815.1    0.00%    passed     95.79%
  57  GCF_003355515.1    0.00%    passed     80.06%
  58  GCF_003364195.1    0.00%    passed     99.57%
  59  GCF_003364205.1    0.00%    passed     89.91%
  60  GCF_003364215.1    0.00%    passed     99.72%
  61  GCF_003364255.1    1.15%    passed     90.36%
  62  GCF_003364335.1    0.00%    passed     99.99%
  63  GCF_003544815.1    0.00%    passed     36.45%
  64  GCF_003544835.1    0.00%    passed     82.97%
  65  GCF_003544855.1    0.00%    passed     75.67%
  66  GCF_003544915.1    0.00%    passed     68.12%
  67  GCF_003544935.1    0.00%    passed     86.55%
  68  GCF_003660105.1    0.00%    passed     71.62%
  69  GCF_003660265.1    1.15%    passed     99.71%
  70  GCF_003660285.1    1.15%    passed     99.49%
  71  GCF_003660395.1    1.15%    passed     99.49%
  72  GCF_003667345.1    0.00%    passed     82.23%
  73  GCF_003670275.1    1.15%    passed     96.92%
  74  GCF_003752135.1    1.15%    passed     99.65%
  75  GCF_004214795.1    0.00%    passed     87.93%
  76  GCF_004214815.1    0.00%    passed     84.86%
  77  GCF_004299785.2    0.00%    passed     82.17%
  78  GCF_004323845.1    1.15%    passed     99.98%
  79  GCF_004803795.1    0.00%    passed     99.92%
  80  GCF_004803815.1    0.00%    passed     99.92%
  81  GCF_005217605.1    0.00%    passed     98.48%
  82  GCF_005406215.1    1.15%    passed    100.00%
  83  GCF_005406225.1    1.15%    passed    100.00%
  84  GCF_005771535.1    0.00%    passed     99.70%
  85  GCF_005843985.1    0.00%    passed     99.99%
  86  GCF_006459125.1    0.00%    passed     69.05%
  87  GCF_006864425.1    1.15%    passed     99.74%
  88  GCF_008245005.1    1.15%    passed     99.92%
  89  GCF_008245045.1    0.00%    passed     98.51%
  90  GCF_008693005.1    0.00%    passed     97.13%
  91  GCF_009068765.1    0.00%    passed     97.80%
  92  GCF_009192995.1    0.00%    passed     99.54%
  93  GCF_009258225.1    0.00%    passed     96.11%
  94  GCF_011769985.2    0.00%    passed     91.20%
  95  GCF_013177635.1    0.00%    passed     70.67%
  96  GCF_013177655.1    1.15%    passed     99.69%
  97  GCF_013201605.1    0.00%    passed     99.12%
  98  GCF_013201625.1    0.00%    passed     74.63%
  99  GCF_013201665.1    0.00%    passed     33.45%
 100  GCF_013201705.1    0.00%    passed     62.70%
 101  GCF_013201725.1    0.00%    passed     57.74%
 102  GCF_013201825.1    0.00%    passed     95.61%
 103  GCF_013201935.1    0.00%    passed     70.67%
 104  GCF_013283835.1    0.00%    passed     68.63%
 105  GCF_013372105.1    0.00%    passed     99.89%
 106  GCF_013372125.1    0.00%    passed     99.99%
 107  GCF_013372145.1    0.00%    passed     99.97%
 108  GCF_013372185.1    0.00%    passed     99.77%
 109  GCF_013372205.1    0.00%    passed     99.95%
 110  GCF_013372265.1    0.00%    passed     56.12%
 111  GCF_014253065.1    0.00%    passed     99.92%
 112  GCF_014905095.1    0.00%    passed     98.13%
 113  GCF_014905115.1    0.00%    passed     97.80%
 114  GCF_014905135.1    0.00%    passed     99.95%
 115  GCF_015265455.1    0.00%    passed     97.13%
 116  GCF_015265475.1    0.00%    passed     91.93%
 117  GCF_016106035.1    0.00%    passed     50.59%
 118  GCF_016593255.1    1.15%    passed     99.92%
 119  GCF_016806695.1    1.15%    passed    100.00%
 120  GCF_016937535.1    0.00%    passed     99.48%
 121  GCF_017357825.1    0.00%    passed     95.90%
 122  GCF_017979425.1    1.15%    passed     99.49%
 123  GCF_017979475.1    0.00%    passed     99.94%
 124  GCF_018145655.1    0.00%    passed     99.98%
 125  GCF_019711685.1    0.00%    passed     99.87%
 126  GCF_021300615.1    0.00%    passed     99.98%
 127  GCF_021300655.1    0.00%    passed     98.29%
 128  GCF_023646285.1    0.00%    passed     99.34%
 129  GCF_024267655.1    0.00%    passed     37.01%
 130  GCF_025770725.1    0.00%    passed     91.20%
 131  GCF_026000295.1    1.15%    passed     99.98%
 132  GCF_027859255.1    0.00%    passed     98.98%
 133  GCF_028649595.1    0.00%    failed      0.00%
 134  GCF_028751035.1    0.00%    passed     99.57%
 135  GCF_030249845.1    0.00%    passed     99.99%
 136  GCF_030296055.1    1.15%    passed     99.89%
 137  GCF_900115615.1    0.00%    passed     10.41%
 138  GCF_900187115.1    0.00%    passed     78.02%
 139  GCF_900461455.1    1.15%    passed     99.48%
 140  GCF_900475935.1    0.00%    passed     99.96%
 141  GCF_900476215.1    1.15%    passed     99.97%
 142  GCF_900478295.1    1.15%    passed     99.49%
 143  GCF_900637395.1    1.15%    passed     99.97%
 144  GCF_905120465.1    0.00%    passed     99.80%
 145  GCF_905120475.1    0.00%    passed     99.82%
****  TOTAL              0.28%  2 sequences failed composition chi2 test (p-value<5%; df=19)
NOTE: GCF_001457695.1 is identical to GCF_000254135.1 but kept for subsequent analysis
NOTE: GCF_001723605.1 is identical to GCF_000568815.1 but kept for subsequent analysis
NOTE: GCF_013201605.1 is identical to GCF_000816305.1 but kept for subsequent analysis
NOTE: GCF_900637395.1 is identical to GCF_002080395.1 but kept for subsequent analysis
NOTE: GCF_003660395.1 is identical to GCF_003660285.1 but kept for subsequent analysis
NOTE: GCF_004803815.1 is identical to GCF_004803795.1 but kept for subsequent analysis
NOTE: GCF_014905115.1 is identical to GCF_009068765.1 but kept for subsequent analysis
NOTE: GCF_025770725.1 is identical to GCF_011769985.2 but kept for subsequent analysis
NOTE: GCF_013201935.1 is identical to GCF_013177635.1 but kept for subsequent analysis
NOTE: 4 identical sequences (see below) will be ignored for subsequent analysis
NOTE: GCF_001687475.2 (identical to GCF_000254135.1) is ignored but added at the end
NOTE: GCF_016806695.1 (identical to GCF_000254135.1) is ignored but added at the end
NOTE: GCF_017979425.1 (identical to GCF_003660285.1) is ignored but added at the end
NOTE: GCF_014253065.1 (identical to GCF_004803795.1) is ignored but added at the end
Alignment was printed to gene_order/flagellar_trees/gene_trees/flin.uniqueseq.phy

For your convenience alignment with unique sequences printed to gene_order/flagellar_trees/gene_trees/flin.uniqueseq.phy


Create initial parsimony tree by phylogenetic likelihood library (PLL)... 0.016 seconds
Perform fast likelihood tree search using LG+I+G model...
Estimate model parameters (epsilon = 5.000)
Perform nearest neighbor interchange...
Estimate model parameters (epsilon = 1.000)
1. Initial log-likelihood: -3899.933
Optimal log-likelihood: -3899.912
Proportion of invariable sites: 0.052
Gamma shape alpha: 0.760
Parameters optimization took 1 rounds (0.059 sec)
Time for fast ML tree search: 0.765 seconds

NOTE: ModelFinder requires 23 MB RAM!
ModelFinder will test up to 1232 protein models (sample size: 87 epsilon: 0.100) ...
 No. Model         -LnL         df  AIC          AICc         BIC
  1  LG            4226.376     279 9010.752     165250.752   9698.740
  2  LG+I          4170.180     280 8900.361     166260.361   9590.815
  3  LG+G4         3900.671     280 8361.342     165721.342   9051.796
  4  LG+I+G4       3899.914     281 8361.829     166845.829   9054.749
  5  LG+R2         3946.961     281 8455.921     166939.921   9148.841
  6  LG+R3         3903.306     283 8372.611     169116.611   9070.463
  7  LG+R4         3894.421     285 8358.842     171378.842   9061.626
  8  LG+R5         3894.057     287 8362.113     173674.113   9069.829
 14  LG+I+R2       3936.681     282 8437.362     168049.362   9132.748
 15  LG+I+R3       3902.889     284 8373.779     170253.779   9074.097
 16  LG+I+R4       3894.821     286 8361.641     172525.641   9066.891
 17  LG+I+R5       3894.326     288 8364.652     174828.652   9074.834
 25  LG+F+G4       3891.773     299 8381.546     187781.546   9118.852
 26  LG+F+I+G4     3891.212     300 8382.423     188982.423   9122.196
 29  LG+F+R4       3885.757     304 8379.515     193819.515   9129.151
 47  WAG+G4        3968.240     280 8496.480     165856.480   9186.934
 48  WAG+I+G4      3967.230     281 8496.461     166980.461   9189.381
 51  WAG+R4        3960.450     285 8490.900     171510.900   9193.684
 69  WAG+F+G4      3958.853     299 8515.706     187915.706   9253.012
 70  WAG+F+I+G4    3958.274     300 8516.547     189116.547   9256.320
 73  WAG+F+R4      3953.366     304 8514.732     193954.732   9264.368
 91  JTT+G4        3930.057     280 8420.113     165780.113   9110.568
 92  JTT+I+G4      3928.824     281 8419.647     166903.647   9112.567
 95  JTT+R4        3922.008     285 8414.015     171434.015   9116.799
113  JTT+F+G4      3921.619     299 8441.239     187841.239   9178.546
114  JTT+F+I+G4    3920.440     300 8440.879     189040.879   9180.652
117  JTT+F+R4      3913.052     304 8434.103     193874.103   9183.739
WARNING: Normalizing state frequencies so that sum of them equals to 1
135  Q.pfam+G4     3916.903     280 8393.807     165753.807   9084.261
WARNING: Normalizing state frequencies so that sum of them equals to 1
136  Q.pfam+I+G4   3916.237     281 8394.475     166878.475   9087.395
WARNING: Normalizing state frequencies so that sum of them equals to 1
139  Q.pfam+R4     3910.332     285 8390.665     171410.665   9093.448
WARNING: Normalizing state frequencies so that sum of them equals to 1
157  Q.pfam+F+G4   3909.635     299 8417.270     187817.270   9154.576
WARNING: Normalizing state frequencies so that sum of them equals to 1
158  Q.pfam+F+I+G4 3909.332     300 8418.665     189018.665   9158.437
WARNING: Normalizing state frequencies so that sum of them equals to 1
161  Q.pfam+F+R4   3903.824     304 8415.648     193855.648   9165.284
WARNING: Normalizing state frequencies so that sum of them equals to 1
179  Q.bird+G4     3974.052     280 8508.104     165868.104   9198.558
WARNING: Normalizing state frequencies so that sum of them equals to 1
180  Q.bird+I+G4   3972.998     281 8507.997     166991.997   9200.917
WARNING: Normalizing state frequencies so that sum of them equals to 1
183  Q.bird+R4     3966.779     285 8503.559     171523.559   9206.343
WARNING: Normalizing state frequencies so that sum of them equals to 1
201  Q.bird+F+G4   3961.253     299 8520.506     187920.506   9257.813
WARNING: Normalizing state frequencies so that sum of them equals to 1
202  Q.bird+F+I+G4 3961.009     300 8522.018     189122.018   9261.790
WARNING: Normalizing state frequencies so that sum of them equals to 1
205  Q.bird+F+R4   3954.842     304 8517.684     193957.684   9267.320
WARNING: Normalizing state frequencies so that sum of them equals to 1
223  Q.mammal+G4   3962.820     280 8485.641     165845.641   9176.095
WARNING: Normalizing state frequencies so that sum of them equals to 1
224  Q.mammal+I+G4 3961.803     281 8485.606     166969.606   9178.526
WARNING: Normalizing state frequencies so that sum of them equals to 1
227  Q.mammal+R4   3954.969     285 8479.937     171499.937   9182.721
WARNING: Normalizing state frequencies so that sum of them equals to 1
245  Q.mammal+F+G4 3952.305     299 8502.610     187902.610   9239.917
WARNING: Normalizing state frequencies so that sum of them equals to 1
246  Q.mammal+F+I+G4 3952.083     300 8504.167     189104.167   9243.939
WARNING: Normalizing state frequencies so that sum of them equals to 1
249  Q.mammal+F+R4 3946.076     304 8500.152     193940.152   9249.788
267  Q.insect+G4   3872.501     280 8305.001     165665.001   8995.456
268  Q.insect+I+G4 3871.516     281 8305.032     166789.032   8997.952
271  Q.insect+R4   3864.069     285 8298.138     171318.138   9000.922
289  Q.insect+F+G4 3883.220     299 8364.441     187764.441   9101.747
290  Q.insect+F+I+G4 3882.522     300 8365.043     188965.043   9104.816
293  Q.insect+F+R4 3874.849     304 8357.699     193797.699   9107.335
WARNING: Normalizing state frequencies so that sum of them equals to 1
311  Q.plant+G4    3878.632     280 8317.264     165677.264   9007.719
WARNING: Normalizing state frequencies so that sum of them equals to 1
312  Q.plant+I+G4  3877.722     281 8317.444     166801.444   9010.365
WARNING: Normalizing state frequencies so that sum of them equals to 1
315  Q.plant+R4    3870.426     285 8310.852     171330.852   9013.636
WARNING: Normalizing state frequencies so that sum of them equals to 1
333  Q.plant+F+G4  3883.948     299 8365.896     187765.896   9103.203
WARNING: Normalizing state frequencies so that sum of them equals to 1
334  Q.plant+F+I+G4 3883.438     300 8366.876     188966.876   9106.648
WARNING: Normalizing state frequencies so that sum of them equals to 1
337  Q.plant+F+R4  3875.999     304 8359.998     193799.998   9109.634
WARNING: Normalizing state frequencies so that sum of them equals to 1
355  Q.yeast+G4    3880.747     280 8321.494     165681.494   9011.948
WARNING: Normalizing state frequencies so that sum of them equals to 1
356  Q.yeast+I+G4  3879.686     281 8321.371     166805.371   9014.291
WARNING: Normalizing state frequencies so that sum of them equals to 1
359  Q.yeast+R4    3873.612     285 8317.225     171337.225   9020.009
WARNING: Normalizing state frequencies so that sum of them equals to 1
377  Q.yeast+F+G4  3884.500     299 8367.000     187767.000   9104.307
WARNING: Normalizing state frequencies so that sum of them equals to 1
378  Q.yeast+F+I+G4 3883.925     300 8367.849     188967.849   9107.622
WARNING: Normalizing state frequencies so that sum of them equals to 1
381  Q.yeast+F+R4  3877.754     304 8363.508     193803.508   9113.144
399  JTTDCMut+G4   3930.123     280 8420.246     165780.246   9110.701
400  JTTDCMut+I+G4 3928.887     281 8419.774     166903.774   9112.694
403  JTTDCMut+R4   3921.356     285 8412.712     171432.712   9115.496
421  JTTDCMut+F+G4 3920.419     299 8438.838     187838.838   9176.144
422  JTTDCMut+F+I+G4 3919.200     300 8438.400     189038.400   9178.173
425  JTTDCMut+F+R4 3911.584     304 8431.168     193871.168   9180.804
443  DCMut+G4      3998.706     280 8557.412     165917.412   9247.867
444  DCMut+I+G4    3997.236     281 8556.471     167040.471   9249.391
447  DCMut+R4      3989.056     285 8548.112     171568.112   9250.896
465  DCMut+F+G4    3976.205     299 8550.411     187950.411   9287.717
466  DCMut+F+I+G4  3974.788     300 8549.576     189149.576   9289.348
469  DCMut+F+R4    3965.994     304 8539.987     193979.987   9289.623
487  VT+G4         3991.742     280 8543.484     165903.484   9233.938
488  VT+I+G4       3990.801     281 8543.601     167027.601   9236.521
491  VT+R4         3985.248     285 8540.496     171560.496   9243.279
509  VT+F+G4       3983.056     299 8564.112     187964.112   9301.419
510  VT+F+I+G4     3982.343     300 8564.685     189164.685   9304.457
513  VT+F+R4       3977.321     304 8562.642     194002.642   9312.278
531  PMB+G4        4047.466     280 8654.932     166014.932   9345.386
532  PMB+I+G4      4047.064     281 8656.129     167140.129   9349.049
535  PMB+R4        4041.378     285 8652.755     171672.755   9355.539
553  PMB+F+G4      4035.667     299 8669.335     188069.335   9406.641
554  PMB+F+I+G4    4035.475     300 8670.950     189270.950   9410.722
557  PMB+F+R4      4030.564     304 8669.127     194109.127   9418.763
575  Blosum62+G4   4041.846     280 8643.693     166003.693   9334.147
576  Blosum62+I+G4 4041.190     281 8644.379     167128.379   9337.299
579  Blosum62+R4   4035.189     285 8640.379     171660.379   9343.162
597  Blosum62+F+G4 4035.578     299 8669.156     188069.156   9406.462
598  Blosum62+F+I+G4 4035.185     300 8670.370     189270.370   9410.142
601  Blosum62+F+R4 4030.332     304 8668.665     194108.665   9418.301
619  Dayhoff+G4    3997.628     280 8555.256     165915.256   9245.710
620  Dayhoff+I+G4  3996.168     281 8554.336     167038.336   9247.256
623  Dayhoff+R4    3988.007     285 8546.014     171566.014   9248.798
641  Dayhoff+F+G4  3975.266     299 8548.533     187948.533   9285.840
642  Dayhoff+F+I+G4 3973.854     300 8547.708     189147.708   9287.480
645  Dayhoff+F+R4  3965.074     304 8538.149     193978.149   9287.785
663  mtREV+G4      4110.764     280 8781.528     166141.528   9471.982
664  mtREV+I+G4    4110.816     281 8783.631     167267.631   9476.551
667  mtREV+R4      4105.114     285 8780.229     171800.229   9483.013
685  mtREV+F+G4    3984.927     299 8567.854     187967.854   9305.161
686  mtREV+F+I+G4  3984.717     300 8569.434     189169.434   9309.207
689  mtREV+F+R4    3979.180     304 8566.360     194006.360   9315.996
707  mtART+G4      4090.629     280 8741.259     166101.259   9431.713
708  mtART+I+G4    4090.715     281 8743.430     167227.430   9436.350
711  mtART+R4      4077.922     285 8725.844     171745.844   9428.628
729  mtART+F+G4    4004.602     299 8607.204     188007.204   9344.511
730  mtART+F+I+G4  4004.610     300 8609.221     189209.221   9348.993
733  mtART+F+R4    3993.194     304 8594.388     194034.388   9344.025
751  mtZOA+G4      4004.671     280 8569.343     165929.343   9259.797
752  mtZOA+I+G4    4004.669     281 8571.338     167055.338   9264.258
755  mtZOA+R4      3995.612     285 8561.225     171581.225   9264.008
773  mtZOA+F+G4    3944.243     299 8486.486     187886.486   9223.792
774  mtZOA+F+I+G4  3944.016     300 8488.032     189088.032   9227.804
777  mtZOA+F+R4    3932.950     304 8473.901     193913.901   9223.537
795  mtMet+G4      4083.908     280 8727.817     166087.817   9418.271
796  mtMet+I+G4    4083.847     281 8729.693     167213.693   9422.613
799  mtMet+R4      4075.106     285 8720.212     171740.212   9422.996
817  mtMet+F+G4    3977.265     299 8552.531     187952.531   9289.837
818  mtMet+F+I+G4  3976.907     300 8553.814     189153.814   9293.586
821  mtMet+F+R4    3964.478     304 8536.956     193976.956   9286.592
839  mtVer+G4      4124.665     280 8809.330     166169.330   9499.784
840  mtVer+I+G4    4124.710     281 8811.419     167295.419   9504.339
843  mtVer+R4      4114.396     285 8798.793     171818.793   9501.577
861  mtVer+F+G4    4033.574     299 8665.148     188065.148   9402.455
862  mtVer+F+I+G4  4033.284     300 8666.568     189266.568   9406.340
865  mtVer+F+R4    4021.489     304 8650.978     194090.978   9400.614
883  mtInv+G4      4100.205     280 8760.409     166120.409   9450.863
884  mtInv+I+G4    4099.983     281 8761.965     167245.965   9454.885
887  mtInv+R4      4091.468     285 8752.936     171772.936   9455.720
905  mtInv+F+G4    3961.014     299 8520.029     187920.029   9257.335
906  mtInv+F+I+G4  3960.419     300 8520.838     189120.838   9260.611
909  mtInv+F+R4    3948.884     304 8505.768     193945.768   9255.404
927  mtMAM+G4      4137.888     280 8835.775     166195.775   9526.230
928  mtMAM+I+G4    4138.083     281 8838.166     167322.166   9531.087
931  mtMAM+R4      4128.535     285 8827.070     171847.070   9529.854
949  mtMAM+F+G4    4032.307     299 8662.614     188062.614   9399.921
950  mtMAM+F+I+G4  4032.161     300 8664.322     189264.322   9404.094
953  mtMAM+F+R4    4028.073     304 8664.146     194104.146   9413.782
WARNING: Normalizing state frequencies so that sum of them equals to 1
971  FLAVI+G4      4020.224     280 8600.448     165960.448   9290.902
WARNING: Normalizing state frequencies so that sum of them equals to 1
972  FLAVI+I+G4    4019.876     281 8601.753     167085.753   9294.673
WARNING: Normalizing state frequencies so that sum of them equals to 1
975  FLAVI+R4      4019.094     285 8608.188     171628.188   9310.972
WARNING: Normalizing state frequencies so that sum of them equals to 1
993  FLAVI+F+G4    4020.950     299 8639.900     188039.900   9377.206
WARNING: Normalizing state frequencies so that sum of them equals to 1
994  FLAVI+F+I+G4  4020.277     300 8640.554     189240.554   9380.326
WARNING: Normalizing state frequencies so that sum of them equals to 1
997  FLAVI+F+R4    4024.327     304 8656.654     194096.654   9406.290
1015  HIVb+G4       3999.556     280 8559.113     165919.113   9249.567
1016  HIVb+I+G4     3998.904     281 8559.808     167043.808   9252.728
1019  HIVb+R4       3988.762     285 8547.524     171567.524   9250.308
1037  HIVb+F+G4     3983.255     299 8564.510     187964.510   9301.817
1038  HIVb+F+I+G4   3982.181     300 8564.361     189164.361   9304.134
1041  HIVb+F+R4     3976.127     304 8560.254     194000.254   9309.890
1059  HIVw+G4       4169.704     280 8899.408     166259.408   9589.862
1060  HIVw+I+G4     4168.202     281 8898.404     167382.404   9591.324
1063  HIVw+R4       4154.238     285 8878.476     171898.476   9581.259
1081  HIVw+F+G4     4138.919     299 8875.837     188275.837   9613.144
1082  HIVw+F+I+G4   4135.317     300 8870.635     189470.635   9610.407
1085  HIVw+F+R4     4127.139     304 8862.278     194302.278   9611.914
1103  FLU+G4        3957.562     280 8475.124     165835.124   9165.578
1104  FLU+I+G4      3956.418     281 8474.835     166958.835   9167.755
1107  FLU+R4        3946.188     285 8462.376     171482.376   9165.160
1125  FLU+F+G4      3981.236     299 8560.472     187960.472   9297.778
1126  FLU+F+I+G4    3981.346     300 8562.693     189162.693   9302.465
1129  FLU+F+R4      3976.364     304 8560.728     194000.728   9310.364
1147  rtREV+G4      3963.238     280 8486.476     165846.476   9176.931
1148  rtREV+I+G4    3962.497     281 8486.995     166970.995   9179.915
1151  rtREV+R4      3954.924     285 8479.849     171499.849   9182.632
1169  rtREV+F+G4    3919.024     299 8436.048     187836.048   9173.355
1170  rtREV+F+I+G4  3918.460     300 8436.920     189036.920   9176.693
1173  rtREV+F+R4    3911.499     304 8430.998     193870.998   9180.634
1191  cpREV+G4      3974.254     280 8508.507     165868.507   9198.961
1192  cpREV+I+G4    3972.873     281 8507.746     166991.746   9200.667
1195  cpREV+R4      3958.772     285 8487.544     171507.544   9190.328
1213  cpREV+F+G4    3995.403     299 8588.805     187988.805   9326.112
1214  cpREV+F+I+G4  3994.096     300 8588.191     189188.191   9327.963
1217  cpREV+F+R4    3980.556     304 8569.113     194009.113   9318.749
Akaike Information Criterion:           Q.insect+R4
Corrected Akaike Information Criterion: LG
Bayesian Information Criterion:         Q.insect+G4
Best-fit model: Q.insect+G4 chosen according to BIC

All model information printed to gene_order/flagellar_trees/gene_trees/flin.model.gz
CPU time for ModelFinder: 354.290 seconds (0h:5m:54s)
Wall-clock time for ModelFinder: 89.189 seconds (0h:1m:29s)
WARNING: States(s) W rarely appear in alignment and may cause numerical problems
Generating 1000 samples for ultrafast bootstrap (seed: 953497)...

NOTE: 9 MB RAM (0 GB) is required!
Estimate model parameters (epsilon = 0.100)
1. Initial log-likelihood: -3897.118
2. Current log-likelihood: -3874.749
3. Current log-likelihood: -3872.565
Optimal log-likelihood: -3872.504
Gamma shape alpha: 0.649
Parameters optimization took 3 rounds (0.235 sec)
Wrote distance file to... 
Computing ML distances based on estimated model parameters...
Calculating distance matrix: done in 0.756633 secs using 398.5% CPU
Computing ML distances took 0.756786 sec (of wall-clock time) 3.015546 sec (of CPU time)
Setting up auxiliary I and S matrices: done in 0.000538793 secs using 207.1% CPU
Computing RapidNJ tree took 0.384849 sec (of wall-clock time) 0.374873 sec (of CPU time)
Log-likelihood of RapidNJ tree: -3995.261
--------------------------------------------------------------------
|             INITIALIZING CANDIDATE TREE SET                      |
--------------------------------------------------------------------
Generating 98 parsimony trees... 1.725 second
Computing log-likelihood of 98 initial trees ... 2.291 seconds
Current best score: -3872.504

Do NNI search on 20 best initial trees
Estimate model parameters (epsilon = 0.100)
BETTER TREE FOUND at iteration 1: -3870.988
Estimate model parameters (epsilon = 0.100)
BETTER TREE FOUND at iteration 2: -3866.582
Iteration 10 / LogL: -3869.907 / Time: 0h:1m:42s
Iteration 20 / LogL: -3883.015 / Time: 0h:1m:51s
Finish initializing candidate tree set (20)
Current best tree score: -3866.582 / CPU time: 20.761
Number of iterations: 20
--------------------------------------------------------------------
|               OPTIMIZING CANDIDATE TREE SET                      |
--------------------------------------------------------------------
Estimate model parameters (epsilon = 0.100)
BETTER TREE FOUND at iteration 24: -3866.469
Estimate model parameters (epsilon = 0.100)
BETTER TREE FOUND at iteration 27: -3863.267
Iteration 30 / LogL: -3901.532 / Time: 0h:2m:1s (0h:1m:48s left)
Iteration 40 / LogL: -3868.458 / Time: 0h:2m:10s (0h:1m:31s left)
BETTER TREE FOUND at iteration 42: -3863.267
Estimate model parameters (epsilon = 0.100)
BETTER TREE FOUND at iteration 43: -3861.854
Estimate model parameters (epsilon = 0.100)
BETTER TREE FOUND at iteration 44: -3861.617
Iteration 50 / LogL: -3862.781 / Time: 0h:2m:18s (0h:1m:35s left)
Log-likelihood cutoff on original alignment: -3918.584
Iteration 60 / LogL: -3870.433 / Time: 0h:2m:28s (0h:1m:24s left)
Estimate model parameters (epsilon = 0.100)
BETTER TREE FOUND at iteration 64: -3860.540
Iteration 70 / LogL: -3874.820 / Time: 0h:2m:38s (0h:1m:33s left)
Iteration 80 / LogL: -3865.370 / Time: 0h:2m:47s (0h:1m:22s left)
Iteration 90 / LogL: -3864.190 / Time: 0h:2m:55s (0h:1m:12s left)
Estimate model parameters (epsilon = 0.100)
BETTER TREE FOUND at iteration 99: -3860.460
Iteration 100 / LogL: -3868.531 / Time: 0h:3m:5s (0h:1m:35s left)
Log-likelihood cutoff on original alignment: -3918.584
NOTE: Bootstrap correlation coefficient of split occurrence frequencies: 0.996
Iteration 110 / LogL: -3884.098 / Time: 0h:3m:14s (0h:1m:27s left)
Estimate model parameters (epsilon = 0.100)
BETTER TREE FOUND at iteration 117: -3860.368
Iteration 120 / LogL: -3888.201 / Time: 0h:3m:24s (0h:1m:33s left)
Iteration 130 / LogL: -3871.743 / Time: 0h:3m:32s (0h:1m:23s left)
Iteration 140 / LogL: -3864.063 / Time: 0h:3m:41s (0h:1m:13s left)
Iteration 150 / LogL: -3870.362 / Time: 0h:3m:52s (0h:1m:4s left)
Log-likelihood cutoff on original alignment: -3918.584
Iteration 160 / LogL: -3877.884 / Time: 0h:4m:1s (0h:0m:54s left)
Iteration 170 / LogL: -3873.823 / Time: 0h:4m:9s (0h:0m:44s left)
Iteration 180 / LogL: -3874.738 / Time: 0h:4m:18s (0h:0m:35s left)
Iteration 190 / LogL: -3863.174 / Time: 0h:4m:27s (0h:0m:25s left)
Iteration 200 / LogL: -3864.181 / Time: 0h:4m:38s (0h:0m:16s left)
Log-likelihood cutoff on original alignment: -3918.584
NOTE: Bootstrap correlation coefficient of split occurrence frequencies: 0.994
Iteration 210 / LogL: -3887.852 / Time: 0h:4m:47s (0h:1m:25s left)
TREE SEARCH COMPLETED AFTER 218 ITERATIONS / Time: 0h:4m:55s

--------------------------------------------------------------------
|                    FINALIZING TREE SEARCH                        |
--------------------------------------------------------------------
Performs final model parameters optimization
Estimate model parameters (epsilon = 0.010)
1. Initial log-likelihood: -3860.368
Optimal log-likelihood: -3860.368
Gamma shape alpha: 0.620
Parameters optimization took 1 rounds (0.055 sec)
BEST SCORE FOUND : -3860.368
Creating bootstrap support values...
Split supports printed to NEXUS file gene_order/flagellar_trees/gene_trees/flin.splits.nex
Total tree length: 17.941

Total number of iterations: 218
CPU time used for tree search: 797.888 sec (0h:13m:17s)
Wall-clock time used for tree search: 205.027 sec (0h:3m:25s)
Total CPU time used: 1157.696 sec (0h:19m:17s)
Total wall-clock time used: 296.135 sec (0h:4m:56s)

Computing bootstrap consensus tree...
Reading input file gene_order/flagellar_trees/gene_trees/flin.splits.nex...
141 taxa and 1040 splits.
Consensus tree written to gene_order/flagellar_trees/gene_trees/flin.contree
Reading input trees file gene_order/flagellar_trees/gene_trees/flin.contree
Log-likelihood of consensus tree: -3862.600

Analysis results written to: 
  IQ-TREE report:                gene_order/flagellar_trees/gene_trees/flin.iqtree
  Maximum-likelihood tree:       gene_order/flagellar_trees/gene_trees/flin.treefile
  Likelihood distances:          gene_order/flagellar_trees/gene_trees/flin.mldist

Ultrafast bootstrap approximation results written to:
  Split support values:          gene_order/flagellar_trees/gene_trees/flin.splits.nex
  Consensus tree:                gene_order/flagellar_trees/gene_trees/flin.contree
  Screen log file:               gene_order/flagellar_trees/gene_trees/flin.log

Date and Time: Sat Sep 26 10:03:33 2026
