IQ-TREE multicore version 2.4.0 for Linux x86 64-bit built Feb 12 2025
Developed by Bui Quang Minh, Nguyen Lam Tung, Olga Chernomor, Heiko Schmidt,
Dominik Schrempf, Michael Woodhams, Ly Trong Nhan, Thomas Wong

Host:    k181 (AVX512, FMA3, 503 GB RAM)
Command: iqtree2 -s gene_order/flagellar_trees/trimmed/flir.faa -m MFP -B 1000 -T 4 --prefix gene_order/flagellar_trees/gene_trees/flir
Seed:    495137 (Using SPRNG - Scalable Parallel Random Number Generator)
Time:    Sat Sep 26 09:58:38 2026
Kernel:  AVX+FMA - 4 threads (4 CPU cores detected)

Reading alignment file gene_order/flagellar_trees/trimmed/flir.faa ... Fasta format detected
Reading fasta file: done in 0.000328399 secs using 87.7% CPU
Alignment most likely contains protein sequences
Alignment has 153 sequences with 194 columns, 193 distinct patterns
188 parsimony-informative, 1 singleton sites, 5 constant sites
                 Gap/Ambiguity  Composition  p-value
Analyzing sequences: done in 0.00699066 secs using 298.1% CPU
   1  GCF_000012965.1    0.52%    passed     64.94%
   2  GCF_000021725.1    0.52%    passed     76.99%
   3  GCF_000024885.1    0.52%    passed     75.20%
   4  GCF_000092245.1    0.52%    passed     18.71%
   5  GCF_000147355.1    0.52%    passed     73.22%
   6  GCF_000155475.1    0.52%    passed     99.75%
   7  GCF_000162575.1    0.52%    passed     64.45%
   8  GCF_000183725.1    0.52%    passed     92.45%
   9  GCF_000194135.1    0.52%    passed      7.55%
  10  GCF_000196135.1    0.52%    passed     97.08%
  11  GCF_000200595.1    0.52%    passed     95.67%
  12  GCF_000242915.1    0.52%    passed     81.52%
  13  GCF_000254135.1    0.52%    passed     95.68%
  14  GCF_000259275.1    0.52%    failed      1.55%
  15  GCF_000265295.1    0.52%    passed     43.40%
  16  GCF_000420385.1    0.52%    passed     13.97%
  17  GCF_000445475.1    0.52%    passed     99.71%
  18  GCF_000507845.1    0.52%    passed     99.86%
  19  GCF_000518225.1    0.52%    passed     72.73%
  20  GCF_000568815.1    0.52%    passed     76.57%
  21  GCF_000597725.1    0.52%    passed     86.73%
  22  GCF_000686565.1    0.52%    passed     98.35%
  23  GCF_000687535.1    0.52%    passed     67.23%
  24  GCF_000736415.1    0.52%    passed     99.37%
  25  GCF_000744435.1    0.52%    failed      0.74%
  26  GCF_000762845.2    0.52%    passed     99.09%
  27  GCF_000762875.2    0.52%    passed     82.37%
  28  GCF_000763135.2    0.52%    passed     99.98%
  29  GCF_000765805.2    0.52%    passed     99.76%
  30  GCF_000765905.2    0.52%    passed     92.23%
  31  GCF_000813325.1    0.52%    passed     85.54%
  32  GCF_000816185.1    0.52%    passed     99.31%
  33  GCF_000816305.1    0.52%    passed     99.79%
  34  GCF_000816785.1    0.52%    passed     98.53%
  35  GCF_001282945.1    0.52%    passed     60.99%
  36  GCF_001283065.1    0.52%    passed     10.35%
  37  GCF_001298465.1    0.52%    passed     90.27%
  38  GCF_001457695.1    0.52%    passed     94.08%
  39  GCF_001602095.1    0.52%    passed     92.57%
  40  GCF_001687475.2    0.52%    passed     73.49%
  41  GCF_001693335.1    0.52%    passed     75.66%
  42  GCF_001723605.1    0.52%    passed     67.11%
  43  GCF_001956695.1    0.52%    passed     41.73%
  44  GCF_002021925.1    0.52%    passed     71.67%
  45  GCF_002080395.1    0.52%    passed     99.99%
  46  GCF_002104335.1    0.52%    passed     95.75%
  47  GCF_002119425.1    0.52%    passed     27.08%
  48  GCF_002139855.1    0.52%    passed     91.63%
  49  GCF_002139875.1    0.52%    passed     95.17%
  50  GCF_002139915.1    0.52%    passed     87.95%
  51  GCF_002139935.1    0.52%    passed     88.94%
  52  GCF_002238335.1    0.52%    passed     99.84%
  53  GCF_002335445.1    0.52%    passed     79.69%
  54  GCF_002837275.1    0.52%    passed      7.22%
  55  GCF_003063245.1    0.52%    passed     86.61%
  56  GCF_003063295.1    0.52%    passed     87.33%
  57  GCF_003245365.1    0.52%    passed     97.30%
  58  GCF_003316695.1    0.52%    passed     81.58%
  59  GCF_003346775.1    0.52%    passed     43.91%
  60  GCF_003346815.1    0.00%    passed     72.54%
  61  GCF_003355515.1    0.52%    passed     46.05%
  62  GCF_003364195.1    0.52%    passed     97.24%
  63  GCF_003364205.1    0.52%    passed     99.97%
  64  GCF_003364215.1    0.52%    passed     99.86%
  65  GCF_003364255.1    0.52%    passed     99.98%
  66  GCF_003364335.1    0.52%    passed     98.85%
  67  GCF_003544815.1    0.52%    passed     63.99%
  68  GCF_003544835.1    0.52%    passed     53.25%
  69  GCF_003544855.1    0.52%    passed     24.82%
  70  GCF_003544915.1    0.52%    passed     50.39%
  71  GCF_003544935.1    0.52%    passed     39.79%
  72  GCF_003660105.1    0.52%    passed     66.85%
  73  GCF_003660265.1    0.52%    passed     91.02%
  74  GCF_003660285.1    0.52%    passed     92.06%
  75  GCF_003660395.1    0.52%    passed     92.59%
  76  GCF_003667345.1    0.52%    passed     76.83%
  77  GCF_003670275.1    0.52%    passed     99.71%
  78  GCF_003752135.1    0.52%    passed     73.84%
  79  GCF_004214795.1    0.52%    passed     91.66%
  80  GCF_004214815.1    0.52%    passed     89.30%
  81  GCF_004299785.2    0.52%    passed     89.09%
  82  GCF_004323845.1    0.52%    passed     97.70%
  83  GCF_004803795.1    0.52%    passed     98.26%
  84  GCF_004803815.1    0.52%    passed     97.82%
  85  GCF_005217605.1    0.52%    passed     74.68%
  86  GCF_005406215.1    0.52%    passed     84.20%
  87  GCF_005406225.1    0.52%    passed     88.70%
  88  GCF_005771535.1    0.52%    passed     47.66%
  89  GCF_005843985.1    0.52%    passed     55.44%
  90  GCF_006459125.1    0.52%    passed     61.33%
  91  GCF_006864425.1    0.52%    passed     99.67%
  92  GCF_008245005.1    0.52%    passed     63.02%
  93  GCF_008245045.1    0.52%    passed     99.94%
  94  GCF_008693005.1    0.52%    passed    100.00%
  95  GCF_009068765.1    0.52%    passed     82.76%
  96  GCF_009192995.1    0.52%    passed     62.07%
  97  GCF_009258225.1    0.52%    passed     87.83%
  98  GCF_011769985.2    0.52%    passed     92.38%
  99  GCF_013177635.1    0.52%    passed     67.98%
 100  GCF_013177655.1    0.52%    passed     78.57%
 101  GCF_013201605.1    0.52%    passed     98.41%
 102  GCF_013201625.1    0.52%    passed     72.43%
 103  GCF_013201665.1    0.52%    passed     85.59%
 104  GCF_013201705.1    0.52%    passed     66.40%
 105  GCF_013201725.1    0.52%    passed     69.06%
 106  GCF_013201825.1    0.52%    passed     89.53%
 107  GCF_013201935.1    0.52%    passed     61.98%
 108  GCF_013283835.1    0.52%    passed     45.18%
 109  GCF_013372105.1    0.52%    passed     99.09%
 110  GCF_013372125.1    0.52%    passed     89.10%
 111  GCF_013372145.1    0.52%    passed     99.74%
 112  GCF_013372185.1    0.52%    passed     99.77%
 113  GCF_013372205.1    0.52%    passed     77.08%
 114  GCF_013372265.1    0.52%    passed     64.61%
 115  GCF_014253065.1    0.52%    passed     97.82%
 116  GCF_014466985.1    1.03%    passed     11.21%
 117  GCF_014905095.1    0.52%    passed     94.40%
 118  GCF_014905115.1    0.52%    passed     80.95%
 119  GCF_014905135.1    0.52%    passed     80.42%
 120  GCF_015100395.1    1.03%    passed     82.70%
 121  GCF_015265455.1    0.52%    passed     78.16%
 122  GCF_015265475.1    0.52%    passed     68.23%
 123  GCF_016106035.1    0.52%    passed     76.26%
 124  GCF_016593255.1    0.52%    passed     91.68%
 125  GCF_016806695.1    0.52%    passed     98.53%
 126  GCF_016937535.1    0.52%    passed     54.74%
 127  GCF_017357825.1    0.52%    passed     97.52%
 128  GCF_017979425.1    0.52%    passed     93.80%
 129  GCF_017979475.1    0.52%    passed     61.57%
 130  GCF_018145655.1    0.52%    passed     85.59%
 131  GCF_019711685.1    0.52%    passed     83.38%
 132  GCF_021300615.1    0.52%    passed     72.36%
 133  GCF_021300655.1    0.52%    passed     72.20%
 134  GCF_023646285.1    0.52%    passed     78.95%
 135  GCF_024267655.1    0.52%    passed     40.07%
 136  GCF_025770725.1    0.52%    passed     95.30%
 137  GCF_026000295.1    0.52%    passed     54.46%
 138  GCF_027859255.1    0.52%    passed     92.44%
 139  GCF_027943725.1    1.03%    passed     18.57%
 140  GCF_027946175.1    1.03%    passed     43.60%
 141  GCF_028649595.1    0.52%    passed     88.80%
 142  GCF_028751035.1    0.52%    passed     83.86%
 143  GCF_030249845.1    0.52%    passed     91.90%
 144  GCF_030296055.1    0.52%    passed     98.57%
 145  GCF_900115615.1    0.52%    passed     99.63%
 146  GCF_900187115.1    0.52%    passed     89.01%
 147  GCF_900461455.1    0.52%    failed      2.03%
 148  GCF_900475935.1    0.52%    passed     98.58%
 149  GCF_900476215.1    0.52%    passed     95.35%
 150  GCF_900478295.1    0.52%    failed      2.87%
 151  GCF_900637395.1    0.52%    passed     99.97%
 152  GCF_905120465.1    0.52%    passed     76.11%
 153  GCF_905120475.1    0.52%    passed     84.92%
****  TOTAL              0.53%  4 sequences failed composition chi2 test (p-value<5%; df=19)
NOTE: GCF_014253065.1 is identical to GCF_004803815.1 but kept for subsequent analysis


Create initial parsimony tree by phylogenetic likelihood library (PLL)... 0.013 seconds
Perform fast likelihood tree search using LG+I+G model...
Estimate model parameters (epsilon = 5.000)
Perform nearest neighbor interchange...
Estimate model parameters (epsilon = 1.000)
1. Initial log-likelihood: -18553.934
Optimal log-likelihood: -18553.907
Proportion of invariable sites: 0.011
Gamma shape alpha: 1.261
Parameters optimization took 1 rounds (0.100 sec)
Time for fast ML tree search: 1.080 seconds

NOTE: ModelFinder requires 51 MB RAM!
ModelFinder will test up to 1232 protein models (sample size: 194 epsilon: 0.100) ...
 No. Model         -LnL         df  AIC          AICc         BIC
  1  LG            19281.197    303 39168.393    223392.393   40158.554
  2  LG+I          19243.924    304 39095.848    224535.848   40089.277
  3  LG+G4         18555.415    304 37718.830    223158.830   38712.259
  4  LG+I+G4       18553.907    305 37717.815    224377.815   38714.511
  5  LG+R2         18701.231    305 38012.461    224672.461   39009.158
  6  LG+R3         18568.820    307 37751.639    226863.639   38754.872
  7  LG+R4         18540.616    309 37699.232    229279.232   38709.000
  8  LG+R5         18531.387    311 37684.774    231748.774   38701.078
  9  LG+R6         18529.193    313 37684.386    234248.386   38707.225
 14  LG+I+R2       18694.850    306 38001.699    225885.699   39001.664
 15  LG+I+R3       18564.978    308 37745.955    228089.955   38752.455
 16  LG+I+R4       18540.701    310 37701.402    230521.402   38714.438
 17  LG+I+R5       18531.804    312 37687.608    232999.608   38707.179
 18  LG+I+R6       18529.573    314 37687.146    235507.146   38713.253
 29  LG+F+R4       18315.190    328 37286.380    253110.380   38358.238
 30  LG+F+R5       18302.437    330 37264.875    255724.875   38343.268
 31  LG+F+R6       18297.305    332 37258.611    258370.611   38343.539
 39  LG+F+I+R5     18303.309    331 37268.617    257052.617   38350.278
 51  WAG+R4        18920.670    309 38459.340    230039.340   39469.108
 52  WAG+R5        18915.720    311 38453.439    232517.439   39469.743
 61  WAG+I+R5      18913.974    312 38451.948    233763.948   39471.520
 73  WAG+F+R4      18511.970    328 37679.939    253503.939   38751.797
 74  WAG+F+R5      18496.075    330 37652.150    256112.150   38730.543
 75  WAG+F+R6      18493.815    332 37651.631    258763.631   38736.560
 83  WAG+F+I+R5    18496.690    331 37655.380    257439.380   38737.041
 95  JTT+R4        18839.397    309 38296.794    229876.794   39306.562
 96  JTT+R5        18835.906    311 38293.811    232357.811   39310.115
105  JTT+I+R5      18834.854    312 38293.709    233605.709   39313.281
117  JTT+F+R4      18494.063    328 37644.125    253468.125   38715.983
118  JTT+F+R5      18465.307    330 37590.615    256050.615   38669.008
119  JTT+F+R6      18463.833    332 37591.665    258703.665   38676.594
127  JTT+F+I+R5    18465.920    331 37593.839    257377.839   38675.501
WARNING: Normalizing state frequencies so that sum of them equals to 1
139  Q.pfam+R4     18583.985    309 37785.970    229365.970   38795.739
WARNING: Normalizing state frequencies so that sum of them equals to 1
140  Q.pfam+R5     18575.524    311 37773.047    231837.047   38789.351
WARNING: Normalizing state frequencies so that sum of them equals to 1
141  Q.pfam+R6     18573.348    313 37772.696    234336.696   38795.536
WARNING: Normalizing state frequencies so that sum of them equals to 1
149  Q.pfam+I+R5   18575.985    312 37775.970    233087.970   38795.542
WARNING: Normalizing state frequencies so that sum of them equals to 1
161  Q.pfam+F+R4   18385.975    328 37427.951    253251.951   38499.808
WARNING: Normalizing state frequencies so that sum of them equals to 1
162  Q.pfam+F+R5   18373.141    330 37406.281    255866.281   38484.674
WARNING: Normalizing state frequencies so that sum of them equals to 1
163  Q.pfam+F+R6   18366.502    332 37397.005    258509.005   38481.934
WARNING: Normalizing state frequencies so that sum of them equals to 1
171  Q.pfam+F+I+R5 18373.519    331 37409.039    257193.039   38490.700
WARNING: Normalizing state frequencies so that sum of them equals to 1
183  Q.bird+R4     19085.002    309 38788.003    230368.003   39797.772
WARNING: Normalizing state frequencies so that sum of them equals to 1
184  Q.bird+R5     19053.476    311 38728.953    232792.953   39745.256
WARNING: Normalizing state frequencies so that sum of them equals to 1
185  Q.bird+R6     19048.281    313 38722.562    235286.562   39745.401
WARNING: Normalizing state frequencies so that sum of them equals to 1
193  Q.bird+I+R5   19053.920    312 38731.840    234043.840   39751.412
WARNING: Normalizing state frequencies so that sum of them equals to 1
205  Q.bird+F+R4   18774.136    328 38204.272    254028.272   39276.129
WARNING: Normalizing state frequencies so that sum of them equals to 1
206  Q.bird+F+R5   18759.033    330 38178.066    256638.066   39256.459
WARNING: Normalizing state frequencies so that sum of them equals to 1
207  Q.bird+F+R6   18751.695    332 38167.390    259279.390   39252.319
WARNING: Normalizing state frequencies so that sum of them equals to 1
215  Q.bird+F+I+R5 18760.117    331 38182.234    257966.234   39263.896
WARNING: Normalizing state frequencies so that sum of them equals to 1
227  Q.mammal+R4   19010.586    309 38639.171    230219.171   39648.939
WARNING: Normalizing state frequencies so that sum of them equals to 1
228  Q.mammal+R5   18982.606    311 38587.213    232651.213   39603.516
WARNING: Normalizing state frequencies so that sum of them equals to 1
229  Q.mammal+R6   18977.509    313 38581.018    235145.018   39603.858
WARNING: Normalizing state frequencies so that sum of them equals to 1
237  Q.mammal+I+R5 18983.346    312 38590.691    233902.691   39610.263
WARNING: Normalizing state frequencies so that sum of them equals to 1
249  Q.mammal+F+R4 18681.496    328 38018.991    253842.991   39090.849
WARNING: Normalizing state frequencies so that sum of them equals to 1
250  Q.mammal+F+R5 18665.722    330 37991.444    256451.444   39069.838
WARNING: Normalizing state frequencies so that sum of them equals to 1
251  Q.mammal+F+R6 18661.480    332 37986.959    259098.959   39071.888
WARNING: Normalizing state frequencies so that sum of them equals to 1
259  Q.mammal+F+I+R5 18666.725    331 37995.449    257779.449   39077.110
271  Q.insect+R4   18534.108    309 37686.216    229266.216   38695.984
272  Q.insect+R5   18522.011    311 37666.022    231730.022   38682.326
273  Q.insect+R6   18518.963    313 37663.926    234227.926   38686.766
281  Q.insect+I+R5 18522.625    312 37669.251    232981.251   38688.823
293  Q.insect+F+R4 18340.838    328 37337.675    253161.675   38409.533
294  Q.insect+F+R5 18326.039    330 37312.079    255772.079   38390.472
295  Q.insect+F+R6 18319.845    332 37303.690    258415.690   38388.619
303  Q.insect+F+I+R5 18326.304    331 37314.608    257098.608   38396.269
WARNING: Normalizing state frequencies so that sum of them equals to 1
315  Q.plant+R4    18527.100    309 37672.200    229252.200   38681.968
WARNING: Normalizing state frequencies so that sum of them equals to 1
316  Q.plant+R5    18506.156    311 37634.312    231698.312   38650.616
WARNING: Normalizing state frequencies so that sum of them equals to 1
317  Q.plant+R6    18502.094    313 37630.188    234194.188   38653.027
WARNING: Normalizing state frequencies so that sum of them equals to 1
325  Q.plant+I+R5  18506.311    312 37636.621    232948.621   38656.193
WARNING: Normalizing state frequencies so that sum of them equals to 1
337  Q.plant+F+R4  18384.344    328 37424.688    253248.688   38496.546
WARNING: Normalizing state frequencies so that sum of them equals to 1
338  Q.plant+F+R5  18369.020    330 37398.039    255858.039   38476.433
WARNING: Normalizing state frequencies so that sum of them equals to 1
339  Q.plant+F+R6  18365.976    332 37395.951    258507.951   38480.880
WARNING: Normalizing state frequencies so that sum of them equals to 1
347  Q.plant+F+I+R5 18369.362    331 37400.724    257184.724   38482.386
WARNING: Normalizing state frequencies so that sum of them equals to 1
359  Q.yeast+R4    18494.016    309 37606.031    229186.031   38615.799
WARNING: Normalizing state frequencies so that sum of them equals to 1
360  Q.yeast+R5    18483.914    311 37589.828    231653.828   38606.132
WARNING: Normalizing state frequencies so that sum of them equals to 1
361  Q.yeast+R6    18481.601    313 37589.202    234153.202   38612.042
WARNING: Normalizing state frequencies so that sum of them equals to 1
369  Q.yeast+I+R5  18484.115    312 37592.229    232904.229   38611.801
WARNING: Normalizing state frequencies so that sum of them equals to 1
381  Q.yeast+F+R4  18293.067    328 37242.133    253066.133   38313.991
WARNING: Normalizing state frequencies so that sum of them equals to 1
382  Q.yeast+F+R5  18279.115    330 37218.231    255678.231   38296.624
WARNING: Normalizing state frequencies so that sum of them equals to 1
383  Q.yeast+F+R6  18275.469    332 37214.938    258326.938   38299.867
WARNING: Normalizing state frequencies so that sum of them equals to 1
391  Q.yeast+F+I+R5 18279.213    331 37220.427    257004.427   38302.088
403  JTTDCMut+R4   18850.704    309 38319.409    229899.409   39329.177
404  JTTDCMut+R5   18846.905    311 38315.809    232379.809   39332.113
413  JTTDCMut+I+R5 18845.446    312 38314.892    233626.892   39334.463
425  JTTDCMut+F+R4 18481.713    328 37619.425    253443.425   38691.283
426  JTTDCMut+F+R5 18464.433    330 37588.866    256048.866   38667.259
427  JTTDCMut+F+R6 18461.889    332 37587.778    258699.778   38672.707
435  JTTDCMut+F+I+R5 18464.654    331 37591.309    257375.309   38672.970
447  DCMut+R4      19161.627    309 38941.254    230521.254   39951.022
448  DCMut+R5      19158.238    311 38938.476    233002.476   39954.780
457  DCMut+I+R5    19157.440    312 38938.880    234250.880   39958.451
469  DCMut+F+R4    18576.481    328 37808.962    253632.962   38880.820
470  DCMut+F+R5    18556.146    330 37772.292    256232.292   38850.686
471  DCMut+F+R6    18553.455    332 37770.909    258882.909   38855.838
479  DCMut+F+I+R5  18556.705    331 37775.410    257559.410   38857.071
491  VT+R4         18980.144    309 38578.287    230158.287   39588.056
492  VT+R5         18975.679    311 38573.359    232637.359   39589.662
501  VT+I+R5       18975.038    312 38574.076    233886.076   39593.647
513  VT+F+R4       18606.768    328 37869.535    253693.535   38941.392
514  VT+F+R5       18591.440    330 37842.880    256302.880   38921.273
515  VT+F+R6       18589.052    332 37842.103    258954.103   38927.032
523  VT+F+I+R5     18591.696    331 37845.392    257629.392   38927.053
535  PMB+R4        19105.320    309 38828.639    230408.639   39838.408
536  PMB+R5        19095.024    311 38812.048    232876.048   39828.352
537  PMB+R6        19091.518    313 38809.036    235373.036   39831.875
545  PMB+I+R5      19094.870    312 38813.741    234125.741   39833.313
557  PMB+F+R4      18826.246    328 38308.491    254132.491   39380.349
558  PMB+F+R5      18811.318    330 38282.635    256742.635   39361.029
559  PMB+F+R6      18807.467    332 38278.933    259390.933   39363.862
567  PMB+F+I+R5    18811.527    331 38285.054    258069.054   39366.715
579  Blosum62+R4   19052.063    309 38722.127    230302.127   39731.895
580  Blosum62+R5   19043.660    311 38709.319    232773.319   39725.623
581  Blosum62+R6   19039.364    313 38704.727    235268.727   39727.567
589  Blosum62+I+R5 19043.160    312 38710.319    234022.319   39729.891
601  Blosum62+F+R4 18738.741    328 38133.482    253957.482   39205.339
602  Blosum62+F+R5 18724.205    330 38108.409    256568.409   39186.802
603  Blosum62+F+R6 18720.784    332 38105.569    259217.569   39190.498
611  Blosum62+F+I+R5 18724.330    331 38110.661    257894.661   39192.322
623  Dayhoff+R4    19157.611    309 38933.221    230513.221   39942.989
624  Dayhoff+R5    19154.162    311 38930.324    232994.324   39946.628
633  Dayhoff+I+R5  19153.588    312 38931.175    234243.175   39950.747
645  Dayhoff+F+R4  18572.807    328 37801.615    253625.615   38873.472
646  Dayhoff+F+R5  18552.465    330 37764.930    256224.930   38843.323
647  Dayhoff+F+R6  18549.947    332 37763.893    258875.893   38848.822
655  Dayhoff+F+I+R5 18553.140    331 37768.280    257552.280   38849.941
667  mtREV+R4      18878.040    309 38374.079    229954.079   39383.848
668  mtREV+R5      18852.382    311 38326.765    232390.765   39343.068
669  mtREV+R6      18849.042    313 38324.084    234888.084   39346.923
677  mtREV+I+R5    18853.350    312 38330.700    233642.700   39350.272
689  mtREV+F+R4    18596.083    328 37848.166    253672.166   38920.024
690  mtREV+F+R5    18555.857    330 37771.714    256231.714   38850.107
691  mtREV+F+R6    18553.805    332 37771.610    258883.610   38856.538
699  mtREV+F+I+R5  18556.766    331 37775.532    257559.532   38857.193
711  mtART+R4      18448.792    309 37515.584    229095.584   38525.352
712  mtART+R5      18435.713    311 37493.426    231557.426   38509.730
713  mtART+R6      18429.315    313 37484.630    234048.630   38507.470
721  mtART+I+R5    18436.226    312 37496.452    232808.452   38516.024
733  mtART+F+R4    18435.630    328 37527.260    253351.260   38599.118
734  mtART+F+R5    18423.171    330 37506.343    255966.343   38584.736
735  mtART+F+R6    18414.403    332 37492.806    258604.806   38577.735
743  mtART+F+I+R5  18423.606    331 37509.211    257293.211   38590.872
755  mtZOA+R4      18242.869    309 37103.737    228683.737   38113.505
756  mtZOA+R5      18227.373    311 37076.745    231140.745   38093.049
757  mtZOA+R6      18222.517    313 37071.035    233635.035   38093.875
765  mtZOA+I+R5    18227.803    312 37079.606    232391.606   38099.177
777  mtZOA+F+R4    18264.981    328 37185.963    253009.963   38257.820
778  mtZOA+F+R5    18252.734    330 37165.468    255625.468   38243.862
779  mtZOA+F+R6    18246.368    332 37156.735    258268.735   38241.664
787  mtZOA+F+I+R5  18253.016    331 37168.032    256952.032   38249.693
799  mtMet+R4      18531.305    309 37680.609    229260.609   38690.377
800  mtMet+R5      18517.080    311 37656.161    231720.161   38672.465
801  mtMet+R6      18514.745    313 37655.491    234219.491   38678.330
809  mtMet+I+R5    18517.354    312 37658.708    232970.708   38678.280
821  mtMet+F+R4    18417.861    328 37491.723    253315.723   38563.580
822  mtMet+F+R5    18406.290    330 37472.579    255932.579   38550.972
823  mtMet+F+R6    18399.412    332 37462.825    258574.825   38547.754
831  mtMet+F+I+R5  18406.548    331 37475.097    257259.097   38556.758
843  mtVer+R4      18866.655    309 38351.309    229931.309   39361.077
844  mtVer+R5      18850.081    311 38322.162    232386.162   39338.466
845  mtVer+R6      18846.124    313 38318.248    234882.248   39341.088
853  mtVer+I+R5    18850.458    312 38324.916    233636.916   39344.488
865  mtVer+F+R4    18619.861    328 37895.722    253719.722   38967.579
866  mtVer+F+R5    18607.690    330 37875.380    256335.380   38953.774
867  mtVer+F+R6    18601.408    332 37866.815    258978.815   38951.744
875  mtVer+F+I+R5  18607.895    331 37877.790    257661.790   38959.451
887  mtInv+R4      18529.999    309 37677.997    229257.997   38687.766
888  mtInv+R5      18516.241    311 37654.482    231718.482   38670.786
889  mtInv+R6      18514.407    313 37654.814    234218.814   38677.654
897  mtInv+I+R5    18516.312    312 37656.624    232968.624   38676.196
909  mtInv+F+R4    18343.251    328 37342.501    253166.501   38414.359
910  mtInv+F+R5    18330.971    330 37321.942    255781.942   38400.336
911  mtInv+F+R6    18326.486    332 37316.973    258428.973   38401.902
919  mtInv+F+I+R5  18331.010    331 37324.019    257108.019   38405.680
931  mtMAM+R4      19007.732    309 38633.463    230213.463   39643.231
932  mtMAM+R5      18993.049    311 38608.098    232672.098   39624.402
933  mtMAM+R6      18983.617    313 38593.234    235157.234   39616.074
941  mtMAM+I+R5    18993.212    312 38610.424    233922.424   39629.996
953  mtMAM+F+R4    18783.586    328 38223.172    254047.172   39295.029
954  mtMAM+F+R5    18774.471    330 38208.941    256668.941   39287.334
955  mtMAM+F+R6    18762.713    332 38189.426    259301.426   39274.355
963  mtMAM+F+I+R5  18774.873    331 38211.746    257995.746   39293.407
WARNING: Normalizing state frequencies so that sum of them equals to 1
975  FLAVI+R4      19237.492    309 39092.983    230672.983   40102.751
WARNING: Normalizing state frequencies so that sum of them equals to 1
976  FLAVI+R5      19217.883    311 39057.767    233121.767   40074.071
WARNING: Normalizing state frequencies so that sum of them equals to 1
977  FLAVI+R6      19212.337    313 39050.674    235614.674   40073.513
WARNING: Normalizing state frequencies so that sum of them equals to 1
985  FLAVI+I+R5    19216.308    312 39056.616    234368.616   40076.188
WARNING: Normalizing state frequencies so that sum of them equals to 1
997  FLAVI+F+R4    19177.620    328 39011.241    254835.241   40083.098
WARNING: Normalizing state frequencies so that sum of them equals to 1
998  FLAVI+F+R5    19164.845    330 38989.691    257449.691   40068.084
WARNING: Normalizing state frequencies so that sum of them equals to 1
999  FLAVI+F+R6    19154.904    332 38973.807    260085.807   40058.736
WARNING: Normalizing state frequencies so that sum of them equals to 1
1007  FLAVI+F+I+R5  19165.303    331 38992.606    258776.606   40074.267
1019  HIVb+R4       19239.656    309 39097.312    230677.312   40107.081
1020  HIVb+R5       19222.905    311 39067.810    233131.810   40084.114
1021  HIVb+R6       19220.595    313 39067.190    235631.190   40090.029
1029  HIVb+I+R5     19222.153    312 39068.306    234380.306   40087.878
1041  HIVb+F+R4     18829.096    328 38314.193    254138.193   39386.050
1042  HIVb+F+R5     18812.542    330 38285.085    256745.085   39363.478
1043  HIVb+F+R6     18809.701    332 38283.403    259395.403   39368.332
1051  HIVb+F+I+R5   18812.994    331 38287.989    258071.989   39369.650
1063  HIVw+R4       19834.886    309 40287.772    231867.772   41297.540
1064  HIVw+R5       19825.611    311 40273.222    234337.222   41289.526
1065  HIVw+R6       19819.406    313 40264.811    236828.811   41287.651
1073  HIVw+I+R5     19823.106    312 40270.212    235582.212   41289.784
1085  HIVw+F+R4     19253.477    328 39162.955    254986.955   40234.812
1086  HIVw+F+R5     19216.660    330 39093.321    257553.321   40171.714
1087  HIVw+F+R6     19212.437    332 39088.874    260200.874   40173.803
1095  HIVw+F+I+R5   19215.622    331 39093.244    258877.244   40174.905
1107  FLU+R4        18933.061    309 38484.122    230064.122   39493.890
1108  FLU+R5        18921.233    311 38464.467    232528.467   39480.771
1109  FLU+R6        18916.080    313 38458.160    235022.160   39481.000
1117  FLU+I+R5      18920.937    312 38465.873    233777.873   39485.445
1129  FLU+F+R4      18681.878    328 38019.756    253843.756   39091.614
1130  FLU+F+R5      18667.909    330 37995.818    256455.818   39074.211
1131  FLU+F+R6      18662.780    332 37989.559    259101.559   39074.488
1139  FLU+F+I+R5    18668.514    331 37999.027    257783.027   39080.689
1151  rtREV+R4      18992.693    309 38603.386    230183.386   39613.154
1152  rtREV+R5      18979.054    311 38580.108    232644.108   39596.412
1153  rtREV+R6      18977.973    313 38581.946    235145.946   39604.785
1161  rtREV+I+R5    18979.081    312 38582.163    233894.163   39601.734
1173  rtREV+F+R4    18453.980    328 37563.961    253387.961   38635.818
1174  rtREV+F+R5    18441.059    330 37542.119    256002.119   38620.512
1175  rtREV+F+R6    18432.261    332 37528.521    258640.521   38613.450
1183  rtREV+F+I+R5  18441.327    331 37544.654    257328.654   38626.315
1195  cpREV+R4      18783.282    309 38184.563    229764.563   39194.331
1196  cpREV+R5      18775.227    311 38172.454    232236.454   39188.758
1197  cpREV+R6      18773.377    313 38172.755    234736.755   39195.594
1205  cpREV+I+R5    18773.895    312 38171.790    233483.790   39191.362
1217  cpREV+F+R4    18477.762    328 37611.525    253435.525   38683.382
1218  cpREV+F+R5    18456.507    330 37573.013    256033.013   38651.406
1219  cpREV+F+R6    18454.068    332 37572.136    258684.136   38657.065
1227  cpREV+F+I+R5  18456.505    331 37575.010    257359.010   38656.671
Akaike Information Criterion:           mtZOA+R6
Corrected Akaike Information Criterion: LG+G4
Bayesian Information Criterion:         mtZOA+R5
Best-fit model: mtZOA+R5 chosen according to BIC

All model information printed to gene_order/flagellar_trees/gene_trees/flir.model.gz
CPU time for ModelFinder: 1671.048 seconds (0h:27m:51s)
Wall-clock time for ModelFinder: 419.710 seconds (0h:6m:59s)
Generating 1000 samples for ultrafast bootstrap (seed: 495137)...

NOTE: 26 MB RAM (0 GB) is required!
Estimate model parameters (epsilon = 0.100)
1. Initial log-likelihood: -18247.782
2. Current log-likelihood: -18228.943
3. Current log-likelihood: -18228.478
Optimal log-likelihood: -18228.415
Site proportion and rates:  (0.149,0.156) (0.239,0.380) (0.424,0.976) (0.147,1.942) (0.042,4.476)
Parameters optimization took 3 rounds (1.227 sec)
Wrote distance file to... 
Computing ML distances based on estimated model parameters...
Calculating distance matrix: done in 0.740522 secs using 398.9% CPU
Computing ML distances took 0.740767 sec (of wall-clock time) 2.954285 sec (of CPU time)
Setting up auxiliary I and S matrices: done in 0.00735699 secs using 119.5% CPU
Computing RapidNJ tree took 0.115034 sec (of wall-clock time) 0.086805 sec (of CPU time)
Log-likelihood of RapidNJ tree: -18454.011
--------------------------------------------------------------------
|             INITIALIZING CANDIDATE TREE SET                      |
--------------------------------------------------------------------
Generating 98 parsimony trees... 2.082 second
Computing log-likelihood of 98 initial trees ... 4.312 seconds
Current best score: -18228.415

Do NNI search on 20 best initial trees
Estimate model parameters (epsilon = 0.100)
BETTER TREE FOUND at iteration 1: -18222.424
Estimate model parameters (epsilon = 0.100)
BETTER TREE FOUND at iteration 2: -18205.963
Iteration 10 / LogL: -18222.720 / Time: 0h:7m:15s
Estimate model parameters (epsilon = 0.100)
BETTER TREE FOUND at iteration 16: -18204.848
Iteration 20 / LogL: -18225.423 / Time: 0h:7m:21s
Finish initializing candidate tree set (20)
Current best tree score: -18204.848 / CPU time: 19.207
Number of iterations: 20
--------------------------------------------------------------------
|               OPTIMIZING CANDIDATE TREE SET                      |
--------------------------------------------------------------------
Estimate model parameters (epsilon = 0.100)
BETTER TREE FOUND at iteration 22: -18204.555
Estimate model parameters (epsilon = 0.100)
BETTER TREE FOUND at iteration 28: -18202.746
Estimate model parameters (epsilon = 0.100)
BETTER TREE FOUND at iteration 30: -18202.180
Iteration 30 / LogL: -18202.180 / Time: 0h:7m:32s (0h:1m:54s left)
Estimate model parameters (epsilon = 0.100)
BETTER TREE FOUND at iteration 32: -18201.876
Iteration 40 / LogL: -18202.212 / Time: 0h:7m:43s (0h:1m:43s left)
Estimate model parameters (epsilon = 0.100)
BETTER TREE FOUND at iteration 42: -18200.926
Iteration 50 / LogL: -18202.036 / Time: 0h:7m:53s (0h:1m:41s left)
Log-likelihood cutoff on original alignment: -18267.318
Estimate model parameters (epsilon = 0.100)
BETTER TREE FOUND at iteration 51: -18199.893
Iteration 60 / LogL: -18200.424 / Time: 0h:8m:4s (0h:1m:39s left)
Estimate model parameters (epsilon = 0.100)
BETTER TREE FOUND at iteration 69: -18199.708
Iteration 70 / LogL: -18207.362 / Time: 0h:8m:14s (0h:1m:46s left)
Estimate model parameters (epsilon = 0.100)
BETTER TREE FOUND at iteration 73: -18199.305
Iteration 80 / LogL: -18214.355 / Time: 0h:8m:24s (0h:1m:39s left)
Iteration 90 / LogL: -18204.874 / Time: 0h:8m:34s (0h:1m:28s left)
Iteration 100 / LogL: -18208.082 / Time: 0h:8m:43s (0h:1m:16s left)
Log-likelihood cutoff on original alignment: -18267.318
NOTE: Bootstrap correlation coefficient of split occurrence frequencies: 0.997
Iteration 110 / LogL: -18202.305 / Time: 0h:8m:53s (0h:1m:33s left)
Iteration 120 / LogL: -18206.593 / Time: 0h:9m:3s (0h:1m:22s left)
Iteration 130 / LogL: -18210.690 / Time: 0h:9m:12s (0h:1m:12s left)
Iteration 140 / LogL: -18201.279 / Time: 0h:9m:22s (0h:1m:1s left)
Iteration 150 / LogL: -18210.301 / Time: 0h:9m:31s (0h:0m:51s left)
Log-likelihood cutoff on original alignment: -18267.318
Iteration 160 / LogL: -18212.900 / Time: 0h:9m:41s (0h:0m:40s left)
Iteration 170 / LogL: -18209.439 / Time: 0h:9m:51s (0h:0m:30s left)
TREE SEARCH COMPLETED AFTER 174 ITERATIONS / Time: 0h:9m:55s

--------------------------------------------------------------------
|                    FINALIZING TREE SEARCH                        |
--------------------------------------------------------------------
Performs final model parameters optimization
Estimate model parameters (epsilon = 0.010)
1. Initial log-likelihood: -18199.305
2. Current log-likelihood: -18199.288
3. Current log-likelihood: -18199.262
4. Current log-likelihood: -18199.235
5. Current log-likelihood: -18199.210
6. Current log-likelihood: -18199.185
7. Current log-likelihood: -18199.169
8. Current log-likelihood: -18199.144
9. Current log-likelihood: -18199.120
10. Current log-likelihood: -18199.104
11. Current log-likelihood: -18199.089
12. Current log-likelihood: -18199.074
13. Current log-likelihood: -18199.059
14. Current log-likelihood: -18199.044
15. Current log-likelihood: -18199.030
16. Current log-likelihood: -18199.016
17. Current log-likelihood: -18199.002
18. Current log-likelihood: -18198.989
19. Current log-likelihood: -18198.975
20. Current log-likelihood: -18198.962
21. Current log-likelihood: -18198.950
22. Current log-likelihood: -18198.937
23. Current log-likelihood: -18198.925
24. Current log-likelihood: -18198.914
25. Current log-likelihood: -18198.903
26. Current log-likelihood: -18198.892
27. Current log-likelihood: -18198.881
28. Current log-likelihood: -18198.870
29. Current log-likelihood: -18198.860
Optimal log-likelihood: -18198.845
Site proportion and rates:  (0.116,0.133) (0.258,0.347) (0.418,0.947) (0.167,1.860) (0.041,4.563)
Parameters optimization took 29 rounds (9.617 sec)
BEST SCORE FOUND : -18198.845
Creating bootstrap support values...
Split supports printed to NEXUS file gene_order/flagellar_trees/gene_trees/flir.splits.nex
Total tree length: 26.944

Total number of iterations: 174
CPU time used for tree search: 676.410 sec (0h:11m:16s)
Wall-clock time used for tree search: 173.130 sec (0h:2m:53s)
Total CPU time used: 2395.689 sec (0h:39m:55s)
Total wall-clock time used: 605.220 sec (0h:10m:5s)

Computing bootstrap consensus tree...
Reading input file gene_order/flagellar_trees/gene_trees/flir.splits.nex...
153 taxa and 666 splits.
Consensus tree written to gene_order/flagellar_trees/gene_trees/flir.contree
Reading input trees file gene_order/flagellar_trees/gene_trees/flir.contree
Log-likelihood of consensus tree: -18198.845

Analysis results written to: 
  IQ-TREE report:                gene_order/flagellar_trees/gene_trees/flir.iqtree
  Maximum-likelihood tree:       gene_order/flagellar_trees/gene_trees/flir.treefile
  Likelihood distances:          gene_order/flagellar_trees/gene_trees/flir.mldist

Ultrafast bootstrap approximation results written to:
  Split support values:          gene_order/flagellar_trees/gene_trees/flir.splits.nex
  Consensus tree:                gene_order/flagellar_trees/gene_trees/flir.contree
  Screen log file:               gene_order/flagellar_trees/gene_trees/flir.log

Date and Time: Sat Sep 26 10:08:44 2026
