IQ-TREE multicore version 2.4.0 for Linux x86 64-bit built Feb 12 2025
Developed by Bui Quang Minh, Nguyen Lam Tung, Olga Chernomor, Heiko Schmidt,
Dominik Schrempf, Michael Woodhams, Ly Trong Nhan, Thomas Wong

Host:    k148 (AVX512, FMA3, 503 GB RAM)
Command: iqtree2 -s gene_order/flagellar_trees/trimmed/fliy.faa -m MFP -B 1000 -T 4 --prefix gene_order/flagellar_trees/gene_trees/fliy
Seed:    801727 (Using SPRNG - Scalable Parallel Random Number Generator)
Time:    Sat Sep 26 09:58:40 2026
Kernel:  AVX+FMA - 4 threads (4 CPU cores detected)

Reading alignment file gene_order/flagellar_trees/trimmed/fliy.faa ... Fasta format detected
Reading fasta file: done in 0.000335631 secs
Alignment most likely contains protein sequences
Alignment has 112 sequences with 194 columns, 172 distinct patterns
153 parsimony-informative, 5 singleton sites, 36 constant sites
                 Gap/Ambiguity  Composition  p-value
Analyzing sequences: done in 1.93911e-05 secs using 1165% CPU
   1  GCF_000012965.1    0.00%    passed     96.50%
   2  GCF_000021725.1    0.00%    passed     92.35%
   3  GCF_000024885.1    0.00%    passed     90.96%
   4  GCF_000147355.1    0.00%    passed     99.95%
   5  GCF_000155475.1    9.79%    passed     99.65%
   6  GCF_000162575.1    0.00%    passed     94.32%
   7  GCF_000183725.1    0.00%    passed     69.47%
   8  GCF_000196135.1    0.00%    passed     93.43%
   9  GCF_000200595.1    0.00%    passed     95.65%
  10  GCF_000242915.1    0.00%    passed     99.05%
  11  GCF_000254135.1    0.00%    passed     99.16%
  12  GCF_000259275.1    0.00%    passed     92.78%
  13  GCF_000265295.1    0.00%    passed     97.01%
  14  GCF_000445475.1    0.00%    passed     98.23%
  15  GCF_000507845.1    0.00%    passed     97.99%
  16  GCF_000518225.1    0.00%    passed     46.56%
  17  GCF_000568815.1    0.00%    passed     96.05%
  18  GCF_000597725.1    0.00%    passed     92.88%
  19  GCF_000686565.1    0.00%    passed     94.94%
  20  GCF_000687535.1    0.00%    passed     98.44%
  21  GCF_000736415.1    0.00%    passed     99.99%
  22  GCF_000762845.2    0.00%    passed     95.86%
  23  GCF_000762875.2    0.00%    passed     88.79%
  24  GCF_000763135.2    0.00%    passed     99.63%
  25  GCF_000765805.2    0.00%    passed     91.85%
  26  GCF_000765905.2    0.00%    passed     96.52%
  27  GCF_000813325.1    0.00%    passed     91.21%
  28  GCF_000816185.1    0.00%    passed     95.28%
  29  GCF_000816305.1    0.00%    passed     98.90%
  30  GCF_000816785.1    0.00%    passed     98.36%
  31  GCF_001282945.1    0.00%    passed     79.79%
  32  GCF_001283065.1    0.00%    passed     94.66%
  33  GCF_001298465.1    0.00%    passed     92.79%
  34  GCF_001457695.1    0.00%    passed     99.29%
  35  GCF_001602095.1    0.00%    passed     67.86%
  36  GCF_001687475.2    0.00%    passed     89.84%
  37  GCF_001693335.1    0.00%    passed     99.09%
  38  GCF_001723605.1    0.00%    passed     99.27%
  39  GCF_002021925.1    0.00%    passed     94.10%
  40  GCF_002080395.1    0.00%    passed     99.05%
  41  GCF_002104335.1    0.00%    passed     92.83%
  42  GCF_002139855.1    0.00%    passed     99.96%
  43  GCF_002139875.1    0.00%    passed     99.54%
  44  GCF_002139915.1    0.00%    passed     94.82%
  45  GCF_002139935.1    0.00%    passed     99.97%
  46  GCF_002238335.1    0.00%    passed     99.93%
  47  GCF_002335445.1    0.52%    passed     84.61%
  48  GCF_003245365.1    0.00%    passed     78.71%
  49  GCF_003364195.1    0.00%    passed     82.76%
  50  GCF_003364205.1    0.00%    passed     50.02%
  51  GCF_003364215.1    0.00%    passed     95.59%
  52  GCF_003364255.1    0.00%    passed     98.05%
  53  GCF_003364335.1    0.00%    passed     98.77%
  54  GCF_003660265.1    0.00%    passed     97.44%
  55  GCF_003660285.1    0.00%    passed     94.95%
  56  GCF_003660395.1    0.00%    passed     97.65%
  57  GCF_003670275.1    9.79%    passed     99.71%
  58  GCF_003752135.1    0.00%    passed     95.35%
  59  GCF_004323845.1    0.00%    passed     91.87%
  60  GCF_004803795.1    0.00%    passed     98.84%
  61  GCF_004803815.1    0.00%    passed     99.87%
  62  GCF_005217605.1    0.00%    passed     91.30%
  63  GCF_005406215.1    0.00%    passed     99.51%
  64  GCF_005406225.1    0.00%    passed     99.87%
  65  GCF_005843985.1    0.00%    passed     96.27%
  66  GCF_006864425.1    0.00%    passed     86.18%
  67  GCF_008245005.1    0.00%    passed     99.92%
  68  GCF_008245045.1    0.00%    passed     96.25%
  69  GCF_008693005.1    0.00%    passed     90.48%
  70  GCF_009068765.1    0.00%    passed     99.77%
  71  GCF_009192995.1    0.00%    passed     97.97%
  72  GCF_009258225.1    0.00%    passed     98.39%
  73  GCF_011769985.2    0.00%    passed     98.19%
  74  GCF_013177655.1    0.52%    passed     60.86%
  75  GCF_013201605.1    0.00%    passed     93.68%
  76  GCF_013372105.1    0.00%    passed     96.05%
  77  GCF_013372125.1    0.00%    passed     98.58%
  78  GCF_013372145.1    0.00%    passed     98.23%
  79  GCF_013372185.1    0.00%    passed     97.80%
  80  GCF_013372205.1    0.00%    passed     98.77%
  81  GCF_014253065.1    0.00%    passed     99.16%
  82  GCF_014905095.1    0.00%    passed     97.21%
  83  GCF_014905115.1    0.00%    passed     99.77%
  84  GCF_014905135.1    0.00%    passed     99.61%
  85  GCF_015265455.1    0.00%    passed     93.61%
  86  GCF_015265475.1    0.00%    passed     97.15%
  87  GCF_016593255.1    0.00%    passed     82.28%
  88  GCF_016806695.1    0.00%    passed     95.72%
  89  GCF_016937535.1    0.00%    passed     93.46%
  90  GCF_017357825.1    0.00%    passed     99.62%
  91  GCF_017979425.1    0.00%    passed     96.78%
  92  GCF_017979475.1    0.00%    passed     87.34%
  93  GCF_018145655.1    0.00%    passed     99.77%
  94  GCF_019711685.1    0.00%    passed     97.42%
  95  GCF_021300615.1    0.00%    passed     68.99%
  96  GCF_021300655.1    0.00%    passed     70.61%
  97  GCF_023646285.1    0.00%    passed     90.79%
  98  GCF_025770725.1    0.00%    passed     99.22%
  99  GCF_026000295.1    0.52%    passed     99.08%
 100  GCF_027859255.1    0.00%    passed     99.68%
 101  GCF_028649595.1    0.00%    passed     91.73%
 102  GCF_028751035.1    0.00%    passed     99.18%
 103  GCF_030249845.1    0.00%    passed     99.16%
 104  GCF_030296055.1    0.00%    passed     85.66%
 105  GCF_900115615.1    0.00%    passed     87.40%
 106  GCF_900461455.1    0.00%    passed     99.20%
 107  GCF_900475935.1    0.00%    passed     99.89%
 108  GCF_900476215.1    0.00%    passed     98.73%
 109  GCF_900478295.1    0.00%    passed     99.18%
 110  GCF_900637395.1    0.00%    passed     98.12%
 111  GCF_905120465.1    0.00%    passed     73.64%
 112  GCF_905120475.1    0.00%    passed     89.36%
****  TOTAL              0.19%  0 sequences failed composition chi2 test (p-value<5%; df=19)
NOTE: GCF_014905115.1 is identical to GCF_009068765.1 but kept for subsequent analysis


Create initial parsimony tree by phylogenetic likelihood library (PLL)... 0.020 seconds
Perform fast likelihood tree search using LG+I+G model...
Estimate model parameters (epsilon = 5.000)
Perform nearest neighbor interchange...
Estimate model parameters (epsilon = 1.000)
1. Initial log-likelihood: -12066.838
Optimal log-likelihood: -12066.352
Proportion of invariable sites: 0.161
Gamma shape alpha: 0.961
Parameters optimization took 1 rounds (0.123 sec)
Time for fast ML tree search: 0.832 seconds

NOTE: ModelFinder requires 33 MB RAM!
ModelFinder will test up to 1232 protein models (sample size: 194 epsilon: 0.100) ...
 No. Model         -LnL         df  AIC          AICc         BIC
  1  LG            13188.937    221 26819.874    124943.874   27542.071
  2  LG+I          12738.910    222 25921.820    124933.820   26647.285
  3  LG+G4         12085.694    222 24615.388    123627.388   25340.852
  4  LG+I+G4       12066.243    223 24578.485    124482.485   25307.218
  5  LG+R2         12278.968    223 25003.936    124907.936   25732.668
  6  LG+R3         12121.923    225 24693.846    126393.846   25429.114
  7  LG+R4         12078.864    227 24611.728    128123.728   25353.532
  8  LG+R5         12065.240    229 24588.480    129928.480   25336.820
  9  LG+R6         12062.864    231 24587.728    131771.728   25342.603
 14  LG+I+R2       12172.765    224 24793.530    125593.530   25525.531
 15  LG+I+R3       12077.784    226 24607.568    127211.568   25346.104
 16  LG+I+R4       12066.296    228 24588.591    129012.591   25333.663
 17  LG+I+R5       12060.103    230 24580.207    130840.207   25331.814
 18  LG+I+R6       12059.129    232 24582.258    132694.258   25340.401
 26  LG+F+I+G4     11983.468    242 24450.936    142062.936   25241.758
 48  WAG+I+G4      12238.724    223 24923.447    124827.447   25652.180
 70  WAG+F+I+G4    12163.933    242 24811.866    142423.866   25602.687
 92  JTT+I+G4      12198.303    223 24842.605    124746.605   25571.338
114  JTT+F+I+G4    12113.307    242 24710.614    142322.614   25501.436
WARNING: Normalizing state frequencies so that sum of them equals to 1
136  Q.pfam+I+G4   12093.178    223 24632.356    124536.356   25361.088
WARNING: Normalizing state frequencies so that sum of them equals to 1
158  Q.pfam+F+I+G4 12031.245    242 24546.489    142158.489   25337.311
WARNING: Normalizing state frequencies so that sum of them equals to 1
180  Q.bird+I+G4   12381.782    223 25209.564    125113.564   25938.296
WARNING: Normalizing state frequencies so that sum of them equals to 1
202  Q.bird+F+I+G4 12316.075    242 25116.151    142728.151   25906.972
WARNING: Normalizing state frequencies so that sum of them equals to 1
224  Q.mammal+I+G4 12319.111    223 25084.221    124988.221   25812.954
WARNING: Normalizing state frequencies so that sum of them equals to 1
246  Q.mammal+F+I+G4 12244.854    242 24973.707    142585.707   25764.529
268  Q.insect+I+G4 12009.231    223 24464.462    124368.462   25193.194
290  Q.insect+F+I+G4 11971.483    242 24426.966    142038.966   25217.788
WARNING: Normalizing state frequencies so that sum of them equals to 1
312  Q.plant+I+G4  12072.163    223 24590.325    124494.325   25319.057
WARNING: Normalizing state frequencies so that sum of them equals to 1
334  Q.plant+F+I+G4 12045.140    242 24574.280    142186.280   25365.102
WARNING: Normalizing state frequencies so that sum of them equals to 1
356  Q.yeast+I+G4  11980.968    223 24407.936    124311.936   25136.668
WARNING: Normalizing state frequencies so that sum of them equals to 1
378  Q.yeast+F+I+G4 11965.988    242 24415.976    142027.976   25206.798
400  JTTDCMut+I+G4 12201.871    223 24849.742    124753.742   25578.475
422  JTTDCMut+F+I+G4 12114.041    242 24712.082    142324.082   25502.903
444  DCMut+I+G4    12273.123    223 24992.246    124896.246   25720.979
466  DCMut+F+I+G4  12165.459    242 24814.918    142426.918   25605.739
488  VT+I+G4       12295.687    223 25037.373    124941.373   25766.106
510  VT+F+I+G4     12214.503    242 24913.006    142525.006   25703.828
532  PMB+I+G4      12452.220    223 25350.440    125254.440   26079.173
554  PMB+F+I+G4    12361.601    242 25207.201    142819.201   25998.023
576  Blosum62+I+G4 12427.721    223 25301.442    125205.442   26030.175
598  Blosum62+F+I+G4 12345.627    242 25175.253    142787.253   25966.075
620  Dayhoff+I+G4  12269.554    223 24985.107    124889.107   25713.840
642  Dayhoff+F+I+G4 12162.418    242 24808.836    142420.836   25599.658
664  mtREV+I+G4    12657.454    223 25760.907    125664.907   26489.640
686  mtREV+F+I+G4  12311.267    242 25106.535    142718.535   25897.357
708  mtART+I+G4    12387.229    223 25220.457    125124.457   25949.190
730  mtART+F+I+G4  12187.913    242 24859.826    142471.826   25650.647
752  mtZOA+I+G4    12228.019    223 24902.038    124806.038   25630.770
774  mtZOA+F+I+G4  12090.683    242 24665.366    142277.366   25456.188
796  mtMet+I+G4    12419.684    223 25285.368    125189.368   26014.101
818  mtMet+F+I+G4  12199.434    242 24882.868    142494.868   25673.690
840  mtVer+I+G4    12634.627    223 25715.255    125619.255   26443.987
862  mtVer+F+I+G4  12401.791    242 25287.582    142899.582   26078.403
884  mtInv+I+G4    12427.009    223 25300.019    125204.019   26028.751
906  mtInv+F+I+G4  12117.919    242 24719.837    142331.837   25510.659
928  mtMAM+I+G4    12803.948    223 26053.896    125957.896   26782.629
950  mtMAM+F+I+G4  12507.170    242 25498.340    143110.340   26289.162
WARNING: Normalizing state frequencies so that sum of them equals to 1
972  FLAVI+I+G4    12548.372    223 25542.744    125446.744   26271.477
WARNING: Normalizing state frequencies so that sum of them equals to 1
994  FLAVI+F+I+G4  12494.704    242 25473.408    143085.408   26264.229
1016  HIVb+I+G4     12450.091    223 25346.183    125250.183   26074.915
1038  HIVb+F+I+G4   12316.196    242 25116.392    142728.392   25907.214
1060  HIVw+I+G4     12935.368    223 26316.735    126220.735   27045.467
1082  HIVw+F+I+G4   12819.185    242 26122.370    143734.370   26913.191
1104  FLU+I+G4      12288.117    223 25022.234    124926.234   25750.966
1126  FLU+F+I+G4    12319.021    242 25122.042    142734.042   25912.864
1148  rtREV+I+G4    12296.840    223 25039.680    124943.680   25768.413
1170  rtREV+F+I+G4  12057.738    242 24599.476    142211.476   25390.297
1192  cpREV+I+G4    12262.384    223 24970.767    124874.767   25699.499
1214  cpREV+F+I+G4  12240.173    242 24964.345    142576.345   25755.167
Akaike Information Criterion:           Q.yeast+I+G4
Corrected Akaike Information Criterion: LG+G4
Bayesian Information Criterion:         Q.yeast+I+G4
Best-fit model: Q.yeast+I+G4 chosen according to BIC

All model information printed to gene_order/flagellar_trees/gene_trees/fliy.model.gz
CPU time for ModelFinder: 188.689 seconds (0h:3m:8s)
Wall-clock time for ModelFinder: 47.422 seconds (0h:0m:47s)
Generating 1000 samples for ultrafast bootstrap (seed: 801727)...
WARNING: Normalizing state frequencies so that sum of them equals to 1

NOTE: 14 MB RAM (0 GB) is required!
Estimate model parameters (epsilon = 0.100)
Thoroughly optimizing +I+G parameters from 10 start values...
Init pinv, alpha: 0.000, 1.005 / Estimate: 0.000, 0.629 / LogL: -12004.688
Init pinv, alpha: 0.021, 1.005 / Estimate: 0.169, 0.980 / LogL: -11980.966
Init pinv, alpha: 0.041, 1.005 / Estimate: 0.169, 0.979 / LogL: -11980.968
Init pinv, alpha: 0.062, 1.005 / Estimate: 0.168, 0.975 / LogL: -11980.986
Init pinv, alpha: 0.082, 1.005 / Estimate: 0.169, 0.979 / LogL: -11980.967
Init pinv, alpha: 0.103, 1.005 / Estimate: 0.168, 0.975 / LogL: -11980.986
Init pinv, alpha: 0.124, 1.005 / Estimate: 0.169, 0.978 / LogL: -11980.971
Init pinv, alpha: 0.144, 1.005 / Estimate: 0.169, 0.981 / LogL: -11980.962
Init pinv, alpha: 0.165, 1.005 / Estimate: 0.169, 0.982 / LogL: -11980.957
Init pinv, alpha: 0.186, 1.005 / Estimate: 0.169, 0.980 / LogL: -11980.965
Optimal pinv,alpha: 0.169, 0.982 / LogL: -11980.957

Parameters optimization took 4.158 sec
Wrote distance file to... 
Computing ML distances based on estimated model parameters...
Calculating distance matrix: done in 0.37632 secs using 398.6% CPU
Computing ML distances took 0.376815 sec (of wall-clock time) 1.500776 sec (of CPU time)
Setting up auxiliary I and S matrices: done in 0.00074246 secs using 44.85% CPU
Computing RapidNJ tree took 0.068675 sec (of wall-clock time) 0.056757 sec (of CPU time)
Log-likelihood of RapidNJ tree: -12041.844
--------------------------------------------------------------------
|             INITIALIZING CANDIDATE TREE SET                      |
--------------------------------------------------------------------
Generating 98 parsimony trees... 2.076 second
Computing log-likelihood of 98 initial trees ... 2.719 seconds
Current best score: -11980.957

Do NNI search on 20 best initial trees
Estimate model parameters (epsilon = 0.100)
BETTER TREE FOUND at iteration 1: -11977.540
Estimate model parameters (epsilon = 0.100)
BETTER TREE FOUND at iteration 2: -11962.139
Estimate model parameters (epsilon = 0.100)
BETTER TREE FOUND at iteration 5: -11960.852
Iteration 10 / LogL: -11971.481 / Time: 0h:1m:1s
Estimate model parameters (epsilon = 0.100)
BETTER TREE FOUND at iteration 11: -11959.390
Iteration 20 / LogL: -11976.016 / Time: 0h:1m:5s
Finish initializing candidate tree set (20)
Current best tree score: -11959.390 / CPU time: 13.554
Number of iterations: 20
--------------------------------------------------------------------
|               OPTIMIZING CANDIDATE TREE SET                      |
--------------------------------------------------------------------
Estimate model parameters (epsilon = 0.100)
BETTER TREE FOUND at iteration 21: -11958.044
Iteration 30 / LogL: -12036.790 / Time: 0h:1m:11s (0h:1m:15s left)
Iteration 40 / LogL: -11962.648 / Time: 0h:1m:17s (0h:1m:1s left)
Iteration 50 / LogL: -11967.867 / Time: 0h:1m:22s (0h:0m:50s left)
Log-likelihood cutoff on original alignment: -12027.785
Estimate model parameters (epsilon = 0.100)
BETTER TREE FOUND at iteration 56: -11957.825
Iteration 60 / LogL: -11982.765 / Time: 0h:1m:28s (0h:1m:6s left)
Iteration 70 / LogL: -11959.105 / Time: 0h:1m:33s (0h:0m:57s left)
Iteration 80 / LogL: -11964.459 / Time: 0h:1m:38s (0h:0m:49s left)
Iteration 90 / LogL: -11971.068 / Time: 0h:1m:44s (0h:0m:42s left)
Iteration 100 / LogL: -11968.386 / Time: 0h:1m:49s (0h:0m:35s left)
Log-likelihood cutoff on original alignment: -12015.297
NOTE: Bootstrap correlation coefficient of split occurrence frequencies: 0.998
Iteration 110 / LogL: -11957.997 / Time: 0h:1m:55s (0h:0m:55s left)
Iteration 120 / LogL: -11959.947 / Time: 0h:2m:0s (0h:0m:48s left)
Iteration 130 / LogL: -11981.657 / Time: 0h:2m:5s (0h:0m:42s left)
Iteration 140 / LogL: -11961.844 / Time: 0h:2m:10s (0h:0m:35s left)
Iteration 150 / LogL: -11970.457 / Time: 0h:2m:16s (0h:0m:29s left)
Log-likelihood cutoff on original alignment: -12015.297
TREE SEARCH COMPLETED AFTER 157 ITERATIONS / Time: 0h:2m:20s

--------------------------------------------------------------------
|                    FINALIZING TREE SEARCH                        |
--------------------------------------------------------------------
Performs final model parameters optimization
Estimate model parameters (epsilon = 0.010)
1. Initial log-likelihood: -11957.825
Optimal log-likelihood: -11957.821
Proportion of invariable sites: 0.170
Gamma shape alpha: 0.986
Parameters optimization took 1 rounds (0.073 sec)
BEST SCORE FOUND : -11957.821
Creating bootstrap support values...
Split supports printed to NEXUS file gene_order/flagellar_trees/gene_trees/fliy.splits.nex
Total tree length: 17.851

Total number of iterations: 157
CPU time used for tree search: 340.890 sec (0h:5m:40s)
Wall-clock time used for tree search: 88.207 sec (0h:1m:28s)
Total CPU time used: 549.373 sec (0h:9m:9s)
Total wall-clock time used: 140.822 sec (0h:2m:20s)

Computing bootstrap consensus tree...
Reading input file gene_order/flagellar_trees/gene_trees/fliy.splits.nex...
112 taxa and 560 splits.
Consensus tree written to gene_order/flagellar_trees/gene_trees/fliy.contree
Reading input trees file gene_order/flagellar_trees/gene_trees/fliy.contree
Log-likelihood of consensus tree: -11957.736

Analysis results written to: 
  IQ-TREE report:                gene_order/flagellar_trees/gene_trees/fliy.iqtree
  Maximum-likelihood tree:       gene_order/flagellar_trees/gene_trees/fliy.treefile
  Likelihood distances:          gene_order/flagellar_trees/gene_trees/fliy.mldist

Ultrafast bootstrap approximation results written to:
  Split support values:          gene_order/flagellar_trees/gene_trees/fliy.splits.nex
  Consensus tree:                gene_order/flagellar_trees/gene_trees/fliy.contree
  Screen log file:               gene_order/flagellar_trees/gene_trees/fliy.log

Date and Time: Sat Sep 26 10:01:01 2026
