IQ-TREE multicore version 2.4.0 for Linux x86 64-bit built Feb 12 2025
Developed by Bui Quang Minh, Nguyen Lam Tung, Olga Chernomor, Heiko Schmidt,
Dominik Schrempf, Michael Woodhams, Ly Trong Nhan, Thomas Wong

Host:    k238 (AVX512, FMA3, 1007 GB RAM)
Command: iqtree2 -t gene_order/flagellar_trees/gtdb_ref_pruned.nwk --gcf gene_order/flagellar_trees/concordance/loci.treefile --prefix gene_order/flagellar_trees/concordance/gtdb_gcf
Seed:    158000 (Using SPRNG - Scalable Parallel Random Number Generator)
Time:    Sat Sep 26 17:49:32 2026
Kernel:  AVX+FMA - 1 threads (16 CPU cores detected)

HINT: Use -nt option to specify number of threads because your CPU has 16 cores!
HINT: -nt AUTO will automatically determine the best number of threads to use.

Reading tree gene_order/flagellar_trees/gtdb_ref_pruned.nwk ...
rooted tree with 153 taxa and 305 branches
Reading tree(s) file gene_order/flagellar_trees/concordance/loci.treefile ...
34 tree(s) loaded (0 rooted and 34 unrooted)
Trees have different number of taxa
Computing gene concordance factor...
0.021 sec
Tree with concordance factors written to gene_order/flagellar_trees/concordance/gtdb_gcf.cf.tree
Annotated tree (best viewed in FigTree) written to gene_order/flagellar_trees/concordance/gtdb_gcf.cf.tree.nex
Tree with branch IDs written to gene_order/flagellar_trees/concordance/gtdb_gcf.cf.branch
Concordance factors per branch printed to gene_order/flagellar_trees/concordance/gtdb_gcf.cf.stat
WARNING: You probably want the --scfl option. The site concordance factor
 implemented with the --scf option is based on parsimony (described here:
 https://doi.org/10.1093/molbev/msaa106). It has since been superseded by a more
 accurate likelihood-based approach which is implemented in the --scfl option, and
 is described in the paper "Updated site concordance factors minimize effects of
 homoplasy and taxon sampling" by Yu et al.. Please see the tutorial here for more
 information: http://www.iqtree.org/doc/Concordance-Factor
Date and Time: Sat Sep 26 17:49:32 2026
